note: I will now try to invoke pygobject-codegen-2.0 in the same directory
***INFO*** The coverage of global functions is 100.00% (11/11)
***INFO*** The coverage of methods is 100.00% (13/13)
***INFO*** There are no declared virtual proxies.
***INFO*** There are no declared virtual accessors.
***INFO*** There are no declared interface proxies.
/bin/bash ../../libtool  --tag=CC   --mode=compile gcc -DHAVE_CONFIG_H -I. -I../..  -I../.. -I/usr/include/python2.7 -pthread -I/usr/include/gtk-2.0 -I/usr/lib/x86_64-linux-gnu/gtk-2.0/include -I/usr/include/gio-unix-2.0 -I/usr/include/cairo -I/usr/include/pango-1.0 -I/usr/include/atk-1.0 -I/usr/include/cairo -I/usr/include/pixman-1 -I/usr/include/gdk-pixbuf-2.0 -I/usr/include/libmount -I/usr/include/blkid -I/usr/include/pango-1.0 -I/usr/include/harfbuzz -I/usr/include/pango-1.0 -I/usr/include/fribidi -I/usr/include/glib-2.0 -I/usr/lib/x86_64-linux-gnu/glib-2.0/include -I/usr/include/uuid -I/usr/include/freetype2 -I/usr/include/libpng16 -I/usr/include/pygtk-2.0 -pthread -I/usr/include/gtk-2.0 -I/usr/lib/x86_64-linux-gnu/gtk-2.0/include -I/usr/include/gio-unix-2.0 -I/usr/include/cairo -I/usr/include/pango-1.0 -I/usr/include/atk-1.0 -I/usr/include/cairo -I/usr/include/pixman-1 -I/usr/include/gdk-pixbuf-2.0 -I/usr/include/libmount -I/usr/include/blkid -I/usr/include/pango-1.0 -I/usr/include/harfbuzz -I/usr/include/pango-1.0 -I/usr/include/fribidi -I/usr/include/uuid -I/usr/include/freetype2 -I/usr/include/libpng16 -I/usr/include/glib-2.0 -I/usr/lib/x86_64-linux-gnu/glib-2.0/include -DGIMP_DISABLE_DEPRECATED -DGDK_MULTIHEAD_SAFE -DGTK_MULTIHEAD_SAFE -fno-strict-aliasing -g -O2 -Wall -Wdeclaration-after-statement -Wmissing-prototypes -Wmissing-declarations -Winit-self -Wpointer-arith -Wold-style-definition -Wformat-security -MT gimpthumb.lo -MD -MP -MF .deps/gimpthumb.Tpo -c -o gimpthumb.lo gimpthumb.c
libtool: compile:  gcc -DHAVE_CONFIG_H -I. -I../.. -I../.. -I/usr/include/python2.7 -pthread -I/usr/include/gtk-2.0 -I/usr/lib/x86_64-linux-gnu/gtk-2.0/include -I/usr/include/gio-unix-2.0 -I/usr/include/cairo -I/usr/include/pango-1.0 -I/usr/include/atk-1.0 -I/usr/include/cairo -I/usr/include/pixman-1 -I/usr/include/gdk-pixbuf-2.0 -I/usr/include/libmount -I/usr/include/blkid -I/usr/include/pango-1.0 -I/usr/include/harfbuzz -I/usr/include/pango-1.0 -I/usr/include/fribidi -I/usr/include/glib-2.0 -I/usr/lib/x86_64-linux-gnu/glib-2.0/include -I/usr/include/uuid -I/usr/include/freetype2 -I/usr/include/libpng16 -I/usr/include/pygtk-2.0 -pthread -I/usr/include/gtk-2.0 -I/usr/lib/x86_64-linux-gnu/gtk-2.0/include -I/usr/include/gio-unix-2.0 -I/usr/include/cairo -I/usr/include/pango-1.0 -I/usr/include/atk-1.0 -I/usr/include/cairo -I/usr/include/pixman-1 -I/usr/include/gdk-pixbuf-2.0 -I/usr/include/libmount -I/usr/include/blkid -I/usr/include/pango-1.0 -I/usr/include/harfbuzz -I/usr/include/pango-1.0 -I/usr/include/fribidi -I/usr/include/uuid -I/usr/include/freetype2 -I/usr/include/libpng16 -I/usr/include/glib-2.0 -I/usr/lib/x86_64-linux-gnu/glib-2.0/include -DGIMP_DISABLE_DEPRECATED -DGDK_MULTIHEAD_SAFE -DGTK_MULTIHEAD_SAFE -fno-strict-aliasing -g -O2 -Wall -Wdeclaration-after-statement -Wmissing-prototypes -Wmissing-declarations -Winit-self -Wpointer-arith -Wold-style-definition -Wformat-security -MT gimpthumb.lo -MD -MP -MF .deps/gimpthumb.Tpo -c gimpthumb.c  -fPIC -DPIC -o .libs/gimpthumb.o
gimpthumb.c:642:1: warning: no previous prototype for ‘gimpthumb_add_constants’ [-Wmissing-prototypes]
 gimpthumb_add_constants(PyObject *module, const gchar *strip_prefix)
 ^~~~~~~~~~~~~~~~~~~~~~~
gimpthumb.c:657:1: warning: no previous prototype for ‘gimpthumb_register_classes’ [-Wmissing-prototypes]
 gimpthumb_register_classes(PyObject *d)
 ^~~~~~~~~~~~~~~~~~~~~~~~~~
mv -f .deps/gimpthumb.Tpo .deps/gimpthumb.Plo
/bin/bash ../../libtool  --tag=CC   --mode=link gcc -fno-strict-aliasing -g -O2 -Wall -Wdeclaration-after-statement -Wmissing-prototypes -Wmissing-declarations -Winit-self -Wpointer-arith -Wold-style-definition -Wformat-security -module -avoid-version  -export-symbols-regex initgimpthumb  -o gimpthumb.la -rpath /usr/local/lib/gimp/2.0/python gimpthumbmodule.lo gimpthumb.lo ../../libgimpthumb/libgimpthumb-2.0.la -lgdk_pixbuf-2.0 -lgobject-2.0 -lglib-2.0  
libtool: link: /usr/bin/nm -B  .libs/gimpthumbmodule.o .libs/gimpthumb.o   | sed -n -e 's/^.*[	 ]\([ABCDGIRSTW][ABCDGIRSTW]*\)[	 ][	 ]*\([_A-Za-z][_A-Za-z0-9]*\)$/\1 \2 \2/p' | sed '/ __gnu_lto/d' | /usr/bin/sed 's/.* //' | sort | uniq > .libs/gimpthumb.exp
libtool: link: /usr/bin/grep -E -e "initgimpthumb" ".libs/gimpthumb.exp" > ".libs/gimpthumb.expT"
libtool: link: mv -f ".libs/gimpthumb.expT" ".libs/gimpthumb.exp"
libtool: link: echo "{ global:" > .libs/gimpthumb.ver
libtool: link:  cat .libs/gimpthumb.exp | sed -e "s/\(.*\)/\1;/" >> .libs/gimpthumb.ver
libtool: link:  echo "local: *; };" >> .libs/gimpthumb.ver
libtool: link:  gcc -shared  -fPIC -DPIC  .libs/gimpthumbmodule.o .libs/gimpthumb.o   -Wl,-rpath -Wl,/home/pavel/Programs/gimp/libgimpthumb/.libs ../../libgimpthumb/.libs/libgimpthumb-2.0.so -lgdk_pixbuf-2.0 -lgobject-2.0 -lglib-2.0  -g -O2   -pthread -Wl,-soname -Wl,gimpthumb.so -Wl,-version-script -Wl,.libs/gimpthumb.ver -o .libs/gimpthumb.so
libtool: link: ( cd ".libs" && rm -f "gimpthumb.la" && ln -s "../gimpthumb.la" "gimpthumb.la" )
make[4]: Leaving directory '/home/pavel/Programs/gimp/plug-ins/pygimp'
make[3]: Leaving directory '/home/pavel/Programs/gimp/plug-ins/pygimp'
Making all in color-rotate
make[3]: Entering directory '/home/pavel/Programs/gimp/plug-ins/color-rotate'
Making all in images
make[4]: Entering directory '/home/pavel/Programs/gimp/plug-ins/color-rotate/images'
( rm -f stock-icons.list; \
          for image in color-rotate-360.png color-rotate-a-b.png color-rotate-ccw.png color-rotate-cw.png; do \
            echo $image | \
              sed -e 's|.*/||' -e 's|-|_|g' -e 's|\.png$||' >> stock-icons.list; \
    echo "  ./$image" >> stock-icons.list; \
  done )
/usr/bin/gdk-pixbuf-csource --raw --build-list `cat stock-icons.list` > color-rotate-stock-pixbufs.h
make[4]: Leaving directory '/home/pavel/Programs/gimp/plug-ins/color-rotate/images'
make[4]: Entering directory '/home/pavel/Programs/gimp/plug-ins/color-rotate'
gcc -DHAVE_CONFIG_H -I. -I../..  -I../.. -pthread -I/usr/include/gtk-2.0 -I/usr/lib/x86_64-linux-gnu/gtk-2.0/include -I/usr/include/gio-unix-2.0 -I/usr/include/cairo -I/usr/include/pango-1.0 -I/usr/include/atk-1.0 -I/usr/include/cairo -I/usr/include/pixman-1 -I/usr/include/gdk-pixbuf-2.0 -I/usr/include/libmount -I/usr/include/blkid -I/usr/include/pango-1.0 -I/usr/include/harfbuzz -I/usr/include/pango-1.0 -I/usr/include/fribidi -I/usr/include/uuid -I/usr/include/freetype2 -I/usr/include/libpng16 -I/usr/include/glib-2.0 -I/usr/lib/x86_64-linux-gnu/glib-2.0/include -I/usr/local/include -DGIMP_DISABLE_DEPRECATED -DGDK_MULTIHEAD_SAFE -DGTK_MULTIHEAD_SAFE  -g -O2 -Wall -Wdeclaration-after-statement -Wmissing-prototypes -Wmissing-declarations -Winit-self -Wpointer-arith -Wold-style-definition -Wformat-security -MT color-rotate.o -MD -MP -MF .deps/color-rotate.Tpo -c -o color-rotate.o color-rotate.c
mv -f .deps/color-rotate.Tpo .deps/color-rotate.Po
gcc -DHAVE_CONFIG_H -I. -I../..  -I../.. -pthread -I/usr/include/gtk-2.0 -I/usr/lib/x86_64-linux-gnu/gtk-2.0/include -I/usr/include/gio-unix-2.0 -I/usr/include/cairo -I/usr/include/pango-1.0 -I/usr/include/atk-1.0 -I/usr/include/cairo -I/usr/include/pixman-1 -I/usr/include/gdk-pixbuf-2.0 -I/usr/include/libmount -I/usr/include/blkid -I/usr/include/pango-1.0 -I/usr/include/harfbuzz -I/usr/include/pango-1.0 -I/usr/include/fribidi -I/usr/include/uuid -I/usr/include/freetype2 -I/usr/include/libpng16 -I/usr/include/glib-2.0 -I/usr/lib/x86_64-linux-gnu/glib-2.0/include -I/usr/local/include -DGIMP_DISABLE_DEPRECATED -DGDK_MULTIHEAD_SAFE -DGTK_MULTIHEAD_SAFE  -g -O2 -Wall -Wdeclaration-after-statement -Wmissing-prototypes -Wmissing-declarations -Winit-self -Wpointer-arith -Wold-style-definition -Wformat-security -MT color-rotate-callbacks.o -MD -MP -MF .deps/color-rotate-callbacks.Tpo -c -o color-rotate-callbacks.o color-rotate-callbacks.c
mv -f .deps/color-rotate-callbacks.Tpo .deps/color-rotate-callbacks.Po
gcc -DHAVE_CONFIG_H -I. -I../..  -I../.. -pthread -I/usr/include/gtk-2.0 -I/usr/lib/x86_64-linux-gnu/gtk-2.0/include -I/usr/include/gio-unix-2.0 -I/usr/include/cairo -I/usr/include/pango-1.0 -I/usr/include/atk-1.0 -I/usr/include/cairo -I/usr/include/pixman-1 -I/usr/include/gdk-pixbuf-2.0 -I/usr/include/libmount -I/usr/include/blkid -I/usr/include/pango-1.0 -I/usr/include/harfbuzz -I/usr/include/pango-1.0 -I/usr/include/fribidi -I/usr/include/uuid -I/usr/include/freetype2 -I/usr/include/libpng16 -I/usr/include/glib-2.0 -I/usr/lib/x86_64-linux-gnu/glib-2.0/include -I/usr/local/include -DGIMP_DISABLE_DEPRECATED -DGDK_MULTIHEAD_SAFE -DGTK_MULTIHEAD_SAFE  -g -O2 -Wall -Wdeclaration-after-statement -Wmissing-prototypes -Wmissing-declarations -Winit-self -Wpointer-arith -Wold-style-definition -Wformat-security -MT color-rotate-dialog.o -MD -MP -MF .deps/color-rotate-dialog.Tpo -c -o color-rotate-dialog.o color-rotate-dialog.c
mv -f .deps/color-rotate-dialog.Tpo .deps/color-rotate-dialog.Po
gcc -DHAVE_CONFIG_H -I. -I../..  -I../.. -pthread -I/usr/include/gtk-2.0 -I/usr/lib/x86_64-linux-gnu/gtk-2.0/include -I/usr/include/gio-unix-2.0 -I/usr/include/cairo -I/usr/include/pango-1.0 -I/usr/include/atk-1.0 -I/usr/include/cairo -I/usr/include/pixman-1 -I/usr/include/gdk-pixbuf-2.0 -I/usr/include/libmount -I/usr/include/blkid -I/usr/include/pango-1.0 -I/usr/include/harfbuzz -I/usr/include/pango-1.0 -I/usr/include/fribidi -I/usr/include/uuid -I/usr/include/freetype2 -I/usr/include/libpng16 -I/usr/include/glib-2.0 -I/usr/lib/x86_64-linux-gnu/glib-2.0/include -I/usr/local/include -DGIMP_DISABLE_DEPRECATED -DGDK_MULTIHEAD_SAFE -DGTK_MULTIHEAD_SAFE  -g -O2 -Wall -Wdeclaration-after-statement -Wmissing-prototypes -Wmissing-declarations -Winit-self -Wpointer-arith -Wold-style-definition -Wformat-security -MT color-rotate-draw.o -MD -MP -MF .deps/color-rotate-draw.Tpo -c -o color-rotate-draw.o color-rotate-draw.c
mv -f .deps/color-rotate-draw.Tpo .deps/color-rotate-draw.Po
gcc -DHAVE_CONFIG_H -I. -I../..  -I../.. -pthread -I/usr/include/gtk-2.0 -I/usr/lib/x86_64-linux-gnu/gtk-2.0/include -I/usr/include/gio-unix-2.0 -I/usr/include/cairo -I/usr/include/pango-1.0 -I/usr/include/atk-1.0 -I/usr/include/cairo -I/usr/include/pixman-1 -I/usr/include/gdk-pixbuf-2.0 -I/usr/include/libmount -I/usr/include/blkid -I/usr/include/pango-1.0 -I/usr/include/harfbuzz -I/usr/include/pango-1.0 -I/usr/include/fribidi -I/usr/include/uuid -I/usr/include/freetype2 -I/usr/include/libpng16 -I/usr/include/glib-2.0 -I/usr/lib/x86_64-linux-gnu/glib-2.0/include -I/usr/local/include -DGIMP_DISABLE_DEPRECATED -DGDK_MULTIHEAD_SAFE -DGTK_MULTIHEAD_SAFE  -g -O2 -Wall -Wdeclaration-after-statement -Wmissing-prototypes -Wmissing-declarations -Winit-self -Wpointer-arith -Wold-style-definition -Wformat-security -MT color-rotate-utils.o -MD -MP -MF .deps/color-rotate-utils.Tpo -c -o color-rotate-utils.o color-rotate-utils.c
mv -f .deps/color-rotate-utils.Tpo .deps/color-rotate-utils.Po
gcc -DHAVE_CONFIG_H -I. -I../..  -I../.. -pthread -I/usr/include/gtk-2.0 -I/usr/lib/x86_64-linux-gnu/gtk-2.0/include -I/usr/include/gio-unix-2.0 -I/usr/include/cairo -I/usr/include/pango-1.0 -I/usr/include/atk-1.0 -I/usr/include/cairo -I/usr/include/pixman-1 -I/usr/include/gdk-pixbuf-2.0 -I/usr/include/libmount -I/usr/include/blkid -I/usr/include/pango-1.0 -I/usr/include/harfbuzz -I/usr/include/pango-1.0 -I/usr/include/fribidi -I/usr/include/uuid -I/usr/include/freetype2 -I/usr/include/libpng16 -I/usr/include/glib-2.0 -I/usr/lib/x86_64-linux-gnu/glib-2.0/include -I/usr/local/include -DGIMP_DISABLE_DEPRECATED -DGDK_MULTIHEAD_SAFE -DGTK_MULTIHEAD_SAFE  -g -O2 -Wall -Wdeclaration-after-statement -Wmissing-prototypes -Wmissing-declarations -Winit-self -Wpointer-arith -Wold-style-definition -Wformat-security -MT color-rotate-stock.o -MD -MP -MF .deps/color-rotate-stock.Tpo -c -o color-rotate-stock.o color-rotate-stock.c
color-rotate-stock.c: In function ‘add_stock_icon’:
color-rotate-stock.c:59:3: warning: ‘gdk_pixbuf_new_from_inline’ is deprecated [-Wdeprecated-declarations]
   pixbuf = gdk_pixbuf_new_from_inline (-1, inline_data, FALSE, NULL);
   ^~~~~~
In file included from /usr/include/gdk-pixbuf-2.0/gdk-pixbuf/gdk-pixbuf.h:34,
                 from /usr/include/gtk-2.0/gdk/gdkpixbuf.h:37,
                 from /usr/include/gtk-2.0/gdk/gdkcairo.h:28,
                 from /usr/include/gtk-2.0/gdk/gdk.h:33,
                 from /usr/include/gtk-2.0/gtk/gtk.h:32,
                 from color-rotate-stock.c:21:
/usr/include/gdk-pixbuf-2.0/gdk-pixbuf/gdk-pixbuf-core.h:362:12: note: declared here
 GdkPixbuf* gdk_pixbuf_new_from_inline (gint          data_length,
            ^~~~~~~~~~~~~~~~~~~~~~~~~~
mv -f .deps/color-rotate-stock.Tpo .deps/color-rotate-stock.Po
/bin/bash ../../libtool  --tag=CC   --mode=link gcc  -g -O2 -Wall -Wdeclaration-after-statement -Wmissing-prototypes -Wmissing-declarations -Winit-self -Wpointer-arith -Wold-style-definition -Wformat-security   -o color-rotate color-rotate.o color-rotate-callbacks.o color-rotate-dialog.o color-rotate-draw.o color-rotate-utils.o color-rotate-stock.o ../../libgimp/libgimpui-2.0.la ../../libgimpwidgets/libgimpwidgets-2.0.la ../../libgimpconfig/libgimpconfig-2.0.la ../../libgimpmath/libgimpmath-2.0.la -lm ../../libgimp/libgimp-2.0.la ../../libgimpcolor/libgimpcolor-2.0.la ../../libgimpbase/libgimpbase-2.0.la -lgtk-x11-2.0 -lgdk-x11-2.0 -lpangocairo-1.0 -latk-1.0 -lcairo -lgdk_pixbuf-2.0 -lgio-2.0 -lpangoft2-1.0 -lpango-1.0 -lgobject-2.0 -lfontconfig -lfreetype -lgthread-2.0 -pthread -lglib-2.0   
libtool: link: gcc -g -O2 -Wall -Wdeclaration-after-statement -Wmissing-prototypes -Wmissing-declarations -Winit-self -Wpointer-arith -Wold-style-definition -Wformat-security -o .libs/color-rotate color-rotate.o color-rotate-callbacks.o color-rotate-dialog.o color-rotate-draw.o color-rotate-utils.o color-rotate-stock.o -pthread  ../../libgimp/.libs/libgimpui-2.0.so ../../libgimpwidgets/.libs/libgimpwidgets-2.0.so ../../libgimpconfig/.libs/libgimpconfig-2.0.so ../../libgimpmath/.libs/libgimpmath-2.0.so -lm ../../libgimp/.libs/libgimp-2.0.so ../../libgimpcolor/.libs/libgimpcolor-2.0.so ../../libgimpbase/.libs/libgimpbase-2.0.so -lgtk-x11-2.0 -lgdk-x11-2.0 -lpangocairo-1.0 -latk-1.0 -lcairo -lgdk_pixbuf-2.0 -lgio-2.0 -lpangoft2-1.0 -lpango-1.0 -lgobject-2.0 -lfontconfig -lfreetype -lgthread-2.0 -lglib-2.0 -pthread
make[4]: Leaving directory '/home/pavel/Programs/gimp/plug-ins/color-rotate'
make[3]: Leaving directory '/home/pavel/Programs/gimp/plug-ins/color-rotate'
Making all in file-bmp
make[3]: Entering directory '/home/pavel/Programs/gimp/plug-ins/file-bmp'
gcc -DHAVE_CONFIG_H -I. -I../..  -I../.. -pthread -I/usr/include/gtk-2.0 -I/usr/lib/x86_64-linux-gnu/gtk-2.0/include -I/usr/include/gio-unix-2.0 -I/usr/include/cairo -I/usr/include/pango-1.0 -I/usr/include/atk-1.0 -I/usr/include/cairo -I/usr/include/pixman-1 -I/usr/include/gdk-pixbuf-2.0 -I/usr/include/libmount -I/usr/include/blkid -I/usr/include/pango-1.0 -I/usr/include/harfbuzz -I/usr/include/pango-1.0 -I/usr/include/fribidi -I/usr/include/uuid -I/usr/include/freetype2 -I/usr/include/libpng16 -I/usr/include/glib-2.0 -I/usr/lib/x86_64-linux-gnu/glib-2.0/include -I/usr/local/include -DGIMP_DISABLE_DEPRECATED -DGDK_MULTIHEAD_SAFE -DGTK_MULTIHEAD_SAFE  -g -O2 -Wall -Wdeclaration-after-statement -Wmissing-prototypes -Wmissing-declarations -Winit-self -Wpointer-arith -Wold-style-definition -Wformat-security -MT bmp.o -MD -MP -MF .deps/bmp.Tpo -c -o bmp.o bmp.c
mv -f .deps/bmp.Tpo .deps/bmp.Po
gcc -DHAVE_CONFIG_H -I. -I../..  -I../.. -pthread -I/usr/include/gtk-2.0 -I/usr/lib/x86_64-linux-gnu/gtk-2.0/include -I/usr/include/gio-unix-2.0 -I/usr/include/cairo -I/usr/include/pango-1.0 -I/usr/include/atk-1.0 -I/usr/include/cairo -I/usr/include/pixman-1 -I/usr/include/gdk-pixbuf-2.0 -I/usr/include/libmount -I/usr/include/blkid -I/usr/include/pango-1.0 -I/usr/include/harfbuzz -I/usr/include/pango-1.0 -I/usr/include/fribidi -I/usr/include/uuid -I/usr/include/freetype2 -I/usr/include/libpng16 -I/usr/include/glib-2.0 -I/usr/lib/x86_64-linux-gnu/glib-2.0/include -I/usr/local/include -DGIMP_DISABLE_DEPRECATED -DGDK_MULTIHEAD_SAFE -DGTK_MULTIHEAD_SAFE  -g -O2 -Wall -Wdeclaration-after-statement -Wmissing-prototypes -Wmissing-declarations -Winit-self -Wpointer-arith -Wold-style-definition -Wformat-security -MT bmp-read.o -MD -MP -MF .deps/bmp-read.Tpo -c -o bmp-read.o bmp-read.c
mv -f .deps/bmp-read.Tpo .deps/bmp-read.Po
gcc -DHAVE_CONFIG_H -I. -I../..  -I../.. -pthread -I/usr/include/gtk-2.0 -I/usr/lib/x86_64-linux-gnu/gtk-2.0/include -I/usr/include/gio-unix-2.0 -I/usr/include/cairo -I/usr/include/pango-1.0 -I/usr/include/atk-1.0 -I/usr/include/cairo -I/usr/include/pixman-1 -I/usr/include/gdk-pixbuf-2.0 -I/usr/include/libmount -I/usr/include/blkid -I/usr/include/pango-1.0 -I/usr/include/harfbuzz -I/usr/include/pango-1.0 -I/usr/include/fribidi -I/usr/include/uuid -I/usr/include/freetype2 -I/usr/include/libpng16 -I/usr/include/glib-2.0 -I/usr/lib/x86_64-linux-gnu/glib-2.0/include -I/usr/local/include -DGIMP_DISABLE_DEPRECATED -DGDK_MULTIHEAD_SAFE -DGTK_MULTIHEAD_SAFE  -g -O2 -Wall -Wdeclaration-after-statement -Wmissing-prototypes -Wmissing-declarations -Winit-self -Wpointer-arith -Wold-style-definition -Wformat-security -MT bmp-write.o -MD -MP -MF .deps/bmp-write.Tpo -c -o bmp-write.o bmp-write.c
mv -f .deps/bmp-write.Tpo .deps/bmp-write.Po
/bin/bash ../../libtool  --tag=CC   --mode=link gcc  -g -O2 -Wall -Wdeclaration-after-statement -Wmissing-prototypes -Wmissing-declarations -Winit-self -Wpointer-arith -Wold-style-definition -Wformat-security   -o file-bmp bmp.o bmp-read.o bmp-write.o ../../libgimp/libgimpui-2.0.la ../../libgimpwidgets/libgimpwidgets-2.0.la ../../libgimpconfig/libgimpconfig-2.0.la ../../libgimp/libgimp-2.0.la ../../libgimpcolor/libgimpcolor-2.0.la ../../libgimpmath/libgimpmath-2.0.la ../../libgimpbase/libgimpbase-2.0.la -lgtk-x11-2.0 -lgdk-x11-2.0 -lpangocairo-1.0 -latk-1.0 -lcairo -lgdk_pixbuf-2.0 -lgio-2.0 -lpangoft2-1.0 -lpango-1.0 -lgobject-2.0 -lfontconfig -lfreetype -lgthread-2.0 -pthread -lglib-2.0   
libtool: link: gcc -g -O2 -Wall -Wdeclaration-after-statement -Wmissing-prototypes -Wmissing-declarations -Winit-self -Wpointer-arith -Wold-style-definition -Wformat-security -o .libs/file-bmp bmp.o bmp-read.o bmp-write.o -pthread  ../../libgimp/.libs/libgimpui-2.0.so ../../libgimpwidgets/.libs/libgimpwidgets-2.0.so ../../libgimpconfig/.libs/libgimpconfig-2.0.so ../../libgimp/.libs/libgimp-2.0.so ../../libgimpcolor/.libs/libgimpcolor-2.0.so ../../libgimpmath/.libs/libgimpmath-2.0.so ../../libgimpbase/.libs/libgimpbase-2.0.so -lgtk-x11-2.0 -lgdk-x11-2.0 -lpangocairo-1.0 -latk-1.0 -lcairo -lgdk_pixbuf-2.0 -lgio-2.0 -lpangoft2-1.0 -lpango-1.0 -lgobject-2.0 -lfontconfig -lfreetype -lgthread-2.0 -lglib-2.0 -pthread
make[3]: Leaving directory '/home/pavel/Programs/gimp/plug-ins/file-bmp'
Making all in file-faxg3
make[3]: Entering directory '/home/pavel/Programs/gimp/plug-ins/file-faxg3'
gcc -DHAVE_CONFIG_H -I. -I../..  -I../.. -pthread -I/usr/include/glib-2.0 -I/usr/lib/x86_64-linux-gnu/glib-2.0/include -I/usr/local/include -DGIMP_DISABLE_DEPRECATED -DGDK_MULTIHEAD_SAFE -DGTK_MULTIHEAD_SAFE  -g -O2 -Wall -Wdeclaration-after-statement -Wmissing-prototypes -Wmissing-declarations -Winit-self -Wpointer-arith -Wold-style-definition -Wformat-security -MT faxg3.o -MD -MP -MF .deps/faxg3.Tpo -c -o faxg3.o faxg3.c
mv -f .deps/faxg3.Tpo .deps/faxg3.Po
gcc -DHAVE_CONFIG_H -I. -I../..  -I../.. -pthread -I/usr/include/glib-2.0 -I/usr/lib/x86_64-linux-gnu/glib-2.0/include -I/usr/local/include -DGIMP_DISABLE_DEPRECATED -DGDK_MULTIHEAD_SAFE -DGTK_MULTIHEAD_SAFE  -g -O2 -Wall -Wdeclaration-after-statement -Wmissing-prototypes -Wmissing-declarations -Winit-self -Wpointer-arith -Wold-style-definition -Wformat-security -MT g3.o -MD -MP -MF .deps/g3.Tpo -c -o g3.o g3.c
mv -f .deps/g3.Tpo .deps/g3.Po
/bin/bash ../../libtool  --tag=CC   --mode=link gcc  -g -O2 -Wall -Wdeclaration-after-statement -Wmissing-prototypes -Wmissing-declarations -Winit-self -Wpointer-arith -Wold-style-definition -Wformat-security   -o file-faxg3 faxg3.o g3.o ../../libgimp/libgimp-2.0.la ../../libgimpconfig/libgimpconfig-2.0.la ../../libgimpcolor/libgimpcolor-2.0.la ../../libgimpbase/libgimpbase-2.0.la ../../libgimpmath/libgimpmath-2.0.la -lgobject-2.0 -lgthread-2.0 -pthread -lglib-2.0   
libtool: link: gcc -g -O2 -Wall -Wdeclaration-after-statement -Wmissing-prototypes -Wmissing-declarations -Winit-self -Wpointer-arith -Wold-style-definition -Wformat-security -o .libs/file-faxg3 faxg3.o g3.o -pthread  ../../libgimp/.libs/libgimp-2.0.so ../../libgimpconfig/.libs/libgimpconfig-2.0.so ../../libgimpcolor/.libs/libgimpcolor-2.0.so ../../libgimpbase/.libs/libgimpbase-2.0.so ../../libgimpmath/.libs/libgimpmath-2.0.so -lgobject-2.0 -lgthread-2.0 -lglib-2.0 -pthread
make[3]: Leaving directory '/home/pavel/Programs/gimp/plug-ins/file-faxg3'
Making all in file-fits
make[3]: Entering directory '/home/pavel/Programs/gimp/plug-ins/file-fits'
gcc -DHAVE_CONFIG_H -I. -I../..  -I../.. -pthread -I/usr/include/gtk-2.0 -I/usr/lib/x86_64-linux-gnu/gtk-2.0/include -I/usr/include/gio-unix-2.0 -I/usr/include/cairo -I/usr/include/pango-1.0 -I/usr/include/atk-1.0 -I/usr/include/cairo -I/usr/include/pixman-1 -I/usr/include/gdk-pixbuf-2.0 -I/usr/include/libmount -I/usr/include/blkid -I/usr/include/pango-1.0 -I/usr/include/harfbuzz -I/usr/include/pango-1.0 -I/usr/include/fribidi -I/usr/include/uuid -I/usr/include/freetype2 -I/usr/include/libpng16 -I/usr/include/glib-2.0 -I/usr/lib/x86_64-linux-gnu/glib-2.0/include -I/usr/local/include -DGIMP_DISABLE_DEPRECATED -DGDK_MULTIHEAD_SAFE -DGTK_MULTIHEAD_SAFE  -g -O2 -Wall -Wdeclaration-after-statement -Wmissing-prototypes -Wmissing-declarations -Winit-self -Wpointer-arith -Wold-style-definition -Wformat-security -MT fits.o -MD -MP -MF .deps/fits.Tpo -c -o fits.o fits.c
mv -f .deps/fits.Tpo .deps/fits.Po
gcc -DHAVE_CONFIG_H -I. -I../..  -I../.. -pthread -I/usr/include/gtk-2.0 -I/usr/lib/x86_64-linux-gnu/gtk-2.0/include -I/usr/include/gio-unix-2.0 -I/usr/include/cairo -I/usr/include/pango-1.0 -I/usr/include/atk-1.0 -I/usr/include/cairo -I/usr/include/pixman-1 -I/usr/include/gdk-pixbuf-2.0 -I/usr/include/libmount -I/usr/include/blkid -I/usr/include/pango-1.0 -I/usr/include/harfbuzz -I/usr/include/pango-1.0 -I/usr/include/fribidi -I/usr/include/uuid -I/usr/include/freetype2 -I/usr/include/libpng16 -I/usr/include/glib-2.0 -I/usr/lib/x86_64-linux-gnu/glib-2.0/include -I/usr/local/include -DGIMP_DISABLE_DEPRECATED -DGDK_MULTIHEAD_SAFE -DGTK_MULTIHEAD_SAFE  -g -O2 -Wall -Wdeclaration-after-statement -Wmissing-prototypes -Wmissing-declarations -Winit-self -Wpointer-arith -Wold-style-definition -Wformat-security -MT fits-io.o -MD -MP -MF .deps/fits-io.Tpo -c -o fits-io.o fits-io.c
fits-io.c: In function ‘fits_write_header’:
fits-io.c:180:17: warning: ‘%s’ directive writing up to 79 bytes into a region of size 70 [-Wformat-overflow=]
  sprintf (card, "%-8.8s= \'%s", key, value); \
                 ^~~~~~~~~~~~~~
fits-io.c:921:4: note: in expansion of macro ‘FITS_WRITE_STRINGCARD’
    FITS_WRITE_STRINGCARD (ff->fp, "XTENSION", hdulist->xtension);
    ^~~~~~~~~~~~~~~~~~~~~
fits-io.c:180:2: note: ‘sprintf’ output between 12 and 91 bytes into a destination of size 81
  sprintf (card, "%-8.8s= \'%s", key, value); \
  ^~~~~~~~~~~~~~~~~~~~~~~~~~~~~~~~~~~~~~~~~~
fits-io.c:921:4: note: in expansion of macro ‘FITS_WRITE_STRINGCARD’
    FITS_WRITE_STRINGCARD (ff->fp, "XTENSION", hdulist->xtension);
    ^~~~~~~~~~~~~~~~~~~~~
mv -f .deps/fits-io.Tpo .deps/fits-io.Po
/bin/bash ../../libtool  --tag=CC   --mode=link gcc  -g -O2 -Wall -Wdeclaration-after-statement -Wmissing-prototypes -Wmissing-declarations -Winit-self -Wpointer-arith -Wold-style-definition -Wformat-security   -o file-fits fits.o fits-io.o ../../libgimp/libgimpui-2.0.la ../../libgimpwidgets/libgimpwidgets-2.0.la ../../libgimpconfig/libgimpconfig-2.0.la ../../libgimp/libgimp-2.0.la ../../libgimpcolor/libgimpcolor-2.0.la ../../libgimpmath/libgimpmath-2.0.la ../../libgimpbase/libgimpbase-2.0.la -lgtk-x11-2.0 -lgdk-x11-2.0 -lpangocairo-1.0 -latk-1.0 -lcairo -lgdk_pixbuf-2.0 -lgio-2.0 -lpangoft2-1.0 -lpango-1.0 -lgobject-2.0 -lfontconfig -lfreetype -lgthread-2.0 -pthread -lglib-2.0   
libtool: link: gcc -g -O2 -Wall -Wdeclaration-after-statement -Wmissing-prototypes -Wmissing-declarations -Winit-self -Wpointer-arith -Wold-style-definition -Wformat-security -o .libs/file-fits fits.o fits-io.o -pthread  ../../libgimp/.libs/libgimpui-2.0.so ../../libgimpwidgets/.libs/libgimpwidgets-2.0.so ../../libgimpconfig/.libs/libgimpconfig-2.0.so ../../libgimp/.libs/libgimp-2.0.so ../../libgimpcolor/.libs/libgimpcolor-2.0.so ../../libgimpmath/.libs/libgimpmath-2.0.so ../../libgimpbase/.libs/libgimpbase-2.0.so -lgtk-x11-2.0 -lgdk-x11-2.0 -lpangocairo-1.0 -latk-1.0 -lcairo -lgdk_pixbuf-2.0 -lgio-2.0 -lpangoft2-1.0 -lpango-1.0 -lgobject-2.0 -lfontconfig -lfreetype -lgthread-2.0 -lglib-2.0 -pthread
make[3]: Leaving directory '/home/pavel/Programs/gimp/plug-ins/file-fits'
Making all in file-fli
make[3]: Entering directory '/home/pavel/Programs/gimp/plug-ins/file-fli'
gcc -DHAVE_CONFIG_H -I. -I../..  -I../.. -pthread -I/usr/include/gtk-2.0 -I/usr/lib/x86_64-linux-gnu/gtk-2.0/include -I/usr/include/gio-unix-2.0 -I/usr/include/cairo -I/usr/include/pango-1.0 -I/usr/include/atk-1.0 -I/usr/include/cairo -I/usr/include/pixman-1 -I/usr/include/gdk-pixbuf-2.0 -I/usr/include/libmount -I/usr/include/blkid -I/usr/include/pango-1.0 -I/usr/include/harfbuzz -I/usr/include/pango-1.0 -I/usr/include/fribidi -I/usr/include/uuid -I/usr/include/freetype2 -I/usr/include/libpng16 -I/usr/include/glib-2.0 -I/usr/lib/x86_64-linux-gnu/glib-2.0/include -I/usr/local/include -DGIMP_DISABLE_DEPRECATED -DGDK_MULTIHEAD_SAFE -DGTK_MULTIHEAD_SAFE  -g -O2 -Wall -Wdeclaration-after-statement -Wmissing-prototypes -Wmissing-declarations -Winit-self -Wpointer-arith -Wold-style-definition -Wformat-security -MT fli.o -MD -MP -MF .deps/fli.Tpo -c -o fli.o fli.c
mv -f .deps/fli.Tpo .deps/fli.Po
gcc -DHAVE_CONFIG_H -I. -I../..  -I../.. -pthread -I/usr/include/gtk-2.0 -I/usr/lib/x86_64-linux-gnu/gtk-2.0/include -I/usr/include/gio-unix-2.0 -I/usr/include/cairo -I/usr/include/pango-1.0 -I/usr/include/atk-1.0 -I/usr/include/cairo -I/usr/include/pixman-1 -I/usr/include/gdk-pixbuf-2.0 -I/usr/include/libmount -I/usr/include/blkid -I/usr/include/pango-1.0 -I/usr/include/harfbuzz -I/usr/include/pango-1.0 -I/usr/include/fribidi -I/usr/include/uuid -I/usr/include/freetype2 -I/usr/include/libpng16 -I/usr/include/glib-2.0 -I/usr/lib/x86_64-linux-gnu/glib-2.0/include -I/usr/local/include -DGIMP_DISABLE_DEPRECATED -DGDK_MULTIHEAD_SAFE -DGTK_MULTIHEAD_SAFE  -g -O2 -Wall -Wdeclaration-after-statement -Wmissing-prototypes -Wmissing-declarations -Winit-self -Wpointer-arith -Wold-style-definition -Wformat-security -MT fli-gimp.o -MD -MP -MF .deps/fli-gimp.Tpo -c -o fli-gimp.o fli-gimp.c
mv -f .deps/fli-gimp.Tpo .deps/fli-gimp.Po
/bin/bash ../../libtool  --tag=CC   --mode=link gcc  -g -O2 -Wall -Wdeclaration-after-statement -Wmissing-prototypes -Wmissing-declarations -Winit-self -Wpointer-arith -Wold-style-definition -Wformat-security   -o file-fli fli.o fli-gimp.o ../../libgimp/libgimpui-2.0.la ../../libgimpwidgets/libgimpwidgets-2.0.la ../../libgimpconfig/libgimpconfig-2.0.la ../../libgimp/libgimp-2.0.la ../../libgimpcolor/libgimpcolor-2.0.la ../../libgimpmath/libgimpmath-2.0.la ../../libgimpbase/libgimpbase-2.0.la -lgtk-x11-2.0 -lgdk-x11-2.0 -lpangocairo-1.0 -latk-1.0 -lcairo -lgdk_pixbuf-2.0 -lgio-2.0 -lpangoft2-1.0 -lpango-1.0 -lgobject-2.0 -lfontconfig -lfreetype -lgthread-2.0 -pthread -lglib-2.0   
libtool: link: gcc -g -O2 -Wall -Wdeclaration-after-statement -Wmissing-prototypes -Wmissing-declarations -Winit-self -Wpointer-arith -Wold-style-definition -Wformat-security -o .libs/file-fli fli.o fli-gimp.o -pthread  ../../libgimp/.libs/libgimpui-2.0.so ../../libgimpwidgets/.libs/libgimpwidgets-2.0.so ../../libgimpconfig/.libs/libgimpconfig-2.0.so ../../libgimp/.libs/libgimp-2.0.so ../../libgimpcolor/.libs/libgimpcolor-2.0.so ../../libgimpmath/.libs/libgimpmath-2.0.so ../../libgimpbase/.libs/libgimpbase-2.0.so -lgtk-x11-2.0 -lgdk-x11-2.0 -lpangocairo-1.0 -latk-1.0 -lcairo -lgdk_pixbuf-2.0 -lgio-2.0 -lpangoft2-1.0 -lpango-1.0 -lgobject-2.0 -lfontconfig -lfreetype -lgthread-2.0 -lglib-2.0 -pthread
make[3]: Leaving directory '/home/pavel/Programs/gimp/plug-ins/file-fli'
Making all in file-ico
make[3]: Entering directory '/home/pavel/Programs/gimp/plug-ins/file-ico'
gcc -DHAVE_CONFIG_H -I. -I../..  -I../.. -pthread -I/usr/include/gtk-2.0 -I/usr/lib/x86_64-linux-gnu/gtk-2.0/include -I/usr/include/gio-unix-2.0 -I/usr/include/cairo -I/usr/include/pango-1.0 -I/usr/include/atk-1.0 -I/usr/include/cairo -I/usr/include/pixman-1 -I/usr/include/gdk-pixbuf-2.0 -I/usr/include/libmount -I/usr/include/blkid -I/usr/include/pango-1.0 -I/usr/include/harfbuzz -I/usr/include/pango-1.0 -I/usr/include/fribidi -I/usr/include/uuid -I/usr/include/freetype2 -I/usr/include/libpng16 -I/usr/include/glib-2.0 -I/usr/lib/x86_64-linux-gnu/glib-2.0/include -I/usr/local/include -DGIMP_DISABLE_DEPRECATED -DGDK_MULTIHEAD_SAFE -DGTK_MULTIHEAD_SAFE -I/usr/include/libpng16 -g -O2 -Wall -Wdeclaration-after-statement -Wmissing-prototypes -Wmissing-declarations -Winit-self -Wpointer-arith -Wold-style-definition -Wformat-security -MT file_ico-ico.o -MD -MP -MF .deps/file_ico-ico.Tpo -c -o file_ico-ico.o `test -f 'ico.c' || echo './'`ico.c
mv -f .deps/file_ico-ico.Tpo .deps/file_ico-ico.Po
gcc -DHAVE_CONFIG_H -I. -I../..  -I../.. -pthread -I/usr/include/gtk-2.0 -I/usr/lib/x86_64-linux-gnu/gtk-2.0/include -I/usr/include/gio-unix-2.0 -I/usr/include/cairo -I/usr/include/pango-1.0 -I/usr/include/atk-1.0 -I/usr/include/cairo -I/usr/include/pixman-1 -I/usr/include/gdk-pixbuf-2.0 -I/usr/include/libmount -I/usr/include/blkid -I/usr/include/pango-1.0 -I/usr/include/harfbuzz -I/usr/include/pango-1.0 -I/usr/include/fribidi -I/usr/include/uuid -I/usr/include/freetype2 -I/usr/include/libpng16 -I/usr/include/glib-2.0 -I/usr/lib/x86_64-linux-gnu/glib-2.0/include -I/usr/local/include -DGIMP_DISABLE_DEPRECATED -DGDK_MULTIHEAD_SAFE -DGTK_MULTIHEAD_SAFE -I/usr/include/libpng16 -g -O2 -Wall -Wdeclaration-after-statement -Wmissing-prototypes -Wmissing-declarations -Winit-self -Wpointer-arith -Wold-style-definition -Wformat-security -MT file_ico-ico-dialog.o -MD -MP -MF .deps/file_ico-ico-dialog.Tpo -c -o file_ico-ico-dialog.o `test -f 'ico-dialog.c' || echo './'`ico-dialog.c
mv -f .deps/file_ico-ico-dialog.Tpo .deps/file_ico-ico-dialog.Po
gcc -DHAVE_CONFIG_H -I. -I../..  -I../.. -pthread -I/usr/include/gtk-2.0 -I/usr/lib/x86_64-linux-gnu/gtk-2.0/include -I/usr/include/gio-unix-2.0 -I/usr/include/cairo -I/usr/include/pango-1.0 -I/usr/include/atk-1.0 -I/usr/include/cairo -I/usr/include/pixman-1 -I/usr/include/gdk-pixbuf-2.0 -I/usr/include/libmount -I/usr/include/blkid -I/usr/include/pango-1.0 -I/usr/include/harfbuzz -I/usr/include/pango-1.0 -I/usr/include/fribidi -I/usr/include/uuid -I/usr/include/freetype2 -I/usr/include/libpng16 -I/usr/include/glib-2.0 -I/usr/lib/x86_64-linux-gnu/glib-2.0/include -I/usr/local/include -DGIMP_DISABLE_DEPRECATED -DGDK_MULTIHEAD_SAFE -DGTK_MULTIHEAD_SAFE -I/usr/include/libpng16 -g -O2 -Wall -Wdeclaration-after-statement -Wmissing-prototypes -Wmissing-declarations -Winit-self -Wpointer-arith -Wold-style-definition -Wformat-security -MT file_ico-ico-load.o -MD -MP -MF .deps/file_ico-ico-load.Tpo -c -o file_ico-ico-load.o `test -f 'ico-load.c' || echo './'`ico-load.c
mv -f .deps/file_ico-ico-load.Tpo .deps/file_ico-ico-load.Po
gcc -DHAVE_CONFIG_H -I. -I../..  -I../.. -pthread -I/usr/include/gtk-2.0 -I/usr/lib/x86_64-linux-gnu/gtk-2.0/include -I/usr/include/gio-unix-2.0 -I/usr/include/cairo -I/usr/include/pango-1.0 -I/usr/include/atk-1.0 -I/usr/include/cairo -I/usr/include/pixman-1 -I/usr/include/gdk-pixbuf-2.0 -I/usr/include/libmount -I/usr/include/blkid -I/usr/include/pango-1.0 -I/usr/include/harfbuzz -I/usr/include/pango-1.0 -I/usr/include/fribidi -I/usr/include/uuid -I/usr/include/freetype2 -I/usr/include/libpng16 -I/usr/include/glib-2.0 -I/usr/lib/x86_64-linux-gnu/glib-2.0/include -I/usr/local/include -DGIMP_DISABLE_DEPRECATED -DGDK_MULTIHEAD_SAFE -DGTK_MULTIHEAD_SAFE -I/usr/include/libpng16 -g -O2 -Wall -Wdeclaration-after-statement -Wmissing-prototypes -Wmissing-declarations -Winit-self -Wpointer-arith -Wold-style-definition -Wformat-security -MT file_ico-ico-save.o -MD -MP -MF .deps/file_ico-ico-save.Tpo -c -o file_ico-ico-save.o `test -f 'ico-save.c' || echo './'`ico-save.c
mv -f .deps/file_ico-ico-save.Tpo .deps/file_ico-ico-save.Po
/bin/bash ../../libtool  --tag=CC   --mode=link gcc -I/usr/include/libpng16 -g -O2 -Wall -Wdeclaration-after-statement -Wmissing-prototypes -Wmissing-declarations -Winit-self -Wpointer-arith -Wold-style-definition -Wformat-security   -o file-ico file_ico-ico.o file_ico-ico-dialog.o file_ico-ico-load.o file_ico-ico-save.o ../../libgimp/libgimpui-2.0.la ../../libgimpwidgets/libgimpwidgets-2.0.la ../../libgimpconfig/libgimpconfig-2.0.la ../../libgimp/libgimp-2.0.la ../../libgimpcolor/libgimpcolor-2.0.la ../../libgimpmath/libgimpmath-2.0.la ../../libgimpbase/libgimpbase-2.0.la -lpng16 -lz -lgtk-x11-2.0 -lgdk-x11-2.0 -lpangocairo-1.0 -latk-1.0 -lcairo -lgdk_pixbuf-2.0 -lgio-2.0 -lpangoft2-1.0 -lpango-1.0 -lgobject-2.0 -lfontconfig -lfreetype -lgthread-2.0 -pthread -lglib-2.0   
libtool: link: gcc -I/usr/include/libpng16 -g -O2 -Wall -Wdeclaration-after-statement -Wmissing-prototypes -Wmissing-declarations -Winit-self -Wpointer-arith -Wold-style-definition -Wformat-security -o .libs/file-ico file_ico-ico.o file_ico-ico-dialog.o file_ico-ico-load.o file_ico-ico-save.o -pthread  ../../libgimp/.libs/libgimpui-2.0.so ../../libgimpwidgets/.libs/libgimpwidgets-2.0.so ../../libgimpconfig/.libs/libgimpconfig-2.0.so ../../libgimp/.libs/libgimp-2.0.so ../../libgimpcolor/.libs/libgimpcolor-2.0.so ../../libgimpmath/.libs/libgimpmath-2.0.so ../../libgimpbase/.libs/libgimpbase-2.0.so -lpng16 -lz -lgtk-x11-2.0 -lgdk-x11-2.0 -lpangocairo-1.0 -latk-1.0 -lcairo -lgdk_pixbuf-2.0 -lgio-2.0 -lpangoft2-1.0 -lpango-1.0 -lgobject-2.0 -lfontconfig -lfreetype -lgthread-2.0 -lglib-2.0 -pthread
make[3]: Leaving directory '/home/pavel/Programs/gimp/plug-ins/file-ico'
Making all in file-jpeg
make[3]: Entering directory '/home/pavel/Programs/gimp/plug-ins/file-jpeg'
gcc -DHAVE_CONFIG_H -I. -I../..  -I../.. -pthread -I/usr/include/gtk-2.0 -I/usr/lib/x86_64-linux-gnu/gtk-2.0/include -I/usr/include/gio-unix-2.0 -I/usr/include/cairo -I/usr/include/pango-1.0 -I/usr/include/atk-1.0 -I/usr/include/cairo -I/usr/include/pixman-1 -I/usr/include/gdk-pixbuf-2.0 -I/usr/include/libmount -I/usr/include/blkid -I/usr/include/pango-1.0 -I/usr/include/harfbuzz -I/usr/include/pango-1.0 -I/usr/include/fribidi -I/usr/include/uuid -I/usr/include/freetype2 -I/usr/include/libpng16 -I/usr/include/glib-2.0 -I/usr/lib/x86_64-linux-gnu/glib-2.0/include -I/usr/include/libexif  -I/usr/local/include -DGIMP_DISABLE_DEPRECATED -DGDK_MULTIHEAD_SAFE -DGTK_MULTIHEAD_SAFE  -g -O2 -Wall -Wdeclaration-after-statement -Wmissing-prototypes -Wmissing-declarations -Winit-self -Wpointer-arith -Wold-style-definition -Wformat-security -MT jpeg.o -MD -MP -MF .deps/jpeg.Tpo -c -o jpeg.o jpeg.c
mv -f .deps/jpeg.Tpo .deps/jpeg.Po
gcc -DHAVE_CONFIG_H -I. -I../..  -I../.. -pthread -I/usr/include/gtk-2.0 -I/usr/lib/x86_64-linux-gnu/gtk-2.0/include -I/usr/include/gio-unix-2.0 -I/usr/include/cairo -I/usr/include/pango-1.0 -I/usr/include/atk-1.0 -I/usr/include/cairo -I/usr/include/pixman-1 -I/usr/include/gdk-pixbuf-2.0 -I/usr/include/libmount -I/usr/include/blkid -I/usr/include/pango-1.0 -I/usr/include/harfbuzz -I/usr/include/pango-1.0 -I/usr/include/fribidi -I/usr/include/uuid -I/usr/include/freetype2 -I/usr/include/libpng16 -I/usr/include/glib-2.0 -I/usr/lib/x86_64-linux-gnu/glib-2.0/include -I/usr/include/libexif  -I/usr/local/include -DGIMP_DISABLE_DEPRECATED -DGDK_MULTIHEAD_SAFE -DGTK_MULTIHEAD_SAFE  -g -O2 -Wall -Wdeclaration-after-statement -Wmissing-prototypes -Wmissing-declarations -Winit-self -Wpointer-arith -Wold-style-definition -Wformat-security -MT jpeg-exif.o -MD -MP -MF .deps/jpeg-exif.Tpo -c -o jpeg-exif.o jpeg-exif.c
mv -f .deps/jpeg-exif.Tpo .deps/jpeg-exif.Po
gcc -DHAVE_CONFIG_H -I. -I../..  -I../.. -pthread -I/usr/include/gtk-2.0 -I/usr/lib/x86_64-linux-gnu/gtk-2.0/include -I/usr/include/gio-unix-2.0 -I/usr/include/cairo -I/usr/include/pango-1.0 -I/usr/include/atk-1.0 -I/usr/include/cairo -I/usr/include/pixman-1 -I/usr/include/gdk-pixbuf-2.0 -I/usr/include/libmount -I/usr/include/blkid -I/usr/include/pango-1.0 -I/usr/include/harfbuzz -I/usr/include/pango-1.0 -I/usr/include/fribidi -I/usr/include/uuid -I/usr/include/freetype2 -I/usr/include/libpng16 -I/usr/include/glib-2.0 -I/usr/lib/x86_64-linux-gnu/glib-2.0/include -I/usr/include/libexif  -I/usr/local/include -DGIMP_DISABLE_DEPRECATED -DGDK_MULTIHEAD_SAFE -DGTK_MULTIHEAD_SAFE  -g -O2 -Wall -Wdeclaration-after-statement -Wmissing-prototypes -Wmissing-declarations -Winit-self -Wpointer-arith -Wold-style-definition -Wformat-security -MT jpeg-icc.o -MD -MP -MF .deps/jpeg-icc.Tpo -c -o jpeg-icc.o jpeg-icc.c
mv -f .deps/jpeg-icc.Tpo .deps/jpeg-icc.Po
gcc -DHAVE_CONFIG_H -I. -I../..  -I../.. -pthread -I/usr/include/gtk-2.0 -I/usr/lib/x86_64-linux-gnu/gtk-2.0/include -I/usr/include/gio-unix-2.0 -I/usr/include/cairo -I/usr/include/pango-1.0 -I/usr/include/atk-1.0 -I/usr/include/cairo -I/usr/include/pixman-1 -I/usr/include/gdk-pixbuf-2.0 -I/usr/include/libmount -I/usr/include/blkid -I/usr/include/pango-1.0 -I/usr/include/harfbuzz -I/usr/include/pango-1.0 -I/usr/include/fribidi -I/usr/include/uuid -I/usr/include/freetype2 -I/usr/include/libpng16 -I/usr/include/glib-2.0 -I/usr/lib/x86_64-linux-gnu/glib-2.0/include -I/usr/include/libexif  -I/usr/local/include -DGIMP_DISABLE_DEPRECATED -DGDK_MULTIHEAD_SAFE -DGTK_MULTIHEAD_SAFE  -g -O2 -Wall -Wdeclaration-after-statement -Wmissing-prototypes -Wmissing-declarations -Winit-self -Wpointer-arith -Wold-style-definition -Wformat-security -MT jpeg-load.o -MD -MP -MF .deps/jpeg-load.Tpo -c -o jpeg-load.o jpeg-load.c
mv -f .deps/jpeg-load.Tpo .deps/jpeg-load.Po
gcc -DHAVE_CONFIG_H -I. -I../..  -I../.. -pthread -I/usr/include/gtk-2.0 -I/usr/lib/x86_64-linux-gnu/gtk-2.0/include -I/usr/include/gio-unix-2.0 -I/usr/include/cairo -I/usr/include/pango-1.0 -I/usr/include/atk-1.0 -I/usr/include/cairo -I/usr/include/pixman-1 -I/usr/include/gdk-pixbuf-2.0 -I/usr/include/libmount -I/usr/include/blkid -I/usr/include/pango-1.0 -I/usr/include/harfbuzz -I/usr/include/pango-1.0 -I/usr/include/fribidi -I/usr/include/uuid -I/usr/include/freetype2 -I/usr/include/libpng16 -I/usr/include/glib-2.0 -I/usr/lib/x86_64-linux-gnu/glib-2.0/include -I/usr/include/libexif  -I/usr/local/include -DGIMP_DISABLE_DEPRECATED -DGDK_MULTIHEAD_SAFE -DGTK_MULTIHEAD_SAFE  -g -O2 -Wall -Wdeclaration-after-statement -Wmissing-prototypes -Wmissing-declarations -Winit-self -Wpointer-arith -Wold-style-definition -Wformat-security -MT jpeg-save.o -MD -MP -MF .deps/jpeg-save.Tpo -c -o jpeg-save.o jpeg-save.c
mv -f .deps/jpeg-save.Tpo .deps/jpeg-save.Po
gcc -DHAVE_CONFIG_H -I. -I../..  -I../.. -pthread -I/usr/include/gtk-2.0 -I/usr/lib/x86_64-linux-gnu/gtk-2.0/include -I/usr/include/gio-unix-2.0 -I/usr/include/cairo -I/usr/include/pango-1.0 -I/usr/include/atk-1.0 -I/usr/include/cairo -I/usr/include/pixman-1 -I/usr/include/gdk-pixbuf-2.0 -I/usr/include/libmount -I/usr/include/blkid -I/usr/include/pango-1.0 -I/usr/include/harfbuzz -I/usr/include/pango-1.0 -I/usr/include/fribidi -I/usr/include/uuid -I/usr/include/freetype2 -I/usr/include/libpng16 -I/usr/include/glib-2.0 -I/usr/lib/x86_64-linux-gnu/glib-2.0/include -I/usr/include/libexif  -I/usr/local/include -DGIMP_DISABLE_DEPRECATED -DGDK_MULTIHEAD_SAFE -DGTK_MULTIHEAD_SAFE  -g -O2 -Wall -Wdeclaration-after-statement -Wmissing-prototypes -Wmissing-declarations -Winit-self -Wpointer-arith -Wold-style-definition -Wformat-security -MT jpeg-quality.o -MD -MP -MF .deps/jpeg-quality.Tpo -c -o jpeg-quality.o jpeg-quality.c
mv -f .deps/jpeg-quality.Tpo .deps/jpeg-quality.Po
gcc -DHAVE_CONFIG_H -I. -I../..  -I../.. -pthread -I/usr/include/gtk-2.0 -I/usr/lib/x86_64-linux-gnu/gtk-2.0/include -I/usr/include/gio-unix-2.0 -I/usr/include/cairo -I/usr/include/pango-1.0 -I/usr/include/atk-1.0 -I/usr/include/cairo -I/usr/include/pixman-1 -I/usr/include/gdk-pixbuf-2.0 -I/usr/include/libmount -I/usr/include/blkid -I/usr/include/pango-1.0 -I/usr/include/harfbuzz -I/usr/include/pango-1.0 -I/usr/include/fribidi -I/usr/include/uuid -I/usr/include/freetype2 -I/usr/include/libpng16 -I/usr/include/glib-2.0 -I/usr/lib/x86_64-linux-gnu/glib-2.0/include -I/usr/include/libexif  -I/usr/local/include -DGIMP_DISABLE_DEPRECATED -DGDK_MULTIHEAD_SAFE -DGTK_MULTIHEAD_SAFE  -g -O2 -Wall -Wdeclaration-after-statement -Wmissing-prototypes -Wmissing-declarations -Winit-self -Wpointer-arith -Wold-style-definition -Wformat-security -MT jpeg-settings.o -MD -MP -MF .deps/jpeg-settings.Tpo -c -o jpeg-settings.o jpeg-settings.c
mv -f .deps/jpeg-settings.Tpo .deps/jpeg-settings.Po
gcc -DHAVE_CONFIG_H -I. -I../..  -I../.. -pthread -I/usr/include/gtk-2.0 -I/usr/lib/x86_64-linux-gnu/gtk-2.0/include -I/usr/include/gio-unix-2.0 -I/usr/include/cairo -I/usr/include/pango-1.0 -I/usr/include/atk-1.0 -I/usr/include/cairo -I/usr/include/pixman-1 -I/usr/include/gdk-pixbuf-2.0 -I/usr/include/libmount -I/usr/include/blkid -I/usr/include/pango-1.0 -I/usr/include/harfbuzz -I/usr/include/pango-1.0 -I/usr/include/fribidi -I/usr/include/uuid -I/usr/include/freetype2 -I/usr/include/libpng16 -I/usr/include/glib-2.0 -I/usr/lib/x86_64-linux-gnu/glib-2.0/include -I/usr/include/libexif  -I/usr/local/include -DGIMP_DISABLE_DEPRECATED -DGDK_MULTIHEAD_SAFE -DGTK_MULTIHEAD_SAFE  -g -O2 -Wall -Wdeclaration-after-statement -Wmissing-prototypes -Wmissing-declarations -Winit-self -Wpointer-arith -Wold-style-definition -Wformat-security -MT gimpexif.o -MD -MP -MF .deps/gimpexif.Tpo -c -o gimpexif.o gimpexif.c
mv -f .deps/gimpexif.Tpo .deps/gimpexif.Po
/bin/bash ../../libtool  --tag=CC   --mode=link gcc  -g -O2 -Wall -Wdeclaration-after-statement -Wmissing-prototypes -Wmissing-declarations -Winit-self -Wpointer-arith -Wold-style-definition -Wformat-security   -o file-jpeg jpeg.o jpeg-exif.o jpeg-icc.o jpeg-load.o jpeg-save.o jpeg-quality.o jpeg-settings.o gimpexif.o ../../libgimp/libgimpui-2.0.la ../../libgimpwidgets/libgimpwidgets-2.0.la ../../libgimpconfig/libgimpconfig-2.0.la ../../libgimp/libgimp-2.0.la ../../libgimpcolor/libgimpcolor-2.0.la ../../libgimpmath/libgimpmath-2.0.la ../../libgimpbase/libgimpbase-2.0.la -ljpeg -llcms2 -lgtk-x11-2.0 -lgdk-x11-2.0 -lpangocairo-1.0 -latk-1.0 -lcairo -lgdk_pixbuf-2.0 -lgio-2.0 -lpangoft2-1.0 -lpango-1.0 -lgobject-2.0 -lfontconfig -lfreetype -lgthread-2.0 -pthread -lglib-2.0 -lexif   
libtool: link: gcc -g -O2 -Wall -Wdeclaration-after-statement -Wmissing-prototypes -Wmissing-declarations -Winit-self -Wpointer-arith -Wold-style-definition -Wformat-security -o .libs/file-jpeg jpeg.o jpeg-exif.o jpeg-icc.o jpeg-load.o jpeg-save.o jpeg-quality.o jpeg-settings.o gimpexif.o -pthread  ../../libgimp/.libs/libgimpui-2.0.so ../../libgimpwidgets/.libs/libgimpwidgets-2.0.so ../../libgimpconfig/.libs/libgimpconfig-2.0.so ../../libgimp/.libs/libgimp-2.0.so ../../libgimpcolor/.libs/libgimpcolor-2.0.so ../../libgimpmath/.libs/libgimpmath-2.0.so ../../libgimpbase/.libs/libgimpbase-2.0.so -ljpeg -llcms2 -lgtk-x11-2.0 -lgdk-x11-2.0 -lpangocairo-1.0 -latk-1.0 -lcairo -lgdk_pixbuf-2.0 -lgio-2.0 -lpangoft2-1.0 -lpango-1.0 -lgobject-2.0 -lfontconfig -lfreetype -lgthread-2.0 -lglib-2.0 -lexif -pthread
gcc -DHAVE_CONFIG_H -I. -I../..  -I../.. -pthread -I/usr/include/gtk-2.0 -I/usr/lib/x86_64-linux-gnu/gtk-2.0/include -I/usr/include/gio-unix-2.0 -I/usr/include/cairo -I/usr/include/pango-1.0 -I/usr/include/atk-1.0 -I/usr/include/cairo -I/usr/include/pixman-1 -I/usr/include/gdk-pixbuf-2.0 -I/usr/include/libmount -I/usr/include/blkid -I/usr/include/pango-1.0 -I/usr/include/harfbuzz -I/usr/include/pango-1.0 -I/usr/include/fribidi -I/usr/include/uuid -I/usr/include/freetype2 -I/usr/include/libpng16 -I/usr/include/glib-2.0 -I/usr/lib/x86_64-linux-gnu/glib-2.0/include -I/usr/include/libexif  -I/usr/local/include -DGIMP_DISABLE_DEPRECATED -DGDK_MULTIHEAD_SAFE -DGTK_MULTIHEAD_SAFE  -g -O2 -Wall -Wdeclaration-after-statement -Wmissing-prototypes -Wmissing-declarations -Winit-self -Wpointer-arith -Wold-style-definition -Wformat-security -MT jpegqual.o -MD -MP -MF .deps/jpegqual.Tpo -c -o jpegqual.o jpegqual.c
mv -f .deps/jpegqual.Tpo .deps/jpegqual.Po
/bin/bash ../../libtool  --tag=CC   --mode=link gcc  -g -O2 -Wall -Wdeclaration-after-statement -Wmissing-prototypes -Wmissing-declarations -Winit-self -Wpointer-arith -Wold-style-definition -Wformat-security   -o jpegqual jpeg-quality.o jpegqual.o -ljpeg -lgtk-x11-2.0 -lgdk-x11-2.0 -lpangocairo-1.0 -latk-1.0 -lcairo -lgdk_pixbuf-2.0 -lgio-2.0 -lpangoft2-1.0 -lpango-1.0 -lgobject-2.0 -lfontconfig -lfreetype -lgthread-2.0 -pthread -lglib-2.0   
libtool: link: gcc -g -O2 -Wall -Wdeclaration-after-statement -Wmissing-prototypes -Wmissing-declarations -Winit-self -Wpointer-arith -Wold-style-definition -Wformat-security -o jpegqual jpeg-quality.o jpegqual.o -pthread  -ljpeg -lgtk-x11-2.0 -lgdk-x11-2.0 -lpangocairo-1.0 -latk-1.0 -lcairo -lgdk_pixbuf-2.0 -lgio-2.0 -lpangoft2-1.0 -lpango-1.0 -lgobject-2.0 -lfontconfig -lfreetype -lgthread-2.0 -lglib-2.0 -pthread
make[3]: Leaving directory '/home/pavel/Programs/gimp/plug-ins/file-jpeg'
Making all in file-psd
make[3]: Entering directory '/home/pavel/Programs/gimp/plug-ins/file-psd'
gcc -DHAVE_CONFIG_H -I. -I../..  -I../.. -pthread -I/usr/include/gtk-2.0 -I/usr/lib/x86_64-linux-gnu/gtk-2.0/include -I/usr/include/gio-unix-2.0 -I/usr/include/cairo -I/usr/include/pango-1.0 -I/usr/include/atk-1.0 -I/usr/include/cairo -I/usr/include/pixman-1 -I/usr/include/gdk-pixbuf-2.0 -I/usr/include/libmount -I/usr/include/blkid -I/usr/include/pango-1.0 -I/usr/include/harfbuzz -I/usr/include/pango-1.0 -I/usr/include/fribidi -I/usr/include/uuid -I/usr/include/freetype2 -I/usr/include/libpng16 -I/usr/include/glib-2.0 -I/usr/lib/x86_64-linux-gnu/glib-2.0/include -I/usr/local/include -DGIMP_DISABLE_DEPRECATED -DGDK_MULTIHEAD_SAFE -DGTK_MULTIHEAD_SAFE  -g -O2 -Wall -Wdeclaration-after-statement -Wmissing-prototypes -Wmissing-declarations -Winit-self -Wpointer-arith -Wold-style-definition -Wformat-security -MT psd.o -MD -MP -MF .deps/psd.Tpo -c -o psd.o psd.c
mv -f .deps/psd.Tpo .deps/psd.Po
gcc -DHAVE_CONFIG_H -I. -I../..  -I../.. -pthread -I/usr/include/gtk-2.0 -I/usr/lib/x86_64-linux-gnu/gtk-2.0/include -I/usr/include/gio-unix-2.0 -I/usr/include/cairo -I/usr/include/pango-1.0 -I/usr/include/atk-1.0 -I/usr/include/cairo -I/usr/include/pixman-1 -I/usr/include/gdk-pixbuf-2.0 -I/usr/include/libmount -I/usr/include/blkid -I/usr/include/pango-1.0 -I/usr/include/harfbuzz -I/usr/include/pango-1.0 -I/usr/include/fribidi -I/usr/include/uuid -I/usr/include/freetype2 -I/usr/include/libpng16 -I/usr/include/glib-2.0 -I/usr/lib/x86_64-linux-gnu/glib-2.0/include -I/usr/local/include -DGIMP_DISABLE_DEPRECATED -DGDK_MULTIHEAD_SAFE -DGTK_MULTIHEAD_SAFE  -g -O2 -Wall -Wdeclaration-after-statement -Wmissing-prototypes -Wmissing-declarations -Winit-self -Wpointer-arith -Wold-style-definition -Wformat-security -MT psd-util.o -MD -MP -MF .deps/psd-util.Tpo -c -o psd-util.o psd-util.c
mv -f .deps/psd-util.Tpo .deps/psd-util.Po
gcc -DHAVE_CONFIG_H -I. -I../..  -I../.. -pthread -I/usr/include/gtk-2.0 -I/usr/lib/x86_64-linux-gnu/gtk-2.0/include -I/usr/include/gio-unix-2.0 -I/usr/include/cairo -I/usr/include/pango-1.0 -I/usr/include/atk-1.0 -I/usr/include/cairo -I/usr/include/pixman-1 -I/usr/include/gdk-pixbuf-2.0 -I/usr/include/libmount -I/usr/include/blkid -I/usr/include/pango-1.0 -I/usr/include/harfbuzz -I/usr/include/pango-1.0 -I/usr/include/fribidi -I/usr/include/uuid -I/usr/include/freetype2 -I/usr/include/libpng16 -I/usr/include/glib-2.0 -I/usr/lib/x86_64-linux-gnu/glib-2.0/include -I/usr/local/include -DGIMP_DISABLE_DEPRECATED -DGDK_MULTIHEAD_SAFE -DGTK_MULTIHEAD_SAFE  -g -O2 -Wall -Wdeclaration-after-statement -Wmissing-prototypes -Wmissing-declarations -Winit-self -Wpointer-arith -Wold-style-definition -Wformat-security -MT psd-load.o -MD -MP -MF .deps/psd-load.Tpo -c -o psd-load.o psd-load.c
mv -f .deps/psd-load.Tpo .deps/psd-load.Po
gcc -DHAVE_CONFIG_H -I. -I../..  -I../.. -pthread -I/usr/include/gtk-2.0 -I/usr/lib/x86_64-linux-gnu/gtk-2.0/include -I/usr/include/gio-unix-2.0 -I/usr/include/cairo -I/usr/include/pango-1.0 -I/usr/include/atk-1.0 -I/usr/include/cairo -I/usr/include/pixman-1 -I/usr/include/gdk-pixbuf-2.0 -I/usr/include/libmount -I/usr/include/blkid -I/usr/include/pango-1.0 -I/usr/include/harfbuzz -I/usr/include/pango-1.0 -I/usr/include/fribidi -I/usr/include/uuid -I/usr/include/freetype2 -I/usr/include/libpng16 -I/usr/include/glib-2.0 -I/usr/lib/x86_64-linux-gnu/glib-2.0/include -I/usr/local/include -DGIMP_DISABLE_DEPRECATED -DGDK_MULTIHEAD_SAFE -DGTK_MULTIHEAD_SAFE  -g -O2 -Wall -Wdeclaration-after-statement -Wmissing-prototypes -Wmissing-declarations -Winit-self -Wpointer-arith -Wold-style-definition -Wformat-security -MT psd-thumb-load.o -MD -MP -MF .deps/psd-thumb-load.Tpo -c -o psd-thumb-load.o psd-thumb-load.c
mv -f .deps/psd-thumb-load.Tpo .deps/psd-thumb-load.Po
gcc -DHAVE_CONFIG_H -I. -I../..  -I../.. -pthread -I/usr/include/gtk-2.0 -I/usr/lib/x86_64-linux-gnu/gtk-2.0/include -I/usr/include/gio-unix-2.0 -I/usr/include/cairo -I/usr/include/pango-1.0 -I/usr/include/atk-1.0 -I/usr/include/cairo -I/usr/include/pixman-1 -I/usr/include/gdk-pixbuf-2.0 -I/usr/include/libmount -I/usr/include/blkid -I/usr/include/pango-1.0 -I/usr/include/harfbuzz -I/usr/include/pango-1.0 -I/usr/include/fribidi -I/usr/include/uuid -I/usr/include/freetype2 -I/usr/include/libpng16 -I/usr/include/glib-2.0 -I/usr/lib/x86_64-linux-gnu/glib-2.0/include -I/usr/local/include -DGIMP_DISABLE_DEPRECATED -DGDK_MULTIHEAD_SAFE -DGTK_MULTIHEAD_SAFE  -g -O2 -Wall -Wdeclaration-after-statement -Wmissing-prototypes -Wmissing-declarations -Winit-self -Wpointer-arith -Wold-style-definition -Wformat-security -MT psd-image-res-load.o -MD -MP -MF .deps/psd-image-res-load.Tpo -c -o psd-image-res-load.o psd-image-res-load.c
mv -f .deps/psd-image-res-load.Tpo .deps/psd-image-res-load.Po
gcc -DHAVE_CONFIG_H -I. -I../..  -I../.. -pthread -I/usr/include/gtk-2.0 -I/usr/lib/x86_64-linux-gnu/gtk-2.0/include -I/usr/include/gio-unix-2.0 -I/usr/include/cairo -I/usr/include/pango-1.0 -I/usr/include/atk-1.0 -I/usr/include/cairo -I/usr/include/pixman-1 -I/usr/include/gdk-pixbuf-2.0 -I/usr/include/libmount -I/usr/include/blkid -I/usr/include/pango-1.0 -I/usr/include/harfbuzz -I/usr/include/pango-1.0 -I/usr/include/fribidi -I/usr/include/uuid -I/usr/include/freetype2 -I/usr/include/libpng16 -I/usr/include/glib-2.0 -I/usr/lib/x86_64-linux-gnu/glib-2.0/include -I/usr/local/include -DGIMP_DISABLE_DEPRECATED -DGDK_MULTIHEAD_SAFE -DGTK_MULTIHEAD_SAFE  -g -O2 -Wall -Wdeclaration-after-statement -Wmissing-prototypes -Wmissing-declarations -Winit-self -Wpointer-arith -Wold-style-definition -Wformat-security -MT psd-layer-res-load.o -MD -MP -MF .deps/psd-layer-res-load.Tpo -c -o psd-layer-res-load.o psd-layer-res-load.c
mv -f .deps/psd-layer-res-load.Tpo .deps/psd-layer-res-load.Po
/bin/bash ../../libtool  --tag=CC   --mode=link gcc  -g -O2 -Wall -Wdeclaration-after-statement -Wmissing-prototypes -Wmissing-declarations -Winit-self -Wpointer-arith -Wold-style-definition -Wformat-security   -o file-psd-load psd.o psd-util.o psd-load.o psd-thumb-load.o psd-image-res-load.o psd-layer-res-load.o ../../libgimp/libgimpui-2.0.la ../../libgimpwidgets/libgimpwidgets-2.0.la ../../libgimpconfig/libgimpconfig-2.0.la ../../libgimp/libgimp-2.0.la ../../libgimpcolor/libgimpcolor-2.0.la ../../libgimpmath/libgimpmath-2.0.la ../../libgimpbase/libgimpbase-2.0.la -ljpeg -lgtk-x11-2.0 -lgdk-x11-2.0 -lpangocairo-1.0 -latk-1.0 -lcairo -lgdk_pixbuf-2.0 -lgio-2.0 -lpangoft2-1.0 -lpango-1.0 -lgobject-2.0 -lfontconfig -lfreetype -lgthread-2.0 -pthread -lglib-2.0 -lexif    
libtool: link: gcc -g -O2 -Wall -Wdeclaration-after-statement -Wmissing-prototypes -Wmissing-declarations -Winit-self -Wpointer-arith -Wold-style-definition -Wformat-security -o .libs/file-psd-load psd.o psd-util.o psd-load.o psd-thumb-load.o psd-image-res-load.o psd-layer-res-load.o -pthread  ../../libgimp/.libs/libgimpui-2.0.so ../../libgimpwidgets/.libs/libgimpwidgets-2.0.so ../../libgimpconfig/.libs/libgimpconfig-2.0.so ../../libgimp/.libs/libgimp-2.0.so ../../libgimpcolor/.libs/libgimpcolor-2.0.so ../../libgimpmath/.libs/libgimpmath-2.0.so ../../libgimpbase/.libs/libgimpbase-2.0.so -ljpeg -lgtk-x11-2.0 -lgdk-x11-2.0 -lpangocairo-1.0 -latk-1.0 -lcairo -lgdk_pixbuf-2.0 -lgio-2.0 -lpangoft2-1.0 -lpango-1.0 -lgobject-2.0 -lfontconfig -lfreetype -lgthread-2.0 -lglib-2.0 -lexif -pthread
gcc -DHAVE_CONFIG_H -I. -I../..  -I../.. -pthread -I/usr/include/gtk-2.0 -I/usr/lib/x86_64-linux-gnu/gtk-2.0/include -I/usr/include/gio-unix-2.0 -I/usr/include/cairo -I/usr/include/pango-1.0 -I/usr/include/atk-1.0 -I/usr/include/cairo -I/usr/include/pixman-1 -I/usr/include/gdk-pixbuf-2.0 -I/usr/include/libmount -I/usr/include/blkid -I/usr/include/pango-1.0 -I/usr/include/harfbuzz -I/usr/include/pango-1.0 -I/usr/include/fribidi -I/usr/include/uuid -I/usr/include/freetype2 -I/usr/include/libpng16 -I/usr/include/glib-2.0 -I/usr/lib/x86_64-linux-gnu/glib-2.0/include -I/usr/local/include -DGIMP_DISABLE_DEPRECATED -DGDK_MULTIHEAD_SAFE -DGTK_MULTIHEAD_SAFE  -g -O2 -Wall -Wdeclaration-after-statement -Wmissing-prototypes -Wmissing-declarations -Winit-self -Wpointer-arith -Wold-style-definition -Wformat-security -MT psd-save.o -MD -MP -MF .deps/psd-save.Tpo -c -o psd-save.o psd-save.c
mv -f .deps/psd-save.Tpo .deps/psd-save.Po
/bin/bash ../../libtool  --tag=CC   --mode=link gcc  -g -O2 -Wall -Wdeclaration-after-statement -Wmissing-prototypes -Wmissing-declarations -Winit-self -Wpointer-arith -Wold-style-definition -Wformat-security   -o file-psd-save psd-save.o ../../libgimp/libgimpui-2.0.la ../../libgimpwidgets/libgimpwidgets-2.0.la ../../libgimpconfig/libgimpconfig-2.0.la ../../libgimp/libgimp-2.0.la ../../libgimpcolor/libgimpcolor-2.0.la ../../libgimpmath/libgimpmath-2.0.la ../../libgimpbase/libgimpbase-2.0.la -ljpeg -lgtk-x11-2.0 -lgdk-x11-2.0 -lpangocairo-1.0 -latk-1.0 -lcairo -lgdk_pixbuf-2.0 -lgio-2.0 -lpangoft2-1.0 -lpango-1.0 -lgobject-2.0 -lfontconfig -lfreetype -lgthread-2.0 -pthread -lglib-2.0 -lexif    
libtool: link: gcc -g -O2 -Wall -Wdeclaration-after-statement -Wmissing-prototypes -Wmissing-declarations -Winit-self -Wpointer-arith -Wold-style-definition -Wformat-security -o .libs/file-psd-save psd-save.o -pthread  ../../libgimp/.libs/libgimpui-2.0.so ../../libgimpwidgets/.libs/libgimpwidgets-2.0.so ../../libgimpconfig/.libs/libgimpconfig-2.0.so ../../libgimp/.libs/libgimp-2.0.so ../../libgimpcolor/.libs/libgimpcolor-2.0.so ../../libgimpmath/.libs/libgimpmath-2.0.so ../../libgimpbase/.libs/libgimpbase-2.0.so -ljpeg -lgtk-x11-2.0 -lgdk-x11-2.0 -lpangocairo-1.0 -latk-1.0 -lcairo -lgdk_pixbuf-2.0 -lgio-2.0 -lpangoft2-1.0 -lpango-1.0 -lgobject-2.0 -lfontconfig -lfreetype -lgthread-2.0 -lglib-2.0 -lexif -pthread
make[3]: Leaving directory '/home/pavel/Programs/gimp/plug-ins/file-psd'
Making all in file-sgi
make[3]: Entering directory '/home/pavel/Programs/gimp/plug-ins/file-sgi'
gcc -DHAVE_CONFIG_H -I. -I../..  -I../.. -pthread -I/usr/include/gtk-2.0 -I/usr/lib/x86_64-linux-gnu/gtk-2.0/include -I/usr/include/gio-unix-2.0 -I/usr/include/cairo -I/usr/include/pango-1.0 -I/usr/include/atk-1.0 -I/usr/include/cairo -I/usr/include/pixman-1 -I/usr/include/gdk-pixbuf-2.0 -I/usr/include/libmount -I/usr/include/blkid -I/usr/include/pango-1.0 -I/usr/include/harfbuzz -I/usr/include/pango-1.0 -I/usr/include/fribidi -I/usr/include/uuid -I/usr/include/freetype2 -I/usr/include/libpng16 -I/usr/include/glib-2.0 -I/usr/lib/x86_64-linux-gnu/glib-2.0/include -I/usr/local/include -DGIMP_DISABLE_DEPRECATED -DGDK_MULTIHEAD_SAFE -DGTK_MULTIHEAD_SAFE  -g -O2 -Wall -Wdeclaration-after-statement -Wmissing-prototypes -Wmissing-declarations -Winit-self -Wpointer-arith -Wold-style-definition -Wformat-security -MT sgi.o -MD -MP -MF .deps/sgi.Tpo -c -o sgi.o sgi.c
mv -f .deps/sgi.Tpo .deps/sgi.Po
gcc -DHAVE_CONFIG_H -I. -I../..  -I../.. -pthread -I/usr/include/gtk-2.0 -I/usr/lib/x86_64-linux-gnu/gtk-2.0/include -I/usr/include/gio-unix-2.0 -I/usr/include/cairo -I/usr/include/pango-1.0 -I/usr/include/atk-1.0 -I/usr/include/cairo -I/usr/include/pixman-1 -I/usr/include/gdk-pixbuf-2.0 -I/usr/include/libmount -I/usr/include/blkid -I/usr/include/pango-1.0 -I/usr/include/harfbuzz -I/usr/include/pango-1.0 -I/usr/include/fribidi -I/usr/include/uuid -I/usr/include/freetype2 -I/usr/include/libpng16 -I/usr/include/glib-2.0 -I/usr/lib/x86_64-linux-gnu/glib-2.0/include -I/usr/local/include -DGIMP_DISABLE_DEPRECATED -DGDK_MULTIHEAD_SAFE -DGTK_MULTIHEAD_SAFE  -g -O2 -Wall -Wdeclaration-after-statement -Wmissing-prototypes -Wmissing-declarations -Winit-self -Wpointer-arith -Wold-style-definition -Wformat-security -MT sgi-lib.o -MD -MP -MF .deps/sgi-lib.Tpo -c -o sgi-lib.o sgi-lib.c
mv -f .deps/sgi-lib.Tpo .deps/sgi-lib.Po
/bin/bash ../../libtool  --tag=CC   --mode=link gcc  -g -O2 -Wall -Wdeclaration-after-statement -Wmissing-prototypes -Wmissing-declarations -Winit-self -Wpointer-arith -Wold-style-definition -Wformat-security   -o file-sgi sgi.o sgi-lib.o ../../libgimp/libgimpui-2.0.la ../../libgimpwidgets/libgimpwidgets-2.0.la ../../libgimpconfig/libgimpconfig-2.0.la ../../libgimpmath/libgimpmath-2.0.la ../../libgimp/libgimp-2.0.la ../../libgimpcolor/libgimpcolor-2.0.la ../../libgimpbase/libgimpbase-2.0.la -lgtk-x11-2.0 -lgdk-x11-2.0 -lpangocairo-1.0 -latk-1.0 -lcairo -lgdk_pixbuf-2.0 -lgio-2.0 -lpangoft2-1.0 -lpango-1.0 -lgobject-2.0 -lfontconfig -lfreetype -lgthread-2.0 -pthread -lglib-2.0   
libtool: link: gcc -g -O2 -Wall -Wdeclaration-after-statement -Wmissing-prototypes -Wmissing-declarations -Winit-self -Wpointer-arith -Wold-style-definition -Wformat-security -o .libs/file-sgi sgi.o sgi-lib.o -pthread  ../../libgimp/.libs/libgimpui-2.0.so ../../libgimpwidgets/.libs/libgimpwidgets-2.0.so ../../libgimpconfig/.libs/libgimpconfig-2.0.so ../../libgimpmath/.libs/libgimpmath-2.0.so ../../libgimp/.libs/libgimp-2.0.so ../../libgimpcolor/.libs/libgimpcolor-2.0.so ../../libgimpbase/.libs/libgimpbase-2.0.so -lgtk-x11-2.0 -lgdk-x11-2.0 -lpangocairo-1.0 -latk-1.0 -lcairo -lgdk_pixbuf-2.0 -lgio-2.0 -lpangoft2-1.0 -lpango-1.0 -lgobject-2.0 -lfontconfig -lfreetype -lgthread-2.0 -lglib-2.0 -pthread
make[3]: Leaving directory '/home/pavel/Programs/gimp/plug-ins/file-sgi'
Making all in file-uri
make[3]: Entering directory '/home/pavel/Programs/gimp/plug-ins/file-uri'
gcc -DHAVE_CONFIG_H -I. -I../..  -I../.. -pthread -I/usr/include/libmount -I/usr/include/blkid -I/usr/include/uuid -I/usr/include/glib-2.0 -I/usr/lib/x86_64-linux-gnu/glib-2.0/include -pthread -I/usr/include/gtk-2.0 -I/usr/lib/x86_64-linux-gnu/gtk-2.0/include -I/usr/include/gio-unix-2.0 -I/usr/include/cairo -I/usr/include/pango-1.0 -I/usr/include/atk-1.0 -I/usr/include/cairo -I/usr/include/pixman-1 -I/usr/include/gdk-pixbuf-2.0 -I/usr/include/libmount -I/usr/include/blkid -I/usr/include/pango-1.0 -I/usr/include/harfbuzz -I/usr/include/pango-1.0 -I/usr/include/fribidi -I/usr/include/uuid -I/usr/include/freetype2 -I/usr/include/libpng16 -I/usr/include/glib-2.0 -I/usr/lib/x86_64-linux-gnu/glib-2.0/include -I/usr/local/include -DGIMP_DISABLE_DEPRECATED -DGDK_MULTIHEAD_SAFE -DGTK_MULTIHEAD_SAFE  -g -O2 -Wall -Wdeclaration-after-statement -Wmissing-prototypes -Wmissing-declarations -Winit-self -Wpointer-arith -Wold-style-definition -Wformat-security -MT uri.o -MD -MP -MF .deps/uri.Tpo -c -o uri.o uri.c
mv -f .deps/uri.Tpo .deps/uri.Po
gcc -DHAVE_CONFIG_H -I. -I../..  -I../.. -pthread -I/usr/include/libmount -I/usr/include/blkid -I/usr/include/uuid -I/usr/include/glib-2.0 -I/usr/lib/x86_64-linux-gnu/glib-2.0/include -pthread -I/usr/include/gtk-2.0 -I/usr/lib/x86_64-linux-gnu/gtk-2.0/include -I/usr/include/gio-unix-2.0 -I/usr/include/cairo -I/usr/include/pango-1.0 -I/usr/include/atk-1.0 -I/usr/include/cairo -I/usr/include/pixman-1 -I/usr/include/gdk-pixbuf-2.0 -I/usr/include/libmount -I/usr/include/blkid -I/usr/include/pango-1.0 -I/usr/include/harfbuzz -I/usr/include/pango-1.0 -I/usr/include/fribidi -I/usr/include/uuid -I/usr/include/freetype2 -I/usr/include/libpng16 -I/usr/include/glib-2.0 -I/usr/lib/x86_64-linux-gnu/glib-2.0/include -I/usr/local/include -DGIMP_DISABLE_DEPRECATED -DGDK_MULTIHEAD_SAFE -DGTK_MULTIHEAD_SAFE  -g -O2 -Wall -Wdeclaration-after-statement -Wmissing-prototypes -Wmissing-declarations -Winit-self -Wpointer-arith -Wold-style-definition -Wformat-security -MT gimpmountoperation.o -MD -MP -MF .deps/gimpmountoperation.Tpo -c -o gimpmountoperation.o gimpmountoperation.c
gimpmountoperation.c: In function ‘gimp_mount_operation_class_init’:
gimpmountoperation.c:116:3: warning: ‘g_type_class_add_private’ is deprecated [-Wdeprecated-declarations]
   g_type_class_add_private (klass, sizeof (GimpMountOperationPrivate));
   ^~~~~~~~~~~~~~~~~~~~~~~~
In file included from /usr/include/glib-2.0/gobject/gobject.h:24,
                 from /usr/include/glib-2.0/gobject/gbinding.h:29,
                 from /usr/include/glib-2.0/glib-object.h:23,
                 from ../../libgimp/gimp.h:25,
                 from gimpmountoperation.c:32:
/usr/include/glib-2.0/gobject/gtype.h:1303:10: note: declared here
 void     g_type_class_add_private       (gpointer                    g_class,
          ^~~~~~~~~~~~~~~~~~~~~~~~
mv -f .deps/gimpmountoperation.Tpo .deps/gimpmountoperation.Po
gcc -DHAVE_CONFIG_H -I. -I../..  -I../.. -pthread -I/usr/include/libmount -I/usr/include/blkid -I/usr/include/uuid -I/usr/include/glib-2.0 -I/usr/lib/x86_64-linux-gnu/glib-2.0/include -pthread -I/usr/include/gtk-2.0 -I/usr/lib/x86_64-linux-gnu/gtk-2.0/include -I/usr/include/gio-unix-2.0 -I/usr/include/cairo -I/usr/include/pango-1.0 -I/usr/include/atk-1.0 -I/usr/include/cairo -I/usr/include/pixman-1 -I/usr/include/gdk-pixbuf-2.0 -I/usr/include/libmount -I/usr/include/blkid -I/usr/include/pango-1.0 -I/usr/include/harfbuzz -I/usr/include/pango-1.0 -I/usr/include/fribidi -I/usr/include/uuid -I/usr/include/freetype2 -I/usr/include/libpng16 -I/usr/include/glib-2.0 -I/usr/lib/x86_64-linux-gnu/glib-2.0/include -I/usr/local/include -DGIMP_DISABLE_DEPRECATED -DGDK_MULTIHEAD_SAFE -DGTK_MULTIHEAD_SAFE  -g -O2 -Wall -Wdeclaration-after-statement -Wmissing-prototypes -Wmissing-declarations -Winit-self -Wpointer-arith -Wold-style-definition -Wformat-security -MT uri-backend-gvfs.o -MD -MP -MF .deps/uri-backend-gvfs.Tpo -c -o uri-backend-gvfs.o uri-backend-gvfs.c
uri-backend-gvfs.c: In function ‘uri_progress_callback’:
uri-backend-gvfs.c:194:7: warning: ‘g_format_size_for_display’ is deprecated: Use 'g_format_size' instead [-Wdeprecated-declarations]
       gchar       *done  = g_format_size_for_display (current_num_bytes);
       ^~~~~
In file included from /usr/include/glib-2.0/glib/gthread.h:34,
                 from /usr/include/glib-2.0/glib/gasyncqueue.h:32,
                 from /usr/include/glib-2.0/glib.h:32,
                 from /usr/include/glib-2.0/gobject/gbinding.h:28,
                 from /usr/include/glib-2.0/glib-object.h:23,
                 from /usr/include/glib-2.0/gio/gioenums.h:28,
                 from /usr/include/glib-2.0/gio/giotypes.h:28,
                 from /usr/include/glib-2.0/gio/gio.h:26,
                 from uri-backend-gvfs.c:26:
/usr/include/glib-2.0/glib/gutils.h:195:8: note: declared here
 gchar *g_format_size_for_display (goffset size);
        ^~~~~~~~~~~~~~~~~~~~~~~~~
uri-backend-gvfs.c:195:7: warning: ‘g_format_size_for_display’ is deprecated: Use 'g_format_size' instead [-Wdeprecated-declarations]
       gchar       *total = g_format_size_for_display (total_num_bytes);
       ^~~~~
In file included from /usr/include/glib-2.0/glib/gthread.h:34,
                 from /usr/include/glib-2.0/glib/gasyncqueue.h:32,
                 from /usr/include/glib-2.0/glib.h:32,
                 from /usr/include/glib-2.0/gobject/gbinding.h:28,
                 from /usr/include/glib-2.0/glib-object.h:23,
                 from /usr/include/glib-2.0/gio/gioenums.h:28,
                 from /usr/include/glib-2.0/gio/giotypes.h:28,
                 from /usr/include/glib-2.0/gio/gio.h:26,
                 from uri-backend-gvfs.c:26:
/usr/include/glib-2.0/glib/gutils.h:195:8: note: declared here
 gchar *g_format_size_for_display (goffset size);
        ^~~~~~~~~~~~~~~~~~~~~~~~~
uri-backend-gvfs.c:221:7: warning: ‘g_format_size_for_display’ is deprecated: Use 'g_format_size' instead [-Wdeprecated-declarations]
       gchar       *done = g_format_size_for_display (current_num_bytes);
       ^~~~~
In file included from /usr/include/glib-2.0/glib/gthread.h:34,
                 from /usr/include/glib-2.0/glib/gasyncqueue.h:32,
                 from /usr/include/glib-2.0/glib.h:32,
                 from /usr/include/glib-2.0/gobject/gbinding.h:28,
                 from /usr/include/glib-2.0/glib-object.h:23,
                 from /usr/include/glib-2.0/gio/gioenums.h:28,
                 from /usr/include/glib-2.0/gio/giotypes.h:28,
                 from /usr/include/glib-2.0/gio/gio.h:26,
                 from uri-backend-gvfs.c:26:
/usr/include/glib-2.0/glib/gutils.h:195:8: note: declared here
 gchar *g_format_size_for_display (goffset size);
        ^~~~~~~~~~~~~~~~~~~~~~~~~
mv -f .deps/uri-backend-gvfs.Tpo .deps/uri-backend-gvfs.Po
/bin/bash ../../libtool  --tag=CC   --mode=link gcc  -g -O2 -Wall -Wdeclaration-after-statement -Wmissing-prototypes -Wmissing-declarations -Winit-self -Wpointer-arith -Wold-style-definition -Wformat-security   -o file-uri uri.o gimpmountoperation.o uri-backend-gvfs.o ../../libgimp/libgimpui-2.0.la ../../libgimpwidgets/libgimpwidgets-2.0.la ../../libgimpconfig/libgimpconfig-2.0.la ../../libgimpmath/libgimpmath-2.0.la ../../libgimp/libgimp-2.0.la ../../libgimpcolor/libgimpcolor-2.0.la ../../libgimpbase/libgimpbase-2.0.la -lgio-2.0 -lgobject-2.0 -lglib-2.0 -lgtk-x11-2.0 -lgdk-x11-2.0 -lpangocairo-1.0 -latk-1.0 -lcairo -lgdk_pixbuf-2.0 -lgio-2.0 -lpangoft2-1.0 -lpango-1.0 -lgobject-2.0 -lfontconfig -lfreetype -lgthread-2.0 -pthread -lglib-2.0   
libtool: link: gcc -g -O2 -Wall -Wdeclaration-after-statement -Wmissing-prototypes -Wmissing-declarations -Winit-self -Wpointer-arith -Wold-style-definition -Wformat-security -o .libs/file-uri uri.o gimpmountoperation.o uri-backend-gvfs.o -pthread  ../../libgimp/.libs/libgimpui-2.0.so ../../libgimpwidgets/.libs/libgimpwidgets-2.0.so ../../libgimpconfig/.libs/libgimpconfig-2.0.so ../../libgimpmath/.libs/libgimpmath-2.0.so ../../libgimp/.libs/libgimp-2.0.so ../../libgimpcolor/.libs/libgimpcolor-2.0.so ../../libgimpbase/.libs/libgimpbase-2.0.so -lgtk-x11-2.0 -lgdk-x11-2.0 -lpangocairo-1.0 -latk-1.0 -lcairo -lgdk_pixbuf-2.0 -lgio-2.0 -lpangoft2-1.0 -lpango-1.0 -lgobject-2.0 -lfontconfig -lfreetype -lgthread-2.0 -lglib-2.0 -pthread
make[3]: Leaving directory '/home/pavel/Programs/gimp/plug-ins/file-uri'
Making all in file-xjt
make[3]: Entering directory '/home/pavel/Programs/gimp/plug-ins/file-xjt'
gcc -DHAVE_CONFIG_H -I. -I../..  -I../.. -pthread -I/usr/include/gtk-2.0 -I/usr/lib/x86_64-linux-gnu/gtk-2.0/include -I/usr/include/gio-unix-2.0 -I/usr/include/cairo -I/usr/include/pango-1.0 -I/usr/include/atk-1.0 -I/usr/include/cairo -I/usr/include/pixman-1 -I/usr/include/gdk-pixbuf-2.0 -I/usr/include/libmount -I/usr/include/blkid -I/usr/include/pango-1.0 -I/usr/include/harfbuzz -I/usr/include/pango-1.0 -I/usr/include/fribidi -I/usr/include/uuid -I/usr/include/freetype2 -I/usr/include/libpng16 -I/usr/include/glib-2.0 -I/usr/lib/x86_64-linux-gnu/glib-2.0/include -I/usr/local/include -DGIMP_DISABLE_DEPRECATED -DGDK_MULTIHEAD_SAFE -DGTK_MULTIHEAD_SAFE  -g -O2 -Wall -Wdeclaration-after-statement -Wmissing-prototypes -Wmissing-declarations -Winit-self -Wpointer-arith -Wold-style-definition -Wformat-security -MT xjt.o -MD -MP -MF .deps/xjt.Tpo -c -o xjt.o xjt.c
xjt.c:71:2: warning: #warning GIMP_DISABLE_DEPRECATED [-Wcpp]
 #warning GIMP_DISABLE_DEPRECATED
  ^~~~~~~
mv -f .deps/xjt.Tpo .deps/xjt.Po
gcc -DHAVE_CONFIG_H -I. -I../..  -I../.. -pthread -I/usr/include/gtk-2.0 -I/usr/lib/x86_64-linux-gnu/gtk-2.0/include -I/usr/include/gio-unix-2.0 -I/usr/include/cairo -I/usr/include/pango-1.0 -I/usr/include/atk-1.0 -I/usr/include/cairo -I/usr/include/pixman-1 -I/usr/include/gdk-pixbuf-2.0 -I/usr/include/libmount -I/usr/include/blkid -I/usr/include/pango-1.0 -I/usr/include/harfbuzz -I/usr/include/pango-1.0 -I/usr/include/fribidi -I/usr/include/uuid -I/usr/include/freetype2 -I/usr/include/libpng16 -I/usr/include/glib-2.0 -I/usr/lib/x86_64-linux-gnu/glib-2.0/include -I/usr/local/include -DGIMP_DISABLE_DEPRECATED -DGDK_MULTIHEAD_SAFE -DGTK_MULTIHEAD_SAFE  -g -O2 -Wall -Wdeclaration-after-statement -Wmissing-prototypes -Wmissing-declarations -Winit-self -Wpointer-arith -Wold-style-definition -Wformat-security -MT xjpeg.o -MD -MP -MF .deps/xjpeg.Tpo -c -o xjpeg.o xjpeg.c
mv -f .deps/xjpeg.Tpo .deps/xjpeg.Po
/bin/bash ../../libtool  --tag=CC   --mode=link gcc  -g -O2 -Wall -Wdeclaration-after-statement -Wmissing-prototypes -Wmissing-declarations -Winit-self -Wpointer-arith -Wold-style-definition -Wformat-security   -o file-xjt xjt.o xjpeg.o ../../libgimp/libgimpui-2.0.la ../../libgimpwidgets/libgimpwidgets-2.0.la ../../libgimpconfig/libgimpconfig-2.0.la ../../libgimpmath/libgimpmath-2.0.la ../../libgimp/libgimp-2.0.la ../../libgimpcolor/libgimpcolor-2.0.la ../../libgimpbase/libgimpbase-2.0.la -lgtk-x11-2.0 -lgdk-x11-2.0 -lpangocairo-1.0 -latk-1.0 -lcairo -lgdk_pixbuf-2.0 -lgio-2.0 -lpangoft2-1.0 -lpango-1.0 -lgobject-2.0 -lfontconfig -lfreetype -lgthread-2.0 -pthread -lglib-2.0  -ljpeg  
libtool: link: gcc -g -O2 -Wall -Wdeclaration-after-statement -Wmissing-prototypes -Wmissing-declarations -Winit-self -Wpointer-arith -Wold-style-definition -Wformat-security -o .libs/file-xjt xjt.o xjpeg.o -pthread  ../../libgimp/.libs/libgimpui-2.0.so ../../libgimpwidgets/.libs/libgimpwidgets-2.0.so ../../libgimpconfig/.libs/libgimpconfig-2.0.so ../../libgimpmath/.libs/libgimpmath-2.0.so ../../libgimp/.libs/libgimp-2.0.so ../../libgimpcolor/.libs/libgimpcolor-2.0.so ../../libgimpbase/.libs/libgimpbase-2.0.so -lgtk-x11-2.0 -lgdk-x11-2.0 -lpangocairo-1.0 -latk-1.0 -lcairo -lgdk_pixbuf-2.0 -lgio-2.0 -lpangoft2-1.0 -lpango-1.0 -lgobject-2.0 -lfontconfig -lfreetype -lgthread-2.0 -lglib-2.0 -ljpeg -pthread
make[3]: Leaving directory '/home/pavel/Programs/gimp/plug-ins/file-xjt'
Making all in flame
make[3]: Entering directory '/home/pavel/Programs/gimp/plug-ins/flame'
gcc -DHAVE_CONFIG_H -I. -I../..  -I../.. -pthread -I/usr/include/gtk-2.0 -I/usr/lib/x86_64-linux-gnu/gtk-2.0/include -I/usr/include/gio-unix-2.0 -I/usr/include/cairo -I/usr/include/pango-1.0 -I/usr/include/atk-1.0 -I/usr/include/cairo -I/usr/include/pixman-1 -I/usr/include/gdk-pixbuf-2.0 -I/usr/include/libmount -I/usr/include/blkid -I/usr/include/pango-1.0 -I/usr/include/harfbuzz -I/usr/include/pango-1.0 -I/usr/include/fribidi -I/usr/include/uuid -I/usr/include/freetype2 -I/usr/include/libpng16 -I/usr/include/glib-2.0 -I/usr/lib/x86_64-linux-gnu/glib-2.0/include -I/usr/local/include -DGIMP_DISABLE_DEPRECATED -DGDK_MULTIHEAD_SAFE -DGTK_MULTIHEAD_SAFE  -g -O2 -Wall -Wdeclaration-after-statement -Wmissing-prototypes -Wmissing-declarations -Winit-self -Wpointer-arith -Wold-style-definition -Wformat-security -MT cmap.o -MD -MP -MF .deps/cmap.Tpo -c -o cmap.o cmap.c
mv -f .deps/cmap.Tpo .deps/cmap.Po
gcc -DHAVE_CONFIG_H -I. -I../..  -I../.. -pthread -I/usr/include/gtk-2.0 -I/usr/lib/x86_64-linux-gnu/gtk-2.0/include -I/usr/include/gio-unix-2.0 -I/usr/include/cairo -I/usr/include/pango-1.0 -I/usr/include/atk-1.0 -I/usr/include/cairo -I/usr/include/pixman-1 -I/usr/include/gdk-pixbuf-2.0 -I/usr/include/libmount -I/usr/include/blkid -I/usr/include/pango-1.0 -I/usr/include/harfbuzz -I/usr/include/pango-1.0 -I/usr/include/fribidi -I/usr/include/uuid -I/usr/include/freetype2 -I/usr/include/libpng16 -I/usr/include/glib-2.0 -I/usr/lib/x86_64-linux-gnu/glib-2.0/include -I/usr/local/include -DGIMP_DISABLE_DEPRECATED -DGDK_MULTIHEAD_SAFE -DGTK_MULTIHEAD_SAFE  -g -O2 -Wall -Wdeclaration-after-statement -Wmissing-prototypes -Wmissing-declarations -Winit-self -Wpointer-arith -Wold-style-definition -Wformat-security -MT flame.o -MD -MP -MF .deps/flame.Tpo -c -o flame.o flame.c
flame.c: In function ‘drawable_to_cmap’:
flame.c:276:2: warning: #warning FIXME: "reverse" hardcoded to FALSE. [-Wcpp]
 #warning FIXME: "reverse" hardcoded to FALSE.
  ^~~~~~~
mv -f .deps/flame.Tpo .deps/flame.Po
gcc -DHAVE_CONFIG_H -I. -I../..  -I../.. -pthread -I/usr/include/gtk-2.0 -I/usr/lib/x86_64-linux-gnu/gtk-2.0/include -I/usr/include/gio-unix-2.0 -I/usr/include/cairo -I/usr/include/pango-1.0 -I/usr/include/atk-1.0 -I/usr/include/cairo -I/usr/include/pixman-1 -I/usr/include/gdk-pixbuf-2.0 -I/usr/include/libmount -I/usr/include/blkid -I/usr/include/pango-1.0 -I/usr/include/harfbuzz -I/usr/include/pango-1.0 -I/usr/include/fribidi -I/usr/include/uuid -I/usr/include/freetype2 -I/usr/include/libpng16 -I/usr/include/glib-2.0 -I/usr/lib/x86_64-linux-gnu/glib-2.0/include -I/usr/local/include -DGIMP_DISABLE_DEPRECATED -DGDK_MULTIHEAD_SAFE -DGTK_MULTIHEAD_SAFE  -g -O2 -Wall -Wdeclaration-after-statement -Wmissing-prototypes -Wmissing-declarations -Winit-self -Wpointer-arith -Wold-style-definition -Wformat-security -MT libifs.o -MD -MP -MF .deps/libifs.Tpo -c -o libifs.o libifs.c
mv -f .deps/libifs.Tpo .deps/libifs.Po
gcc -DHAVE_CONFIG_H -I. -I../..  -I../.. -pthread -I/usr/include/gtk-2.0 -I/usr/lib/x86_64-linux-gnu/gtk-2.0/include -I/usr/include/gio-unix-2.0 -I/usr/include/cairo -I/usr/include/pango-1.0 -I/usr/include/atk-1.0 -I/usr/include/cairo -I/usr/include/pixman-1 -I/usr/include/gdk-pixbuf-2.0 -I/usr/include/libmount -I/usr/include/blkid -I/usr/include/pango-1.0 -I/usr/include/harfbuzz -I/usr/include/pango-1.0 -I/usr/include/fribidi -I/usr/include/uuid -I/usr/include/freetype2 -I/usr/include/libpng16 -I/usr/include/glib-2.0 -I/usr/lib/x86_64-linux-gnu/glib-2.0/include -I/usr/local/include -DGIMP_DISABLE_DEPRECATED -DGDK_MULTIHEAD_SAFE -DGTK_MULTIHEAD_SAFE  -g -O2 -Wall -Wdeclaration-after-statement -Wmissing-prototypes -Wmissing-declarations -Winit-self -Wpointer-arith -Wold-style-definition -Wformat-security -MT rect.o -MD -MP -MF .deps/rect.Tpo -c -o rect.o rect.c
mv -f .deps/rect.Tpo .deps/rect.Po
/bin/bash ../../libtool  --tag=CC   --mode=link gcc  -g -O2 -Wall -Wdeclaration-after-statement -Wmissing-prototypes -Wmissing-declarations -Winit-self -Wpointer-arith -Wold-style-definition -Wformat-security   -o flame cmap.o flame.o libifs.o rect.o ../../libgimp/libgimpui-2.0.la ../../libgimpwidgets/libgimpwidgets-2.0.la ../../libgimpconfig/libgimpconfig-2.0.la ../../libgimp/libgimp-2.0.la ../../libgimpcolor/libgimpcolor-2.0.la ../../libgimpmath/libgimpmath-2.0.la -lm ../../libgimpbase/libgimpbase-2.0.la -lgtk-x11-2.0 -lgdk-x11-2.0 -lpangocairo-1.0 -latk-1.0 -lcairo -lgdk_pixbuf-2.0 -lgio-2.0 -lpangoft2-1.0 -lpango-1.0 -lgobject-2.0 -lfontconfig -lfreetype -lgthread-2.0 -pthread -lglib-2.0   
libtool: link: gcc -g -O2 -Wall -Wdeclaration-after-statement -Wmissing-prototypes -Wmissing-declarations -Winit-self -Wpointer-arith -Wold-style-definition -Wformat-security -o .libs/flame cmap.o flame.o libifs.o rect.o -pthread  ../../libgimp/.libs/libgimpui-2.0.so ../../libgimpwidgets/.libs/libgimpwidgets-2.0.so ../../libgimpconfig/.libs/libgimpconfig-2.0.so ../../libgimp/.libs/libgimp-2.0.so ../../libgimpcolor/.libs/libgimpcolor-2.0.so ../../libgimpmath/.libs/libgimpmath-2.0.so -lm ../../libgimpbase/.libs/libgimpbase-2.0.so -lgtk-x11-2.0 -lgdk-x11-2.0 -lpangocairo-1.0 -latk-1.0 -lcairo -lgdk_pixbuf-2.0 -lgio-2.0 -lpangoft2-1.0 -lpango-1.0 -lgobject-2.0 -lfontconfig -lfreetype -lgthread-2.0 -lglib-2.0 -pthread
make[3]: Leaving directory '/home/pavel/Programs/gimp/plug-ins/flame'
Making all in fractal-explorer
make[3]: Entering directory '/home/pavel/Programs/gimp/plug-ins/fractal-explorer'
Making all in examples
make[4]: Entering directory '/home/pavel/Programs/gimp/plug-ins/fractal-explorer/examples'
make[4]: Nothing to be done for 'all'.
make[4]: Leaving directory '/home/pavel/Programs/gimp/plug-ins/fractal-explorer/examples'
make[4]: Entering directory '/home/pavel/Programs/gimp/plug-ins/fractal-explorer'
gcc -DHAVE_CONFIG_H -I. -I../..  -I../.. -pthread -I/usr/include/gtk-2.0 -I/usr/lib/x86_64-linux-gnu/gtk-2.0/include -I/usr/include/gio-unix-2.0 -I/usr/include/cairo -I/usr/include/pango-1.0 -I/usr/include/atk-1.0 -I/usr/include/cairo -I/usr/include/pixman-1 -I/usr/include/gdk-pixbuf-2.0 -I/usr/include/libmount -I/usr/include/blkid -I/usr/include/pango-1.0 -I/usr/include/harfbuzz -I/usr/include/pango-1.0 -I/usr/include/fribidi -I/usr/include/uuid -I/usr/include/freetype2 -I/usr/include/libpng16 -I/usr/include/glib-2.0 -I/usr/lib/x86_64-linux-gnu/glib-2.0/include -I/usr/local/include -DGIMP_DISABLE_DEPRECATED -DGDK_MULTIHEAD_SAFE -DGTK_MULTIHEAD_SAFE  -g -O2 -Wall -Wdeclaration-after-statement -Wmissing-prototypes -Wmissing-declarations -Winit-self -Wpointer-arith -Wold-style-definition -Wformat-security -MT fractal-explorer-dialogs.o -MD -MP -MF .deps/fractal-explorer-dialogs.Tpo -c -o fractal-explorer-dialogs.o fractal-explorer-dialogs.c
mv -f .deps/fractal-explorer-dialogs.Tpo .deps/fractal-explorer-dialogs.Po
gcc -DHAVE_CONFIG_H -I. -I../..  -I../.. -pthread -I/usr/include/gtk-2.0 -I/usr/lib/x86_64-linux-gnu/gtk-2.0/include -I/usr/include/gio-unix-2.0 -I/usr/include/cairo -I/usr/include/pango-1.0 -I/usr/include/atk-1.0 -I/usr/include/cairo -I/usr/include/pixman-1 -I/usr/include/gdk-pixbuf-2.0 -I/usr/include/libmount -I/usr/include/blkid -I/usr/include/pango-1.0 -I/usr/include/harfbuzz -I/usr/include/pango-1.0 -I/usr/include/fribidi -I/usr/include/uuid -I/usr/include/freetype2 -I/usr/include/libpng16 -I/usr/include/glib-2.0 -I/usr/lib/x86_64-linux-gnu/glib-2.0/include -I/usr/local/include -DGIMP_DISABLE_DEPRECATED -DGDK_MULTIHEAD_SAFE -DGTK_MULTIHEAD_SAFE  -g -O2 -Wall -Wdeclaration-after-statement -Wmissing-prototypes -Wmissing-declarations -Winit-self -Wpointer-arith -Wold-style-definition -Wformat-security -MT fractal-explorer.o -MD -MP -MF .deps/fractal-explorer.Tpo -c -o fractal-explorer.o fractal-explorer.c
mv -f .deps/fractal-explorer.Tpo .deps/fractal-explorer.Po
/bin/bash ../../libtool  --tag=CC   --mode=link gcc  -g -O2 -Wall -Wdeclaration-after-statement -Wmissing-prototypes -Wmissing-declarations -Winit-self -Wpointer-arith -Wold-style-definition -Wformat-security   -o fractal-explorer fractal-explorer-dialogs.o fractal-explorer.o ../../libgimp/libgimpui-2.0.la ../../libgimpwidgets/libgimpwidgets-2.0.la ../../libgimpconfig/libgimpconfig-2.0.la ../../libgimp/libgimp-2.0.la ../../libgimpcolor/libgimpcolor-2.0.la ../../libgimpmath/libgimpmath-2.0.la -lm ../../libgimpbase/libgimpbase-2.0.la -lgtk-x11-2.0 -lgdk-x11-2.0 -lpangocairo-1.0 -latk-1.0 -lcairo -lgdk_pixbuf-2.0 -lgio-2.0 -lpangoft2-1.0 -lpango-1.0 -lgobject-2.0 -lfontconfig -lfreetype -lgthread-2.0 -pthread -lglib-2.0   
libtool: link: gcc -g -O2 -Wall -Wdeclaration-after-statement -Wmissing-prototypes -Wmissing-declarations -Winit-self -Wpointer-arith -Wold-style-definition -Wformat-security -o .libs/fractal-explorer fractal-explorer-dialogs.o fractal-explorer.o -pthread  ../../libgimp/.libs/libgimpui-2.0.so ../../libgimpwidgets/.libs/libgimpwidgets-2.0.so ../../libgimpconfig/.libs/libgimpconfig-2.0.so ../../libgimp/.libs/libgimp-2.0.so ../../libgimpcolor/.libs/libgimpcolor-2.0.so ../../libgimpmath/.libs/libgimpmath-2.0.so -lm ../../libgimpbase/.libs/libgimpbase-2.0.so -lgtk-x11-2.0 -lgdk-x11-2.0 -lpangocairo-1.0 -latk-1.0 -lcairo -lgdk_pixbuf-2.0 -lgio-2.0 -lpangoft2-1.0 -lpango-1.0 -lgobject-2.0 -lfontconfig -lfreetype -lgthread-2.0 -lglib-2.0 -pthread
make[4]: Leaving directory '/home/pavel/Programs/gimp/plug-ins/fractal-explorer'
make[3]: Leaving directory '/home/pavel/Programs/gimp/plug-ins/fractal-explorer'
Making all in gfig
make[3]: Entering directory '/home/pavel/Programs/gimp/plug-ins/gfig'
Making all in gfig-examples
make[4]: Entering directory '/home/pavel/Programs/gimp/plug-ins/gfig/gfig-examples'
make[4]: Nothing to be done for 'all'.
make[4]: Leaving directory '/home/pavel/Programs/gimp/plug-ins/gfig/gfig-examples'
Making all in images
make[4]: Entering directory '/home/pavel/Programs/gimp/plug-ins/gfig/images'
( rm -f stock-icons.list; \
          for image in stock-bezier.png stock-circle.png stock-copy-object.png stock-curve.png stock-delete-object.png stock-ellipse.png stock-line.png stock-move-object.png stock-move-point.png stock-polygon.png stock-rectangle.png stock-select-object.png stock-show-all.png stock-spiral.png stock-star.png stock-logo.png; do \
            echo $image | \
              sed -e 's|.*/||' -e 's|-|_|g' -e 's|\.png$||' >> stock-icons.list; \
    echo "  ./$image" >> stock-icons.list; \
  done )
/usr/bin/gdk-pixbuf-csource --raw --build-list `cat stock-icons.list` > gfig-stock-pixbufs.h
make[4]: Leaving directory '/home/pavel/Programs/gimp/plug-ins/gfig/images'
make[4]: Entering directory '/home/pavel/Programs/gimp/plug-ins/gfig'
gcc -DHAVE_CONFIG_H -I. -I../..  -I../.. -pthread -I/usr/include/gtk-2.0 -I/usr/lib/x86_64-linux-gnu/gtk-2.0/include -I/usr/include/gio-unix-2.0 -I/usr/include/cairo -I/usr/include/pango-1.0 -I/usr/include/atk-1.0 -I/usr/include/cairo -I/usr/include/pixman-1 -I/usr/include/gdk-pixbuf-2.0 -I/usr/include/libmount -I/usr/include/blkid -I/usr/include/pango-1.0 -I/usr/include/harfbuzz -I/usr/include/pango-1.0 -I/usr/include/fribidi -I/usr/include/uuid -I/usr/include/freetype2 -I/usr/include/libpng16 -I/usr/include/glib-2.0 -I/usr/lib/x86_64-linux-gnu/glib-2.0/include -I/usr/local/include -DGIMP_DISABLE_DEPRECATED -DGDK_MULTIHEAD_SAFE -DGTK_MULTIHEAD_SAFE  -g -O2 -Wall -Wdeclaration-after-statement -Wmissing-prototypes -Wmissing-declarations -Winit-self -Wpointer-arith -Wold-style-definition -Wformat-security -MT gfig.o -MD -MP -MF .deps/gfig.Tpo -c -o gfig.o gfig.c
mv -f .deps/gfig.Tpo .deps/gfig.Po
gcc -DHAVE_CONFIG_H -I. -I../..  -I../.. -pthread -I/usr/include/gtk-2.0 -I/usr/lib/x86_64-linux-gnu/gtk-2.0/include -I/usr/include/gio-unix-2.0 -I/usr/include/cairo -I/usr/include/pango-1.0 -I/usr/include/atk-1.0 -I/usr/include/cairo -I/usr/include/pixman-1 -I/usr/include/gdk-pixbuf-2.0 -I/usr/include/libmount -I/usr/include/blkid -I/usr/include/pango-1.0 -I/usr/include/harfbuzz -I/usr/include/pango-1.0 -I/usr/include/fribidi -I/usr/include/uuid -I/usr/include/freetype2 -I/usr/include/libpng16 -I/usr/include/glib-2.0 -I/usr/lib/x86_64-linux-gnu/glib-2.0/include -I/usr/local/include -DGIMP_DISABLE_DEPRECATED -DGDK_MULTIHEAD_SAFE -DGTK_MULTIHEAD_SAFE  -g -O2 -Wall -Wdeclaration-after-statement -Wmissing-prototypes -Wmissing-declarations -Winit-self -Wpointer-arith -Wold-style-definition -Wformat-security -MT gfig-arc.o -MD -MP -MF .deps/gfig-arc.Tpo -c -o gfig-arc.o gfig-arc.c
mv -f .deps/gfig-arc.Tpo .deps/gfig-arc.Po
gcc -DHAVE_CONFIG_H -I. -I../..  -I../.. -pthread -I/usr/include/gtk-2.0 -I/usr/lib/x86_64-linux-gnu/gtk-2.0/include -I/usr/include/gio-unix-2.0 -I/usr/include/cairo -I/usr/include/pango-1.0 -I/usr/include/atk-1.0 -I/usr/include/cairo -I/usr/include/pixman-1 -I/usr/include/gdk-pixbuf-2.0 -I/usr/include/libmount -I/usr/include/blkid -I/usr/include/pango-1.0 -I/usr/include/harfbuzz -I/usr/include/pango-1.0 -I/usr/include/fribidi -I/usr/include/uuid -I/usr/include/freetype2 -I/usr/include/libpng16 -I/usr/include/glib-2.0 -I/usr/lib/x86_64-linux-gnu/glib-2.0/include -I/usr/local/include -DGIMP_DISABLE_DEPRECATED -DGDK_MULTIHEAD_SAFE -DGTK_MULTIHEAD_SAFE  -g -O2 -Wall -Wdeclaration-after-statement -Wmissing-prototypes -Wmissing-declarations -Winit-self -Wpointer-arith -Wold-style-definition -Wformat-security -MT gfig-bezier.o -MD -MP -MF .deps/gfig-bezier.Tpo -c -o gfig-bezier.o gfig-bezier.c
mv -f .deps/gfig-bezier.Tpo .deps/gfig-bezier.Po
gcc -DHAVE_CONFIG_H -I. -I../..  -I../.. -pthread -I/usr/include/gtk-2.0 -I/usr/lib/x86_64-linux-gnu/gtk-2.0/include -I/usr/include/gio-unix-2.0 -I/usr/include/cairo -I/usr/include/pango-1.0 -I/usr/include/atk-1.0 -I/usr/include/cairo -I/usr/include/pixman-1 -I/usr/include/gdk-pixbuf-2.0 -I/usr/include/libmount -I/usr/include/blkid -I/usr/include/pango-1.0 -I/usr/include/harfbuzz -I/usr/include/pango-1.0 -I/usr/include/fribidi -I/usr/include/uuid -I/usr/include/freetype2 -I/usr/include/libpng16 -I/usr/include/glib-2.0 -I/usr/lib/x86_64-linux-gnu/glib-2.0/include -I/usr/local/include -DGIMP_DISABLE_DEPRECATED -DGDK_MULTIHEAD_SAFE -DGTK_MULTIHEAD_SAFE  -g -O2 -Wall -Wdeclaration-after-statement -Wmissing-prototypes -Wmissing-declarations -Winit-self -Wpointer-arith -Wold-style-definition -Wformat-security -MT gfig-circle.o -MD -MP -MF .deps/gfig-circle.Tpo -c -o gfig-circle.o gfig-circle.c
mv -f .deps/gfig-circle.Tpo .deps/gfig-circle.Po
gcc -DHAVE_CONFIG_H -I. -I../..  -I../.. -pthread -I/usr/include/gtk-2.0 -I/usr/lib/x86_64-linux-gnu/gtk-2.0/include -I/usr/include/gio-unix-2.0 -I/usr/include/cairo -I/usr/include/pango-1.0 -I/usr/include/atk-1.0 -I/usr/include/cairo -I/usr/include/pixman-1 -I/usr/include/gdk-pixbuf-2.0 -I/usr/include/libmount -I/usr/include/blkid -I/usr/include/pango-1.0 -I/usr/include/harfbuzz -I/usr/include/pango-1.0 -I/usr/include/fribidi -I/usr/include/uuid -I/usr/include/freetype2 -I/usr/include/libpng16 -I/usr/include/glib-2.0 -I/usr/lib/x86_64-linux-gnu/glib-2.0/include -I/usr/local/include -DGIMP_DISABLE_DEPRECATED -DGDK_MULTIHEAD_SAFE -DGTK_MULTIHEAD_SAFE  -g -O2 -Wall -Wdeclaration-after-statement -Wmissing-prototypes -Wmissing-declarations -Winit-self -Wpointer-arith -Wold-style-definition -Wformat-security -MT gfig-dialog.o -MD -MP -MF .deps/gfig-dialog.Tpo -c -o gfig-dialog.o gfig-dialog.c
mv -f .deps/gfig-dialog.Tpo .deps/gfig-dialog.Po
gcc -DHAVE_CONFIG_H -I. -I../..  -I../.. -pthread -I/usr/include/gtk-2.0 -I/usr/lib/x86_64-linux-gnu/gtk-2.0/include -I/usr/include/gio-unix-2.0 -I/usr/include/cairo -I/usr/include/pango-1.0 -I/usr/include/atk-1.0 -I/usr/include/cairo -I/usr/include/pixman-1 -I/usr/include/gdk-pixbuf-2.0 -I/usr/include/libmount -I/usr/include/blkid -I/usr/include/pango-1.0 -I/usr/include/harfbuzz -I/usr/include/pango-1.0 -I/usr/include/fribidi -I/usr/include/uuid -I/usr/include/freetype2 -I/usr/include/libpng16 -I/usr/include/glib-2.0 -I/usr/lib/x86_64-linux-gnu/glib-2.0/include -I/usr/local/include -DGIMP_DISABLE_DEPRECATED -DGDK_MULTIHEAD_SAFE -DGTK_MULTIHEAD_SAFE  -g -O2 -Wall -Wdeclaration-after-statement -Wmissing-prototypes -Wmissing-declarations -Winit-self -Wpointer-arith -Wold-style-definition -Wformat-security -MT gfig-dobject.o -MD -MP -MF .deps/gfig-dobject.Tpo -c -o gfig-dobject.o gfig-dobject.c
mv -f .deps/gfig-dobject.Tpo .deps/gfig-dobject.Po
gcc -DHAVE_CONFIG_H -I. -I../..  -I../.. -pthread -I/usr/include/gtk-2.0 -I/usr/lib/x86_64-linux-gnu/gtk-2.0/include -I/usr/include/gio-unix-2.0 -I/usr/include/cairo -I/usr/include/pango-1.0 -I/usr/include/atk-1.0 -I/usr/include/cairo -I/usr/include/pixman-1 -I/usr/include/gdk-pixbuf-2.0 -I/usr/include/libmount -I/usr/include/blkid -I/usr/include/pango-1.0 -I/usr/include/harfbuzz -I/usr/include/pango-1.0 -I/usr/include/fribidi -I/usr/include/uuid -I/usr/include/freetype2 -I/usr/include/libpng16 -I/usr/include/glib-2.0 -I/usr/lib/x86_64-linux-gnu/glib-2.0/include -I/usr/local/include -DGIMP_DISABLE_DEPRECATED -DGDK_MULTIHEAD_SAFE -DGTK_MULTIHEAD_SAFE  -g -O2 -Wall -Wdeclaration-after-statement -Wmissing-prototypes -Wmissing-declarations -Winit-self -Wpointer-arith -Wold-style-definition -Wformat-security -MT gfig-ellipse.o -MD -MP -MF .deps/gfig-ellipse.Tpo -c -o gfig-ellipse.o gfig-ellipse.c
mv -f .deps/gfig-ellipse.Tpo .deps/gfig-ellipse.Po
gcc -DHAVE_CONFIG_H -I. -I../..  -I../.. -pthread -I/usr/include/gtk-2.0 -I/usr/lib/x86_64-linux-gnu/gtk-2.0/include -I/usr/include/gio-unix-2.0 -I/usr/include/cairo -I/usr/include/pango-1.0 -I/usr/include/atk-1.0 -I/usr/include/cairo -I/usr/include/pixman-1 -I/usr/include/gdk-pixbuf-2.0 -I/usr/include/libmount -I/usr/include/blkid -I/usr/include/pango-1.0 -I/usr/include/harfbuzz -I/usr/include/pango-1.0 -I/usr/include/fribidi -I/usr/include/uuid -I/usr/include/freetype2 -I/usr/include/libpng16 -I/usr/include/glib-2.0 -I/usr/lib/x86_64-linux-gnu/glib-2.0/include -I/usr/local/include -DGIMP_DISABLE_DEPRECATED -DGDK_MULTIHEAD_SAFE -DGTK_MULTIHEAD_SAFE  -g -O2 -Wall -Wdeclaration-after-statement -Wmissing-prototypes -Wmissing-declarations -Winit-self -Wpointer-arith -Wold-style-definition -Wformat-security -MT gfig-grid.o -MD -MP -MF .deps/gfig-grid.Tpo -c -o gfig-grid.o gfig-grid.c
mv -f .deps/gfig-grid.Tpo .deps/gfig-grid.Po
gcc -DHAVE_CONFIG_H -I. -I../..  -I../.. -pthread -I/usr/include/gtk-2.0 -I/usr/lib/x86_64-linux-gnu/gtk-2.0/include -I/usr/include/gio-unix-2.0 -I/usr/include/cairo -I/usr/include/pango-1.0 -I/usr/include/atk-1.0 -I/usr/include/cairo -I/usr/include/pixman-1 -I/usr/include/gdk-pixbuf-2.0 -I/usr/include/libmount -I/usr/include/blkid -I/usr/include/pango-1.0 -I/usr/include/harfbuzz -I/usr/include/pango-1.0 -I/usr/include/fribidi -I/usr/include/uuid -I/usr/include/freetype2 -I/usr/include/libpng16 -I/usr/include/glib-2.0 -I/usr/lib/x86_64-linux-gnu/glib-2.0/include -I/usr/local/include -DGIMP_DISABLE_DEPRECATED -DGDK_MULTIHEAD_SAFE -DGTK_MULTIHEAD_SAFE  -g -O2 -Wall -Wdeclaration-after-statement -Wmissing-prototypes -Wmissing-declarations -Winit-self -Wpointer-arith -Wold-style-definition -Wformat-security -MT gfig-line.o -MD -MP -MF .deps/gfig-line.Tpo -c -o gfig-line.o gfig-line.c
mv -f .deps/gfig-line.Tpo .deps/gfig-line.Po
gcc -DHAVE_CONFIG_H -I. -I../..  -I../.. -pthread -I/usr/include/gtk-2.0 -I/usr/lib/x86_64-linux-gnu/gtk-2.0/include -I/usr/include/gio-unix-2.0 -I/usr/include/cairo -I/usr/include/pango-1.0 -I/usr/include/atk-1.0 -I/usr/include/cairo -I/usr/include/pixman-1 -I/usr/include/gdk-pixbuf-2.0 -I/usr/include/libmount -I/usr/include/blkid -I/usr/include/pango-1.0 -I/usr/include/harfbuzz -I/usr/include/pango-1.0 -I/usr/include/fribidi -I/usr/include/uuid -I/usr/include/freetype2 -I/usr/include/libpng16 -I/usr/include/glib-2.0 -I/usr/lib/x86_64-linux-gnu/glib-2.0/include -I/usr/local/include -DGIMP_DISABLE_DEPRECATED -DGDK_MULTIHEAD_SAFE -DGTK_MULTIHEAD_SAFE  -g -O2 -Wall -Wdeclaration-after-statement -Wmissing-prototypes -Wmissing-declarations -Winit-self -Wpointer-arith -Wold-style-definition -Wformat-security -MT gfig-poly.o -MD -MP -MF .deps/gfig-poly.Tpo -c -o gfig-poly.o gfig-poly.c
mv -f .deps/gfig-poly.Tpo .deps/gfig-poly.Po
gcc -DHAVE_CONFIG_H -I. -I../..  -I../.. -pthread -I/usr/include/gtk-2.0 -I/usr/lib/x86_64-linux-gnu/gtk-2.0/include -I/usr/include/gio-unix-2.0 -I/usr/include/cairo -I/usr/include/pango-1.0 -I/usr/include/atk-1.0 -I/usr/include/cairo -I/usr/include/pixman-1 -I/usr/include/gdk-pixbuf-2.0 -I/usr/include/libmount -I/usr/include/blkid -I/usr/include/pango-1.0 -I/usr/include/harfbuzz -I/usr/include/pango-1.0 -I/usr/include/fribidi -I/usr/include/uuid -I/usr/include/freetype2 -I/usr/include/libpng16 -I/usr/include/glib-2.0 -I/usr/lib/x86_64-linux-gnu/glib-2.0/include -I/usr/local/include -DGIMP_DISABLE_DEPRECATED -DGDK_MULTIHEAD_SAFE -DGTK_MULTIHEAD_SAFE  -g -O2 -Wall -Wdeclaration-after-statement -Wmissing-prototypes -Wmissing-declarations -Winit-self -Wpointer-arith -Wold-style-definition -Wformat-security -MT gfig-preview.o -MD -MP -MF .deps/gfig-preview.Tpo -c -o gfig-preview.o gfig-preview.c
mv -f .deps/gfig-preview.Tpo .deps/gfig-preview.Po
gcc -DHAVE_CONFIG_H -I. -I../..  -I../.. -pthread -I/usr/include/gtk-2.0 -I/usr/lib/x86_64-linux-gnu/gtk-2.0/include -I/usr/include/gio-unix-2.0 -I/usr/include/cairo -I/usr/include/pango-1.0 -I/usr/include/atk-1.0 -I/usr/include/cairo -I/usr/include/pixman-1 -I/usr/include/gdk-pixbuf-2.0 -I/usr/include/libmount -I/usr/include/blkid -I/usr/include/pango-1.0 -I/usr/include/harfbuzz -I/usr/include/pango-1.0 -I/usr/include/fribidi -I/usr/include/uuid -I/usr/include/freetype2 -I/usr/include/libpng16 -I/usr/include/glib-2.0 -I/usr/lib/x86_64-linux-gnu/glib-2.0/include -I/usr/local/include -DGIMP_DISABLE_DEPRECATED -DGDK_MULTIHEAD_SAFE -DGTK_MULTIHEAD_SAFE  -g -O2 -Wall -Wdeclaration-after-statement -Wmissing-prototypes -Wmissing-declarations -Winit-self -Wpointer-arith -Wold-style-definition -Wformat-security -MT gfig-rectangle.o -MD -MP -MF .deps/gfig-rectangle.Tpo -c -o gfig-rectangle.o gfig-rectangle.c
mv -f .deps/gfig-rectangle.Tpo .deps/gfig-rectangle.Po
gcc -DHAVE_CONFIG_H -I. -I../..  -I../.. -pthread -I/usr/include/gtk-2.0 -I/usr/lib/x86_64-linux-gnu/gtk-2.0/include -I/usr/include/gio-unix-2.0 -I/usr/include/cairo -I/usr/include/pango-1.0 -I/usr/include/atk-1.0 -I/usr/include/cairo -I/usr/include/pixman-1 -I/usr/include/gdk-pixbuf-2.0 -I/usr/include/libmount -I/usr/include/blkid -I/usr/include/pango-1.0 -I/usr/include/harfbuzz -I/usr/include/pango-1.0 -I/usr/include/fribidi -I/usr/include/uuid -I/usr/include/freetype2 -I/usr/include/libpng16 -I/usr/include/glib-2.0 -I/usr/lib/x86_64-linux-gnu/glib-2.0/include -I/usr/local/include -DGIMP_DISABLE_DEPRECATED -DGDK_MULTIHEAD_SAFE -DGTK_MULTIHEAD_SAFE  -g -O2 -Wall -Wdeclaration-after-statement -Wmissing-prototypes -Wmissing-declarations -Winit-self -Wpointer-arith -Wold-style-definition -Wformat-security -MT gfig-spiral.o -MD -MP -MF .deps/gfig-spiral.Tpo -c -o gfig-spiral.o gfig-spiral.c
mv -f .deps/gfig-spiral.Tpo .deps/gfig-spiral.Po
gcc -DHAVE_CONFIG_H -I. -I../..  -I../.. -pthread -I/usr/include/gtk-2.0 -I/usr/lib/x86_64-linux-gnu/gtk-2.0/include -I/usr/include/gio-unix-2.0 -I/usr/include/cairo -I/usr/include/pango-1.0 -I/usr/include/atk-1.0 -I/usr/include/cairo -I/usr/include/pixman-1 -I/usr/include/gdk-pixbuf-2.0 -I/usr/include/libmount -I/usr/include/blkid -I/usr/include/pango-1.0 -I/usr/include/harfbuzz -I/usr/include/pango-1.0 -I/usr/include/fribidi -I/usr/include/uuid -I/usr/include/freetype2 -I/usr/include/libpng16 -I/usr/include/glib-2.0 -I/usr/lib/x86_64-linux-gnu/glib-2.0/include -I/usr/local/include -DGIMP_DISABLE_DEPRECATED -DGDK_MULTIHEAD_SAFE -DGTK_MULTIHEAD_SAFE  -g -O2 -Wall -Wdeclaration-after-statement -Wmissing-prototypes -Wmissing-declarations -Winit-self -Wpointer-arith -Wold-style-definition -Wformat-security -MT gfig-star.o -MD -MP -MF .deps/gfig-star.Tpo -c -o gfig-star.o gfig-star.c
mv -f .deps/gfig-star.Tpo .deps/gfig-star.Po
gcc -DHAVE_CONFIG_H -I. -I../..  -I../.. -pthread -I/usr/include/gtk-2.0 -I/usr/lib/x86_64-linux-gnu/gtk-2.0/include -I/usr/include/gio-unix-2.0 -I/usr/include/cairo -I/usr/include/pango-1.0 -I/usr/include/atk-1.0 -I/usr/include/cairo -I/usr/include/pixman-1 -I/usr/include/gdk-pixbuf-2.0 -I/usr/include/libmount -I/usr/include/blkid -I/usr/include/pango-1.0 -I/usr/include/harfbuzz -I/usr/include/pango-1.0 -I/usr/include/fribidi -I/usr/include/uuid -I/usr/include/freetype2 -I/usr/include/libpng16 -I/usr/include/glib-2.0 -I/usr/lib/x86_64-linux-gnu/glib-2.0/include -I/usr/local/include -DGIMP_DISABLE_DEPRECATED -DGDK_MULTIHEAD_SAFE -DGTK_MULTIHEAD_SAFE  -g -O2 -Wall -Wdeclaration-after-statement -Wmissing-prototypes -Wmissing-declarations -Winit-self -Wpointer-arith -Wold-style-definition -Wformat-security -MT gfig-stock.o -MD -MP -MF .deps/gfig-stock.Tpo -c -o gfig-stock.o gfig-stock.c
gfig-stock.c: In function ‘add_stock_icon’:
gfig-stock.c:72:3: warning: ‘gdk_pixbuf_new_from_inline’ is deprecated [-Wdeprecated-declarations]
   pixbuf = gdk_pixbuf_new_from_inline (-1, inline_data, FALSE, NULL);
   ^~~~~~
In file included from /usr/include/gdk-pixbuf-2.0/gdk-pixbuf/gdk-pixbuf.h:34,
                 from /usr/include/gtk-2.0/gdk/gdkpixbuf.h:37,
                 from /usr/include/gtk-2.0/gdk/gdkcairo.h:28,
                 from /usr/include/gtk-2.0/gdk/gdk.h:33,
                 from /usr/include/gtk-2.0/gtk/gtk.h:32,
                 from gfig-stock.c:28:
/usr/include/gdk-pixbuf-2.0/gdk-pixbuf/gdk-pixbuf-core.h:362:12: note: declared here
 GdkPixbuf* gdk_pixbuf_new_from_inline (gint          data_length,
            ^~~~~~~~~~~~~~~~~~~~~~~~~~
mv -f .deps/gfig-stock.Tpo .deps/gfig-stock.Po
gcc -DHAVE_CONFIG_H -I. -I../..  -I../.. -pthread -I/usr/include/gtk-2.0 -I/usr/lib/x86_64-linux-gnu/gtk-2.0/include -I/usr/include/gio-unix-2.0 -I/usr/include/cairo -I/usr/include/pango-1.0 -I/usr/include/atk-1.0 -I/usr/include/cairo -I/usr/include/pixman-1 -I/usr/include/gdk-pixbuf-2.0 -I/usr/include/libmount -I/usr/include/blkid -I/usr/include/pango-1.0 -I/usr/include/harfbuzz -I/usr/include/pango-1.0 -I/usr/include/fribidi -I/usr/include/uuid -I/usr/include/freetype2 -I/usr/include/libpng16 -I/usr/include/glib-2.0 -I/usr/lib/x86_64-linux-gnu/glib-2.0/include -I/usr/local/include -DGIMP_DISABLE_DEPRECATED -DGDK_MULTIHEAD_SAFE -DGTK_MULTIHEAD_SAFE  -g -O2 -Wall -Wdeclaration-after-statement -Wmissing-prototypes -Wmissing-declarations -Winit-self -Wpointer-arith -Wold-style-definition -Wformat-security -MT gfig-style.o -MD -MP -MF .deps/gfig-style.Tpo -c -o gfig-style.o gfig-style.c
mv -f .deps/gfig-style.Tpo .deps/gfig-style.Po
/bin/bash ../../libtool  --tag=CC   --mode=link gcc  -g -O2 -Wall -Wdeclaration-after-statement -Wmissing-prototypes -Wmissing-declarations -Winit-self -Wpointer-arith -Wold-style-definition -Wformat-security   -o gfig gfig.o gfig-arc.o gfig-bezier.o gfig-circle.o gfig-dialog.o gfig-dobject.o gfig-ellipse.o gfig-grid.o gfig-line.o gfig-poly.o gfig-preview.o gfig-rectangle.o gfig-spiral.o gfig-star.o gfig-stock.o gfig-style.o ../../libgimp/libgimpui-2.0.la ../../libgimpwidgets/libgimpwidgets-2.0.la ../../libgimpconfig/libgimpconfig-2.0.la ../../libgimp/libgimp-2.0.la ../../libgimpcolor/libgimpcolor-2.0.la ../../libgimpmath/libgimpmath-2.0.la -lm ../../libgimpbase/libgimpbase-2.0.la -lgtk-x11-2.0 -lgdk-x11-2.0 -lpangocairo-1.0 -latk-1.0 -lcairo -lgdk_pixbuf-2.0 -lgio-2.0 -lpangoft2-1.0 -lpango-1.0 -lgobject-2.0 -lfontconfig -lfreetype -lgthread-2.0 -pthread -lglib-2.0   
libtool: link: gcc -g -O2 -Wall -Wdeclaration-after-statement -Wmissing-prototypes -Wmissing-declarations -Winit-self -Wpointer-arith -Wold-style-definition -Wformat-security -o .libs/gfig gfig.o gfig-arc.o gfig-bezier.o gfig-circle.o gfig-dialog.o gfig-dobject.o gfig-ellipse.o gfig-grid.o gfig-line.o gfig-poly.o gfig-preview.o gfig-rectangle.o gfig-spiral.o gfig-star.o gfig-stock.o gfig-style.o -pthread  ../../libgimp/.libs/libgimpui-2.0.so ../../libgimpwidgets/.libs/libgimpwidgets-2.0.so ../../libgimpconfig/.libs/libgimpconfig-2.0.so ../../libgimp/.libs/libgimp-2.0.so ../../libgimpcolor/.libs/libgimpcolor-2.0.so ../../libgimpmath/.libs/libgimpmath-2.0.so -lm ../../libgimpbase/.libs/libgimpbase-2.0.so -lgtk-x11-2.0 -lgdk-x11-2.0 -lpangocairo-1.0 -latk-1.0 -lcairo -lgdk_pixbuf-2.0 -lgio-2.0 -lpangoft2-1.0 -lpango-1.0 -lgobject-2.0 -lfontconfig -lfreetype -lgthread-2.0 -lglib-2.0 -pthread
make[4]: Leaving directory '/home/pavel/Programs/gimp/plug-ins/gfig'
make[3]: Leaving directory '/home/pavel/Programs/gimp/plug-ins/gfig'
Making all in gimpressionist
make[3]: Entering directory '/home/pavel/Programs/gimp/plug-ins/gimpressionist'
Making all in Brushes
make[4]: Entering directory '/home/pavel/Programs/gimp/plug-ins/gimpressionist/Brushes'
make[4]: Nothing to be done for 'all'.
make[4]: Leaving directory '/home/pavel/Programs/gimp/plug-ins/gimpressionist/Brushes'
Making all in Paper
make[4]: Entering directory '/home/pavel/Programs/gimp/plug-ins/gimpressionist/Paper'
make[4]: Nothing to be done for 'all'.
make[4]: Leaving directory '/home/pavel/Programs/gimp/plug-ins/gimpressionist/Paper'
Making all in Presets
make[4]: Entering directory '/home/pavel/Programs/gimp/plug-ins/gimpressionist/Presets'
make[4]: Nothing to be done for 'all'.
make[4]: Leaving directory '/home/pavel/Programs/gimp/plug-ins/gimpressionist/Presets'
make[4]: Entering directory '/home/pavel/Programs/gimp/plug-ins/gimpressionist'
gcc -DHAVE_CONFIG_H -I. -I../..  -DDEFAULTPATH=\""~/.gimp-2.6/gimpressionist:/usr/local/share/gimp/2.0/gimpressionist"\" -I../.. -pthread -I/usr/include/gtk-2.0 -I/usr/lib/x86_64-linux-gnu/gtk-2.0/include -I/usr/include/gio-unix-2.0 -I/usr/include/cairo -I/usr/include/pango-1.0 -I/usr/include/atk-1.0 -I/usr/include/cairo -I/usr/include/pixman-1 -I/usr/include/gdk-pixbuf-2.0 -I/usr/include/libmount -I/usr/include/blkid -I/usr/include/pango-1.0 -I/usr/include/harfbuzz -I/usr/include/pango-1.0 -I/usr/include/fribidi -I/usr/include/uuid -I/usr/include/freetype2 -I/usr/include/libpng16 -I/usr/include/glib-2.0 -I/usr/lib/x86_64-linux-gnu/glib-2.0/include -I/usr/local/include -DGIMP_DISABLE_DEPRECATED -DGDK_MULTIHEAD_SAFE -DGTK_MULTIHEAD_SAFE  -g -O2 -Wall -Wdeclaration-after-statement -Wmissing-prototypes -Wmissing-declarations -Winit-self -Wpointer-arith -Wold-style-definition -Wformat-security -MT brush.o -MD -MP -MF .deps/brush.Tpo -c -o brush.o brush.c
mv -f .deps/brush.Tpo .deps/brush.Po
gcc -DHAVE_CONFIG_H -I. -I../..  -DDEFAULTPATH=\""~/.gimp-2.6/gimpressionist:/usr/local/share/gimp/2.0/gimpressionist"\" -I../.. -pthread -I/usr/include/gtk-2.0 -I/usr/lib/x86_64-linux-gnu/gtk-2.0/include -I/usr/include/gio-unix-2.0 -I/usr/include/cairo -I/usr/include/pango-1.0 -I/usr/include/atk-1.0 -I/usr/include/cairo -I/usr/include/pixman-1 -I/usr/include/gdk-pixbuf-2.0 -I/usr/include/libmount -I/usr/include/blkid -I/usr/include/pango-1.0 -I/usr/include/harfbuzz -I/usr/include/pango-1.0 -I/usr/include/fribidi -I/usr/include/uuid -I/usr/include/freetype2 -I/usr/include/libpng16 -I/usr/include/glib-2.0 -I/usr/lib/x86_64-linux-gnu/glib-2.0/include -I/usr/local/include -DGIMP_DISABLE_DEPRECATED -DGDK_MULTIHEAD_SAFE -DGTK_MULTIHEAD_SAFE  -g -O2 -Wall -Wdeclaration-after-statement -Wmissing-prototypes -Wmissing-declarations -Winit-self -Wpointer-arith -Wold-style-definition -Wformat-security -MT color.o -MD -MP -MF .deps/color.Tpo -c -o color.o color.c
mv -f .deps/color.Tpo .deps/color.Po
gcc -DHAVE_CONFIG_H -I. -I../..  -DDEFAULTPATH=\""~/.gimp-2.6/gimpressionist:/usr/local/share/gimp/2.0/gimpressionist"\" -I../.. -pthread -I/usr/include/gtk-2.0 -I/usr/lib/x86_64-linux-gnu/gtk-2.0/include -I/usr/include/gio-unix-2.0 -I/usr/include/cairo -I/usr/include/pango-1.0 -I/usr/include/atk-1.0 -I/usr/include/cairo -I/usr/include/pixman-1 -I/usr/include/gdk-pixbuf-2.0 -I/usr/include/libmount -I/usr/include/blkid -I/usr/include/pango-1.0 -I/usr/include/harfbuzz -I/usr/include/pango-1.0 -I/usr/include/fribidi -I/usr/include/uuid -I/usr/include/freetype2 -I/usr/include/libpng16 -I/usr/include/glib-2.0 -I/usr/lib/x86_64-linux-gnu/glib-2.0/include -I/usr/local/include -DGIMP_DISABLE_DEPRECATED -DGDK_MULTIHEAD_SAFE -DGTK_MULTIHEAD_SAFE  -g -O2 -Wall -Wdeclaration-after-statement -Wmissing-prototypes -Wmissing-declarations -Winit-self -Wpointer-arith -Wold-style-definition -Wformat-security -MT general.o -MD -MP -MF .deps/general.Tpo -c -o general.o general.c
mv -f .deps/general.Tpo .deps/general.Po
gcc -DHAVE_CONFIG_H -I. -I../..  -DDEFAULTPATH=\""~/.gimp-2.6/gimpressionist:/usr/local/share/gimp/2.0/gimpressionist"\" -I../.. -pthread -I/usr/include/gtk-2.0 -I/usr/lib/x86_64-linux-gnu/gtk-2.0/include -I/usr/include/gio-unix-2.0 -I/usr/include/cairo -I/usr/include/pango-1.0 -I/usr/include/atk-1.0 -I/usr/include/cairo -I/usr/include/pixman-1 -I/usr/include/gdk-pixbuf-2.0 -I/usr/include/libmount -I/usr/include/blkid -I/usr/include/pango-1.0 -I/usr/include/harfbuzz -I/usr/include/pango-1.0 -I/usr/include/fribidi -I/usr/include/uuid -I/usr/include/freetype2 -I/usr/include/libpng16 -I/usr/include/glib-2.0 -I/usr/lib/x86_64-linux-gnu/glib-2.0/include -I/usr/local/include -DGIMP_DISABLE_DEPRECATED -DGDK_MULTIHEAD_SAFE -DGTK_MULTIHEAD_SAFE  -g -O2 -Wall -Wdeclaration-after-statement -Wmissing-prototypes -Wmissing-declarations -Winit-self -Wpointer-arith -Wold-style-definition -Wformat-security -MT gimp.o -MD -MP -MF .deps/gimp.Tpo -c -o gimp.o gimp.c
mv -f .deps/gimp.Tpo .deps/gimp.Po
gcc -DHAVE_CONFIG_H -I. -I../..  -DDEFAULTPATH=\""~/.gimp-2.6/gimpressionist:/usr/local/share/gimp/2.0/gimpressionist"\" -I../.. -pthread -I/usr/include/gtk-2.0 -I/usr/lib/x86_64-linux-gnu/gtk-2.0/include -I/usr/include/gio-unix-2.0 -I/usr/include/cairo -I/usr/include/pango-1.0 -I/usr/include/atk-1.0 -I/usr/include/cairo -I/usr/include/pixman-1 -I/usr/include/gdk-pixbuf-2.0 -I/usr/include/libmount -I/usr/include/blkid -I/usr/include/pango-1.0 -I/usr/include/harfbuzz -I/usr/include/pango-1.0 -I/usr/include/fribidi -I/usr/include/uuid -I/usr/include/freetype2 -I/usr/include/libpng16 -I/usr/include/glib-2.0 -I/usr/lib/x86_64-linux-gnu/glib-2.0/include -I/usr/local/include -DGIMP_DISABLE_DEPRECATED -DGDK_MULTIHEAD_SAFE -DGTK_MULTIHEAD_SAFE  -g -O2 -Wall -Wdeclaration-after-statement -Wmissing-prototypes -Wmissing-declarations -Winit-self -Wpointer-arith -Wold-style-definition -Wformat-security -MT gimpressionist.o -MD -MP -MF .deps/gimpressionist.Tpo -c -o gimpressionist.o gimpressionist.c
mv -f .deps/gimpressionist.Tpo .deps/gimpressionist.Po
gcc -DHAVE_CONFIG_H -I. -I../..  -DDEFAULTPATH=\""~/.gimp-2.6/gimpressionist:/usr/local/share/gimp/2.0/gimpressionist"\" -I../.. -pthread -I/usr/include/gtk-2.0 -I/usr/lib/x86_64-linux-gnu/gtk-2.0/include -I/usr/include/gio-unix-2.0 -I/usr/include/cairo -I/usr/include/pango-1.0 -I/usr/include/atk-1.0 -I/usr/include/cairo -I/usr/include/pixman-1 -I/usr/include/gdk-pixbuf-2.0 -I/usr/include/libmount -I/usr/include/blkid -I/usr/include/pango-1.0 -I/usr/include/harfbuzz -I/usr/include/pango-1.0 -I/usr/include/fribidi -I/usr/include/uuid -I/usr/include/freetype2 -I/usr/include/libpng16 -I/usr/include/glib-2.0 -I/usr/lib/x86_64-linux-gnu/glib-2.0/include -I/usr/local/include -DGIMP_DISABLE_DEPRECATED -DGDK_MULTIHEAD_SAFE -DGTK_MULTIHEAD_SAFE  -g -O2 -Wall -Wdeclaration-after-statement -Wmissing-prototypes -Wmissing-declarations -Winit-self -Wpointer-arith -Wold-style-definition -Wformat-security -MT globals.o -MD -MP -MF .deps/globals.Tpo -c -o globals.o globals.c
mv -f .deps/globals.Tpo .deps/globals.Po
gcc -DHAVE_CONFIG_H -I. -I../..  -DDEFAULTPATH=\""~/.gimp-2.6/gimpressionist:/usr/local/share/gimp/2.0/gimpressionist"\" -I../.. -pthread -I/usr/include/gtk-2.0 -I/usr/lib/x86_64-linux-gnu/gtk-2.0/include -I/usr/include/gio-unix-2.0 -I/usr/include/cairo -I/usr/include/pango-1.0 -I/usr/include/atk-1.0 -I/usr/include/cairo -I/usr/include/pixman-1 -I/usr/include/gdk-pixbuf-2.0 -I/usr/include/libmount -I/usr/include/blkid -I/usr/include/pango-1.0 -I/usr/include/harfbuzz -I/usr/include/pango-1.0 -I/usr/include/fribidi -I/usr/include/uuid -I/usr/include/freetype2 -I/usr/include/libpng16 -I/usr/include/glib-2.0 -I/usr/lib/x86_64-linux-gnu/glib-2.0/include -I/usr/local/include -DGIMP_DISABLE_DEPRECATED -DGDK_MULTIHEAD_SAFE -DGTK_MULTIHEAD_SAFE  -g -O2 -Wall -Wdeclaration-after-statement -Wmissing-prototypes -Wmissing-declarations -Winit-self -Wpointer-arith -Wold-style-definition -Wformat-security -MT orientation.o -MD -MP -MF .deps/orientation.Tpo -c -o orientation.o orientation.c
mv -f .deps/orientation.Tpo .deps/orientation.Po
gcc -DHAVE_CONFIG_H -I. -I../..  -DDEFAULTPATH=\""~/.gimp-2.6/gimpressionist:/usr/local/share/gimp/2.0/gimpressionist"\" -I../.. -pthread -I/usr/include/gtk-2.0 -I/usr/lib/x86_64-linux-gnu/gtk-2.0/include -I/usr/include/gio-unix-2.0 -I/usr/include/cairo -I/usr/include/pango-1.0 -I/usr/include/atk-1.0 -I/usr/include/cairo -I/usr/include/pixman-1 -I/usr/include/gdk-pixbuf-2.0 -I/usr/include/libmount -I/usr/include/blkid -I/usr/include/pango-1.0 -I/usr/include/harfbuzz -I/usr/include/pango-1.0 -I/usr/include/fribidi -I/usr/include/uuid -I/usr/include/freetype2 -I/usr/include/libpng16 -I/usr/include/glib-2.0 -I/usr/lib/x86_64-linux-gnu/glib-2.0/include -I/usr/local/include -DGIMP_DISABLE_DEPRECATED -DGDK_MULTIHEAD_SAFE -DGTK_MULTIHEAD_SAFE  -g -O2 -Wall -Wdeclaration-after-statement -Wmissing-prototypes -Wmissing-declarations -Winit-self -Wpointer-arith -Wold-style-definition -Wformat-security -MT orientmap.o -MD -MP -MF .deps/orientmap.Tpo -c -o orientmap.o orientmap.c
mv -f .deps/orientmap.Tpo .deps/orientmap.Po
gcc -DHAVE_CONFIG_H -I. -I../..  -DDEFAULTPATH=\""~/.gimp-2.6/gimpressionist:/usr/local/share/gimp/2.0/gimpressionist"\" -I../.. -pthread -I/usr/include/gtk-2.0 -I/usr/lib/x86_64-linux-gnu/gtk-2.0/include -I/usr/include/gio-unix-2.0 -I/usr/include/cairo -I/usr/include/pango-1.0 -I/usr/include/atk-1.0 -I/usr/include/cairo -I/usr/include/pixman-1 -I/usr/include/gdk-pixbuf-2.0 -I/usr/include/libmount -I/usr/include/blkid -I/usr/include/pango-1.0 -I/usr/include/harfbuzz -I/usr/include/pango-1.0 -I/usr/include/fribidi -I/usr/include/uuid -I/usr/include/freetype2 -I/usr/include/libpng16 -I/usr/include/glib-2.0 -I/usr/lib/x86_64-linux-gnu/glib-2.0/include -I/usr/local/include -DGIMP_DISABLE_DEPRECATED -DGDK_MULTIHEAD_SAFE -DGTK_MULTIHEAD_SAFE  -g -O2 -Wall -Wdeclaration-after-statement -Wmissing-prototypes -Wmissing-declarations -Winit-self -Wpointer-arith -Wold-style-definition -Wformat-security -MT paper.o -MD -MP -MF .deps/paper.Tpo -c -o paper.o paper.c
mv -f .deps/paper.Tpo .deps/paper.Po
gcc -DHAVE_CONFIG_H -I. -I../..  -DDEFAULTPATH=\""~/.gimp-2.6/gimpressionist:/usr/local/share/gimp/2.0/gimpressionist"\" -I../.. -pthread -I/usr/include/gtk-2.0 -I/usr/lib/x86_64-linux-gnu/gtk-2.0/include -I/usr/include/gio-unix-2.0 -I/usr/include/cairo -I/usr/include/pango-1.0 -I/usr/include/atk-1.0 -I/usr/include/cairo -I/usr/include/pixman-1 -I/usr/include/gdk-pixbuf-2.0 -I/usr/include/libmount -I/usr/include/blkid -I/usr/include/pango-1.0 -I/usr/include/harfbuzz -I/usr/include/pango-1.0 -I/usr/include/fribidi -I/usr/include/uuid -I/usr/include/freetype2 -I/usr/include/libpng16 -I/usr/include/glib-2.0 -I/usr/lib/x86_64-linux-gnu/glib-2.0/include -I/usr/local/include -DGIMP_DISABLE_DEPRECATED -DGDK_MULTIHEAD_SAFE -DGTK_MULTIHEAD_SAFE  -g -O2 -Wall -Wdeclaration-after-statement -Wmissing-prototypes -Wmissing-declarations -Winit-self -Wpointer-arith -Wold-style-definition -Wformat-security -MT placement.o -MD -MP -MF .deps/placement.Tpo -c -o placement.o placement.c
mv -f .deps/placement.Tpo .deps/placement.Po
gcc -DHAVE_CONFIG_H -I. -I../..  -DDEFAULTPATH=\""~/.gimp-2.6/gimpressionist:/usr/local/share/gimp/2.0/gimpressionist"\" -I../.. -pthread -I/usr/include/gtk-2.0 -I/usr/lib/x86_64-linux-gnu/gtk-2.0/include -I/usr/include/gio-unix-2.0 -I/usr/include/cairo -I/usr/include/pango-1.0 -I/usr/include/atk-1.0 -I/usr/include/cairo -I/usr/include/pixman-1 -I/usr/include/gdk-pixbuf-2.0 -I/usr/include/libmount -I/usr/include/blkid -I/usr/include/pango-1.0 -I/usr/include/harfbuzz -I/usr/include/pango-1.0 -I/usr/include/fribidi -I/usr/include/uuid -I/usr/include/freetype2 -I/usr/include/libpng16 -I/usr/include/glib-2.0 -I/usr/lib/x86_64-linux-gnu/glib-2.0/include -I/usr/local/include -DGIMP_DISABLE_DEPRECATED -DGDK_MULTIHEAD_SAFE -DGTK_MULTIHEAD_SAFE  -g -O2 -Wall -Wdeclaration-after-statement -Wmissing-prototypes -Wmissing-declarations -Winit-self -Wpointer-arith -Wold-style-definition -Wformat-security -MT plasma.o -MD -MP -MF .deps/plasma.Tpo -c -o plasma.o plasma.c
mv -f .deps/plasma.Tpo .deps/plasma.Po
gcc -DHAVE_CONFIG_H -I. -I../..  -DDEFAULTPATH=\""~/.gimp-2.6/gimpressionist:/usr/local/share/gimp/2.0/gimpressionist"\" -I../.. -pthread -I/usr/include/gtk-2.0 -I/usr/lib/x86_64-linux-gnu/gtk-2.0/include -I/usr/include/gio-unix-2.0 -I/usr/include/cairo -I/usr/include/pango-1.0 -I/usr/include/atk-1.0 -I/usr/include/cairo -I/usr/include/pixman-1 -I/usr/include/gdk-pixbuf-2.0 -I/usr/include/libmount -I/usr/include/blkid -I/usr/include/pango-1.0 -I/usr/include/harfbuzz -I/usr/include/pango-1.0 -I/usr/include/fribidi -I/usr/include/uuid -I/usr/include/freetype2 -I/usr/include/libpng16 -I/usr/include/glib-2.0 -I/usr/lib/x86_64-linux-gnu/glib-2.0/include -I/usr/local/include -DGIMP_DISABLE_DEPRECATED -DGDK_MULTIHEAD_SAFE -DGTK_MULTIHEAD_SAFE  -g -O2 -Wall -Wdeclaration-after-statement -Wmissing-prototypes -Wmissing-declarations -Winit-self -Wpointer-arith -Wold-style-definition -Wformat-security -MT ppmtool.o -MD -MP -MF .deps/ppmtool.Tpo -c -o ppmtool.o ppmtool.c
mv -f .deps/ppmtool.Tpo .deps/ppmtool.Po
gcc -DHAVE_CONFIG_H -I. -I../..  -DDEFAULTPATH=\""~/.gimp-2.6/gimpressionist:/usr/local/share/gimp/2.0/gimpressionist"\" -I../.. -pthread -I/usr/include/gtk-2.0 -I/usr/lib/x86_64-linux-gnu/gtk-2.0/include -I/usr/include/gio-unix-2.0 -I/usr/include/cairo -I/usr/include/pango-1.0 -I/usr/include/atk-1.0 -I/usr/include/cairo -I/usr/include/pixman-1 -I/usr/include/gdk-pixbuf-2.0 -I/usr/include/libmount -I/usr/include/blkid -I/usr/include/pango-1.0 -I/usr/include/harfbuzz -I/usr/include/pango-1.0 -I/usr/include/fribidi -I/usr/include/uuid -I/usr/include/freetype2 -I/usr/include/libpng16 -I/usr/include/glib-2.0 -I/usr/lib/x86_64-linux-gnu/glib-2.0/include -I/usr/local/include -DGIMP_DISABLE_DEPRECATED -DGDK_MULTIHEAD_SAFE -DGTK_MULTIHEAD_SAFE  -g -O2 -Wall -Wdeclaration-after-statement -Wmissing-prototypes -Wmissing-declarations -Winit-self -Wpointer-arith -Wold-style-definition -Wformat-security -MT presets.o -MD -MP -MF .deps/presets.Tpo -c -o presets.o presets.c
mv -f .deps/presets.Tpo .deps/presets.Po
gcc -DHAVE_CONFIG_H -I. -I../..  -DDEFAULTPATH=\""~/.gimp-2.6/gimpressionist:/usr/local/share/gimp/2.0/gimpressionist"\" -I../.. -pthread -I/usr/include/gtk-2.0 -I/usr/lib/x86_64-linux-gnu/gtk-2.0/include -I/usr/include/gio-unix-2.0 -I/usr/include/cairo -I/usr/include/pango-1.0 -I/usr/include/atk-1.0 -I/usr/include/cairo -I/usr/include/pixman-1 -I/usr/include/gdk-pixbuf-2.0 -I/usr/include/libmount -I/usr/include/blkid -I/usr/include/pango-1.0 -I/usr/include/harfbuzz -I/usr/include/pango-1.0 -I/usr/include/fribidi -I/usr/include/uuid -I/usr/include/freetype2 -I/usr/include/libpng16 -I/usr/include/glib-2.0 -I/usr/lib/x86_64-linux-gnu/glib-2.0/include -I/usr/local/include -DGIMP_DISABLE_DEPRECATED -DGDK_MULTIHEAD_SAFE -DGTK_MULTIHEAD_SAFE  -g -O2 -Wall -Wdeclaration-after-statement -Wmissing-prototypes -Wmissing-declarations -Winit-self -Wpointer-arith -Wold-style-definition -Wformat-security -MT preview.o -MD -MP -MF .deps/preview.Tpo -c -o preview.o preview.c
mv -f .deps/preview.Tpo .deps/preview.Po
gcc -DHAVE_CONFIG_H -I. -I../..  -DDEFAULTPATH=\""~/.gimp-2.6/gimpressionist:/usr/local/share/gimp/2.0/gimpressionist"\" -I../.. -pthread -I/usr/include/gtk-2.0 -I/usr/lib/x86_64-linux-gnu/gtk-2.0/include -I/usr/include/gio-unix-2.0 -I/usr/include/cairo -I/usr/include/pango-1.0 -I/usr/include/atk-1.0 -I/usr/include/cairo -I/usr/include/pixman-1 -I/usr/include/gdk-pixbuf-2.0 -I/usr/include/libmount -I/usr/include/blkid -I/usr/include/pango-1.0 -I/usr/include/harfbuzz -I/usr/include/pango-1.0 -I/usr/include/fribidi -I/usr/include/uuid -I/usr/include/freetype2 -I/usr/include/libpng16 -I/usr/include/glib-2.0 -I/usr/lib/x86_64-linux-gnu/glib-2.0/include -I/usr/local/include -DGIMP_DISABLE_DEPRECATED -DGDK_MULTIHEAD_SAFE -DGTK_MULTIHEAD_SAFE  -g -O2 -Wall -Wdeclaration-after-statement -Wmissing-prototypes -Wmissing-declarations -Winit-self -Wpointer-arith -Wold-style-definition -Wformat-security -MT repaint.o -MD -MP -MF .deps/repaint.Tpo -c -o repaint.o repaint.c
mv -f .deps/repaint.Tpo .deps/repaint.Po
gcc -DHAVE_CONFIG_H -I. -I../..  -DDEFAULTPATH=\""~/.gimp-2.6/gimpressionist:/usr/local/share/gimp/2.0/gimpressionist"\" -I../.. -pthread -I/usr/include/gtk-2.0 -I/usr/lib/x86_64-linux-gnu/gtk-2.0/include -I/usr/include/gio-unix-2.0 -I/usr/include/cairo -I/usr/include/pango-1.0 -I/usr/include/atk-1.0 -I/usr/include/cairo -I/usr/include/pixman-1 -I/usr/include/gdk-pixbuf-2.0 -I/usr/include/libmount -I/usr/include/blkid -I/usr/include/pango-1.0 -I/usr/include/harfbuzz -I/usr/include/pango-1.0 -I/usr/include/fribidi -I/usr/include/uuid -I/usr/include/freetype2 -I/usr/include/libpng16 -I/usr/include/glib-2.0 -I/usr/lib/x86_64-linux-gnu/glib-2.0/include -I/usr/local/include -DGIMP_DISABLE_DEPRECATED -DGDK_MULTIHEAD_SAFE -DGTK_MULTIHEAD_SAFE  -g -O2 -Wall -Wdeclaration-after-statement -Wmissing-prototypes -Wmissing-declarations -Winit-self -Wpointer-arith -Wold-style-definition -Wformat-security -MT size.o -MD -MP -MF .deps/size.Tpo -c -o size.o size.c
mv -f .deps/size.Tpo .deps/size.Po
gcc -DHAVE_CONFIG_H -I. -I../..  -DDEFAULTPATH=\""~/.gimp-2.6/gimpressionist:/usr/local/share/gimp/2.0/gimpressionist"\" -I../.. -pthread -I/usr/include/gtk-2.0 -I/usr/lib/x86_64-linux-gnu/gtk-2.0/include -I/usr/include/gio-unix-2.0 -I/usr/include/cairo -I/usr/include/pango-1.0 -I/usr/include/atk-1.0 -I/usr/include/cairo -I/usr/include/pixman-1 -I/usr/include/gdk-pixbuf-2.0 -I/usr/include/libmount -I/usr/include/blkid -I/usr/include/pango-1.0 -I/usr/include/harfbuzz -I/usr/include/pango-1.0 -I/usr/include/fribidi -I/usr/include/uuid -I/usr/include/freetype2 -I/usr/include/libpng16 -I/usr/include/glib-2.0 -I/usr/lib/x86_64-linux-gnu/glib-2.0/include -I/usr/local/include -DGIMP_DISABLE_DEPRECATED -DGDK_MULTIHEAD_SAFE -DGTK_MULTIHEAD_SAFE  -g -O2 -Wall -Wdeclaration-after-statement -Wmissing-prototypes -Wmissing-declarations -Winit-self -Wpointer-arith -Wold-style-definition -Wformat-security -MT sizemap.o -MD -MP -MF .deps/sizemap.Tpo -c -o sizemap.o sizemap.c
mv -f .deps/sizemap.Tpo .deps/sizemap.Po
gcc -DHAVE_CONFIG_H -I. -I../..  -DDEFAULTPATH=\""~/.gimp-2.6/gimpressionist:/usr/local/share/gimp/2.0/gimpressionist"\" -I../.. -pthread -I/usr/include/gtk-2.0 -I/usr/lib/x86_64-linux-gnu/gtk-2.0/include -I/usr/include/gio-unix-2.0 -I/usr/include/cairo -I/usr/include/pango-1.0 -I/usr/include/atk-1.0 -I/usr/include/cairo -I/usr/include/pixman-1 -I/usr/include/gdk-pixbuf-2.0 -I/usr/include/libmount -I/usr/include/blkid -I/usr/include/pango-1.0 -I/usr/include/harfbuzz -I/usr/include/pango-1.0 -I/usr/include/fribidi -I/usr/include/uuid -I/usr/include/freetype2 -I/usr/include/libpng16 -I/usr/include/glib-2.0 -I/usr/lib/x86_64-linux-gnu/glib-2.0/include -I/usr/local/include -DGIMP_DISABLE_DEPRECATED -DGDK_MULTIHEAD_SAFE -DGTK_MULTIHEAD_SAFE  -g -O2 -Wall -Wdeclaration-after-statement -Wmissing-prototypes -Wmissing-declarations -Winit-self -Wpointer-arith -Wold-style-definition -Wformat-security -MT utils.o -MD -MP -MF .deps/utils.Tpo -c -o utils.o utils.c
mv -f .deps/utils.Tpo .deps/utils.Po
/bin/bash ../../libtool  --tag=CC   --mode=link gcc  -g -O2 -Wall -Wdeclaration-after-statement -Wmissing-prototypes -Wmissing-declarations -Winit-self -Wpointer-arith -Wold-style-definition -Wformat-security   -o gimpressionist brush.o color.o general.o gimp.o gimpressionist.o globals.o orientation.o orientmap.o paper.o placement.o plasma.o ppmtool.o presets.o preview.o repaint.o size.o sizemap.o utils.o ../../libgimp/libgimpui-2.0.la ../../libgimpwidgets/libgimpwidgets-2.0.la ../../libgimpconfig/libgimpconfig-2.0.la ../../libgimp/libgimp-2.0.la ../../libgimpcolor/libgimpcolor-2.0.la ../../libgimpmath/libgimpmath-2.0.la -lm ../../libgimpbase/libgimpbase-2.0.la -lgtk-x11-2.0 -lgdk-x11-2.0 -lpangocairo-1.0 -latk-1.0 -lcairo -lgdk_pixbuf-2.0 -lgio-2.0 -lpangoft2-1.0 -lpango-1.0 -lgobject-2.0 -lfontconfig -lfreetype -lgthread-2.0 -pthread -lglib-2.0   
libtool: link: gcc -g -O2 -Wall -Wdeclaration-after-statement -Wmissing-prototypes -Wmissing-declarations -Winit-self -Wpointer-arith -Wold-style-definition -Wformat-security -o .libs/gimpressionist brush.o color.o general.o gimp.o gimpressionist.o globals.o orientation.o orientmap.o paper.o placement.o plasma.o ppmtool.o presets.o preview.o repaint.o size.o sizemap.o utils.o -pthread  ../../libgimp/.libs/libgimpui-2.0.so ../../libgimpwidgets/.libs/libgimpwidgets-2.0.so ../../libgimpconfig/.libs/libgimpconfig-2.0.so ../../libgimp/.libs/libgimp-2.0.so ../../libgimpcolor/.libs/libgimpcolor-2.0.so ../../libgimpmath/.libs/libgimpmath-2.0.so -lm ../../libgimpbase/.libs/libgimpbase-2.0.so -lgtk-x11-2.0 -lgdk-x11-2.0 -lpangocairo-1.0 -latk-1.0 -lcairo -lgdk_pixbuf-2.0 -lgio-2.0 -lpangoft2-1.0 -lpango-1.0 -lgobject-2.0 -lfontconfig -lfreetype -lgthread-2.0 -lglib-2.0 -pthread
make[4]: Leaving directory '/home/pavel/Programs/gimp/plug-ins/gimpressionist'
make[3]: Leaving directory '/home/pavel/Programs/gimp/plug-ins/gimpressionist'
Making all in gradient-flare
make[3]: Entering directory '/home/pavel/Programs/gimp/plug-ins/gradient-flare'
Making all in flares
make[4]: Entering directory '/home/pavel/Programs/gimp/plug-ins/gradient-flare/flares'
make[4]: Nothing to be done for 'all'.
make[4]: Leaving directory '/home/pavel/Programs/gimp/plug-ins/gradient-flare/flares'
make[4]: Entering directory '/home/pavel/Programs/gimp/plug-ins/gradient-flare'
gcc -DHAVE_CONFIG_H -I. -I../..  -I../.. -pthread -I/usr/include/gtk-2.0 -I/usr/lib/x86_64-linux-gnu/gtk-2.0/include -I/usr/include/gio-unix-2.0 -I/usr/include/cairo -I/usr/include/pango-1.0 -I/usr/include/atk-1.0 -I/usr/include/cairo -I/usr/include/pixman-1 -I/usr/include/gdk-pixbuf-2.0 -I/usr/include/libmount -I/usr/include/blkid -I/usr/include/pango-1.0 -I/usr/include/harfbuzz -I/usr/include/pango-1.0 -I/usr/include/fribidi -I/usr/include/uuid -I/usr/include/freetype2 -I/usr/include/libpng16 -I/usr/include/glib-2.0 -I/usr/lib/x86_64-linux-gnu/glib-2.0/include -I/usr/local/include -DGIMP_DISABLE_DEPRECATED -DGDK_MULTIHEAD_SAFE -DGTK_MULTIHEAD_SAFE  -g -O2 -Wall -Wdeclaration-after-statement -Wmissing-prototypes -Wmissing-declarations -Winit-self -Wpointer-arith -Wold-style-definition -Wformat-security -MT gradient-flare.o -MD -MP -MF .deps/gradient-flare.Tpo -c -o gradient-flare.o gradient-flare.c
gradient-flare.c: In function ‘gradient_get_values_external’:
gradient-flare.c:4883:2: warning: #warning FIXME: "reverse" hardcoded to FALSE. [-Wcpp]
 #warning FIXME: "reverse" hardcoded to FALSE.
  ^~~~~~~
In function ‘gradient_name_copy’,
    inlined from ‘gflare_read_gradient_name.isra.6.part.7’ at gradient-flare.c:1378:7:
gradient-flare.c:4640:3: warning: ‘strncpy’ output may be truncated copying 256 bytes from a string of length 1023 [-Wstringop-truncation]
   strncpy (dest, src, GRADIENT_NAME_MAX);
   ^~~~~~~~~~~~~~~~~~~~~~~~~~~~~~~~~~~~~~
In function ‘gflare_name_copy’,
    inlined from ‘plugin_run’ at gradient-flare.c:919:11:
gradient-flare.c:1560:3: warning: ‘strncpy’ specified bound 256 equals destination size [-Wstringop-truncation]
   strncpy (dest, src, GFLARE_NAME_MAX);
   ^~~~~~~~~~~~~~~~~~~~~~~~~~~~~~~~~~~~
In function ‘gflare_name_copy’,
    inlined from ‘dlg_run’ at gradient-flare.c:2445:7,
    inlined from ‘plugin_run’ at gradient-flare.c:905:13:
gradient-flare.c:1560:3: warning: ‘strncpy’ specified bound 256 equals destination size [-Wstringop-truncation]
   strncpy (dest, src, GFLARE_NAME_MAX);
   ^~~~~~~~~~~~~~~~~~~~~~~~~~~~~~~~~~~~
mv -f .deps/gradient-flare.Tpo .deps/gradient-flare.Po
/bin/bash ../../libtool  --tag=CC   --mode=link gcc  -g -O2 -Wall -Wdeclaration-after-statement -Wmissing-prototypes -Wmissing-declarations -Winit-self -Wpointer-arith -Wold-style-definition -Wformat-security   -o gradient-flare gradient-flare.o ../../libgimp/libgimpui-2.0.la ../../libgimpwidgets/libgimpwidgets-2.0.la ../../libgimpconfig/libgimpconfig-2.0.la ../../libgimp/libgimp-2.0.la ../../libgimpcolor/libgimpcolor-2.0.la ../../libgimpmath/libgimpmath-2.0.la -lm ../../libgimpbase/libgimpbase-2.0.la -lgtk-x11-2.0 -lgdk-x11-2.0 -lpangocairo-1.0 -latk-1.0 -lcairo -lgdk_pixbuf-2.0 -lgio-2.0 -lpangoft2-1.0 -lpango-1.0 -lgobject-2.0 -lfontconfig -lfreetype -lgthread-2.0 -pthread -lglib-2.0   
libtool: link: gcc -g -O2 -Wall -Wdeclaration-after-statement -Wmissing-prototypes -Wmissing-declarations -Winit-self -Wpointer-arith -Wold-style-definition -Wformat-security -o .libs/gradient-flare gradient-flare.o -pthread  ../../libgimp/.libs/libgimpui-2.0.so ../../libgimpwidgets/.libs/libgimpwidgets-2.0.so ../../libgimpconfig/.libs/libgimpconfig-2.0.so ../../libgimp/.libs/libgimp-2.0.so ../../libgimpcolor/.libs/libgimpcolor-2.0.so ../../libgimpmath/.libs/libgimpmath-2.0.so -lm ../../libgimpbase/.libs/libgimpbase-2.0.so -lgtk-x11-2.0 -lgdk-x11-2.0 -lpangocairo-1.0 -latk-1.0 -lcairo -lgdk_pixbuf-2.0 -lgio-2.0 -lpangoft2-1.0 -lpango-1.0 -lgobject-2.0 -lfontconfig -lfreetype -lgthread-2.0 -lglib-2.0 -pthread
make[4]: Leaving directory '/home/pavel/Programs/gimp/plug-ins/gradient-flare'
make[3]: Leaving directory '/home/pavel/Programs/gimp/plug-ins/gradient-flare'
Making all in help
make[3]: Entering directory '/home/pavel/Programs/gimp/plug-ins/help'
gcc -DHAVE_CONFIG_H -I. -I../..  -DDATADIR=\""/usr/local/share/gimp/2.0"\" -I../.. -pthread -I/usr/include/libmount -I/usr/include/blkid -I/usr/include/uuid -I/usr/include/glib-2.0 -I/usr/lib/x86_64-linux-gnu/glib-2.0/include -I/usr/local/include -DGIMP_DISABLE_DEPRECATED -DGDK_MULTIHEAD_SAFE -DGTK_MULTIHEAD_SAFE  -g -O2 -Wall -Wdeclaration-after-statement -Wmissing-prototypes -Wmissing-declarations -Winit-self -Wpointer-arith -Wold-style-definition -Wformat-security -MT help.o -MD -MP -MF .deps/help.Tpo -c -o help.o help.c
mv -f .deps/help.Tpo .deps/help.Po
gcc -DHAVE_CONFIG_H -I. -I../..  -DDATADIR=\""/usr/local/share/gimp/2.0"\" -I../.. -pthread -I/usr/include/libmount -I/usr/include/blkid -I/usr/include/uuid -I/usr/include/glib-2.0 -I/usr/lib/x86_64-linux-gnu/glib-2.0/include -I/usr/local/include -DGIMP_DISABLE_DEPRECATED -DGDK_MULTIHEAD_SAFE -DGTK_MULTIHEAD_SAFE  -g -O2 -Wall -Wdeclaration-after-statement -Wmissing-prototypes -Wmissing-declarations -Winit-self -Wpointer-arith -Wold-style-definition -Wformat-security -MT gimphelp.o -MD -MP -MF .deps/gimphelp.Tpo -c -o gimphelp.o gimphelp.c
mv -f .deps/gimphelp.Tpo .deps/gimphelp.Po
gcc -DHAVE_CONFIG_H -I. -I../..  -DDATADIR=\""/usr/local/share/gimp/2.0"\" -I../.. -pthread -I/usr/include/libmount -I/usr/include/blkid -I/usr/include/uuid -I/usr/include/glib-2.0 -I/usr/lib/x86_64-linux-gnu/glib-2.0/include -I/usr/local/include -DGIMP_DISABLE_DEPRECATED -DGDK_MULTIHEAD_SAFE -DGTK_MULTIHEAD_SAFE  -g -O2 -Wall -Wdeclaration-after-statement -Wmissing-prototypes -Wmissing-declarations -Winit-self -Wpointer-arith -Wold-style-definition -Wformat-security -MT gimphelpdomain.o -MD -MP -MF .deps/gimphelpdomain.Tpo -c -o gimphelpdomain.o gimphelpdomain.c
mv -f .deps/gimphelpdomain.Tpo .deps/gimphelpdomain.Po
gcc -DHAVE_CONFIG_H -I. -I../..  -DDATADIR=\""/usr/local/share/gimp/2.0"\" -I../.. -pthread -I/usr/include/libmount -I/usr/include/blkid -I/usr/include/uuid -I/usr/include/glib-2.0 -I/usr/lib/x86_64-linux-gnu/glib-2.0/include -I/usr/local/include -DGIMP_DISABLE_DEPRECATED -DGDK_MULTIHEAD_SAFE -DGTK_MULTIHEAD_SAFE  -g -O2 -Wall -Wdeclaration-after-statement -Wmissing-prototypes -Wmissing-declarations -Winit-self -Wpointer-arith -Wold-style-definition -Wformat-security -MT gimphelpitem.o -MD -MP -MF .deps/gimphelpitem.Tpo -c -o gimphelpitem.o gimphelpitem.c
mv -f .deps/gimphelpitem.Tpo .deps/gimphelpitem.Po
gcc -DHAVE_CONFIG_H -I. -I../..  -DDATADIR=\""/usr/local/share/gimp/2.0"\" -I../.. -pthread -I/usr/include/libmount -I/usr/include/blkid -I/usr/include/uuid -I/usr/include/glib-2.0 -I/usr/lib/x86_64-linux-gnu/glib-2.0/include -I/usr/local/include -DGIMP_DISABLE_DEPRECATED -DGDK_MULTIHEAD_SAFE -DGTK_MULTIHEAD_SAFE  -g -O2 -Wall -Wdeclaration-after-statement -Wmissing-prototypes -Wmissing-declarations -Winit-self -Wpointer-arith -Wold-style-definition -Wformat-security -MT gimphelplocale.o -MD -MP -MF .deps/gimphelplocale.Tpo -c -o gimphelplocale.o gimphelplocale.c
mv -f .deps/gimphelplocale.Tpo .deps/gimphelplocale.Po
gcc -DHAVE_CONFIG_H -I. -I../..  -DDATADIR=\""/usr/local/share/gimp/2.0"\" -I../.. -pthread -I/usr/include/libmount -I/usr/include/blkid -I/usr/include/uuid -I/usr/include/glib-2.0 -I/usr/lib/x86_64-linux-gnu/glib-2.0/include -I/usr/local/include -DGIMP_DISABLE_DEPRECATED -DGDK_MULTIHEAD_SAFE -DGTK_MULTIHEAD_SAFE  -g -O2 -Wall -Wdeclaration-after-statement -Wmissing-prototypes -Wmissing-declarations -Winit-self -Wpointer-arith -Wold-style-definition -Wformat-security -MT gimphelpprogress.o -MD -MP -MF .deps/gimphelpprogress.Tpo -c -o gimphelpprogress.o gimphelpprogress.c
mv -f .deps/gimphelpprogress.Tpo .deps/gimphelpprogress.Po
rm -f libgimphelp.a
ar cru libgimphelp.a gimphelp.o gimphelpdomain.o gimphelpitem.o gimphelplocale.o gimphelpprogress.o 
ar: `u' modifier ignored since `D' is the default (see `U')
ranlib libgimphelp.a
/bin/bash ../../libtool  --tag=CC   --mode=link gcc  -g -O2 -Wall -Wdeclaration-after-statement -Wmissing-prototypes -Wmissing-declarations -Winit-self -Wpointer-arith -Wold-style-definition -Wformat-security   -o help help.o libgimphelp.a ../../libgimp/libgimp-2.0.la ../../libgimpconfig/libgimpconfig-2.0.la ../../libgimpcolor/libgimpcolor-2.0.la ../../libgimpbase/libgimpbase-2.0.la ../../libgimpmath/libgimpmath-2.0.la -lgio-2.0 -lgobject-2.0 -lglib-2.0   
libtool: link: gcc -g -O2 -Wall -Wdeclaration-after-statement -Wmissing-prototypes -Wmissing-declarations -Winit-self -Wpointer-arith -Wold-style-definition -Wformat-security -o .libs/help help.o  libgimphelp.a ../../libgimp/.libs/libgimp-2.0.so ../../libgimpconfig/.libs/libgimpconfig-2.0.so ../../libgimpcolor/.libs/libgimpcolor-2.0.so ../../libgimpbase/.libs/libgimpbase-2.0.so ../../libgimpmath/.libs/libgimpmath-2.0.so -lgio-2.0 -lgobject-2.0 -lglib-2.0 -pthread
gcc -DHAVE_CONFIG_H -I. -I../..  -DDATADIR=\""/usr/local/share/gimp/2.0"\" -I../.. -pthread -I/usr/include/libmount -I/usr/include/blkid -I/usr/include/uuid -I/usr/include/glib-2.0 -I/usr/lib/x86_64-linux-gnu/glib-2.0/include -I/usr/local/include -DGIMP_DISABLE_DEPRECATED -DGDK_MULTIHEAD_SAFE -DGTK_MULTIHEAD_SAFE  -g -O2 -Wall -Wdeclaration-after-statement -Wmissing-prototypes -Wmissing-declarations -Winit-self -Wpointer-arith -Wold-style-definition -Wformat-security -MT gimp-help-lookup.o -MD -MP -MF .deps/gimp-help-lookup.Tpo -c -o gimp-help-lookup.o gimp-help-lookup.c
gimp-help-lookup.c: In function ‘main’:
gimp-help-lookup.c:104:3: warning: ‘g_type_init’ is deprecated [-Wdeprecated-declarations]
   g_type_init ();
   ^~~~~~~~~~~
In file included from /usr/include/glib-2.0/gobject/gobject.h:24,
                 from /usr/include/glib-2.0/gobject/gbinding.h:29,
                 from /usr/include/glib-2.0/glib-object.h:23,
                 from gimp-help-lookup.c:27:
/usr/include/glib-2.0/gobject/gtype.h:688:23: note: declared here
 void                  g_type_init                    (void);
                       ^~~~~~~~~~~
mv -f .deps/gimp-help-lookup.Tpo .deps/gimp-help-lookup.Po
/bin/bash ../../libtool  --tag=CC   --mode=link gcc  -g -O2 -Wall -Wdeclaration-after-statement -Wmissing-prototypes -Wmissing-declarations -Winit-self -Wpointer-arith -Wold-style-definition -Wformat-security   -o gimp-help-lookup gimp-help-lookup.o libgimphelp.a ../../libgimpbase/libgimpbase-2.0.la -lgio-2.0 -lgobject-2.0 -lglib-2.0 
libtool: link: gcc -g -O2 -Wall -Wdeclaration-after-statement -Wmissing-prototypes -Wmissing-declarations -Winit-self -Wpointer-arith -Wold-style-definition -Wformat-security -o .libs/gimp-help-lookup gimp-help-lookup.o  libgimphelp.a ../../libgimpbase/.libs/libgimpbase-2.0.so -lgio-2.0 -lgobject-2.0 -lglib-2.0 -pthread
make[3]: Leaving directory '/home/pavel/Programs/gimp/plug-ins/help'
Making all in ifs-compose
make[3]: Entering directory '/home/pavel/Programs/gimp/plug-ins/ifs-compose'
gcc -DHAVE_CONFIG_H -I. -I../..  -I../.. -pthread -I/usr/include/gtk-2.0 -I/usr/lib/x86_64-linux-gnu/gtk-2.0/include -I/usr/include/gio-unix-2.0 -I/usr/include/cairo -I/usr/include/pango-1.0 -I/usr/include/atk-1.0 -I/usr/include/cairo -I/usr/include/pixman-1 -I/usr/include/gdk-pixbuf-2.0 -I/usr/include/libmount -I/usr/include/blkid -I/usr/include/pango-1.0 -I/usr/include/harfbuzz -I/usr/include/pango-1.0 -I/usr/include/fribidi -I/usr/include/uuid -I/usr/include/freetype2 -I/usr/include/libpng16 -I/usr/include/glib-2.0 -I/usr/lib/x86_64-linux-gnu/glib-2.0/include -I/usr/local/include -DGIMP_DISABLE_DEPRECATED -DGDK_MULTIHEAD_SAFE -DGTK_MULTIHEAD_SAFE  -g -O2 -Wall -Wdeclaration-after-statement -Wmissing-prototypes -Wmissing-declarations -Winit-self -Wpointer-arith -Wold-style-definition -Wformat-security -MT ifs-compose.o -MD -MP -MF .deps/ifs-compose.Tpo -c -o ifs-compose.o ifs-compose.c
mv -f .deps/ifs-compose.Tpo .deps/ifs-compose.Po
gcc -DHAVE_CONFIG_H -I. -I../..  -I../.. -pthread -I/usr/include/gtk-2.0 -I/usr/lib/x86_64-linux-gnu/gtk-2.0/include -I/usr/include/gio-unix-2.0 -I/usr/include/cairo -I/usr/include/pango-1.0 -I/usr/include/atk-1.0 -I/usr/include/cairo -I/usr/include/pixman-1 -I/usr/include/gdk-pixbuf-2.0 -I/usr/include/libmount -I/usr/include/blkid -I/usr/include/pango-1.0 -I/usr/include/harfbuzz -I/usr/include/pango-1.0 -I/usr/include/fribidi -I/usr/include/uuid -I/usr/include/freetype2 -I/usr/include/libpng16 -I/usr/include/glib-2.0 -I/usr/lib/x86_64-linux-gnu/glib-2.0/include -I/usr/local/include -DGIMP_DISABLE_DEPRECATED -DGDK_MULTIHEAD_SAFE -DGTK_MULTIHEAD_SAFE  -g -O2 -Wall -Wdeclaration-after-statement -Wmissing-prototypes -Wmissing-declarations -Winit-self -Wpointer-arith -Wold-style-definition -Wformat-security -MT ifs-compose-utils.o -MD -MP -MF .deps/ifs-compose-utils.Tpo -c -o ifs-compose-utils.o ifs-compose-utils.c
mv -f .deps/ifs-compose-utils.Tpo .deps/ifs-compose-utils.Po
gcc -DHAVE_CONFIG_H -I. -I../..  -I../.. -pthread -I/usr/include/gtk-2.0 -I/usr/lib/x86_64-linux-gnu/gtk-2.0/include -I/usr/include/gio-unix-2.0 -I/usr/include/cairo -I/usr/include/pango-1.0 -I/usr/include/atk-1.0 -I/usr/include/cairo -I/usr/include/pixman-1 -I/usr/include/gdk-pixbuf-2.0 -I/usr/include/libmount -I/usr/include/blkid -I/usr/include/pango-1.0 -I/usr/include/harfbuzz -I/usr/include/pango-1.0 -I/usr/include/fribidi -I/usr/include/uuid -I/usr/include/freetype2 -I/usr/include/libpng16 -I/usr/include/glib-2.0 -I/usr/lib/x86_64-linux-gnu/glib-2.0/include -I/usr/local/include -DGIMP_DISABLE_DEPRECATED -DGDK_MULTIHEAD_SAFE -DGTK_MULTIHEAD_SAFE  -g -O2 -Wall -Wdeclaration-after-statement -Wmissing-prototypes -Wmissing-declarations -Winit-self -Wpointer-arith -Wold-style-definition -Wformat-security -MT ifs-compose-storage.o -MD -MP -MF .deps/ifs-compose-storage.Tpo -c -o ifs-compose-storage.o ifs-compose-storage.c
mv -f .deps/ifs-compose-storage.Tpo .deps/ifs-compose-storage.Po
/bin/bash ../../libtool  --tag=CC   --mode=link gcc  -g -O2 -Wall -Wdeclaration-after-statement -Wmissing-prototypes -Wmissing-declarations -Winit-self -Wpointer-arith -Wold-style-definition -Wformat-security   -o ifs-compose ifs-compose.o ifs-compose-utils.o ifs-compose-storage.o ../../libgimp/libgimpui-2.0.la ../../libgimpwidgets/libgimpwidgets-2.0.la ../../libgimpconfig/libgimpconfig-2.0.la ../../libgimp/libgimp-2.0.la ../../libgimpcolor/libgimpcolor-2.0.la ../../libgimpmath/libgimpmath-2.0.la -lm ../../libgimpbase/libgimpbase-2.0.la -lgtk-x11-2.0 -lgdk-x11-2.0 -lpangocairo-1.0 -latk-1.0 -lcairo -lgdk_pixbuf-2.0 -lgio-2.0 -lpangoft2-1.0 -lpango-1.0 -lgobject-2.0 -lfontconfig -lfreetype -lgthread-2.0 -pthread -lglib-2.0   
libtool: link: gcc -g -O2 -Wall -Wdeclaration-after-statement -Wmissing-prototypes -Wmissing-declarations -Winit-self -Wpointer-arith -Wold-style-definition -Wformat-security -o .libs/ifs-compose ifs-compose.o ifs-compose-utils.o ifs-compose-storage.o -pthread  ../../libgimp/.libs/libgimpui-2.0.so ../../libgimpwidgets/.libs/libgimpwidgets-2.0.so ../../libgimpconfig/.libs/libgimpconfig-2.0.so ../../libgimp/.libs/libgimp-2.0.so ../../libgimpcolor/.libs/libgimpcolor-2.0.so ../../libgimpmath/.libs/libgimpmath-2.0.so -lm ../../libgimpbase/.libs/libgimpbase-2.0.so -lgtk-x11-2.0 -lgdk-x11-2.0 -lpangocairo-1.0 -latk-1.0 -lcairo -lgdk_pixbuf-2.0 -lgio-2.0 -lpangoft2-1.0 -lpango-1.0 -lgobject-2.0 -lfontconfig -lfreetype -lgthread-2.0 -lglib-2.0 -pthread
make[3]: Leaving directory '/home/pavel/Programs/gimp/plug-ins/ifs-compose'
Making all in imagemap
make[3]: Entering directory '/home/pavel/Programs/gimp/plug-ins/imagemap'
Making all in images
make[4]: Entering directory '/home/pavel/Programs/gimp/plug-ins/imagemap/images'
( rm -f stock-icons.list; \
          for image in stock-circle.png stock-coord.png stock-dimension.png stock-java.png stock-polygon.png stock-rectangle.png stock-to-back.png stock-to-front.png; do \
            echo $image | \
              sed -e 's|.*/||' -e 's|-|_|g' -e 's|\.png$||' >> stock-icons.list; \
    echo "  ./$image" >> stock-icons.list; \
  done )
/usr/bin/gdk-pixbuf-csource --raw --build-list `cat stock-icons.list` > imap-stock-pixbufs.h
make[4]: Leaving directory '/home/pavel/Programs/gimp/plug-ins/imagemap/images'
make[4]: Entering directory '/home/pavel/Programs/gimp/plug-ins/imagemap'
gcc -DHAVE_CONFIG_H -I. -I../..  -I../.. -pthread -I/usr/include/gtk-2.0 -I/usr/lib/x86_64-linux-gnu/gtk-2.0/include -I/usr/include/gio-unix-2.0 -I/usr/include/cairo -I/usr/include/pango-1.0 -I/usr/include/atk-1.0 -I/usr/include/cairo -I/usr/include/pixman-1 -I/usr/include/gdk-pixbuf-2.0 -I/usr/include/libmount -I/usr/include/blkid -I/usr/include/pango-1.0 -I/usr/include/harfbuzz -I/usr/include/pango-1.0 -I/usr/include/fribidi -I/usr/include/uuid -I/usr/include/freetype2 -I/usr/include/libpng16 -I/usr/include/glib-2.0 -I/usr/lib/x86_64-linux-gnu/glib-2.0/include -I/usr/local/include -DGIMP_DISABLE_DEPRECATED -DGDK_MULTIHEAD_SAFE -DGTK_MULTIHEAD_SAFE  -g -O2 -Wall -Wdeclaration-after-statement -Wmissing-prototypes -Wmissing-declarations -Winit-self -Wpointer-arith -Wold-style-definition -Wformat-security -MT imap_about.o -MD -MP -MF .deps/imap_about.Tpo -c -o imap_about.o imap_about.c
mv -f .deps/imap_about.Tpo .deps/imap_about.Po
gcc -DHAVE_CONFIG_H -I. -I../..  -I../.. -pthread -I/usr/include/gtk-2.0 -I/usr/lib/x86_64-linux-gnu/gtk-2.0/include -I/usr/include/gio-unix-2.0 -I/usr/include/cairo -I/usr/include/pango-1.0 -I/usr/include/atk-1.0 -I/usr/include/cairo -I/usr/include/pixman-1 -I/usr/include/gdk-pixbuf-2.0 -I/usr/include/libmount -I/usr/include/blkid -I/usr/include/pango-1.0 -I/usr/include/harfbuzz -I/usr/include/pango-1.0 -I/usr/include/fribidi -I/usr/include/uuid -I/usr/include/freetype2 -I/usr/include/libpng16 -I/usr/include/glib-2.0 -I/usr/lib/x86_64-linux-gnu/glib-2.0/include -I/usr/local/include -DGIMP_DISABLE_DEPRECATED -DGDK_MULTIHEAD_SAFE -DGTK_MULTIHEAD_SAFE  -g -O2 -Wall -Wdeclaration-after-statement -Wmissing-prototypes -Wmissing-declarations -Winit-self -Wpointer-arith -Wold-style-definition -Wformat-security -MT imap_browse.o -MD -MP -MF .deps/imap_browse.Tpo -c -o imap_browse.o imap_browse.c
mv -f .deps/imap_browse.Tpo .deps/imap_browse.Po
gcc -DHAVE_CONFIG_H -I. -I../..  -I../.. -pthread -I/usr/include/gtk-2.0 -I/usr/lib/x86_64-linux-gnu/gtk-2.0/include -I/usr/include/gio-unix-2.0 -I/usr/include/cairo -I/usr/include/pango-1.0 -I/usr/include/atk-1.0 -I/usr/include/cairo -I/usr/include/pixman-1 -I/usr/include/gdk-pixbuf-2.0 -I/usr/include/libmount -I/usr/include/blkid -I/usr/include/pango-1.0 -I/usr/include/harfbuzz -I/usr/include/pango-1.0 -I/usr/include/fribidi -I/usr/include/uuid -I/usr/include/freetype2 -I/usr/include/libpng16 -I/usr/include/glib-2.0 -I/usr/lib/x86_64-linux-gnu/glib-2.0/include -I/usr/local/include -DGIMP_DISABLE_DEPRECATED -DGDK_MULTIHEAD_SAFE -DGTK_MULTIHEAD_SAFE  -g -O2 -Wall -Wdeclaration-after-statement -Wmissing-prototypes -Wmissing-declarations -Winit-self -Wpointer-arith -Wold-style-definition -Wformat-security -MT imap_cern_lex.o -MD -MP -MF .deps/imap_cern_lex.Tpo -c -o imap_cern_lex.o imap_cern_lex.c
<stdout>:1740:5: warning: no previous prototype for ‘cern_get_lineno’ [-Wmissing-prototypes]
<stdout>:1749:7: warning: no previous prototype for ‘cern_get_in’ [-Wmissing-prototypes]
<stdout>:1757:7: warning: no previous prototype for ‘cern_get_out’ [-Wmissing-prototypes]
<stdout>:1765:5: warning: no previous prototype for ‘cern_get_leng’ [-Wmissing-prototypes]
<stdout>:1774:7: warning: no previous prototype for ‘cern_get_text’ [-Wmissing-prototypes]
<stdout>:1783:6: warning: no previous prototype for ‘cern_set_lineno’ [-Wmissing-prototypes]
<stdout>:1795:6: warning: no previous prototype for ‘cern_set_in’ [-Wmissing-prototypes]
<stdout>:1800:6: warning: no previous prototype for ‘cern_set_out’ [-Wmissing-prototypes]
<stdout>:1805:5: warning: no previous prototype for ‘cern_get_debug’ [-Wmissing-prototypes]
<stdout>:1810:6: warning: no previous prototype for ‘cern_set_debug’ [-Wmissing-prototypes]
<stdout>:1844:5: warning: no previous prototype for ‘cern_lex_destroy’ [-Wmissing-prototypes]
<stdout>:1289:16: warning: ‘input’ defined but not used [-Wunused-function]
<stdout>:1248:17: warning: ‘yyunput’ defined but not used [-Wunused-function]
mv -f .deps/imap_cern_lex.Tpo .deps/imap_cern_lex.Po
gcc -DHAVE_CONFIG_H -I. -I../..  -I../.. -pthread -I/usr/include/gtk-2.0 -I/usr/lib/x86_64-linux-gnu/gtk-2.0/include -I/usr/include/gio-unix-2.0 -I/usr/include/cairo -I/usr/include/pango-1.0 -I/usr/include/atk-1.0 -I/usr/include/cairo -I/usr/include/pixman-1 -I/usr/include/gdk-pixbuf-2.0 -I/usr/include/libmount -I/usr/include/blkid -I/usr/include/pango-1.0 -I/usr/include/harfbuzz -I/usr/include/pango-1.0 -I/usr/include/fribidi -I/usr/include/uuid -I/usr/include/freetype2 -I/usr/include/libpng16 -I/usr/include/glib-2.0 -I/usr/lib/x86_64-linux-gnu/glib-2.0/include -I/usr/local/include -DGIMP_DISABLE_DEPRECATED -DGDK_MULTIHEAD_SAFE -DGTK_MULTIHEAD_SAFE  -g -O2 -Wall -Wdeclaration-after-statement -Wmissing-prototypes -Wmissing-declarations -Winit-self -Wpointer-arith -Wold-style-definition -Wformat-security -MT imap_cern_parse.o -MD -MP -MF .deps/imap_cern_parse.Tpo -c -o imap_cern_parse.o imap_cern_parse.c
mv -f .deps/imap_cern_parse.Tpo .deps/imap_cern_parse.Po
gcc -DHAVE_CONFIG_H -I. -I../..  -I../.. -pthread -I/usr/include/gtk-2.0 -I/usr/lib/x86_64-linux-gnu/gtk-2.0/include -I/usr/include/gio-unix-2.0 -I/usr/include/cairo -I/usr/include/pango-1.0 -I/usr/include/atk-1.0 -I/usr/include/cairo -I/usr/include/pixman-1 -I/usr/include/gdk-pixbuf-2.0 -I/usr/include/libmount -I/usr/include/blkid -I/usr/include/pango-1.0 -I/usr/include/harfbuzz -I/usr/include/pango-1.0 -I/usr/include/fribidi -I/usr/include/uuid -I/usr/include/freetype2 -I/usr/include/libpng16 -I/usr/include/glib-2.0 -I/usr/lib/x86_64-linux-gnu/glib-2.0/include -I/usr/local/include -DGIMP_DISABLE_DEPRECATED -DGDK_MULTIHEAD_SAFE -DGTK_MULTIHEAD_SAFE  -g -O2 -Wall -Wdeclaration-after-statement -Wmissing-prototypes -Wmissing-declarations -Winit-self -Wpointer-arith -Wold-style-definition -Wformat-security -MT imap_circle.o -MD -MP -MF .deps/imap_circle.Tpo -c -o imap_circle.o imap_circle.c
mv -f .deps/imap_circle.Tpo .deps/imap_circle.Po
gcc -DHAVE_CONFIG_H -I. -I../..  -I../.. -pthread -I/usr/include/gtk-2.0 -I/usr/lib/x86_64-linux-gnu/gtk-2.0/include -I/usr/include/gio-unix-2.0 -I/usr/include/cairo -I/usr/include/pango-1.0 -I/usr/include/atk-1.0 -I/usr/include/cairo -I/usr/include/pixman-1 -I/usr/include/gdk-pixbuf-2.0 -I/usr/include/libmount -I/usr/include/blkid -I/usr/include/pango-1.0 -I/usr/include/harfbuzz -I/usr/include/pango-1.0 -I/usr/include/fribidi -I/usr/include/uuid -I/usr/include/freetype2 -I/usr/include/libpng16 -I/usr/include/glib-2.0 -I/usr/lib/x86_64-linux-gnu/glib-2.0/include -I/usr/local/include -DGIMP_DISABLE_DEPRECATED -DGDK_MULTIHEAD_SAFE -DGTK_MULTIHEAD_SAFE  -g -O2 -Wall -Wdeclaration-after-statement -Wmissing-prototypes -Wmissing-declarations -Winit-self -Wpointer-arith -Wold-style-definition -Wformat-security -MT imap_cmd_clear.o -MD -MP -MF .deps/imap_cmd_clear.Tpo -c -o imap_cmd_clear.o imap_cmd_clear.c
mv -f .deps/imap_cmd_clear.Tpo .deps/imap_cmd_clear.Po
gcc -DHAVE_CONFIG_H -I. -I../..  -I../.. -pthread -I/usr/include/gtk-2.0 -I/usr/lib/x86_64-linux-gnu/gtk-2.0/include -I/usr/include/gio-unix-2.0 -I/usr/include/cairo -I/usr/include/pango-1.0 -I/usr/include/atk-1.0 -I/usr/include/cairo -I/usr/include/pixman-1 -I/usr/include/gdk-pixbuf-2.0 -I/usr/include/libmount -I/usr/include/blkid -I/usr/include/pango-1.0 -I/usr/include/harfbuzz -I/usr/include/pango-1.0 -I/usr/include/fribidi -I/usr/include/uuid -I/usr/include/freetype2 -I/usr/include/libpng16 -I/usr/include/glib-2.0 -I/usr/lib/x86_64-linux-gnu/glib-2.0/include -I/usr/local/include -DGIMP_DISABLE_DEPRECATED -DGDK_MULTIHEAD_SAFE -DGTK_MULTIHEAD_SAFE  -g -O2 -Wall -Wdeclaration-after-statement -Wmissing-prototypes -Wmissing-declarations -Winit-self -Wpointer-arith -Wold-style-definition -Wformat-security -MT imap_cmd_copy.o -MD -MP -MF .deps/imap_cmd_copy.Tpo -c -o imap_cmd_copy.o imap_cmd_copy.c
mv -f .deps/imap_cmd_copy.Tpo .deps/imap_cmd_copy.Po
gcc -DHAVE_CONFIG_H -I. -I../..  -I../.. -pthread -I/usr/include/gtk-2.0 -I/usr/lib/x86_64-linux-gnu/gtk-2.0/include -I/usr/include/gio-unix-2.0 -I/usr/include/cairo -I/usr/include/pango-1.0 -I/usr/include/atk-1.0 -I/usr/include/cairo -I/usr/include/pixman-1 -I/usr/include/gdk-pixbuf-2.0 -I/usr/include/libmount -I/usr/include/blkid -I/usr/include/pango-1.0 -I/usr/include/harfbuzz -I/usr/include/pango-1.0 -I/usr/include/fribidi -I/usr/include/uuid -I/usr/include/freetype2 -I/usr/include/libpng16 -I/usr/include/glib-2.0 -I/usr/lib/x86_64-linux-gnu/glib-2.0/include -I/usr/local/include -DGIMP_DISABLE_DEPRECATED -DGDK_MULTIHEAD_SAFE -DGTK_MULTIHEAD_SAFE  -g -O2 -Wall -Wdeclaration-after-statement -Wmissing-prototypes -Wmissing-declarations -Winit-self -Wpointer-arith -Wold-style-definition -Wformat-security -MT imap_cmd_copy_object.o -MD -MP -MF .deps/imap_cmd_copy_object.Tpo -c -o imap_cmd_copy_object.o imap_cmd_copy_object.c
mv -f .deps/imap_cmd_copy_object.Tpo .deps/imap_cmd_copy_object.Po
gcc -DHAVE_CONFIG_H -I. -I../..  -I../.. -pthread -I/usr/include/gtk-2.0 -I/usr/lib/x86_64-linux-gnu/gtk-2.0/include -I/usr/include/gio-unix-2.0 -I/usr/include/cairo -I/usr/include/pango-1.0 -I/usr/include/atk-1.0 -I/usr/include/cairo -I/usr/include/pixman-1 -I/usr/include/gdk-pixbuf-2.0 -I/usr/include/libmount -I/usr/include/blkid -I/usr/include/pango-1.0 -I/usr/include/harfbuzz -I/usr/include/pango-1.0 -I/usr/include/fribidi -I/usr/include/uuid -I/usr/include/freetype2 -I/usr/include/libpng16 -I/usr/include/glib-2.0 -I/usr/lib/x86_64-linux-gnu/glib-2.0/include -I/usr/local/include -DGIMP_DISABLE_DEPRECATED -DGDK_MULTIHEAD_SAFE -DGTK_MULTIHEAD_SAFE  -g -O2 -Wall -Wdeclaration-after-statement -Wmissing-prototypes -Wmissing-declarations -Winit-self -Wpointer-arith -Wold-style-definition -Wformat-security -MT imap_cmd_create.o -MD -MP -MF .deps/imap_cmd_create.Tpo -c -o imap_cmd_create.o imap_cmd_create.c
mv -f .deps/imap_cmd_create.Tpo .deps/imap_cmd_create.Po
gcc -DHAVE_CONFIG_H -I. -I../..  -I../.. -pthread -I/usr/include/gtk-2.0 -I/usr/lib/x86_64-linux-gnu/gtk-2.0/include -I/usr/include/gio-unix-2.0 -I/usr/include/cairo -I/usr/include/pango-1.0 -I/usr/include/atk-1.0 -I/usr/include/cairo -I/usr/include/pixman-1 -I/usr/include/gdk-pixbuf-2.0 -I/usr/include/libmount -I/usr/include/blkid -I/usr/include/pango-1.0 -I/usr/include/harfbuzz -I/usr/include/pango-1.0 -I/usr/include/fribidi -I/usr/include/uuid -I/usr/include/freetype2 -I/usr/include/libpng16 -I/usr/include/glib-2.0 -I/usr/lib/x86_64-linux-gnu/glib-2.0/include -I/usr/local/include -DGIMP_DISABLE_DEPRECATED -DGDK_MULTIHEAD_SAFE -DGTK_MULTIHEAD_SAFE  -g -O2 -Wall -Wdeclaration-after-statement -Wmissing-prototypes -Wmissing-declarations -Winit-self -Wpointer-arith -Wold-style-definition -Wformat-security -MT imap_cmd_cut.o -MD -MP -MF .deps/imap_cmd_cut.Tpo -c -o imap_cmd_cut.o imap_cmd_cut.c
mv -f .deps/imap_cmd_cut.Tpo .deps/imap_cmd_cut.Po
gcc -DHAVE_CONFIG_H -I. -I../..  -I../.. -pthread -I/usr/include/gtk-2.0 -I/usr/lib/x86_64-linux-gnu/gtk-2.0/include -I/usr/include/gio-unix-2.0 -I/usr/include/cairo -I/usr/include/pango-1.0 -I/usr/include/atk-1.0 -I/usr/include/cairo -I/usr/include/pixman-1 -I/usr/include/gdk-pixbuf-2.0 -I/usr/include/libmount -I/usr/include/blkid -I/usr/include/pango-1.0 -I/usr/include/harfbuzz -I/usr/include/pango-1.0 -I/usr/include/fribidi -I/usr/include/uuid -I/usr/include/freetype2 -I/usr/include/libpng16 -I/usr/include/glib-2.0 -I/usr/lib/x86_64-linux-gnu/glib-2.0/include -I/usr/local/include -DGIMP_DISABLE_DEPRECATED -DGDK_MULTIHEAD_SAFE -DGTK_MULTIHEAD_SAFE  -g -O2 -Wall -Wdeclaration-after-statement -Wmissing-prototypes -Wmissing-declarations -Winit-self -Wpointer-arith -Wold-style-definition -Wformat-security -MT imap_cmd_cut_object.o -MD -MP -MF .deps/imap_cmd_cut_object.Tpo -c -o imap_cmd_cut_object.o imap_cmd_cut_object.c
mv -f .deps/imap_cmd_cut_object.Tpo .deps/imap_cmd_cut_object.Po
gcc -DHAVE_CONFIG_H -I. -I../..  -I../.. -pthread -I/usr/include/gtk-2.0 -I/usr/lib/x86_64-linux-gnu/gtk-2.0/include -I/usr/include/gio-unix-2.0 -I/usr/include/cairo -I/usr/include/pango-1.0 -I/usr/include/atk-1.0 -I/usr/include/cairo -I/usr/include/pixman-1 -I/usr/include/gdk-pixbuf-2.0 -I/usr/include/libmount -I/usr/include/blkid -I/usr/include/pango-1.0 -I/usr/include/harfbuzz -I/usr/include/pango-1.0 -I/usr/include/fribidi -I/usr/include/uuid -I/usr/include/freetype2 -I/usr/include/libpng16 -I/usr/include/glib-2.0 -I/usr/lib/x86_64-linux-gnu/glib-2.0/include -I/usr/local/include -DGIMP_DISABLE_DEPRECATED -DGDK_MULTIHEAD_SAFE -DGTK_MULTIHEAD_SAFE  -g -O2 -Wall -Wdeclaration-after-statement -Wmissing-prototypes -Wmissing-declarations -Winit-self -Wpointer-arith -Wold-style-definition -Wformat-security -MT imap_cmd_delete.o -MD -MP -MF .deps/imap_cmd_delete.Tpo -c -o imap_cmd_delete.o imap_cmd_delete.c
mv -f .deps/imap_cmd_delete.Tpo .deps/imap_cmd_delete.Po
gcc -DHAVE_CONFIG_H -I. -I../..  -I../.. -pthread -I/usr/include/gtk-2.0 -I/usr/lib/x86_64-linux-gnu/gtk-2.0/include -I/usr/include/gio-unix-2.0 -I/usr/include/cairo -I/usr/include/pango-1.0 -I/usr/include/atk-1.0 -I/usr/include/cairo -I/usr/include/pixman-1 -I/usr/include/gdk-pixbuf-2.0 -I/usr/include/libmount -I/usr/include/blkid -I/usr/include/pango-1.0 -I/usr/include/harfbuzz -I/usr/include/pango-1.0 -I/usr/include/fribidi -I/usr/include/uuid -I/usr/include/freetype2 -I/usr/include/libpng16 -I/usr/include/glib-2.0 -I/usr/lib/x86_64-linux-gnu/glib-2.0/include -I/usr/local/include -DGIMP_DISABLE_DEPRECATED -DGDK_MULTIHEAD_SAFE -DGTK_MULTIHEAD_SAFE  -g -O2 -Wall -Wdeclaration-after-statement -Wmissing-prototypes -Wmissing-declarations -Winit-self -Wpointer-arith -Wold-style-definition -Wformat-security -MT imap_cmd_delete_point.o -MD -MP -MF .deps/imap_cmd_delete_point.Tpo -c -o imap_cmd_delete_point.o imap_cmd_delete_point.c
mv -f .deps/imap_cmd_delete_point.Tpo .deps/imap_cmd_delete_point.Po
gcc -DHAVE_CONFIG_H -I. -I../..  -I../.. -pthread -I/usr/include/gtk-2.0 -I/usr/lib/x86_64-linux-gnu/gtk-2.0/include -I/usr/include/gio-unix-2.0 -I/usr/include/cairo -I/usr/include/pango-1.0 -I/usr/include/atk-1.0 -I/usr/include/cairo -I/usr/include/pixman-1 -I/usr/include/gdk-pixbuf-2.0 -I/usr/include/libmount -I/usr/include/blkid -I/usr/include/pango-1.0 -I/usr/include/harfbuzz -I/usr/include/pango-1.0 -I/usr/include/fribidi -I/usr/include/uuid -I/usr/include/freetype2 -I/usr/include/libpng16 -I/usr/include/glib-2.0 -I/usr/lib/x86_64-linux-gnu/glib-2.0/include -I/usr/local/include -DGIMP_DISABLE_DEPRECATED -DGDK_MULTIHEAD_SAFE -DGTK_MULTIHEAD_SAFE  -g -O2 -Wall -Wdeclaration-after-statement -Wmissing-prototypes -Wmissing-declarations -Winit-self -Wpointer-arith -Wold-style-definition -Wformat-security -MT imap_cmd_edit_object.o -MD -MP -MF .deps/imap_cmd_edit_object.Tpo -c -o imap_cmd_edit_object.o imap_cmd_edit_object.c
mv -f .deps/imap_cmd_edit_object.Tpo .deps/imap_cmd_edit_object.Po
gcc -DHAVE_CONFIG_H -I. -I../..  -I../.. -pthread -I/usr/include/gtk-2.0 -I/usr/lib/x86_64-linux-gnu/gtk-2.0/include -I/usr/include/gio-unix-2.0 -I/usr/include/cairo -I/usr/include/pango-1.0 -I/usr/include/atk-1.0 -I/usr/include/cairo -I/usr/include/pixman-1 -I/usr/include/gdk-pixbuf-2.0 -I/usr/include/libmount -I/usr/include/blkid -I/usr/include/pango-1.0 -I/usr/include/harfbuzz -I/usr/include/pango-1.0 -I/usr/include/fribidi -I/usr/include/uuid -I/usr/include/freetype2 -I/usr/include/libpng16 -I/usr/include/glib-2.0 -I/usr/lib/x86_64-linux-gnu/glib-2.0/include -I/usr/local/include -DGIMP_DISABLE_DEPRECATED -DGDK_MULTIHEAD_SAFE -DGTK_MULTIHEAD_SAFE  -g -O2 -Wall -Wdeclaration-after-statement -Wmissing-prototypes -Wmissing-declarations -Winit-self -Wpointer-arith -Wold-style-definition -Wformat-security -MT imap_cmd_gimp_guides.o -MD -MP -MF .deps/imap_cmd_gimp_guides.Tpo -c -o imap_cmd_gimp_guides.o imap_cmd_gimp_guides.c
mv -f .deps/imap_cmd_gimp_guides.Tpo .deps/imap_cmd_gimp_guides.Po
gcc -DHAVE_CONFIG_H -I. -I../..  -I../.. -pthread -I/usr/include/gtk-2.0 -I/usr/lib/x86_64-linux-gnu/gtk-2.0/include -I/usr/include/gio-unix-2.0 -I/usr/include/cairo -I/usr/include/pango-1.0 -I/usr/include/atk-1.0 -I/usr/include/cairo -I/usr/include/pixman-1 -I/usr/include/gdk-pixbuf-2.0 -I/usr/include/libmount -I/usr/include/blkid -I/usr/include/pango-1.0 -I/usr/include/harfbuzz -I/usr/include/pango-1.0 -I/usr/include/fribidi -I/usr/include/uuid -I/usr/include/freetype2 -I/usr/include/libpng16 -I/usr/include/glib-2.0 -I/usr/lib/x86_64-linux-gnu/glib-2.0/include -I/usr/local/include -DGIMP_DISABLE_DEPRECATED -DGDK_MULTIHEAD_SAFE -DGTK_MULTIHEAD_SAFE  -g -O2 -Wall -Wdeclaration-after-statement -Wmissing-prototypes -Wmissing-declarations -Winit-self -Wpointer-arith -Wold-style-definition -Wformat-security -MT imap_cmd_guides.o -MD -MP -MF .deps/imap_cmd_guides.Tpo -c -o imap_cmd_guides.o imap_cmd_guides.c
mv -f .deps/imap_cmd_guides.Tpo .deps/imap_cmd_guides.Po
gcc -DHAVE_CONFIG_H -I. -I../..  -I../.. -pthread -I/usr/include/gtk-2.0 -I/usr/lib/x86_64-linux-gnu/gtk-2.0/include -I/usr/include/gio-unix-2.0 -I/usr/include/cairo -I/usr/include/pango-1.0 -I/usr/include/atk-1.0 -I/usr/include/cairo -I/usr/include/pixman-1 -I/usr/include/gdk-pixbuf-2.0 -I/usr/include/libmount -I/usr/include/blkid -I/usr/include/pango-1.0 -I/usr/include/harfbuzz -I/usr/include/pango-1.0 -I/usr/include/fribidi -I/usr/include/uuid -I/usr/include/freetype2 -I/usr/include/libpng16 -I/usr/include/glib-2.0 -I/usr/lib/x86_64-linux-gnu/glib-2.0/include -I/usr/local/include -DGIMP_DISABLE_DEPRECATED -DGDK_MULTIHEAD_SAFE -DGTK_MULTIHEAD_SAFE  -g -O2 -Wall -Wdeclaration-after-statement -Wmissing-prototypes -Wmissing-declarations -Winit-self -Wpointer-arith -Wold-style-definition -Wformat-security -MT imap_cmd_insert_point.o -MD -MP -MF .deps/imap_cmd_insert_point.Tpo -c -o imap_cmd_insert_point.o imap_cmd_insert_point.c
mv -f .deps/imap_cmd_insert_point.Tpo .deps/imap_cmd_insert_point.Po
gcc -DHAVE_CONFIG_H -I. -I../..  -I../.. -pthread -I/usr/include/gtk-2.0 -I/usr/lib/x86_64-linux-gnu/gtk-2.0/include -I/usr/include/gio-unix-2.0 -I/usr/include/cairo -I/usr/include/pango-1.0 -I/usr/include/atk-1.0 -I/usr/include/cairo -I/usr/include/pixman-1 -I/usr/include/gdk-pixbuf-2.0 -I/usr/include/libmount -I/usr/include/blkid -I/usr/include/pango-1.0 -I/usr/include/harfbuzz -I/usr/include/pango-1.0 -I/usr/include/fribidi -I/usr/include/uuid -I/usr/include/freetype2 -I/usr/include/libpng16 -I/usr/include/glib-2.0 -I/usr/lib/x86_64-linux-gnu/glib-2.0/include -I/usr/local/include -DGIMP_DISABLE_DEPRECATED -DGDK_MULTIHEAD_SAFE -DGTK_MULTIHEAD_SAFE  -g -O2 -Wall -Wdeclaration-after-statement -Wmissing-prototypes -Wmissing-declarations -Winit-self -Wpointer-arith -Wold-style-definition -Wformat-security -MT imap_cmd_move.o -MD -MP -MF .deps/imap_cmd_move.Tpo -c -o imap_cmd_move.o imap_cmd_move.c
mv -f .deps/imap_cmd_move.Tpo .deps/imap_cmd_move.Po
gcc -DHAVE_CONFIG_H -I. -I../..  -I../.. -pthread -I/usr/include/gtk-2.0 -I/usr/lib/x86_64-linux-gnu/gtk-2.0/include -I/usr/include/gio-unix-2.0 -I/usr/include/cairo -I/usr/include/pango-1.0 -I/usr/include/atk-1.0 -I/usr/include/cairo -I/usr/include/pixman-1 -I/usr/include/gdk-pixbuf-2.0 -I/usr/include/libmount -I/usr/include/blkid -I/usr/include/pango-1.0 -I/usr/include/harfbuzz -I/usr/include/pango-1.0 -I/usr/include/fribidi -I/usr/include/uuid -I/usr/include/freetype2 -I/usr/include/libpng16 -I/usr/include/glib-2.0 -I/usr/lib/x86_64-linux-gnu/glib-2.0/include -I/usr/local/include -DGIMP_DISABLE_DEPRECATED -DGDK_MULTIHEAD_SAFE -DGTK_MULTIHEAD_SAFE  -g -O2 -Wall -Wdeclaration-after-statement -Wmissing-prototypes -Wmissing-declarations -Winit-self -Wpointer-arith -Wold-style-definition -Wformat-security -MT imap_cmd_move_down.o -MD -MP -MF .deps/imap_cmd_move_down.Tpo -c -o imap_cmd_move_down.o imap_cmd_move_down.c
mv -f .deps/imap_cmd_move_down.Tpo .deps/imap_cmd_move_down.Po
gcc -DHAVE_CONFIG_H -I. -I../..  -I../.. -pthread -I/usr/include/gtk-2.0 -I/usr/lib/x86_64-linux-gnu/gtk-2.0/include -I/usr/include/gio-unix-2.0 -I/usr/include/cairo -I/usr/include/pango-1.0 -I/usr/include/atk-1.0 -I/usr/include/cairo -I/usr/include/pixman-1 -I/usr/include/gdk-pixbuf-2.0 -I/usr/include/libmount -I/usr/include/blkid -I/usr/include/pango-1.0 -I/usr/include/harfbuzz -I/usr/include/pango-1.0 -I/usr/include/fribidi -I/usr/include/uuid -I/usr/include/freetype2 -I/usr/include/libpng16 -I/usr/include/glib-2.0 -I/usr/lib/x86_64-linux-gnu/glib-2.0/include -I/usr/local/include -DGIMP_DISABLE_DEPRECATED -DGDK_MULTIHEAD_SAFE -DGTK_MULTIHEAD_SAFE  -g -O2 -Wall -Wdeclaration-after-statement -Wmissing-prototypes -Wmissing-declarations -Winit-self -Wpointer-arith -Wold-style-definition -Wformat-security -MT imap_cmd_move_sash.o -MD -MP -MF .deps/imap_cmd_move_sash.Tpo -c -o imap_cmd_move_sash.o imap_cmd_move_sash.c
mv -f .deps/imap_cmd_move_sash.Tpo .deps/imap_cmd_move_sash.Po
gcc -DHAVE_CONFIG_H -I. -I../..  -I../.. -pthread -I/usr/include/gtk-2.0 -I/usr/lib/x86_64-linux-gnu/gtk-2.0/include -I/usr/include/gio-unix-2.0 -I/usr/include/cairo -I/usr/include/pango-1.0 -I/usr/include/atk-1.0 -I/usr/include/cairo -I/usr/include/pixman-1 -I/usr/include/gdk-pixbuf-2.0 -I/usr/include/libmount -I/usr/include/blkid -I/usr/include/pango-1.0 -I/usr/include/harfbuzz -I/usr/include/pango-1.0 -I/usr/include/fribidi -I/usr/include/uuid -I/usr/include/freetype2 -I/usr/include/libpng16 -I/usr/include/glib-2.0 -I/usr/lib/x86_64-linux-gnu/glib-2.0/include -I/usr/local/include -DGIMP_DISABLE_DEPRECATED -DGDK_MULTIHEAD_SAFE -DGTK_MULTIHEAD_SAFE  -g -O2 -Wall -Wdeclaration-after-statement -Wmissing-prototypes -Wmissing-declarations -Winit-self -Wpointer-arith -Wold-style-definition -Wformat-security -MT imap_cmd_move_selected.o -MD -MP -MF .deps/imap_cmd_move_selected.Tpo -c -o imap_cmd_move_selected.o imap_cmd_move_selected.c
mv -f .deps/imap_cmd_move_selected.Tpo .deps/imap_cmd_move_selected.Po
gcc -DHAVE_CONFIG_H -I. -I../..  -I../.. -pthread -I/usr/include/gtk-2.0 -I/usr/lib/x86_64-linux-gnu/gtk-2.0/include -I/usr/include/gio-unix-2.0 -I/usr/include/cairo -I/usr/include/pango-1.0 -I/usr/include/atk-1.0 -I/usr/include/cairo -I/usr/include/pixman-1 -I/usr/include/gdk-pixbuf-2.0 -I/usr/include/libmount -I/usr/include/blkid -I/usr/include/pango-1.0 -I/usr/include/harfbuzz -I/usr/include/pango-1.0 -I/usr/include/fribidi -I/usr/include/uuid -I/usr/include/freetype2 -I/usr/include/libpng16 -I/usr/include/glib-2.0 -I/usr/lib/x86_64-linux-gnu/glib-2.0/include -I/usr/local/include -DGIMP_DISABLE_DEPRECATED -DGDK_MULTIHEAD_SAFE -DGTK_MULTIHEAD_SAFE  -g -O2 -Wall -Wdeclaration-after-statement -Wmissing-prototypes -Wmissing-declarations -Winit-self -Wpointer-arith -Wold-style-definition -Wformat-security -MT imap_cmd_move_to_front.o -MD -MP -MF .deps/imap_cmd_move_to_front.Tpo -c -o imap_cmd_move_to_front.o imap_cmd_move_to_front.c
mv -f .deps/imap_cmd_move_to_front.Tpo .deps/imap_cmd_move_to_front.Po
gcc -DHAVE_CONFIG_H -I. -I../..  -I../.. -pthread -I/usr/include/gtk-2.0 -I/usr/lib/x86_64-linux-gnu/gtk-2.0/include -I/usr/include/gio-unix-2.0 -I/usr/include/cairo -I/usr/include/pango-1.0 -I/usr/include/atk-1.0 -I/usr/include/cairo -I/usr/include/pixman-1 -I/usr/include/gdk-pixbuf-2.0 -I/usr/include/libmount -I/usr/include/blkid -I/usr/include/pango-1.0 -I/usr/include/harfbuzz -I/usr/include/pango-1.0 -I/usr/include/fribidi -I/usr/include/uuid -I/usr/include/freetype2 -I/usr/include/libpng16 -I/usr/include/glib-2.0 -I/usr/lib/x86_64-linux-gnu/glib-2.0/include -I/usr/local/include -DGIMP_DISABLE_DEPRECATED -DGDK_MULTIHEAD_SAFE -DGTK_MULTIHEAD_SAFE  -g -O2 -Wall -Wdeclaration-after-statement -Wmissing-prototypes -Wmissing-declarations -Winit-self -Wpointer-arith -Wold-style-definition -Wformat-security -MT imap_cmd_move_up.o -MD -MP -MF .deps/imap_cmd_move_up.Tpo -c -o imap_cmd_move_up.o imap_cmd_move_up.c
mv -f .deps/imap_cmd_move_up.Tpo .deps/imap_cmd_move_up.Po
gcc -DHAVE_CONFIG_H -I. -I../..  -I../.. -pthread -I/usr/include/gtk-2.0 -I/usr/lib/x86_64-linux-gnu/gtk-2.0/include -I/usr/include/gio-unix-2.0 -I/usr/include/cairo -I/usr/include/pango-1.0 -I/usr/include/atk-1.0 -I/usr/include/cairo -I/usr/include/pixman-1 -I/usr/include/gdk-pixbuf-2.0 -I/usr/include/libmount -I/usr/include/blkid -I/usr/include/pango-1.0 -I/usr/include/harfbuzz -I/usr/include/pango-1.0 -I/usr/include/fribidi -I/usr/include/uuid -I/usr/include/freetype2 -I/usr/include/libpng16 -I/usr/include/glib-2.0 -I/usr/lib/x86_64-linux-gnu/glib-2.0/include -I/usr/local/include -DGIMP_DISABLE_DEPRECATED -DGDK_MULTIHEAD_SAFE -DGTK_MULTIHEAD_SAFE  -g -O2 -Wall -Wdeclaration-after-statement -Wmissing-prototypes -Wmissing-declarations -Winit-self -Wpointer-arith -Wold-style-definition -Wformat-security -MT imap_cmd_object_down.o -MD -MP -MF .deps/imap_cmd_object_down.Tpo -c -o imap_cmd_object_down.o imap_cmd_object_down.c
mv -f .deps/imap_cmd_object_down.Tpo .deps/imap_cmd_object_down.Po
gcc -DHAVE_CONFIG_H -I. -I../..  -I../.. -pthread -I/usr/include/gtk-2.0 -I/usr/lib/x86_64-linux-gnu/gtk-2.0/include -I/usr/include/gio-unix-2.0 -I/usr/include/cairo -I/usr/include/pango-1.0 -I/usr/include/atk-1.0 -I/usr/include/cairo -I/usr/include/pixman-1 -I/usr/include/gdk-pixbuf-2.0 -I/usr/include/libmount -I/usr/include/blkid -I/usr/include/pango-1.0 -I/usr/include/harfbuzz -I/usr/include/pango-1.0 -I/usr/include/fribidi -I/usr/include/uuid -I/usr/include/freetype2 -I/usr/include/libpng16 -I/usr/include/glib-2.0 -I/usr/lib/x86_64-linux-gnu/glib-2.0/include -I/usr/local/include -DGIMP_DISABLE_DEPRECATED -DGDK_MULTIHEAD_SAFE -DGTK_MULTIHEAD_SAFE  -g -O2 -Wall -Wdeclaration-after-statement -Wmissing-prototypes -Wmissing-declarations -Winit-self -Wpointer-arith -Wold-style-definition -Wformat-security -MT imap_cmd_object_move.o -MD -MP -MF .deps/imap_cmd_object_move.Tpo -c -o imap_cmd_object_move.o imap_cmd_object_move.c
mv -f .deps/imap_cmd_object_move.Tpo .deps/imap_cmd_object_move.Po
gcc -DHAVE_CONFIG_H -I. -I../..  -I../.. -pthread -I/usr/include/gtk-2.0 -I/usr/lib/x86_64-linux-gnu/gtk-2.0/include -I/usr/include/gio-unix-2.0 -I/usr/include/cairo -I/usr/include/pango-1.0 -I/usr/include/atk-1.0 -I/usr/include/cairo -I/usr/include/pixman-1 -I/usr/include/gdk-pixbuf-2.0 -I/usr/include/libmount -I/usr/include/blkid -I/usr/include/pango-1.0 -I/usr/include/harfbuzz -I/usr/include/pango-1.0 -I/usr/include/fribidi -I/usr/include/uuid -I/usr/include/freetype2 -I/usr/include/libpng16 -I/usr/include/glib-2.0 -I/usr/lib/x86_64-linux-gnu/glib-2.0/include -I/usr/local/include -DGIMP_DISABLE_DEPRECATED -DGDK_MULTIHEAD_SAFE -DGTK_MULTIHEAD_SAFE  -g -O2 -Wall -Wdeclaration-after-statement -Wmissing-prototypes -Wmissing-declarations -Winit-self -Wpointer-arith -Wold-style-definition -Wformat-security -MT imap_cmd_object_up.o -MD -MP -MF .deps/imap_cmd_object_up.Tpo -c -o imap_cmd_object_up.o imap_cmd_object_up.c
mv -f .deps/imap_cmd_object_up.Tpo .deps/imap_cmd_object_up.Po
gcc -DHAVE_CONFIG_H -I. -I../..  -I../.. -pthread -I/usr/include/gtk-2.0 -I/usr/lib/x86_64-linux-gnu/gtk-2.0/include -I/usr/include/gio-unix-2.0 -I/usr/include/cairo -I/usr/include/pango-1.0 -I/usr/include/atk-1.0 -I/usr/include/cairo -I/usr/include/pixman-1 -I/usr/include/gdk-pixbuf-2.0 -I/usr/include/libmount -I/usr/include/blkid -I/usr/include/pango-1.0 -I/usr/include/harfbuzz -I/usr/include/pango-1.0 -I/usr/include/fribidi -I/usr/include/uuid -I/usr/include/freetype2 -I/usr/include/libpng16 -I/usr/include/glib-2.0 -I/usr/lib/x86_64-linux-gnu/glib-2.0/include -I/usr/local/include -DGIMP_DISABLE_DEPRECATED -DGDK_MULTIHEAD_SAFE -DGTK_MULTIHEAD_SAFE  -g -O2 -Wall -Wdeclaration-after-statement -Wmissing-prototypes -Wmissing-declarations -Winit-self -Wpointer-arith -Wold-style-definition -Wformat-security -MT imap_cmd_paste.o -MD -MP -MF .deps/imap_cmd_paste.Tpo -c -o imap_cmd_paste.o imap_cmd_paste.c
mv -f .deps/imap_cmd_paste.Tpo .deps/imap_cmd_paste.Po
gcc -DHAVE_CONFIG_H -I. -I../..  -I../.. -pthread -I/usr/include/gtk-2.0 -I/usr/lib/x86_64-linux-gnu/gtk-2.0/include -I/usr/include/gio-unix-2.0 -I/usr/include/cairo -I/usr/include/pango-1.0 -I/usr/include/atk-1.0 -I/usr/include/cairo -I/usr/include/pixman-1 -I/usr/include/gdk-pixbuf-2.0 -I/usr/include/libmount -I/usr/include/blkid -I/usr/include/pango-1.0 -I/usr/include/harfbuzz -I/usr/include/pango-1.0 -I/usr/include/fribidi -I/usr/include/uuid -I/usr/include/freetype2 -I/usr/include/libpng16 -I/usr/include/glib-2.0 -I/usr/lib/x86_64-linux-gnu/glib-2.0/include -I/usr/local/include -DGIMP_DISABLE_DEPRECATED -DGDK_MULTIHEAD_SAFE -DGTK_MULTIHEAD_SAFE  -g -O2 -Wall -Wdeclaration-after-statement -Wmissing-prototypes -Wmissing-declarations -Winit-self -Wpointer-arith -Wold-style-definition -Wformat-security -MT imap_cmd_select.o -MD -MP -MF .deps/imap_cmd_select.Tpo -c -o imap_cmd_select.o imap_cmd_select.c
mv -f .deps/imap_cmd_select.Tpo .deps/imap_cmd_select.Po
gcc -DHAVE_CONFIG_H -I. -I../..  -I../.. -pthread -I/usr/include/gtk-2.0 -I/usr/lib/x86_64-linux-gnu/gtk-2.0/include -I/usr/include/gio-unix-2.0 -I/usr/include/cairo -I/usr/include/pango-1.0 -I/usr/include/atk-1.0 -I/usr/include/cairo -I/usr/include/pixman-1 -I/usr/include/gdk-pixbuf-2.0 -I/usr/include/libmount -I/usr/include/blkid -I/usr/include/pango-1.0 -I/usr/include/harfbuzz -I/usr/include/pango-1.0 -I/usr/include/fribidi -I/usr/include/uuid -I/usr/include/freetype2 -I/usr/include/libpng16 -I/usr/include/glib-2.0 -I/usr/lib/x86_64-linux-gnu/glib-2.0/include -I/usr/local/include -DGIMP_DISABLE_DEPRECATED -DGDK_MULTIHEAD_SAFE -DGTK_MULTIHEAD_SAFE  -g -O2 -Wall -Wdeclaration-after-statement -Wmissing-prototypes -Wmissing-declarations -Winit-self -Wpointer-arith -Wold-style-definition -Wformat-security -MT imap_cmd_select_all.o -MD -MP -MF .deps/imap_cmd_select_all.Tpo -c -o imap_cmd_select_all.o imap_cmd_select_all.c
mv -f .deps/imap_cmd_select_all.Tpo .deps/imap_cmd_select_all.Po
gcc -DHAVE_CONFIG_H -I. -I../..  -I../.. -pthread -I/usr/include/gtk-2.0 -I/usr/lib/x86_64-linux-gnu/gtk-2.0/include -I/usr/include/gio-unix-2.0 -I/usr/include/cairo -I/usr/include/pango-1.0 -I/usr/include/atk-1.0 -I/usr/include/cairo -I/usr/include/pixman-1 -I/usr/include/gdk-pixbuf-2.0 -I/usr/include/libmount -I/usr/include/blkid -I/usr/include/pango-1.0 -I/usr/include/harfbuzz -I/usr/include/pango-1.0 -I/usr/include/fribidi -I/usr/include/uuid -I/usr/include/freetype2 -I/usr/include/libpng16 -I/usr/include/glib-2.0 -I/usr/lib/x86_64-linux-gnu/glib-2.0/include -I/usr/local/include -DGIMP_DISABLE_DEPRECATED -DGDK_MULTIHEAD_SAFE -DGTK_MULTIHEAD_SAFE  -g -O2 -Wall -Wdeclaration-after-statement -Wmissing-prototypes -Wmissing-declarations -Winit-self -Wpointer-arith -Wold-style-definition -Wformat-security -MT imap_cmd_select_next.o -MD -MP -MF .deps/imap_cmd_select_next.Tpo -c -o imap_cmd_select_next.o imap_cmd_select_next.c
mv -f .deps/imap_cmd_select_next.Tpo .deps/imap_cmd_select_next.Po
gcc -DHAVE_CONFIG_H -I. -I../..  -I../.. -pthread -I/usr/include/gtk-2.0 -I/usr/lib/x86_64-linux-gnu/gtk-2.0/include -I/usr/include/gio-unix-2.0 -I/usr/include/cairo -I/usr/include/pango-1.0 -I/usr/include/atk-1.0 -I/usr/include/cairo -I/usr/include/pixman-1 -I/usr/include/gdk-pixbuf-2.0 -I/usr/include/libmount -I/usr/include/blkid -I/usr/include/pango-1.0 -I/usr/include/harfbuzz -I/usr/include/pango-1.0 -I/usr/include/fribidi -I/usr/include/uuid -I/usr/include/freetype2 -I/usr/include/libpng16 -I/usr/include/glib-2.0 -I/usr/lib/x86_64-linux-gnu/glib-2.0/include -I/usr/local/include -DGIMP_DISABLE_DEPRECATED -DGDK_MULTIHEAD_SAFE -DGTK_MULTIHEAD_SAFE  -g -O2 -Wall -Wdeclaration-after-statement -Wmissing-prototypes -Wmissing-declarations -Winit-self -Wpointer-arith -Wold-style-definition -Wformat-security -MT imap_cmd_select_prev.o -MD -MP -MF .deps/imap_cmd_select_prev.Tpo -c -o imap_cmd_select_prev.o imap_cmd_select_prev.c
mv -f .deps/imap_cmd_select_prev.Tpo .deps/imap_cmd_select_prev.Po
gcc -DHAVE_CONFIG_H -I. -I../..  -I../.. -pthread -I/usr/include/gtk-2.0 -I/usr/lib/x86_64-linux-gnu/gtk-2.0/include -I/usr/include/gio-unix-2.0 -I/usr/include/cairo -I/usr/include/pango-1.0 -I/usr/include/atk-1.0 -I/usr/include/cairo -I/usr/include/pixman-1 -I/usr/include/gdk-pixbuf-2.0 -I/usr/include/libmount -I/usr/include/blkid -I/usr/include/pango-1.0 -I/usr/include/harfbuzz -I/usr/include/pango-1.0 -I/usr/include/fribidi -I/usr/include/uuid -I/usr/include/freetype2 -I/usr/include/libpng16 -I/usr/include/glib-2.0 -I/usr/lib/x86_64-linux-gnu/glib-2.0/include -I/usr/local/include -DGIMP_DISABLE_DEPRECATED -DGDK_MULTIHEAD_SAFE -DGTK_MULTIHEAD_SAFE  -g -O2 -Wall -Wdeclaration-after-statement -Wmissing-prototypes -Wmissing-declarations -Winit-self -Wpointer-arith -Wold-style-definition -Wformat-security -MT imap_cmd_select_region.o -MD -MP -MF .deps/imap_cmd_select_region.Tpo -c -o imap_cmd_select_region.o imap_cmd_select_region.c
mv -f .deps/imap_cmd_select_region.Tpo .deps/imap_cmd_select_region.Po
gcc -DHAVE_CONFIG_H -I. -I../..  -I../.. -pthread -I/usr/include/gtk-2.0 -I/usr/lib/x86_64-linux-gnu/gtk-2.0/include -I/usr/include/gio-unix-2.0 -I/usr/include/cairo -I/usr/include/pango-1.0 -I/usr/include/atk-1.0 -I/usr/include/cairo -I/usr/include/pixman-1 -I/usr/include/gdk-pixbuf-2.0 -I/usr/include/libmount -I/usr/include/blkid -I/usr/include/pango-1.0 -I/usr/include/harfbuzz -I/usr/include/pango-1.0 -I/usr/include/fribidi -I/usr/include/uuid -I/usr/include/freetype2 -I/usr/include/libpng16 -I/usr/include/glib-2.0 -I/usr/lib/x86_64-linux-gnu/glib-2.0/include -I/usr/local/include -DGIMP_DISABLE_DEPRECATED -DGDK_MULTIHEAD_SAFE -DGTK_MULTIHEAD_SAFE  -g -O2 -Wall -Wdeclaration-after-statement -Wmissing-prototypes -Wmissing-declarations -Winit-self -Wpointer-arith -Wold-style-definition -Wformat-security -MT imap_cmd_send_to_back.o -MD -MP -MF .deps/imap_cmd_send_to_back.Tpo -c -o imap_cmd_send_to_back.o imap_cmd_send_to_back.c
mv -f .deps/imap_cmd_send_to_back.Tpo .deps/imap_cmd_send_to_back.Po
gcc -DHAVE_CONFIG_H -I. -I../..  -I../.. -pthread -I/usr/include/gtk-2.0 -I/usr/lib/x86_64-linux-gnu/gtk-2.0/include -I/usr/include/gio-unix-2.0 -I/usr/include/cairo -I/usr/include/pango-1.0 -I/usr/include/atk-1.0 -I/usr/include/cairo -I/usr/include/pixman-1 -I/usr/include/gdk-pixbuf-2.0 -I/usr/include/libmount -I/usr/include/blkid -I/usr/include/pango-1.0 -I/usr/include/harfbuzz -I/usr/include/pango-1.0 -I/usr/include/fribidi -I/usr/include/uuid -I/usr/include/freetype2 -I/usr/include/libpng16 -I/usr/include/glib-2.0 -I/usr/lib/x86_64-linux-gnu/glib-2.0/include -I/usr/local/include -DGIMP_DISABLE_DEPRECATED -DGDK_MULTIHEAD_SAFE -DGTK_MULTIHEAD_SAFE  -g -O2 -Wall -Wdeclaration-after-statement -Wmissing-prototypes -Wmissing-declarations -Winit-self -Wpointer-arith -Wold-style-definition -Wformat-security -MT imap_cmd_unselect.o -MD -MP -MF .deps/imap_cmd_unselect.Tpo -c -o imap_cmd_unselect.o imap_cmd_unselect.c
mv -f .deps/imap_cmd_unselect.Tpo .deps/imap_cmd_unselect.Po
gcc -DHAVE_CONFIG_H -I. -I../..  -I../.. -pthread -I/usr/include/gtk-2.0 -I/usr/lib/x86_64-linux-gnu/gtk-2.0/include -I/usr/include/gio-unix-2.0 -I/usr/include/cairo -I/usr/include/pango-1.0 -I/usr/include/atk-1.0 -I/usr/include/cairo -I/usr/include/pixman-1 -I/usr/include/gdk-pixbuf-2.0 -I/usr/include/libmount -I/usr/include/blkid -I/usr/include/pango-1.0 -I/usr/include/harfbuzz -I/usr/include/pango-1.0 -I/usr/include/fribidi -I/usr/include/uuid -I/usr/include/freetype2 -I/usr/include/libpng16 -I/usr/include/glib-2.0 -I/usr/lib/x86_64-linux-gnu/glib-2.0/include -I/usr/local/include -DGIMP_DISABLE_DEPRECATED -DGDK_MULTIHEAD_SAFE -DGTK_MULTIHEAD_SAFE  -g -O2 -Wall -Wdeclaration-after-statement -Wmissing-prototypes -Wmissing-declarations -Winit-self -Wpointer-arith -Wold-style-definition -Wformat-security -MT imap_cmd_unselect_all.o -MD -MP -MF .deps/imap_cmd_unselect_all.Tpo -c -o imap_cmd_unselect_all.o imap_cmd_unselect_all.c
mv -f .deps/imap_cmd_unselect_all.Tpo .deps/imap_cmd_unselect_all.Po
gcc -DHAVE_CONFIG_H -I. -I../..  -I../.. -pthread -I/usr/include/gtk-2.0 -I/usr/lib/x86_64-linux-gnu/gtk-2.0/include -I/usr/include/gio-unix-2.0 -I/usr/include/cairo -I/usr/include/pango-1.0 -I/usr/include/atk-1.0 -I/usr/include/cairo -I/usr/include/pixman-1 -I/usr/include/gdk-pixbuf-2.0 -I/usr/include/libmount -I/usr/include/blkid -I/usr/include/pango-1.0 -I/usr/include/harfbuzz -I/usr/include/pango-1.0 -I/usr/include/fribidi -I/usr/include/uuid -I/usr/include/freetype2 -I/usr/include/libpng16 -I/usr/include/glib-2.0 -I/usr/lib/x86_64-linux-gnu/glib-2.0/include -I/usr/local/include -DGIMP_DISABLE_DEPRECATED -DGDK_MULTIHEAD_SAFE -DGTK_MULTIHEAD_SAFE  -g -O2 -Wall -Wdeclaration-after-statement -Wmissing-prototypes -Wmissing-declarations -Winit-self -Wpointer-arith -Wold-style-definition -Wformat-security -MT imap_command.o -MD -MP -MF .deps/imap_command.Tpo -c -o imap_command.o imap_command.c
mv -f .deps/imap_command.Tpo .deps/imap_command.Po
gcc -DHAVE_CONFIG_H -I. -I../..  -I../.. -pthread -I/usr/include/gtk-2.0 -I/usr/lib/x86_64-linux-gnu/gtk-2.0/include -I/usr/include/gio-unix-2.0 -I/usr/include/cairo -I/usr/include/pango-1.0 -I/usr/include/atk-1.0 -I/usr/include/cairo -I/usr/include/pixman-1 -I/usr/include/gdk-pixbuf-2.0 -I/usr/include/libmount -I/usr/include/blkid -I/usr/include/pango-1.0 -I/usr/include/harfbuzz -I/usr/include/pango-1.0 -I/usr/include/fribidi -I/usr/include/uuid -I/usr/include/freetype2 -I/usr/include/libpng16 -I/usr/include/glib-2.0 -I/usr/lib/x86_64-linux-gnu/glib-2.0/include -I/usr/local/include -DGIMP_DISABLE_DEPRECATED -DGDK_MULTIHEAD_SAFE -DGTK_MULTIHEAD_SAFE  -g -O2 -Wall -Wdeclaration-after-statement -Wmissing-prototypes -Wmissing-declarations -Winit-self -Wpointer-arith -Wold-style-definition -Wformat-security -MT imap_csim_lex.o -MD -MP -MF .deps/imap_csim_lex.Tpo -c -o imap_csim_lex.o imap_csim_lex.c
<stdout>:1857:5: warning: no previous prototype for ‘csim_get_lineno’ [-Wmissing-prototypes]
<stdout>:1866:7: warning: no previous prototype for ‘csim_get_in’ [-Wmissing-prototypes]
<stdout>:1874:7: warning: no previous prototype for ‘csim_get_out’ [-Wmissing-prototypes]
<stdout>:1882:5: warning: no previous prototype for ‘csim_get_leng’ [-Wmissing-prototypes]
<stdout>:1891:7: warning: no previous prototype for ‘csim_get_text’ [-Wmissing-prototypes]
<stdout>:1900:6: warning: no previous prototype for ‘csim_set_lineno’ [-Wmissing-prototypes]
<stdout>:1912:6: warning: no previous prototype for ‘csim_set_in’ [-Wmissing-prototypes]
<stdout>:1917:6: warning: no previous prototype for ‘csim_set_out’ [-Wmissing-prototypes]
<stdout>:1922:5: warning: no previous prototype for ‘csim_get_debug’ [-Wmissing-prototypes]
<stdout>:1927:6: warning: no previous prototype for ‘csim_set_debug’ [-Wmissing-prototypes]
<stdout>:1961:5: warning: no previous prototype for ‘csim_lex_destroy’ [-Wmissing-prototypes]
<stdout>:1406:16: warning: ‘input’ defined but not used [-Wunused-function]
<stdout>:1365:17: warning: ‘yyunput’ defined but not used [-Wunused-function]
mv -f .deps/imap_csim_lex.Tpo .deps/imap_csim_lex.Po
gcc -DHAVE_CONFIG_H -I. -I../..  -I../.. -pthread -I/usr/include/gtk-2.0 -I/usr/lib/x86_64-linux-gnu/gtk-2.0/include -I/usr/include/gio-unix-2.0 -I/usr/include/cairo -I/usr/include/pango-1.0 -I/usr/include/atk-1.0 -I/usr/include/cairo -I/usr/include/pixman-1 -I/usr/include/gdk-pixbuf-2.0 -I/usr/include/libmount -I/usr/include/blkid -I/usr/include/pango-1.0 -I/usr/include/harfbuzz -I/usr/include/pango-1.0 -I/usr/include/fribidi -I/usr/include/uuid -I/usr/include/freetype2 -I/usr/include/libpng16 -I/usr/include/glib-2.0 -I/usr/lib/x86_64-linux-gnu/glib-2.0/include -I/usr/local/include -DGIMP_DISABLE_DEPRECATED -DGDK_MULTIHEAD_SAFE -DGTK_MULTIHEAD_SAFE  -g -O2 -Wall -Wdeclaration-after-statement -Wmissing-prototypes -Wmissing-declarations -Winit-self -Wpointer-arith -Wold-style-definition -Wformat-security -MT imap_csim_parse.o -MD -MP -MF .deps/imap_csim_parse.Tpo -c -o imap_csim_parse.o imap_csim_parse.c
mv -f .deps/imap_csim_parse.Tpo .deps/imap_csim_parse.Po
gcc -DHAVE_CONFIG_H -I. -I../..  -I../.. -pthread -I/usr/include/gtk-2.0 -I/usr/lib/x86_64-linux-gnu/gtk-2.0/include -I/usr/include/gio-unix-2.0 -I/usr/include/cairo -I/usr/include/pango-1.0 -I/usr/include/atk-1.0 -I/usr/include/cairo -I/usr/include/pixman-1 -I/usr/include/gdk-pixbuf-2.0 -I/usr/include/libmount -I/usr/include/blkid -I/usr/include/pango-1.0 -I/usr/include/harfbuzz -I/usr/include/pango-1.0 -I/usr/include/fribidi -I/usr/include/uuid -I/usr/include/freetype2 -I/usr/include/libpng16 -I/usr/include/glib-2.0 -I/usr/lib/x86_64-linux-gnu/glib-2.0/include -I/usr/local/include -DGIMP_DISABLE_DEPRECATED -DGDK_MULTIHEAD_SAFE -DGTK_MULTIHEAD_SAFE  -g -O2 -Wall -Wdeclaration-after-statement -Wmissing-prototypes -Wmissing-declarations -Winit-self -Wpointer-arith -Wold-style-definition -Wformat-security -MT imap_default_dialog.o -MD -MP -MF .deps/imap_default_dialog.Tpo -c -o imap_default_dialog.o imap_default_dialog.c
mv -f .deps/imap_default_dialog.Tpo .deps/imap_default_dialog.Po
gcc -DHAVE_CONFIG_H -I. -I../..  -I../.. -pthread -I/usr/include/gtk-2.0 -I/usr/lib/x86_64-linux-gnu/gtk-2.0/include -I/usr/include/gio-unix-2.0 -I/usr/include/cairo -I/usr/include/pango-1.0 -I/usr/include/atk-1.0 -I/usr/include/cairo -I/usr/include/pixman-1 -I/usr/include/gdk-pixbuf-2.0 -I/usr/include/libmount -I/usr/include/blkid -I/usr/include/pango-1.0 -I/usr/include/harfbuzz -I/usr/include/pango-1.0 -I/usr/include/fribidi -I/usr/include/uuid -I/usr/include/freetype2 -I/usr/include/libpng16 -I/usr/include/glib-2.0 -I/usr/lib/x86_64-linux-gnu/glib-2.0/include -I/usr/local/include -DGIMP_DISABLE_DEPRECATED -DGDK_MULTIHEAD_SAFE -DGTK_MULTIHEAD_SAFE  -g -O2 -Wall -Wdeclaration-after-statement -Wmissing-prototypes -Wmissing-declarations -Winit-self -Wpointer-arith -Wold-style-definition -Wformat-security -MT imap_edit_area_info.o -MD -MP -MF .deps/imap_edit_area_info.Tpo -c -o imap_edit_area_info.o imap_edit_area_info.c
mv -f .deps/imap_edit_area_info.Tpo .deps/imap_edit_area_info.Po
gcc -DHAVE_CONFIG_H -I. -I../..  -I../.. -pthread -I/usr/include/gtk-2.0 -I/usr/lib/x86_64-linux-gnu/gtk-2.0/include -I/usr/include/gio-unix-2.0 -I/usr/include/cairo -I/usr/include/pango-1.0 -I/usr/include/atk-1.0 -I/usr/include/cairo -I/usr/include/pixman-1 -I/usr/include/gdk-pixbuf-2.0 -I/usr/include/libmount -I/usr/include/blkid -I/usr/include/pango-1.0 -I/usr/include/harfbuzz -I/usr/include/pango-1.0 -I/usr/include/fribidi -I/usr/include/uuid -I/usr/include/freetype2 -I/usr/include/libpng16 -I/usr/include/glib-2.0 -I/usr/lib/x86_64-linux-gnu/glib-2.0/include -I/usr/local/include -DGIMP_DISABLE_DEPRECATED -DGDK_MULTIHEAD_SAFE -DGTK_MULTIHEAD_SAFE  -g -O2 -Wall -Wdeclaration-after-statement -Wmissing-prototypes -Wmissing-declarations -Winit-self -Wpointer-arith -Wold-style-definition -Wformat-security -MT imap_file.o -MD -MP -MF .deps/imap_file.Tpo -c -o imap_file.o imap_file.c
mv -f .deps/imap_file.Tpo .deps/imap_file.Po
gcc -DHAVE_CONFIG_H -I. -I../..  -I../.. -pthread -I/usr/include/gtk-2.0 -I/usr/lib/x86_64-linux-gnu/gtk-2.0/include -I/usr/include/gio-unix-2.0 -I/usr/include/cairo -I/usr/include/pango-1.0 -I/usr/include/atk-1.0 -I/usr/include/cairo -I/usr/include/pixman-1 -I/usr/include/gdk-pixbuf-2.0 -I/usr/include/libmount -I/usr/include/blkid -I/usr/include/pango-1.0 -I/usr/include/harfbuzz -I/usr/include/pango-1.0 -I/usr/include/fribidi -I/usr/include/uuid -I/usr/include/freetype2 -I/usr/include/libpng16 -I/usr/include/glib-2.0 -I/usr/lib/x86_64-linux-gnu/glib-2.0/include -I/usr/local/include -DGIMP_DISABLE_DEPRECATED -DGDK_MULTIHEAD_SAFE -DGTK_MULTIHEAD_SAFE  -g -O2 -Wall -Wdeclaration-after-statement -Wmissing-prototypes -Wmissing-declarations -Winit-self -Wpointer-arith -Wold-style-definition -Wformat-security -MT imap_grid.o -MD -MP -MF .deps/imap_grid.Tpo -c -o imap_grid.o imap_grid.c
mv -f .deps/imap_grid.Tpo .deps/imap_grid.Po
gcc -DHAVE_CONFIG_H -I. -I../..  -I../.. -pthread -I/usr/include/gtk-2.0 -I/usr/lib/x86_64-linux-gnu/gtk-2.0/include -I/usr/include/gio-unix-2.0 -I/usr/include/cairo -I/usr/include/pango-1.0 -I/usr/include/atk-1.0 -I/usr/include/cairo -I/usr/include/pixman-1 -I/usr/include/gdk-pixbuf-2.0 -I/usr/include/libmount -I/usr/include/blkid -I/usr/include/pango-1.0 -I/usr/include/harfbuzz -I/usr/include/pango-1.0 -I/usr/include/fribidi -I/usr/include/uuid -I/usr/include/freetype2 -I/usr/include/libpng16 -I/usr/include/glib-2.0 -I/usr/lib/x86_64-linux-gnu/glib-2.0/include -I/usr/local/include -DGIMP_DISABLE_DEPRECATED -DGDK_MULTIHEAD_SAFE -DGTK_MULTIHEAD_SAFE  -g -O2 -Wall -Wdeclaration-after-statement -Wmissing-prototypes -Wmissing-declarations -Winit-self -Wpointer-arith -Wold-style-definition -Wformat-security -MT imap_main.o -MD -MP -MF .deps/imap_main.Tpo -c -o imap_main.o imap_main.c
mv -f .deps/imap_main.Tpo .deps/imap_main.Po
gcc -DHAVE_CONFIG_H -I. -I../..  -I../.. -pthread -I/usr/include/gtk-2.0 -I/usr/lib/x86_64-linux-gnu/gtk-2.0/include -I/usr/include/gio-unix-2.0 -I/usr/include/cairo -I/usr/include/pango-1.0 -I/usr/include/atk-1.0 -I/usr/include/cairo -I/usr/include/pixman-1 -I/usr/include/gdk-pixbuf-2.0 -I/usr/include/libmount -I/usr/include/blkid -I/usr/include/pango-1.0 -I/usr/include/harfbuzz -I/usr/include/pango-1.0 -I/usr/include/fribidi -I/usr/include/uuid -I/usr/include/freetype2 -I/usr/include/libpng16 -I/usr/include/glib-2.0 -I/usr/lib/x86_64-linux-gnu/glib-2.0/include -I/usr/local/include -DGIMP_DISABLE_DEPRECATED -DGDK_MULTIHEAD_SAFE -DGTK_MULTIHEAD_SAFE  -g -O2 -Wall -Wdeclaration-after-statement -Wmissing-prototypes -Wmissing-declarations -Winit-self -Wpointer-arith -Wold-style-definition -Wformat-security -MT imap_menu.o -MD -MP -MF .deps/imap_menu.Tpo -c -o imap_menu.o imap_menu.c
mv -f .deps/imap_menu.Tpo .deps/imap_menu.Po
gcc -DHAVE_CONFIG_H -I. -I../..  -I../.. -pthread -I/usr/include/gtk-2.0 -I/usr/lib/x86_64-linux-gnu/gtk-2.0/include -I/usr/include/gio-unix-2.0 -I/usr/include/cairo -I/usr/include/pango-1.0 -I/usr/include/atk-1.0 -I/usr/include/cairo -I/usr/include/pixman-1 -I/usr/include/gdk-pixbuf-2.0 -I/usr/include/libmount -I/usr/include/blkid -I/usr/include/pango-1.0 -I/usr/include/harfbuzz -I/usr/include/pango-1.0 -I/usr/include/fribidi -I/usr/include/uuid -I/usr/include/freetype2 -I/usr/include/libpng16 -I/usr/include/glib-2.0 -I/usr/lib/x86_64-linux-gnu/glib-2.0/include -I/usr/local/include -DGIMP_DISABLE_DEPRECATED -DGDK_MULTIHEAD_SAFE -DGTK_MULTIHEAD_SAFE  -g -O2 -Wall -Wdeclaration-after-statement -Wmissing-prototypes -Wmissing-declarations -Winit-self -Wpointer-arith -Wold-style-definition -Wformat-security -MT imap_menu_funcs.o -MD -MP -MF .deps/imap_menu_funcs.Tpo -c -o imap_menu_funcs.o imap_menu_funcs.c
mv -f .deps/imap_menu_funcs.Tpo .deps/imap_menu_funcs.Po
gcc -DHAVE_CONFIG_H -I. -I../..  -I../.. -pthread -I/usr/include/gtk-2.0 -I/usr/lib/x86_64-linux-gnu/gtk-2.0/include -I/usr/include/gio-unix-2.0 -I/usr/include/cairo -I/usr/include/pango-1.0 -I/usr/include/atk-1.0 -I/usr/include/cairo -I/usr/include/pixman-1 -I/usr/include/gdk-pixbuf-2.0 -I/usr/include/libmount -I/usr/include/blkid -I/usr/include/pango-1.0 -I/usr/include/harfbuzz -I/usr/include/pango-1.0 -I/usr/include/fribidi -I/usr/include/uuid -I/usr/include/freetype2 -I/usr/include/libpng16 -I/usr/include/glib-2.0 -I/usr/lib/x86_64-linux-gnu/glib-2.0/include -I/usr/local/include -DGIMP_DISABLE_DEPRECATED -DGDK_MULTIHEAD_SAFE -DGTK_MULTIHEAD_SAFE  -g -O2 -Wall -Wdeclaration-after-statement -Wmissing-prototypes -Wmissing-declarations -Winit-self -Wpointer-arith -Wold-style-definition -Wformat-security -MT imap_misc.o -MD -MP -MF .deps/imap_misc.Tpo -c -o imap_misc.o imap_misc.c
mv -f .deps/imap_misc.Tpo .deps/imap_misc.Po
gcc -DHAVE_CONFIG_H -I. -I../..  -I../.. -pthread -I/usr/include/gtk-2.0 -I/usr/lib/x86_64-linux-gnu/gtk-2.0/include -I/usr/include/gio-unix-2.0 -I/usr/include/cairo -I/usr/include/pango-1.0 -I/usr/include/atk-1.0 -I/usr/include/cairo -I/usr/include/pixman-1 -I/usr/include/gdk-pixbuf-2.0 -I/usr/include/libmount -I/usr/include/blkid -I/usr/include/pango-1.0 -I/usr/include/harfbuzz -I/usr/include/pango-1.0 -I/usr/include/fribidi -I/usr/include/uuid -I/usr/include/freetype2 -I/usr/include/libpng16 -I/usr/include/glib-2.0 -I/usr/lib/x86_64-linux-gnu/glib-2.0/include -I/usr/local/include -DGIMP_DISABLE_DEPRECATED -DGDK_MULTIHEAD_SAFE -DGTK_MULTIHEAD_SAFE  -g -O2 -Wall -Wdeclaration-after-statement -Wmissing-prototypes -Wmissing-declarations -Winit-self -Wpointer-arith -Wold-style-definition -Wformat-security -MT imap_mru.o -MD -MP -MF .deps/imap_mru.Tpo -c -o imap_mru.o imap_mru.c
mv -f .deps/imap_mru.Tpo .deps/imap_mru.Po
gcc -DHAVE_CONFIG_H -I. -I../..  -I../.. -pthread -I/usr/include/gtk-2.0 -I/usr/lib/x86_64-linux-gnu/gtk-2.0/include -I/usr/include/gio-unix-2.0 -I/usr/include/cairo -I/usr/include/pango-1.0 -I/usr/include/atk-1.0 -I/usr/include/cairo -I/usr/include/pixman-1 -I/usr/include/gdk-pixbuf-2.0 -I/usr/include/libmount -I/usr/include/blkid -I/usr/include/pango-1.0 -I/usr/include/harfbuzz -I/usr/include/pango-1.0 -I/usr/include/fribidi -I/usr/include/uuid -I/usr/include/freetype2 -I/usr/include/libpng16 -I/usr/include/glib-2.0 -I/usr/lib/x86_64-linux-gnu/glib-2.0/include -I/usr/local/include -DGIMP_DISABLE_DEPRECATED -DGDK_MULTIHEAD_SAFE -DGTK_MULTIHEAD_SAFE  -g -O2 -Wall -Wdeclaration-after-statement -Wmissing-prototypes -Wmissing-declarations -Winit-self -Wpointer-arith -Wold-style-definition -Wformat-security -MT imap_ncsa_lex.o -MD -MP -MF .deps/imap_ncsa_lex.Tpo -c -o imap_ncsa_lex.o imap_ncsa_lex.c
<stdout>:1725:5: warning: no previous prototype for ‘ncsa_get_lineno’ [-Wmissing-prototypes]
<stdout>:1734:7: warning: no previous prototype for ‘ncsa_get_in’ [-Wmissing-prototypes]
<stdout>:1742:7: warning: no previous prototype for ‘ncsa_get_out’ [-Wmissing-prototypes]
<stdout>:1750:5: warning: no previous prototype for ‘ncsa_get_leng’ [-Wmissing-prototypes]
<stdout>:1759:7: warning: no previous prototype for ‘ncsa_get_text’ [-Wmissing-prototypes]
<stdout>:1768:6: warning: no previous prototype for ‘ncsa_set_lineno’ [-Wmissing-prototypes]
<stdout>:1780:6: warning: no previous prototype for ‘ncsa_set_in’ [-Wmissing-prototypes]
<stdout>:1785:6: warning: no previous prototype for ‘ncsa_set_out’ [-Wmissing-prototypes]
<stdout>:1790:5: warning: no previous prototype for ‘ncsa_get_debug’ [-Wmissing-prototypes]
<stdout>:1795:6: warning: no previous prototype for ‘ncsa_set_debug’ [-Wmissing-prototypes]
<stdout>:1829:5: warning: no previous prototype for ‘ncsa_lex_destroy’ [-Wmissing-prototypes]
<stdout>:1274:16: warning: ‘input’ defined but not used [-Wunused-function]
<stdout>:1233:17: warning: ‘yyunput’ defined but not used [-Wunused-function]
mv -f .deps/imap_ncsa_lex.Tpo .deps/imap_ncsa_lex.Po
gcc -DHAVE_CONFIG_H -I. -I../..  -I../.. -pthread -I/usr/include/gtk-2.0 -I/usr/lib/x86_64-linux-gnu/gtk-2.0/include -I/usr/include/gio-unix-2.0 -I/usr/include/cairo -I/usr/include/pango-1.0 -I/usr/include/atk-1.0 -I/usr/include/cairo -I/usr/include/pixman-1 -I/usr/include/gdk-pixbuf-2.0 -I/usr/include/libmount -I/usr/include/blkid -I/usr/include/pango-1.0 -I/usr/include/harfbuzz -I/usr/include/pango-1.0 -I/usr/include/fribidi -I/usr/include/uuid -I/usr/include/freetype2 -I/usr/include/libpng16 -I/usr/include/glib-2.0 -I/usr/lib/x86_64-linux-gnu/glib-2.0/include -I/usr/local/include -DGIMP_DISABLE_DEPRECATED -DGDK_MULTIHEAD_SAFE -DGTK_MULTIHEAD_SAFE  -g -O2 -Wall -Wdeclaration-after-statement -Wmissing-prototypes -Wmissing-declarations -Winit-self -Wpointer-arith -Wold-style-definition -Wformat-security -MT imap_ncsa_parse.o -MD -MP -MF .deps/imap_ncsa_parse.Tpo -c -o imap_ncsa_parse.o imap_ncsa_parse.c
mv -f .deps/imap_ncsa_parse.Tpo .deps/imap_ncsa_parse.Po
gcc -DHAVE_CONFIG_H -I. -I../..  -I../.. -pthread -I/usr/include/gtk-2.0 -I/usr/lib/x86_64-linux-gnu/gtk-2.0/include -I/usr/include/gio-unix-2.0 -I/usr/include/cairo -I/usr/include/pango-1.0 -I/usr/include/atk-1.0 -I/usr/include/cairo -I/usr/include/pixman-1 -I/usr/include/gdk-pixbuf-2.0 -I/usr/include/libmount -I/usr/include/blkid -I/usr/include/pango-1.0 -I/usr/include/harfbuzz -I/usr/include/pango-1.0 -I/usr/include/fribidi -I/usr/include/uuid -I/usr/include/freetype2 -I/usr/include/libpng16 -I/usr/include/glib-2.0 -I/usr/lib/x86_64-linux-gnu/glib-2.0/include -I/usr/local/include -DGIMP_DISABLE_DEPRECATED -DGDK_MULTIHEAD_SAFE -DGTK_MULTIHEAD_SAFE  -g -O2 -Wall -Wdeclaration-after-statement -Wmissing-prototypes -Wmissing-declarations -Winit-self -Wpointer-arith -Wold-style-definition -Wformat-security -MT imap_object.o -MD -MP -MF .deps/imap_object.Tpo -c -o imap_object.o imap_object.c
mv -f .deps/imap_object.Tpo .deps/imap_object.Po
gcc -DHAVE_CONFIG_H -I. -I../..  -I../.. -pthread -I/usr/include/gtk-2.0 -I/usr/lib/x86_64-linux-gnu/gtk-2.0/include -I/usr/include/gio-unix-2.0 -I/usr/include/cairo -I/usr/include/pango-1.0 -I/usr/include/atk-1.0 -I/usr/include/cairo -I/usr/include/pixman-1 -I/usr/include/gdk-pixbuf-2.0 -I/usr/include/libmount -I/usr/include/blkid -I/usr/include/pango-1.0 -I/usr/include/harfbuzz -I/usr/include/pango-1.0 -I/usr/include/fribidi -I/usr/include/uuid -I/usr/include/freetype2 -I/usr/include/libpng16 -I/usr/include/glib-2.0 -I/usr/lib/x86_64-linux-gnu/glib-2.0/include -I/usr/local/include -DGIMP_DISABLE_DEPRECATED -DGDK_MULTIHEAD_SAFE -DGTK_MULTIHEAD_SAFE  -g -O2 -Wall -Wdeclaration-after-statement -Wmissing-prototypes -Wmissing-declarations -Winit-self -Wpointer-arith -Wold-style-definition -Wformat-security -MT imap_object_popup.o -MD -MP -MF .deps/imap_object_popup.Tpo -c -o imap_object_popup.o imap_object_popup.c
mv -f .deps/imap_object_popup.Tpo .deps/imap_object_popup.Po
gcc -DHAVE_CONFIG_H -I. -I../..  -I../.. -pthread -I/usr/include/gtk-2.0 -I/usr/lib/x86_64-linux-gnu/gtk-2.0/include -I/usr/include/gio-unix-2.0 -I/usr/include/cairo -I/usr/include/pango-1.0 -I/usr/include/atk-1.0 -I/usr/include/cairo -I/usr/include/pixman-1 -I/usr/include/gdk-pixbuf-2.0 -I/usr/include/libmount -I/usr/include/blkid -I/usr/include/pango-1.0 -I/usr/include/harfbuzz -I/usr/include/pango-1.0 -I/usr/include/fribidi -I/usr/include/uuid -I/usr/include/freetype2 -I/usr/include/libpng16 -I/usr/include/glib-2.0 -I/usr/lib/x86_64-linux-gnu/glib-2.0/include -I/usr/local/include -DGIMP_DISABLE_DEPRECATED -DGDK_MULTIHEAD_SAFE -DGTK_MULTIHEAD_SAFE  -g -O2 -Wall -Wdeclaration-after-statement -Wmissing-prototypes -Wmissing-declarations -Winit-self -Wpointer-arith -Wold-style-definition -Wformat-security -MT imap_polygon.o -MD -MP -MF .deps/imap_polygon.Tpo -c -o imap_polygon.o imap_polygon.c
mv -f .deps/imap_polygon.Tpo .deps/imap_polygon.Po
gcc -DHAVE_CONFIG_H -I. -I../..  -I../.. -pthread -I/usr/include/gtk-2.0 -I/usr/lib/x86_64-linux-gnu/gtk-2.0/include -I/usr/include/gio-unix-2.0 -I/usr/include/cairo -I/usr/include/pango-1.0 -I/usr/include/atk-1.0 -I/usr/include/cairo -I/usr/include/pixman-1 -I/usr/include/gdk-pixbuf-2.0 -I/usr/include/libmount -I/usr/include/blkid -I/usr/include/pango-1.0 -I/usr/include/harfbuzz -I/usr/include/pango-1.0 -I/usr/include/fribidi -I/usr/include/uuid -I/usr/include/freetype2 -I/usr/include/libpng16 -I/usr/include/glib-2.0 -I/usr/lib/x86_64-linux-gnu/glib-2.0/include -I/usr/local/include -DGIMP_DISABLE_DEPRECATED -DGDK_MULTIHEAD_SAFE -DGTK_MULTIHEAD_SAFE  -g -O2 -Wall -Wdeclaration-after-statement -Wmissing-prototypes -Wmissing-declarations -Winit-self -Wpointer-arith -Wold-style-definition -Wformat-security -MT imap_preferences.o -MD -MP -MF .deps/imap_preferences.Tpo -c -o imap_preferences.o imap_preferences.c
mv -f .deps/imap_preferences.Tpo .deps/imap_preferences.Po
gcc -DHAVE_CONFIG_H -I. -I../..  -I../.. -pthread -I/usr/include/gtk-2.0 -I/usr/lib/x86_64-linux-gnu/gtk-2.0/include -I/usr/include/gio-unix-2.0 -I/usr/include/cairo -I/usr/include/pango-1.0 -I/usr/include/atk-1.0 -I/usr/include/cairo -I/usr/include/pixman-1 -I/usr/include/gdk-pixbuf-2.0 -I/usr/include/libmount -I/usr/include/blkid -I/usr/include/pango-1.0 -I/usr/include/harfbuzz -I/usr/include/pango-1.0 -I/usr/include/fribidi -I/usr/include/uuid -I/usr/include/freetype2 -I/usr/include/libpng16 -I/usr/include/glib-2.0 -I/usr/lib/x86_64-linux-gnu/glib-2.0/include -I/usr/local/include -DGIMP_DISABLE_DEPRECATED -DGDK_MULTIHEAD_SAFE -DGTK_MULTIHEAD_SAFE  -g -O2 -Wall -Wdeclaration-after-statement -Wmissing-prototypes -Wmissing-declarations -Winit-self -Wpointer-arith -Wold-style-definition -Wformat-security -MT imap_preview.o -MD -MP -MF .deps/imap_preview.Tpo -c -o imap_preview.o imap_preview.c
mv -f .deps/imap_preview.Tpo .deps/imap_preview.Po
gcc -DHAVE_CONFIG_H -I. -I../..  -I../.. -pthread -I/usr/include/gtk-2.0 -I/usr/lib/x86_64-linux-gnu/gtk-2.0/include -I/usr/include/gio-unix-2.0 -I/usr/include/cairo -I/usr/include/pango-1.0 -I/usr/include/atk-1.0 -I/usr/include/cairo -I/usr/include/pixman-1 -I/usr/include/gdk-pixbuf-2.0 -I/usr/include/libmount -I/usr/include/blkid -I/usr/include/pango-1.0 -I/usr/include/harfbuzz -I/usr/include/pango-1.0 -I/usr/include/fribidi -I/usr/include/uuid -I/usr/include/freetype2 -I/usr/include/libpng16 -I/usr/include/glib-2.0 -I/usr/lib/x86_64-linux-gnu/glib-2.0/include -I/usr/local/include -DGIMP_DISABLE_DEPRECATED -DGDK_MULTIHEAD_SAFE -DGTK_MULTIHEAD_SAFE  -g -O2 -Wall -Wdeclaration-after-statement -Wmissing-prototypes -Wmissing-declarations -Winit-self -Wpointer-arith -Wold-style-definition -Wformat-security -MT imap_rectangle.o -MD -MP -MF .deps/imap_rectangle.Tpo -c -o imap_rectangle.o imap_rectangle.c
mv -f .deps/imap_rectangle.Tpo .deps/imap_rectangle.Po
gcc -DHAVE_CONFIG_H -I. -I../..  -I../.. -pthread -I/usr/include/gtk-2.0 -I/usr/lib/x86_64-linux-gnu/gtk-2.0/include -I/usr/include/gio-unix-2.0 -I/usr/include/cairo -I/usr/include/pango-1.0 -I/usr/include/atk-1.0 -I/usr/include/cairo -I/usr/include/pixman-1 -I/usr/include/gdk-pixbuf-2.0 -I/usr/include/libmount -I/usr/include/blkid -I/usr/include/pango-1.0 -I/usr/include/harfbuzz -I/usr/include/pango-1.0 -I/usr/include/fribidi -I/usr/include/uuid -I/usr/include/freetype2 -I/usr/include/libpng16 -I/usr/include/glib-2.0 -I/usr/lib/x86_64-linux-gnu/glib-2.0/include -I/usr/local/include -DGIMP_DISABLE_DEPRECATED -DGDK_MULTIHEAD_SAFE -DGTK_MULTIHEAD_SAFE  -g -O2 -Wall -Wdeclaration-after-statement -Wmissing-prototypes -Wmissing-declarations -Winit-self -Wpointer-arith -Wold-style-definition -Wformat-security -MT imap_selection.o -MD -MP -MF .deps/imap_selection.Tpo -c -o imap_selection.o imap_selection.c
mv -f .deps/imap_selection.Tpo .deps/imap_selection.Po
gcc -DHAVE_CONFIG_H -I. -I../..  -I../.. -pthread -I/usr/include/gtk-2.0 -I/usr/lib/x86_64-linux-gnu/gtk-2.0/include -I/usr/include/gio-unix-2.0 -I/usr/include/cairo -I/usr/include/pango-1.0 -I/usr/include/atk-1.0 -I/usr/include/cairo -I/usr/include/pixman-1 -I/usr/include/gdk-pixbuf-2.0 -I/usr/include/libmount -I/usr/include/blkid -I/usr/include/pango-1.0 -I/usr/include/harfbuzz -I/usr/include/pango-1.0 -I/usr/include/fribidi -I/usr/include/uuid -I/usr/include/freetype2 -I/usr/include/libpng16 -I/usr/include/glib-2.0 -I/usr/lib/x86_64-linux-gnu/glib-2.0/include -I/usr/local/include -DGIMP_DISABLE_DEPRECATED -DGDK_MULTIHEAD_SAFE -DGTK_MULTIHEAD_SAFE  -g -O2 -Wall -Wdeclaration-after-statement -Wmissing-prototypes -Wmissing-declarations -Winit-self -Wpointer-arith -Wold-style-definition -Wformat-security -MT imap_settings.o -MD -MP -MF .deps/imap_settings.Tpo -c -o imap_settings.o imap_settings.c
mv -f .deps/imap_settings.Tpo .deps/imap_settings.Po
gcc -DHAVE_CONFIG_H -I. -I../..  -I../.. -pthread -I/usr/include/gtk-2.0 -I/usr/lib/x86_64-linux-gnu/gtk-2.0/include -I/usr/include/gio-unix-2.0 -I/usr/include/cairo -I/usr/include/pango-1.0 -I/usr/include/atk-1.0 -I/usr/include/cairo -I/usr/include/pixman-1 -I/usr/include/gdk-pixbuf-2.0 -I/usr/include/libmount -I/usr/include/blkid -I/usr/include/pango-1.0 -I/usr/include/harfbuzz -I/usr/include/pango-1.0 -I/usr/include/fribidi -I/usr/include/uuid -I/usr/include/freetype2 -I/usr/include/libpng16 -I/usr/include/glib-2.0 -I/usr/lib/x86_64-linux-gnu/glib-2.0/include -I/usr/local/include -DGIMP_DISABLE_DEPRECATED -DGDK_MULTIHEAD_SAFE -DGTK_MULTIHEAD_SAFE  -g -O2 -Wall -Wdeclaration-after-statement -Wmissing-prototypes -Wmissing-declarations -Winit-self -Wpointer-arith -Wold-style-definition -Wformat-security -MT imap_source.o -MD -MP -MF .deps/imap_source.Tpo -c -o imap_source.o imap_source.c
mv -f .deps/imap_source.Tpo .deps/imap_source.Po
gcc -DHAVE_CONFIG_H -I. -I../..  -I../.. -pthread -I/usr/include/gtk-2.0 -I/usr/lib/x86_64-linux-gnu/gtk-2.0/include -I/usr/include/gio-unix-2.0 -I/usr/include/cairo -I/usr/include/pango-1.0 -I/usr/include/atk-1.0 -I/usr/include/cairo -I/usr/include/pixman-1 -I/usr/include/gdk-pixbuf-2.0 -I/usr/include/libmount -I/usr/include/blkid -I/usr/include/pango-1.0 -I/usr/include/harfbuzz -I/usr/include/pango-1.0 -I/usr/include/fribidi -I/usr/include/uuid -I/usr/include/freetype2 -I/usr/include/libpng16 -I/usr/include/glib-2.0 -I/usr/lib/x86_64-linux-gnu/glib-2.0/include -I/usr/local/include -DGIMP_DISABLE_DEPRECATED -DGDK_MULTIHEAD_SAFE -DGTK_MULTIHEAD_SAFE  -g -O2 -Wall -Wdeclaration-after-statement -Wmissing-prototypes -Wmissing-declarations -Winit-self -Wpointer-arith -Wold-style-definition -Wformat-security -MT imap_stock.o -MD -MP -MF .deps/imap_stock.Tpo -c -o imap_stock.o imap_stock.c
imap_stock.c: In function ‘add_stock_icon’:
imap_stock.c:59:3: warning: ‘gdk_pixbuf_new_from_inline’ is deprecated [-Wdeprecated-declarations]
   pixbuf = gdk_pixbuf_new_from_inline (-1, inline_data, FALSE, NULL);
   ^~~~~~
In file included from /usr/include/gdk-pixbuf-2.0/gdk-pixbuf/gdk-pixbuf.h:34,
                 from /usr/include/gtk-2.0/gdk/gdkpixbuf.h:37,
                 from /usr/include/gtk-2.0/gdk/gdkcairo.h:28,
                 from /usr/include/gtk-2.0/gdk/gdk.h:33,
                 from /usr/include/gtk-2.0/gtk/gtk.h:32,
                 from imap_stock.c:26:
/usr/include/gdk-pixbuf-2.0/gdk-pixbuf/gdk-pixbuf-core.h:362:12: note: declared here
 GdkPixbuf* gdk_pixbuf_new_from_inline (gint          data_length,
            ^~~~~~~~~~~~~~~~~~~~~~~~~~
mv -f .deps/imap_stock.Tpo .deps/imap_stock.Po
gcc -DHAVE_CONFIG_H -I. -I../..  -I../.. -pthread -I/usr/include/gtk-2.0 -I/usr/lib/x86_64-linux-gnu/gtk-2.0/include -I/usr/include/gio-unix-2.0 -I/usr/include/cairo -I/usr/include/pango-1.0 -I/usr/include/atk-1.0 -I/usr/include/cairo -I/usr/include/pixman-1 -I/usr/include/gdk-pixbuf-2.0 -I/usr/include/libmount -I/usr/include/blkid -I/usr/include/pango-1.0 -I/usr/include/harfbuzz -I/usr/include/pango-1.0 -I/usr/include/fribidi -I/usr/include/uuid -I/usr/include/freetype2 -I/usr/include/libpng16 -I/usr/include/glib-2.0 -I/usr/lib/x86_64-linux-gnu/glib-2.0/include -I/usr/local/include -DGIMP_DISABLE_DEPRECATED -DGDK_MULTIHEAD_SAFE -DGTK_MULTIHEAD_SAFE  -g -O2 -Wall -Wdeclaration-after-statement -Wmissing-prototypes -Wmissing-declarations -Winit-self -Wpointer-arith -Wold-style-definition -Wformat-security -MT imap_statusbar.o -MD -MP -MF .deps/imap_statusbar.Tpo -c -o imap_statusbar.o imap_statusbar.c
mv -f .deps/imap_statusbar.Tpo .deps/imap_statusbar.Po
gcc -DHAVE_CONFIG_H -I. -I../..  -I../.. -pthread -I/usr/include/gtk-2.0 -I/usr/lib/x86_64-linux-gnu/gtk-2.0/include -I/usr/include/gio-unix-2.0 -I/usr/include/cairo -I/usr/include/pango-1.0 -I/usr/include/atk-1.0 -I/usr/include/cairo -I/usr/include/pixman-1 -I/usr/include/gdk-pixbuf-2.0 -I/usr/include/libmount -I/usr/include/blkid -I/usr/include/pango-1.0 -I/usr/include/harfbuzz -I/usr/include/pango-1.0 -I/usr/include/fribidi -I/usr/include/uuid -I/usr/include/freetype2 -I/usr/include/libpng16 -I/usr/include/glib-2.0 -I/usr/lib/x86_64-linux-gnu/glib-2.0/include -I/usr/local/include -DGIMP_DISABLE_DEPRECATED -DGDK_MULTIHEAD_SAFE -DGTK_MULTIHEAD_SAFE  -g -O2 -Wall -Wdeclaration-after-statement -Wmissing-prototypes -Wmissing-declarations -Winit-self -Wpointer-arith -Wold-style-definition -Wformat-security -MT imap_string.o -MD -MP -MF .deps/imap_string.Tpo -c -o imap_string.o imap_string.c
mv -f .deps/imap_string.Tpo .deps/imap_string.Po
gcc -DHAVE_CONFIG_H -I. -I../..  -I../.. -pthread -I/usr/include/gtk-2.0 -I/usr/lib/x86_64-linux-gnu/gtk-2.0/include -I/usr/include/gio-unix-2.0 -I/usr/include/cairo -I/usr/include/pango-1.0 -I/usr/include/atk-1.0 -I/usr/include/cairo -I/usr/include/pixman-1 -I/usr/include/gdk-pixbuf-2.0 -I/usr/include/libmount -I/usr/include/blkid -I/usr/include/pango-1.0 -I/usr/include/harfbuzz -I/usr/include/pango-1.0 -I/usr/include/fribidi -I/usr/include/uuid -I/usr/include/freetype2 -I/usr/include/libpng16 -I/usr/include/glib-2.0 -I/usr/lib/x86_64-linux-gnu/glib-2.0/include -I/usr/local/include -DGIMP_DISABLE_DEPRECATED -DGDK_MULTIHEAD_SAFE -DGTK_MULTIHEAD_SAFE  -g -O2 -Wall -Wdeclaration-after-statement -Wmissing-prototypes -Wmissing-declarations -Winit-self -Wpointer-arith -Wold-style-definition -Wformat-security -MT imap_table.o -MD -MP -MF .deps/imap_table.Tpo -c -o imap_table.o imap_table.c
mv -f .deps/imap_table.Tpo .deps/imap_table.Po
gcc -DHAVE_CONFIG_H -I. -I../..  -I../.. -pthread -I/usr/include/gtk-2.0 -I/usr/lib/x86_64-linux-gnu/gtk-2.0/include -I/usr/include/gio-unix-2.0 -I/usr/include/cairo -I/usr/include/pango-1.0 -I/usr/include/atk-1.0 -I/usr/include/cairo -I/usr/include/pixman-1 -I/usr/include/gdk-pixbuf-2.0 -I/usr/include/libmount -I/usr/include/blkid -I/usr/include/pango-1.0 -I/usr/include/harfbuzz -I/usr/include/pango-1.0 -I/usr/include/fribidi -I/usr/include/uuid -I/usr/include/freetype2 -I/usr/include/libpng16 -I/usr/include/glib-2.0 -I/usr/lib/x86_64-linux-gnu/glib-2.0/include -I/usr/local/include -DGIMP_DISABLE_DEPRECATED -DGDK_MULTIHEAD_SAFE -DGTK_MULTIHEAD_SAFE  -g -O2 -Wall -Wdeclaration-after-statement -Wmissing-prototypes -Wmissing-declarations -Winit-self -Wpointer-arith -Wold-style-definition -Wformat-security -MT imap_taglist.o -MD -MP -MF .deps/imap_taglist.Tpo -c -o imap_taglist.o imap_taglist.c
mv -f .deps/imap_taglist.Tpo .deps/imap_taglist.Po
/bin/bash ../../libtool  --tag=CC   --mode=link gcc  -g -O2 -Wall -Wdeclaration-after-statement -Wmissing-prototypes -Wmissing-declarations -Winit-self -Wpointer-arith -Wold-style-definition -Wformat-security   -o imagemap imap_about.o imap_browse.o imap_cern_lex.o imap_cern_parse.o imap_circle.o imap_cmd_clear.o imap_cmd_copy.o imap_cmd_copy_object.o imap_cmd_create.o imap_cmd_cut.o imap_cmd_cut_object.o imap_cmd_delete.o imap_cmd_delete_point.o imap_cmd_edit_object.o imap_cmd_gimp_guides.o imap_cmd_guides.o imap_cmd_insert_point.o imap_cmd_move.o imap_cmd_move_down.o imap_cmd_move_sash.o imap_cmd_move_selected.o imap_cmd_move_to_front.o imap_cmd_move_up.o imap_cmd_object_down.o imap_cmd_object_move.o imap_cmd_object_up.o imap_cmd_paste.o imap_cmd_select.o imap_cmd_select_all.o imap_cmd_select_next.o imap_cmd_select_prev.o imap_cmd_select_region.o imap_cmd_send_to_back.o imap_cmd_unselect.o imap_cmd_unselect_all.o imap_command.o imap_csim_lex.o imap_csim_parse.o imap_default_dialog.o imap_edit_area_info.o imap_file.o imap_grid.o imap_main.o imap_menu.o imap_menu_funcs.o imap_misc.o imap_mru.o imap_ncsa_lex.o imap_ncsa_parse.o imap_object.o imap_object_popup.o imap_polygon.o imap_preferences.o imap_preview.o imap_rectangle.o imap_selection.o imap_settings.o imap_source.o imap_stock.o imap_statusbar.o imap_string.o imap_table.o imap_taglist.o ../../libgimp/libgimpui-2.0.la ../../libgimpwidgets/libgimpwidgets-2.0.la ../../libgimpconfig/libgimpconfig-2.0.la ../../libgimp/libgimp-2.0.la ../../libgimpcolor/libgimpcolor-2.0.la ../../libgimpmath/libgimpmath-2.0.la -lm ../../libgimpbase/libgimpbase-2.0.la -lgtk-x11-2.0 -lgdk-x11-2.0 -lpangocairo-1.0 -latk-1.0 -lcairo -lgdk_pixbuf-2.0 -lgio-2.0 -lpangoft2-1.0 -lpango-1.0 -lgobject-2.0 -lfontconfig -lfreetype -lgthread-2.0 -pthread -lglib-2.0   
libtool: link: gcc -g -O2 -Wall -Wdeclaration-after-statement -Wmissing-prototypes -Wmissing-declarations -Winit-self -Wpointer-arith -Wold-style-definition -Wformat-security -o .libs/imagemap imap_about.o imap_browse.o imap_cern_lex.o imap_cern_parse.o imap_circle.o imap_cmd_clear.o imap_cmd_copy.o imap_cmd_copy_object.o imap_cmd_create.o imap_cmd_cut.o imap_cmd_cut_object.o imap_cmd_delete.o imap_cmd_delete_point.o imap_cmd_edit_object.o imap_cmd_gimp_guides.o imap_cmd_guides.o imap_cmd_insert_point.o imap_cmd_move.o imap_cmd_move_down.o imap_cmd_move_sash.o imap_cmd_move_selected.o imap_cmd_move_to_front.o imap_cmd_move_up.o imap_cmd_object_down.o imap_cmd_object_move.o imap_cmd_object_up.o imap_cmd_paste.o imap_cmd_select.o imap_cmd_select_all.o imap_cmd_select_next.o imap_cmd_select_prev.o imap_cmd_select_region.o imap_cmd_send_to_back.o imap_cmd_unselect.o imap_cmd_unselect_all.o imap_command.o imap_csim_lex.o imap_csim_parse.o imap_default_dialog.o imap_edit_area_info.o imap_file.o imap_grid.o imap_main.o imap_menu.o imap_menu_funcs.o imap_misc.o imap_mru.o imap_ncsa_lex.o imap_ncsa_parse.o imap_object.o imap_object_popup.o imap_polygon.o imap_preferences.o imap_preview.o imap_rectangle.o imap_selection.o imap_settings.o imap_source.o imap_stock.o imap_statusbar.o imap_string.o imap_table.o imap_taglist.o -pthread  ../../libgimp/.libs/libgimpui-2.0.so ../../libgimpwidgets/.libs/libgimpwidgets-2.0.so ../../libgimpconfig/.libs/libgimpconfig-2.0.so ../../libgimp/.libs/libgimp-2.0.so ../../libgimpcolor/.libs/libgimpcolor-2.0.so ../../libgimpmath/.libs/libgimpmath-2.0.so -lm ../../libgimpbase/.libs/libgimpbase-2.0.so -lgtk-x11-2.0 -lgdk-x11-2.0 -lpangocairo-1.0 -latk-1.0 -lcairo -lgdk_pixbuf-2.0 -lgio-2.0 -lpangoft2-1.0 -lpango-1.0 -lgobject-2.0 -lfontconfig -lfreetype -lgthread-2.0 -lglib-2.0 -pthread
make[4]: Leaving directory '/home/pavel/Programs/gimp/plug-ins/imagemap'
make[3]: Leaving directory '/home/pavel/Programs/gimp/plug-ins/imagemap'
Making all in lighting
make[3]: Entering directory '/home/pavel/Programs/gimp/plug-ins/lighting'
Making all in images
make[4]: Entering directory '/home/pavel/Programs/gimp/plug-ins/lighting/images'
( rm -f stock-icons.list; \
          for image in stock-intensity-ambient-high.png stock-intensity-ambient-low.png stock-intensity-diffuse-high.png stock-intensity-diffuse-low.png stock-reflectivity-diffuse-high.png stock-reflectivity-diffuse-low.png stock-reflectivity-specular-high.png stock-reflectivity-specular-low.png stock-reflectivity-highlight-high.png stock-reflectivity-highlight-low.png; do \
            echo $image | \
              sed -e 's|.*/||' -e 's|-|_|g' -e 's|\.png$||' >> stock-icons.list; \
    echo "  ./$image" >> stock-icons.list; \
  done )
/usr/bin/gdk-pixbuf-csource --raw --build-list `cat stock-icons.list` > stock-pixbufs.h
make[4]: Leaving directory '/home/pavel/Programs/gimp/plug-ins/lighting/images'
make[4]: Entering directory '/home/pavel/Programs/gimp/plug-ins/lighting'
gcc -DHAVE_CONFIG_H -I. -I../..  -I../.. -pthread -I/usr/include/gtk-2.0 -I/usr/lib/x86_64-linux-gnu/gtk-2.0/include -I/usr/include/gio-unix-2.0 -I/usr/include/cairo -I/usr/include/pango-1.0 -I/usr/include/atk-1.0 -I/usr/include/cairo -I/usr/include/pixman-1 -I/usr/include/gdk-pixbuf-2.0 -I/usr/include/libmount -I/usr/include/blkid -I/usr/include/pango-1.0 -I/usr/include/harfbuzz -I/usr/include/pango-1.0 -I/usr/include/fribidi -I/usr/include/uuid -I/usr/include/freetype2 -I/usr/include/libpng16 -I/usr/include/glib-2.0 -I/usr/lib/x86_64-linux-gnu/glib-2.0/include -I/usr/local/include -DGIMP_DISABLE_DEPRECATED -DGDK_MULTIHEAD_SAFE -DGTK_MULTIHEAD_SAFE  -g -O2 -Wall -Wdeclaration-after-statement -Wmissing-prototypes -Wmissing-declarations -Winit-self -Wpointer-arith -Wold-style-definition -Wformat-security -MT lighting-apply.o -MD -MP -MF .deps/lighting-apply.Tpo -c -o lighting-apply.o lighting-apply.c
mv -f .deps/lighting-apply.Tpo .deps/lighting-apply.Po
gcc -DHAVE_CONFIG_H -I. -I../..  -I../.. -pthread -I/usr/include/gtk-2.0 -I/usr/lib/x86_64-linux-gnu/gtk-2.0/include -I/usr/include/gio-unix-2.0 -I/usr/include/cairo -I/usr/include/pango-1.0 -I/usr/include/atk-1.0 -I/usr/include/cairo -I/usr/include/pixman-1 -I/usr/include/gdk-pixbuf-2.0 -I/usr/include/libmount -I/usr/include/blkid -I/usr/include/pango-1.0 -I/usr/include/harfbuzz -I/usr/include/pango-1.0 -I/usr/include/fribidi -I/usr/include/uuid -I/usr/include/freetype2 -I/usr/include/libpng16 -I/usr/include/glib-2.0 -I/usr/lib/x86_64-linux-gnu/glib-2.0/include -I/usr/local/include -DGIMP_DISABLE_DEPRECATED -DGDK_MULTIHEAD_SAFE -DGTK_MULTIHEAD_SAFE  -g -O2 -Wall -Wdeclaration-after-statement -Wmissing-prototypes -Wmissing-declarations -Winit-self -Wpointer-arith -Wold-style-definition -Wformat-security -MT lighting-image.o -MD -MP -MF .deps/lighting-image.Tpo -c -o lighting-image.o lighting-image.c
mv -f .deps/lighting-image.Tpo .deps/lighting-image.Po
gcc -DHAVE_CONFIG_H -I. -I../..  -I../.. -pthread -I/usr/include/gtk-2.0 -I/usr/lib/x86_64-linux-gnu/gtk-2.0/include -I/usr/include/gio-unix-2.0 -I/usr/include/cairo -I/usr/include/pango-1.0 -I/usr/include/atk-1.0 -I/usr/include/cairo -I/usr/include/pixman-1 -I/usr/include/gdk-pixbuf-2.0 -I/usr/include/libmount -I/usr/include/blkid -I/usr/include/pango-1.0 -I/usr/include/harfbuzz -I/usr/include/pango-1.0 -I/usr/include/fribidi -I/usr/include/uuid -I/usr/include/freetype2 -I/usr/include/libpng16 -I/usr/include/glib-2.0 -I/usr/lib/x86_64-linux-gnu/glib-2.0/include -I/usr/local/include -DGIMP_DISABLE_DEPRECATED -DGDK_MULTIHEAD_SAFE -DGTK_MULTIHEAD_SAFE  -g -O2 -Wall -Wdeclaration-after-statement -Wmissing-prototypes -Wmissing-declarations -Winit-self -Wpointer-arith -Wold-style-definition -Wformat-security -MT lighting-main.o -MD -MP -MF .deps/lighting-main.Tpo -c -o lighting-main.o lighting-main.c
mv -f .deps/lighting-main.Tpo .deps/lighting-main.Po
gcc -DHAVE_CONFIG_H -I. -I../..  -I../.. -pthread -I/usr/include/gtk-2.0 -I/usr/lib/x86_64-linux-gnu/gtk-2.0/include -I/usr/include/gio-unix-2.0 -I/usr/include/cairo -I/usr/include/pango-1.0 -I/usr/include/atk-1.0 -I/usr/include/cairo -I/usr/include/pixman-1 -I/usr/include/gdk-pixbuf-2.0 -I/usr/include/libmount -I/usr/include/blkid -I/usr/include/pango-1.0 -I/usr/include/harfbuzz -I/usr/include/pango-1.0 -I/usr/include/fribidi -I/usr/include/uuid -I/usr/include/freetype2 -I/usr/include/libpng16 -I/usr/include/glib-2.0 -I/usr/lib/x86_64-linux-gnu/glib-2.0/include -I/usr/local/include -DGIMP_DISABLE_DEPRECATED -DGDK_MULTIHEAD_SAFE -DGTK_MULTIHEAD_SAFE  -g -O2 -Wall -Wdeclaration-after-statement -Wmissing-prototypes -Wmissing-declarations -Winit-self -Wpointer-arith -Wold-style-definition -Wformat-security -MT lighting-preview.o -MD -MP -MF .deps/lighting-preview.Tpo -c -o lighting-preview.o lighting-preview.c
mv -f .deps/lighting-preview.Tpo .deps/lighting-preview.Po
gcc -DHAVE_CONFIG_H -I. -I../..  -I../.. -pthread -I/usr/include/gtk-2.0 -I/usr/lib/x86_64-linux-gnu/gtk-2.0/include -I/usr/include/gio-unix-2.0 -I/usr/include/cairo -I/usr/include/pango-1.0 -I/usr/include/atk-1.0 -I/usr/include/cairo -I/usr/include/pixman-1 -I/usr/include/gdk-pixbuf-2.0 -I/usr/include/libmount -I/usr/include/blkid -I/usr/include/pango-1.0 -I/usr/include/harfbuzz -I/usr/include/pango-1.0 -I/usr/include/fribidi -I/usr/include/uuid -I/usr/include/freetype2 -I/usr/include/libpng16 -I/usr/include/glib-2.0 -I/usr/lib/x86_64-linux-gnu/glib-2.0/include -I/usr/local/include -DGIMP_DISABLE_DEPRECATED -DGDK_MULTIHEAD_SAFE -DGTK_MULTIHEAD_SAFE  -g -O2 -Wall -Wdeclaration-after-statement -Wmissing-prototypes -Wmissing-declarations -Winit-self -Wpointer-arith -Wold-style-definition -Wformat-security -MT lighting-shade.o -MD -MP -MF .deps/lighting-shade.Tpo -c -o lighting-shade.o lighting-shade.c
mv -f .deps/lighting-shade.Tpo .deps/lighting-shade.Po
gcc -DHAVE_CONFIG_H -I. -I../..  -I../.. -pthread -I/usr/include/gtk-2.0 -I/usr/lib/x86_64-linux-gnu/gtk-2.0/include -I/usr/include/gio-unix-2.0 -I/usr/include/cairo -I/usr/include/pango-1.0 -I/usr/include/atk-1.0 -I/usr/include/cairo -I/usr/include/pixman-1 -I/usr/include/gdk-pixbuf-2.0 -I/usr/include/libmount -I/usr/include/blkid -I/usr/include/pango-1.0 -I/usr/include/harfbuzz -I/usr/include/pango-1.0 -I/usr/include/fribidi -I/usr/include/uuid -I/usr/include/freetype2 -I/usr/include/libpng16 -I/usr/include/glib-2.0 -I/usr/lib/x86_64-linux-gnu/glib-2.0/include -I/usr/local/include -DGIMP_DISABLE_DEPRECATED -DGDK_MULTIHEAD_SAFE -DGTK_MULTIHEAD_SAFE  -g -O2 -Wall -Wdeclaration-after-statement -Wmissing-prototypes -Wmissing-declarations -Winit-self -Wpointer-arith -Wold-style-definition -Wformat-security -MT lighting-stock.o -MD -MP -MF .deps/lighting-stock.Tpo -c -o lighting-stock.o lighting-stock.c
lighting-stock.c: In function ‘add_stock_icon’:
lighting-stock.c:59:3: warning: ‘gdk_pixbuf_new_from_inline’ is deprecated [-Wdeprecated-declarations]
   pixbuf = gdk_pixbuf_new_from_inline (-1, inline_data, FALSE, NULL);
   ^~~~~~
In file included from /usr/include/gdk-pixbuf-2.0/gdk-pixbuf/gdk-pixbuf.h:34,
                 from /usr/include/gtk-2.0/gdk/gdkpixbuf.h:37,
                 from /usr/include/gtk-2.0/gdk/gdkcairo.h:28,
                 from /usr/include/gtk-2.0/gdk/gdk.h:33,
                 from /usr/include/gtk-2.0/gtk/gtk.h:32,
                 from lighting-stock.c:21:
/usr/include/gdk-pixbuf-2.0/gdk-pixbuf/gdk-pixbuf-core.h:362:12: note: declared here
 GdkPixbuf* gdk_pixbuf_new_from_inline (gint          data_length,
            ^~~~~~~~~~~~~~~~~~~~~~~~~~
mv -f .deps/lighting-stock.Tpo .deps/lighting-stock.Po
gcc -DHAVE_CONFIG_H -I. -I../..  -I../.. -pthread -I/usr/include/gtk-2.0 -I/usr/lib/x86_64-linux-gnu/gtk-2.0/include -I/usr/include/gio-unix-2.0 -I/usr/include/cairo -I/usr/include/pango-1.0 -I/usr/include/atk-1.0 -I/usr/include/cairo -I/usr/include/pixman-1 -I/usr/include/gdk-pixbuf-2.0 -I/usr/include/libmount -I/usr/include/blkid -I/usr/include/pango-1.0 -I/usr/include/harfbuzz -I/usr/include/pango-1.0 -I/usr/include/fribidi -I/usr/include/uuid -I/usr/include/freetype2 -I/usr/include/libpng16 -I/usr/include/glib-2.0 -I/usr/lib/x86_64-linux-gnu/glib-2.0/include -I/usr/local/include -DGIMP_DISABLE_DEPRECATED -DGDK_MULTIHEAD_SAFE -DGTK_MULTIHEAD_SAFE  -g -O2 -Wall -Wdeclaration-after-statement -Wmissing-prototypes -Wmissing-declarations -Winit-self -Wpointer-arith -Wold-style-definition -Wformat-security -MT lighting-ui.o -MD -MP -MF .deps/lighting-ui.Tpo -c -o lighting-ui.o lighting-ui.c
mv -f .deps/lighting-ui.Tpo .deps/lighting-ui.Po
/bin/bash ../../libtool  --tag=CC   --mode=link gcc  -g -O2 -Wall -Wdeclaration-after-statement -Wmissing-prototypes -Wmissing-declarations -Winit-self -Wpointer-arith -Wold-style-definition -Wformat-security   -o lighting lighting-apply.o lighting-image.o lighting-main.o lighting-preview.o lighting-shade.o lighting-stock.o lighting-ui.o ../../libgimp/libgimpui-2.0.la ../../libgimpwidgets/libgimpwidgets-2.0.la ../../libgimpconfig/libgimpconfig-2.0.la ../../libgimp/libgimp-2.0.la ../../libgimpcolor/libgimpcolor-2.0.la ../../libgimpmath/libgimpmath-2.0.la -lm ../../libgimpbase/libgimpbase-2.0.la -lgtk-x11-2.0 -lgdk-x11-2.0 -lpangocairo-1.0 -latk-1.0 -lcairo -lgdk_pixbuf-2.0 -lgio-2.0 -lpangoft2-1.0 -lpango-1.0 -lgobject-2.0 -lfontconfig -lfreetype -lgthread-2.0 -pthread -lglib-2.0   
libtool: link: gcc -g -O2 -Wall -Wdeclaration-after-statement -Wmissing-prototypes -Wmissing-declarations -Winit-self -Wpointer-arith -Wold-style-definition -Wformat-security -o .libs/lighting lighting-apply.o lighting-image.o lighting-main.o lighting-preview.o lighting-shade.o lighting-stock.o lighting-ui.o -pthread  ../../libgimp/.libs/libgimpui-2.0.so ../../libgimpwidgets/.libs/libgimpwidgets-2.0.so ../../libgimpconfig/.libs/libgimpconfig-2.0.so ../../libgimp/.libs/libgimp-2.0.so ../../libgimpcolor/.libs/libgimpcolor-2.0.so ../../libgimpmath/.libs/libgimpmath-2.0.so -lm ../../libgimpbase/.libs/libgimpbase-2.0.so -lgtk-x11-2.0 -lgdk-x11-2.0 -lpangocairo-1.0 -latk-1.0 -lcairo -lgdk_pixbuf-2.0 -lgio-2.0 -lpangoft2-1.0 -lpango-1.0 -lgobject-2.0 -lfontconfig -lfreetype -lgthread-2.0 -lglib-2.0 -pthread
make[4]: Leaving directory '/home/pavel/Programs/gimp/plug-ins/lighting'
make[3]: Leaving directory '/home/pavel/Programs/gimp/plug-ins/lighting'
Making all in map-object
make[3]: Entering directory '/home/pavel/Programs/gimp/plug-ins/map-object'
gcc -DHAVE_CONFIG_H -I. -I../..  -I../.. -pthread -I/usr/include/gtk-2.0 -I/usr/lib/x86_64-linux-gnu/gtk-2.0/include -I/usr/include/gio-unix-2.0 -I/usr/include/cairo -I/usr/include/pango-1.0 -I/usr/include/atk-1.0 -I/usr/include/cairo -I/usr/include/pixman-1 -I/usr/include/gdk-pixbuf-2.0 -I/usr/include/libmount -I/usr/include/blkid -I/usr/include/pango-1.0 -I/usr/include/harfbuzz -I/usr/include/pango-1.0 -I/usr/include/fribidi -I/usr/include/uuid -I/usr/include/freetype2 -I/usr/include/libpng16 -I/usr/include/glib-2.0 -I/usr/lib/x86_64-linux-gnu/glib-2.0/include -I/usr/local/include -DGIMP_DISABLE_DEPRECATED -DGDK_MULTIHEAD_SAFE -DGTK_MULTIHEAD_SAFE  -g -O2 -Wall -Wdeclaration-after-statement -Wmissing-prototypes -Wmissing-declarations -Winit-self -Wpointer-arith -Wold-style-definition -Wformat-security -MT arcball.o -MD -MP -MF .deps/arcball.Tpo -c -o arcball.o arcball.c
mv -f .deps/arcball.Tpo .deps/arcball.Po
gcc -DHAVE_CONFIG_H -I. -I../..  -I../.. -pthread -I/usr/include/gtk-2.0 -I/usr/lib/x86_64-linux-gnu/gtk-2.0/include -I/usr/include/gio-unix-2.0 -I/usr/include/cairo -I/usr/include/pango-1.0 -I/usr/include/atk-1.0 -I/usr/include/cairo -I/usr/include/pixman-1 -I/usr/include/gdk-pixbuf-2.0 -I/usr/include/libmount -I/usr/include/blkid -I/usr/include/pango-1.0 -I/usr/include/harfbuzz -I/usr/include/pango-1.0 -I/usr/include/fribidi -I/usr/include/uuid -I/usr/include/freetype2 -I/usr/include/libpng16 -I/usr/include/glib-2.0 -I/usr/lib/x86_64-linux-gnu/glib-2.0/include -I/usr/local/include -DGIMP_DISABLE_DEPRECATED -DGDK_MULTIHEAD_SAFE -DGTK_MULTIHEAD_SAFE  -g -O2 -Wall -Wdeclaration-after-statement -Wmissing-prototypes -Wmissing-declarations -Winit-self -Wpointer-arith -Wold-style-definition -Wformat-security -MT map-object-apply.o -MD -MP -MF .deps/map-object-apply.Tpo -c -o map-object-apply.o map-object-apply.c
mv -f .deps/map-object-apply.Tpo .deps/map-object-apply.Po
gcc -DHAVE_CONFIG_H -I. -I../..  -I../.. -pthread -I/usr/include/gtk-2.0 -I/usr/lib/x86_64-linux-gnu/gtk-2.0/include -I/usr/include/gio-unix-2.0 -I/usr/include/cairo -I/usr/include/pango-1.0 -I/usr/include/atk-1.0 -I/usr/include/cairo -I/usr/include/pixman-1 -I/usr/include/gdk-pixbuf-2.0 -I/usr/include/libmount -I/usr/include/blkid -I/usr/include/pango-1.0 -I/usr/include/harfbuzz -I/usr/include/pango-1.0 -I/usr/include/fribidi -I/usr/include/uuid -I/usr/include/freetype2 -I/usr/include/libpng16 -I/usr/include/glib-2.0 -I/usr/lib/x86_64-linux-gnu/glib-2.0/include -I/usr/local/include -DGIMP_DISABLE_DEPRECATED -DGDK_MULTIHEAD_SAFE -DGTK_MULTIHEAD_SAFE  -g -O2 -Wall -Wdeclaration-after-statement -Wmissing-prototypes -Wmissing-declarations -Winit-self -Wpointer-arith -Wold-style-definition -Wformat-security -MT map-object-image.o -MD -MP -MF .deps/map-object-image.Tpo -c -o map-object-image.o map-object-image.c
mv -f .deps/map-object-image.Tpo .deps/map-object-image.Po
gcc -DHAVE_CONFIG_H -I. -I../..  -I../.. -pthread -I/usr/include/gtk-2.0 -I/usr/lib/x86_64-linux-gnu/gtk-2.0/include -I/usr/include/gio-unix-2.0 -I/usr/include/cairo -I/usr/include/pango-1.0 -I/usr/include/atk-1.0 -I/usr/include/cairo -I/usr/include/pixman-1 -I/usr/include/gdk-pixbuf-2.0 -I/usr/include/libmount -I/usr/include/blkid -I/usr/include/pango-1.0 -I/usr/include/harfbuzz -I/usr/include/pango-1.0 -I/usr/include/fribidi -I/usr/include/uuid -I/usr/include/freetype2 -I/usr/include/libpng16 -I/usr/include/glib-2.0 -I/usr/lib/x86_64-linux-gnu/glib-2.0/include -I/usr/local/include -DGIMP_DISABLE_DEPRECATED -DGDK_MULTIHEAD_SAFE -DGTK_MULTIHEAD_SAFE  -g -O2 -Wall -Wdeclaration-after-statement -Wmissing-prototypes -Wmissing-declarations -Winit-self -Wpointer-arith -Wold-style-definition -Wformat-security -MT map-object-main.o -MD -MP -MF .deps/map-object-main.Tpo -c -o map-object-main.o map-object-main.c
mv -f .deps/map-object-main.Tpo .deps/map-object-main.Po
gcc -DHAVE_CONFIG_H -I. -I../..  -I../.. -pthread -I/usr/include/gtk-2.0 -I/usr/lib/x86_64-linux-gnu/gtk-2.0/include -I/usr/include/gio-unix-2.0 -I/usr/include/cairo -I/usr/include/pango-1.0 -I/usr/include/atk-1.0 -I/usr/include/cairo -I/usr/include/pixman-1 -I/usr/include/gdk-pixbuf-2.0 -I/usr/include/libmount -I/usr/include/blkid -I/usr/include/pango-1.0 -I/usr/include/harfbuzz -I/usr/include/pango-1.0 -I/usr/include/fribidi -I/usr/include/uuid -I/usr/include/freetype2 -I/usr/include/libpng16 -I/usr/include/glib-2.0 -I/usr/lib/x86_64-linux-gnu/glib-2.0/include -I/usr/local/include -DGIMP_DISABLE_DEPRECATED -DGDK_MULTIHEAD_SAFE -DGTK_MULTIHEAD_SAFE  -g -O2 -Wall -Wdeclaration-after-statement -Wmissing-prototypes -Wmissing-declarations -Winit-self -Wpointer-arith -Wold-style-definition -Wformat-security -MT map-object-preview.o -MD -MP -MF .deps/map-object-preview.Tpo -c -o map-object-preview.o map-object-preview.c
mv -f .deps/map-object-preview.Tpo .deps/map-object-preview.Po
gcc -DHAVE_CONFIG_H -I. -I../..  -I../.. -pthread -I/usr/include/gtk-2.0 -I/usr/lib/x86_64-linux-gnu/gtk-2.0/include -I/usr/include/gio-unix-2.0 -I/usr/include/cairo -I/usr/include/pango-1.0 -I/usr/include/atk-1.0 -I/usr/include/cairo -I/usr/include/pixman-1 -I/usr/include/gdk-pixbuf-2.0 -I/usr/include/libmount -I/usr/include/blkid -I/usr/include/pango-1.0 -I/usr/include/harfbuzz -I/usr/include/pango-1.0 -I/usr/include/fribidi -I/usr/include/uuid -I/usr/include/freetype2 -I/usr/include/libpng16 -I/usr/include/glib-2.0 -I/usr/lib/x86_64-linux-gnu/glib-2.0/include -I/usr/local/include -DGIMP_DISABLE_DEPRECATED -DGDK_MULTIHEAD_SAFE -DGTK_MULTIHEAD_SAFE  -g -O2 -Wall -Wdeclaration-after-statement -Wmissing-prototypes -Wmissing-declarations -Winit-self -Wpointer-arith -Wold-style-definition -Wformat-security -MT map-object-shade.o -MD -MP -MF .deps/map-object-shade.Tpo -c -o map-object-shade.o map-object-shade.c
mv -f .deps/map-object-shade.Tpo .deps/map-object-shade.Po
gcc -DHAVE_CONFIG_H -I. -I../..  -I../.. -pthread -I/usr/include/gtk-2.0 -I/usr/lib/x86_64-linux-gnu/gtk-2.0/include -I/usr/include/gio-unix-2.0 -I/usr/include/cairo -I/usr/include/pango-1.0 -I/usr/include/atk-1.0 -I/usr/include/cairo -I/usr/include/pixman-1 -I/usr/include/gdk-pixbuf-2.0 -I/usr/include/libmount -I/usr/include/blkid -I/usr/include/pango-1.0 -I/usr/include/harfbuzz -I/usr/include/pango-1.0 -I/usr/include/fribidi -I/usr/include/uuid -I/usr/include/freetype2 -I/usr/include/libpng16 -I/usr/include/glib-2.0 -I/usr/lib/x86_64-linux-gnu/glib-2.0/include -I/usr/local/include -DGIMP_DISABLE_DEPRECATED -DGDK_MULTIHEAD_SAFE -DGTK_MULTIHEAD_SAFE  -g -O2 -Wall -Wdeclaration-after-statement -Wmissing-prototypes -Wmissing-declarations -Winit-self -Wpointer-arith -Wold-style-definition -Wformat-security -MT map-object-stock.o -MD -MP -MF .deps/map-object-stock.Tpo -c -o map-object-stock.o map-object-stock.c
map-object-stock.c: In function ‘add_stock_icon’:
map-object-stock.c:59:3: warning: ‘gdk_pixbuf_new_from_inline’ is deprecated [-Wdeprecated-declarations]
   pixbuf = gdk_pixbuf_new_from_inline (-1, inline_data, FALSE, NULL);
   ^~~~~~
In file included from /usr/include/gdk-pixbuf-2.0/gdk-pixbuf/gdk-pixbuf.h:34,
                 from /usr/include/gtk-2.0/gdk/gdkpixbuf.h:37,
                 from /usr/include/gtk-2.0/gdk/gdkcairo.h:28,
                 from /usr/include/gtk-2.0/gdk/gdk.h:33,
                 from /usr/include/gtk-2.0/gtk/gtk.h:32,
                 from map-object-stock.c:21:
/usr/include/gdk-pixbuf-2.0/gdk-pixbuf/gdk-pixbuf-core.h:362:12: note: declared here
 GdkPixbuf* gdk_pixbuf_new_from_inline (gint          data_length,
            ^~~~~~~~~~~~~~~~~~~~~~~~~~
mv -f .deps/map-object-stock.Tpo .deps/map-object-stock.Po
gcc -DHAVE_CONFIG_H -I. -I../..  -I../.. -pthread -I/usr/include/gtk-2.0 -I/usr/lib/x86_64-linux-gnu/gtk-2.0/include -I/usr/include/gio-unix-2.0 -I/usr/include/cairo -I/usr/include/pango-1.0 -I/usr/include/atk-1.0 -I/usr/include/cairo -I/usr/include/pixman-1 -I/usr/include/gdk-pixbuf-2.0 -I/usr/include/libmount -I/usr/include/blkid -I/usr/include/pango-1.0 -I/usr/include/harfbuzz -I/usr/include/pango-1.0 -I/usr/include/fribidi -I/usr/include/uuid -I/usr/include/freetype2 -I/usr/include/libpng16 -I/usr/include/glib-2.0 -I/usr/lib/x86_64-linux-gnu/glib-2.0/include -I/usr/local/include -DGIMP_DISABLE_DEPRECATED -DGDK_MULTIHEAD_SAFE -DGTK_MULTIHEAD_SAFE  -g -O2 -Wall -Wdeclaration-after-statement -Wmissing-prototypes -Wmissing-declarations -Winit-self -Wpointer-arith -Wold-style-definition -Wformat-security -MT map-object-ui.o -MD -MP -MF .deps/map-object-ui.Tpo -c -o map-object-ui.o map-object-ui.c
mv -f .deps/map-object-ui.Tpo .deps/map-object-ui.Po
/bin/bash ../../libtool  --tag=CC   --mode=link gcc  -g -O2 -Wall -Wdeclaration-after-statement -Wmissing-prototypes -Wmissing-declarations -Winit-self -Wpointer-arith -Wold-style-definition -Wformat-security   -o map-object arcball.o map-object-apply.o map-object-image.o map-object-main.o map-object-preview.o map-object-shade.o map-object-stock.o map-object-ui.o ../../libgimp/libgimpui-2.0.la ../../libgimpwidgets/libgimpwidgets-2.0.la ../../libgimpconfig/libgimpconfig-2.0.la ../../libgimp/libgimp-2.0.la ../../libgimpcolor/libgimpcolor-2.0.la ../../libgimpmath/libgimpmath-2.0.la -lm ../../libgimpbase/libgimpbase-2.0.la -lgtk-x11-2.0 -lgdk-x11-2.0 -lpangocairo-1.0 -latk-1.0 -lcairo -lgdk_pixbuf-2.0 -lgio-2.0 -lpangoft2-1.0 -lpango-1.0 -lgobject-2.0 -lfontconfig -lfreetype -lgthread-2.0 -pthread -lglib-2.0   
libtool: link: gcc -g -O2 -Wall -Wdeclaration-after-statement -Wmissing-prototypes -Wmissing-declarations -Winit-self -Wpointer-arith -Wold-style-definition -Wformat-security -o .libs/map-object arcball.o map-object-apply.o map-object-image.o map-object-main.o map-object-preview.o map-object-shade.o map-object-stock.o map-object-ui.o -pthread  ../../libgimp/.libs/libgimpui-2.0.so ../../libgimpwidgets/.libs/libgimpwidgets-2.0.so ../../libgimpconfig/.libs/libgimpconfig-2.0.so ../../libgimp/.libs/libgimp-2.0.so ../../libgimpcolor/.libs/libgimpcolor-2.0.so ../../libgimpmath/.libs/libgimpmath-2.0.so -lm ../../libgimpbase/.libs/libgimpbase-2.0.so -lgtk-x11-2.0 -lgdk-x11-2.0 -lpangocairo-1.0 -latk-1.0 -lcairo -lgdk_pixbuf-2.0 -lgio-2.0 -lpangoft2-1.0 -lpango-1.0 -lgobject-2.0 -lfontconfig -lfreetype -lgthread-2.0 -lglib-2.0 -pthread
make[3]: Leaving directory '/home/pavel/Programs/gimp/plug-ins/map-object'
Making all in maze
make[3]: Entering directory '/home/pavel/Programs/gimp/plug-ins/maze'
gcc -DHAVE_CONFIG_H -I. -I../..  -I../.. -pthread -I/usr/include/gtk-2.0 -I/usr/lib/x86_64-linux-gnu/gtk-2.0/include -I/usr/include/gio-unix-2.0 -I/usr/include/cairo -I/usr/include/pango-1.0 -I/usr/include/atk-1.0 -I/usr/include/cairo -I/usr/include/pixman-1 -I/usr/include/gdk-pixbuf-2.0 -I/usr/include/libmount -I/usr/include/blkid -I/usr/include/pango-1.0 -I/usr/include/harfbuzz -I/usr/include/pango-1.0 -I/usr/include/fribidi -I/usr/include/uuid -I/usr/include/freetype2 -I/usr/include/libpng16 -I/usr/include/glib-2.0 -I/usr/lib/x86_64-linux-gnu/glib-2.0/include -I/usr/local/include -DGIMP_DISABLE_DEPRECATED -DGDK_MULTIHEAD_SAFE -DGTK_MULTIHEAD_SAFE  -g -O2 -Wall -Wdeclaration-after-statement -Wmissing-prototypes -Wmissing-declarations -Winit-self -Wpointer-arith -Wold-style-definition -Wformat-security -MT maze.o -MD -MP -MF .deps/maze.Tpo -c -o maze.o maze.c
mv -f .deps/maze.Tpo .deps/maze.Po
gcc -DHAVE_CONFIG_H -I. -I../..  -I../.. -pthread -I/usr/include/gtk-2.0 -I/usr/lib/x86_64-linux-gnu/gtk-2.0/include -I/usr/include/gio-unix-2.0 -I/usr/include/cairo -I/usr/include/pango-1.0 -I/usr/include/atk-1.0 -I/usr/include/cairo -I/usr/include/pixman-1 -I/usr/include/gdk-pixbuf-2.0 -I/usr/include/libmount -I/usr/include/blkid -I/usr/include/pango-1.0 -I/usr/include/harfbuzz -I/usr/include/pango-1.0 -I/usr/include/fribidi -I/usr/include/uuid -I/usr/include/freetype2 -I/usr/include/libpng16 -I/usr/include/glib-2.0 -I/usr/lib/x86_64-linux-gnu/glib-2.0/include -I/usr/local/include -DGIMP_DISABLE_DEPRECATED -DGDK_MULTIHEAD_SAFE -DGTK_MULTIHEAD_SAFE  -g -O2 -Wall -Wdeclaration-after-statement -Wmissing-prototypes -Wmissing-declarations -Winit-self -Wpointer-arith -Wold-style-definition -Wformat-security -MT maze-algorithms.o -MD -MP -MF .deps/maze-algorithms.Tpo -c -o maze-algorithms.o maze-algorithms.c
mv -f .deps/maze-algorithms.Tpo .deps/maze-algorithms.Po
gcc -DHAVE_CONFIG_H -I. -I../..  -I../.. -pthread -I/usr/include/gtk-2.0 -I/usr/lib/x86_64-linux-gnu/gtk-2.0/include -I/usr/include/gio-unix-2.0 -I/usr/include/cairo -I/usr/include/pango-1.0 -I/usr/include/atk-1.0 -I/usr/include/cairo -I/usr/include/pixman-1 -I/usr/include/gdk-pixbuf-2.0 -I/usr/include/libmount -I/usr/include/blkid -I/usr/include/pango-1.0 -I/usr/include/harfbuzz -I/usr/include/pango-1.0 -I/usr/include/fribidi -I/usr/include/uuid -I/usr/include/freetype2 -I/usr/include/libpng16 -I/usr/include/glib-2.0 -I/usr/lib/x86_64-linux-gnu/glib-2.0/include -I/usr/local/include -DGIMP_DISABLE_DEPRECATED -DGDK_MULTIHEAD_SAFE -DGTK_MULTIHEAD_SAFE  -g -O2 -Wall -Wdeclaration-after-statement -Wmissing-prototypes -Wmissing-declarations -Winit-self -Wpointer-arith -Wold-style-definition -Wformat-security -MT maze-dialog.o -MD -MP -MF .deps/maze-dialog.Tpo -c -o maze-dialog.o maze-dialog.c
mv -f .deps/maze-dialog.Tpo .deps/maze-dialog.Po
gcc -DHAVE_CONFIG_H -I. -I../..  -I../.. -pthread -I/usr/include/gtk-2.0 -I/usr/lib/x86_64-linux-gnu/gtk-2.0/include -I/usr/include/gio-unix-2.0 -I/usr/include/cairo -I/usr/include/pango-1.0 -I/usr/include/atk-1.0 -I/usr/include/cairo -I/usr/include/pixman-1 -I/usr/include/gdk-pixbuf-2.0 -I/usr/include/libmount -I/usr/include/blkid -I/usr/include/pango-1.0 -I/usr/include/harfbuzz -I/usr/include/pango-1.0 -I/usr/include/fribidi -I/usr/include/uuid -I/usr/include/freetype2 -I/usr/include/libpng16 -I/usr/include/glib-2.0 -I/usr/lib/x86_64-linux-gnu/glib-2.0/include -I/usr/local/include -DGIMP_DISABLE_DEPRECATED -DGDK_MULTIHEAD_SAFE -DGTK_MULTIHEAD_SAFE  -g -O2 -Wall -Wdeclaration-after-statement -Wmissing-prototypes -Wmissing-declarations -Winit-self -Wpointer-arith -Wold-style-definition -Wformat-security -MT maze-utils.o -MD -MP -MF .deps/maze-utils.Tpo -c -o maze-utils.o maze-utils.c
mv -f .deps/maze-utils.Tpo .deps/maze-utils.Po
/bin/bash ../../libtool  --tag=CC   --mode=link gcc  -g -O2 -Wall -Wdeclaration-after-statement -Wmissing-prototypes -Wmissing-declarations -Winit-self -Wpointer-arith -Wold-style-definition -Wformat-security   -o maze maze.o maze-algorithms.o maze-dialog.o maze-utils.o ../../libgimp/libgimpui-2.0.la ../../libgimpwidgets/libgimpwidgets-2.0.la ../../libgimpconfig/libgimpconfig-2.0.la ../../libgimp/libgimp-2.0.la ../../libgimpcolor/libgimpcolor-2.0.la ../../libgimpmath/libgimpmath-2.0.la ../../libgimpbase/libgimpbase-2.0.la -lgtk-x11-2.0 -lgdk-x11-2.0 -lpangocairo-1.0 -latk-1.0 -lcairo -lgdk_pixbuf-2.0 -lgio-2.0 -lpangoft2-1.0 -lpango-1.0 -lgobject-2.0 -lfontconfig -lfreetype -lgthread-2.0 -pthread -lglib-2.0   
libtool: link: gcc -g -O2 -Wall -Wdeclaration-after-statement -Wmissing-prototypes -Wmissing-declarations -Winit-self -Wpointer-arith -Wold-style-definition -Wformat-security -o .libs/maze maze.o maze-algorithms.o maze-dialog.o maze-utils.o -pthread  ../../libgimp/.libs/libgimpui-2.0.so ../../libgimpwidgets/.libs/libgimpwidgets-2.0.so ../../libgimpconfig/.libs/libgimpconfig-2.0.so ../../libgimp/.libs/libgimp-2.0.so ../../libgimpcolor/.libs/libgimpcolor-2.0.so ../../libgimpmath/.libs/libgimpmath-2.0.so ../../libgimpbase/.libs/libgimpbase-2.0.so -lgtk-x11-2.0 -lgdk-x11-2.0 -lpangocairo-1.0 -latk-1.0 -lcairo -lgdk_pixbuf-2.0 -lgio-2.0 -lpangoft2-1.0 -lpango-1.0 -lgobject-2.0 -lfontconfig -lfreetype -lgthread-2.0 -lglib-2.0 -pthread
make[3]: Leaving directory '/home/pavel/Programs/gimp/plug-ins/maze'
Making all in metadata
make[3]: Entering directory '/home/pavel/Programs/gimp/plug-ins/metadata'
gcc -DHAVE_CONFIG_H -I. -I../..  -I../.. -pthread -I/usr/include/gtk-2.0 -I/usr/lib/x86_64-linux-gnu/gtk-2.0/include -I/usr/include/gio-unix-2.0 -I/usr/include/cairo -I/usr/include/pango-1.0 -I/usr/include/atk-1.0 -I/usr/include/cairo -I/usr/include/pixman-1 -I/usr/include/gdk-pixbuf-2.0 -I/usr/include/libmount -I/usr/include/blkid -I/usr/include/pango-1.0 -I/usr/include/harfbuzz -I/usr/include/pango-1.0 -I/usr/include/fribidi -I/usr/include/uuid -I/usr/include/freetype2 -I/usr/include/libpng16 -I/usr/include/glib-2.0 -I/usr/lib/x86_64-linux-gnu/glib-2.0/include -I/usr/include/libexif -I/usr/local/include -DGIMP_DISABLE_DEPRECATED -DGDK_MULTIHEAD_SAFE -DGTK_MULTIHEAD_SAFE  -g -O2 -Wall -Wdeclaration-after-statement -Wmissing-prototypes -Wmissing-declarations -Winit-self -Wpointer-arith -Wold-style-definition -Wformat-security -MT metadata.o -MD -MP -MF .deps/metadata.Tpo -c -o metadata.o metadata.c
mv -f .deps/metadata.Tpo .deps/metadata.Po
gcc -DHAVE_CONFIG_H -I. -I../..  -I../.. -pthread -I/usr/include/gtk-2.0 -I/usr/lib/x86_64-linux-gnu/gtk-2.0/include -I/usr/include/gio-unix-2.0 -I/usr/include/cairo -I/usr/include/pango-1.0 -I/usr/include/atk-1.0 -I/usr/include/cairo -I/usr/include/pixman-1 -I/usr/include/gdk-pixbuf-2.0 -I/usr/include/libmount -I/usr/include/blkid -I/usr/include/pango-1.0 -I/usr/include/harfbuzz -I/usr/include/pango-1.0 -I/usr/include/fribidi -I/usr/include/uuid -I/usr/include/freetype2 -I/usr/include/libpng16 -I/usr/include/glib-2.0 -I/usr/lib/x86_64-linux-gnu/glib-2.0/include -I/usr/include/libexif -I/usr/local/include -DGIMP_DISABLE_DEPRECATED -DGDK_MULTIHEAD_SAFE -DGTK_MULTIHEAD_SAFE  -g -O2 -Wall -Wdeclaration-after-statement -Wmissing-prototypes -Wmissing-declarations -Winit-self -Wpointer-arith -Wold-style-definition -Wformat-security -MT base64.o -MD -MP -MF .deps/base64.Tpo -c -o base64.o base64.c
mv -f .deps/base64.Tpo .deps/base64.Po
gcc -DHAVE_CONFIG_H -I. -I../..  -I../.. -pthread -I/usr/include/gtk-2.0 -I/usr/lib/x86_64-linux-gnu/gtk-2.0/include -I/usr/include/gio-unix-2.0 -I/usr/include/cairo -I/usr/include/pango-1.0 -I/usr/include/atk-1.0 -I/usr/include/cairo -I/usr/include/pixman-1 -I/usr/include/gdk-pixbuf-2.0 -I/usr/include/libmount -I/usr/include/blkid -I/usr/include/pango-1.0 -I/usr/include/harfbuzz -I/usr/include/pango-1.0 -I/usr/include/fribidi -I/usr/include/uuid -I/usr/include/freetype2 -I/usr/include/libpng16 -I/usr/include/glib-2.0 -I/usr/lib/x86_64-linux-gnu/glib-2.0/include -I/usr/include/libexif -I/usr/local/include -DGIMP_DISABLE_DEPRECATED -DGDK_MULTIHEAD_SAFE -DGTK_MULTIHEAD_SAFE  -g -O2 -Wall -Wdeclaration-after-statement -Wmissing-prototypes -Wmissing-declarations -Winit-self -Wpointer-arith -Wold-style-definition -Wformat-security -MT xmp-model.o -MD -MP -MF .deps/xmp-model.Tpo -c -o xmp-model.o xmp-model.c
mv -f .deps/xmp-model.Tpo .deps/xmp-model.Po
gcc -DHAVE_CONFIG_H -I. -I../..  -I../.. -pthread -I/usr/include/gtk-2.0 -I/usr/lib/x86_64-linux-gnu/gtk-2.0/include -I/usr/include/gio-unix-2.0 -I/usr/include/cairo -I/usr/include/pango-1.0 -I/usr/include/atk-1.0 -I/usr/include/cairo -I/usr/include/pixman-1 -I/usr/include/gdk-pixbuf-2.0 -I/usr/include/libmount -I/usr/include/blkid -I/usr/include/pango-1.0 -I/usr/include/harfbuzz -I/usr/include/pango-1.0 -I/usr/include/fribidi -I/usr/include/uuid -I/usr/include/freetype2 -I/usr/include/libpng16 -I/usr/include/glib-2.0 -I/usr/lib/x86_64-linux-gnu/glib-2.0/include -I/usr/include/libexif -I/usr/local/include -DGIMP_DISABLE_DEPRECATED -DGDK_MULTIHEAD_SAFE -DGTK_MULTIHEAD_SAFE  -g -O2 -Wall -Wdeclaration-after-statement -Wmissing-prototypes -Wmissing-declarations -Winit-self -Wpointer-arith -Wold-style-definition -Wformat-security -MT xmp-parse.o -MD -MP -MF .deps/xmp-parse.Tpo -c -o xmp-parse.o xmp-parse.c
mv -f .deps/xmp-parse.Tpo .deps/xmp-parse.Po
gcc -DHAVE_CONFIG_H -I. -I../..  -I../.. -pthread -I/usr/include/gtk-2.0 -I/usr/lib/x86_64-linux-gnu/gtk-2.0/include -I/usr/include/gio-unix-2.0 -I/usr/include/cairo -I/usr/include/pango-1.0 -I/usr/include/atk-1.0 -I/usr/include/cairo -I/usr/include/pixman-1 -I/usr/include/gdk-pixbuf-2.0 -I/usr/include/libmount -I/usr/include/blkid -I/usr/include/pango-1.0 -I/usr/include/harfbuzz -I/usr/include/pango-1.0 -I/usr/include/fribidi -I/usr/include/uuid -I/usr/include/freetype2 -I/usr/include/libpng16 -I/usr/include/glib-2.0 -I/usr/lib/x86_64-linux-gnu/glib-2.0/include -I/usr/include/libexif -I/usr/local/include -DGIMP_DISABLE_DEPRECATED -DGDK_MULTIHEAD_SAFE -DGTK_MULTIHEAD_SAFE  -g -O2 -Wall -Wdeclaration-after-statement -Wmissing-prototypes -Wmissing-declarations -Winit-self -Wpointer-arith -Wold-style-definition -Wformat-security -MT xmp-encode.o -MD -MP -MF .deps/xmp-encode.Tpo -c -o xmp-encode.o xmp-encode.c
mv -f .deps/xmp-encode.Tpo .deps/xmp-encode.Po
gcc -DHAVE_CONFIG_H -I. -I../..  -I../.. -pthread -I/usr/include/gtk-2.0 -I/usr/lib/x86_64-linux-gnu/gtk-2.0/include -I/usr/include/gio-unix-2.0 -I/usr/include/cairo -I/usr/include/pango-1.0 -I/usr/include/atk-1.0 -I/usr/include/cairo -I/usr/include/pixman-1 -I/usr/include/gdk-pixbuf-2.0 -I/usr/include/libmount -I/usr/include/blkid -I/usr/include/pango-1.0 -I/usr/include/harfbuzz -I/usr/include/pango-1.0 -I/usr/include/fribidi -I/usr/include/uuid -I/usr/include/freetype2 -I/usr/include/libpng16 -I/usr/include/glib-2.0 -I/usr/lib/x86_64-linux-gnu/glib-2.0/include -I/usr/include/libexif -I/usr/local/include -DGIMP_DISABLE_DEPRECATED -DGDK_MULTIHEAD_SAFE -DGTK_MULTIHEAD_SAFE  -g -O2 -Wall -Wdeclaration-after-statement -Wmissing-prototypes -Wmissing-declarations -Winit-self -Wpointer-arith -Wold-style-definition -Wformat-security -MT xmp-schemas.o -MD -MP -MF .deps/xmp-schemas.Tpo -c -o xmp-schemas.o xmp-schemas.c
mv -f .deps/xmp-schemas.Tpo .deps/xmp-schemas.Po
/bin/bash ../../libtool  --tag=CC   --mode=link gcc  -g -O2 -Wall -Wdeclaration-after-statement -Wmissing-prototypes -Wmissing-declarations -Winit-self -Wpointer-arith -Wold-style-definition -Wformat-security   -o metadata metadata.o base64.o xmp-model.o xmp-parse.o xmp-encode.o xmp-schemas.o ../../libgimp/libgimpui-2.0.la ../../libgimpwidgets/libgimpwidgets-2.0.la ../../libgimp/libgimp-2.0.la ../../libgimpmath/libgimpmath-2.0.la ../../libgimpconfig/libgimpconfig-2.0.la ../../libgimpcolor/libgimpcolor-2.0.la ../../libgimpbase/libgimpbase-2.0.la -lexif -lgtk-x11-2.0 -lgdk-x11-2.0 -lpangocairo-1.0 -latk-1.0 -lcairo -lgdk_pixbuf-2.0 -lgio-2.0 -lpangoft2-1.0 -lpango-1.0 -lgobject-2.0 -lfontconfig -lfreetype -lgthread-2.0 -pthread -lglib-2.0   
libtool: link: gcc -g -O2 -Wall -Wdeclaration-after-statement -Wmissing-prototypes -Wmissing-declarations -Winit-self -Wpointer-arith -Wold-style-definition -Wformat-security -o .libs/metadata metadata.o base64.o xmp-model.o xmp-parse.o xmp-encode.o xmp-schemas.o -pthread  ../../libgimp/.libs/libgimpui-2.0.so ../../libgimpwidgets/.libs/libgimpwidgets-2.0.so ../../libgimp/.libs/libgimp-2.0.so ../../libgimpmath/.libs/libgimpmath-2.0.so ../../libgimpconfig/.libs/libgimpconfig-2.0.so ../../libgimpcolor/.libs/libgimpcolor-2.0.so ../../libgimpbase/.libs/libgimpbase-2.0.so -lexif -lgtk-x11-2.0 -lgdk-x11-2.0 -lpangocairo-1.0 -latk-1.0 -lcairo -lgdk_pixbuf-2.0 -lgio-2.0 -lpangoft2-1.0 -lpango-1.0 -lgobject-2.0 -lfontconfig -lfreetype -lgthread-2.0 -lglib-2.0 -pthread
gcc -DHAVE_CONFIG_H -I. -I../..  -I../.. -pthread -I/usr/include/gtk-2.0 -I/usr/lib/x86_64-linux-gnu/gtk-2.0/include -I/usr/include/gio-unix-2.0 -I/usr/include/cairo -I/usr/include/pango-1.0 -I/usr/include/atk-1.0 -I/usr/include/cairo -I/usr/include/pixman-1 -I/usr/include/gdk-pixbuf-2.0 -I/usr/include/libmount -I/usr/include/blkid -I/usr/include/pango-1.0 -I/usr/include/harfbuzz -I/usr/include/pango-1.0 -I/usr/include/fribidi -I/usr/include/uuid -I/usr/include/freetype2 -I/usr/include/libpng16 -I/usr/include/glib-2.0 -I/usr/lib/x86_64-linux-gnu/glib-2.0/include -I/usr/include/libexif -I/usr/local/include -DGIMP_DISABLE_DEPRECATED -DGDK_MULTIHEAD_SAFE -DGTK_MULTIHEAD_SAFE  -g -O2 -Wall -Wdeclaration-after-statement -Wmissing-prototypes -Wmissing-declarations -Winit-self -Wpointer-arith -Wold-style-definition -Wformat-security -MT xmpdump.o -MD -MP -MF .deps/xmpdump.Tpo -c -o xmpdump.o xmpdump.c
mv -f .deps/xmpdump.Tpo .deps/xmpdump.Po
/bin/bash ../../libtool  --tag=CC   --mode=link gcc  -g -O2 -Wall -Wdeclaration-after-statement -Wmissing-prototypes -Wmissing-declarations -Winit-self -Wpointer-arith -Wold-style-definition -Wformat-security   -o xmpdump xmpdump.o base64.o xmp-parse.o ../../libgimp/libgimpui-2.0.la ../../libgimpwidgets/libgimpwidgets-2.0.la ../../libgimp/libgimp-2.0.la ../../libgimpmath/libgimpmath-2.0.la ../../libgimpconfig/libgimpconfig-2.0.la ../../libgimpcolor/libgimpcolor-2.0.la ../../libgimpbase/libgimpbase-2.0.la -lexif -lgtk-x11-2.0 -lgdk-x11-2.0 -lpangocairo-1.0 -latk-1.0 -lcairo -lgdk_pixbuf-2.0 -lgio-2.0 -lpangoft2-1.0 -lpango-1.0 -lgobject-2.0 -lfontconfig -lfreetype -lgthread-2.0 -pthread -lglib-2.0   
libtool: link: gcc -g -O2 -Wall -Wdeclaration-after-statement -Wmissing-prototypes -Wmissing-declarations -Winit-self -Wpointer-arith -Wold-style-definition -Wformat-security -o .libs/xmpdump xmpdump.o base64.o xmp-parse.o -pthread  ../../libgimp/.libs/libgimpui-2.0.so ../../libgimpwidgets/.libs/libgimpwidgets-2.0.so ../../libgimp/.libs/libgimp-2.0.so ../../libgimpmath/.libs/libgimpmath-2.0.so ../../libgimpconfig/.libs/libgimpconfig-2.0.so ../../libgimpcolor/.libs/libgimpcolor-2.0.so ../../libgimpbase/.libs/libgimpbase-2.0.so -lexif -lgtk-x11-2.0 -lgdk-x11-2.0 -lpangocairo-1.0 -latk-1.0 -lcairo -lgdk_pixbuf-2.0 -lgio-2.0 -lpangoft2-1.0 -lpango-1.0 -lgobject-2.0 -lfontconfig -lfreetype -lgthread-2.0 -lglib-2.0 -pthread
make[3]: Leaving directory '/home/pavel/Programs/gimp/plug-ins/metadata'
Making all in pagecurl
make[3]: Entering directory '/home/pavel/Programs/gimp/plug-ins/pagecurl'
( rm -f pagecurl-icons.list; \
          for image in curl0.png curl1.png curl2.png curl3.png curl4.png curl5.png curl6.png curl7.png; do \
            echo $image | \
              sed -e 's|.*/||' -e 's|-|_|g' -e 's|\.png$||' >> pagecurl-icons.list; \
    echo "  ./$image" >> pagecurl-icons.list; \
  done )
/usr/bin/gdk-pixbuf-csource --raw --build-list `cat pagecurl-icons.list` > pagecurl-icons.h
gcc -DHAVE_CONFIG_H -I. -I../..  -I../.. -pthread -I/usr/include/gtk-2.0 -I/usr/lib/x86_64-linux-gnu/gtk-2.0/include -I/usr/include/gio-unix-2.0 -I/usr/include/cairo -I/usr/include/pango-1.0 -I/usr/include/atk-1.0 -I/usr/include/cairo -I/usr/include/pixman-1 -I/usr/include/gdk-pixbuf-2.0 -I/usr/include/libmount -I/usr/include/blkid -I/usr/include/pango-1.0 -I/usr/include/harfbuzz -I/usr/include/pango-1.0 -I/usr/include/fribidi -I/usr/include/uuid -I/usr/include/freetype2 -I/usr/include/libpng16 -I/usr/include/glib-2.0 -I/usr/lib/x86_64-linux-gnu/glib-2.0/include -I/usr/local/include -DGIMP_DISABLE_DEPRECATED -DGDK_MULTIHEAD_SAFE -DGTK_MULTIHEAD_SAFE  -g -O2 -Wall -Wdeclaration-after-statement -Wmissing-prototypes -Wmissing-declarations -Winit-self -Wpointer-arith -Wold-style-definition -Wformat-security -MT pagecurl.o -MD -MP -MF .deps/pagecurl.Tpo -c -o pagecurl.o pagecurl.c
pagecurl.c: In function ‘curl_pixbuf_update’:
pagecurl.c:417:3: warning: ‘gdk_pixbuf_new_from_inline’ is deprecated [-Wdeprecated-declarations]
   pixbuf = gdk_pixbuf_new_from_inline (-1, curl_pixbufs[index], FALSE, NULL);
   ^~~~~~
In file included from /usr/include/gdk-pixbuf-2.0/gdk-pixbuf/gdk-pixbuf.h:34,
                 from /usr/include/gtk-2.0/gdk/gdkpixbuf.h:37,
                 from /usr/include/gtk-2.0/gdk/gdkcairo.h:28,
                 from /usr/include/gtk-2.0/gdk/gdk.h:33,
                 from /usr/include/gtk-2.0/gtk/gtk.h:32,
                 from ../../libgimp/gimpui.h:23,
                 from pagecurl.c:47:
/usr/include/gdk-pixbuf-2.0/gdk-pixbuf/gdk-pixbuf-core.h:362:12: note: declared here
 GdkPixbuf* gdk_pixbuf_new_from_inline (gint          data_length,
            ^~~~~~~~~~~~~~~~~~~~~~~~~~
mv -f .deps/pagecurl.Tpo .deps/pagecurl.Po
/bin/bash ../../libtool  --tag=CC   --mode=link gcc  -g -O2 -Wall -Wdeclaration-after-statement -Wmissing-prototypes -Wmissing-declarations -Winit-self -Wpointer-arith -Wold-style-definition -Wformat-security   -o pagecurl  pagecurl.o ../../libgimp/libgimpui-2.0.la ../../libgimpwidgets/libgimpwidgets-2.0.la ../../libgimpconfig/libgimpconfig-2.0.la ../../libgimp/libgimp-2.0.la ../../libgimpcolor/libgimpcolor-2.0.la ../../libgimpmath/libgimpmath-2.0.la -lm ../../libgimpbase/libgimpbase-2.0.la -lgtk-x11-2.0 -lgdk-x11-2.0 -lpangocairo-1.0 -latk-1.0 -lcairo -lgdk_pixbuf-2.0 -lgio-2.0 -lpangoft2-1.0 -lpango-1.0 -lgobject-2.0 -lfontconfig -lfreetype -lgthread-2.0 -pthread -lglib-2.0   
libtool: link: gcc -g -O2 -Wall -Wdeclaration-after-statement -Wmissing-prototypes -Wmissing-declarations -Winit-self -Wpointer-arith -Wold-style-definition -Wformat-security -o .libs/pagecurl pagecurl.o -pthread  ../../libgimp/.libs/libgimpui-2.0.so ../../libgimpwidgets/.libs/libgimpwidgets-2.0.so ../../libgimpconfig/.libs/libgimpconfig-2.0.so ../../libgimp/.libs/libgimp-2.0.so ../../libgimpcolor/.libs/libgimpcolor-2.0.so ../../libgimpmath/.libs/libgimpmath-2.0.so -lm ../../libgimpbase/.libs/libgimpbase-2.0.so -lgtk-x11-2.0 -lgdk-x11-2.0 -lpangocairo-1.0 -latk-1.0 -lcairo -lgdk_pixbuf-2.0 -lgio-2.0 -lpangoft2-1.0 -lpango-1.0 -lgobject-2.0 -lfontconfig -lfreetype -lgthread-2.0 -lglib-2.0 -pthread
make[3]: Leaving directory '/home/pavel/Programs/gimp/plug-ins/pagecurl'
Making all in print
make[3]: Entering directory '/home/pavel/Programs/gimp/plug-ins/print'
gcc -DHAVE_CONFIG_H -I. -I../..  -I../.. -pthread -I/usr/include/gtk-2.0 -I/usr/lib/x86_64-linux-gnu/gtk-2.0/include -I/usr/include/gio-unix-2.0 -I/usr/include/cairo -I/usr/include/pango-1.0 -I/usr/include/atk-1.0 -I/usr/include/cairo -I/usr/include/pixman-1 -I/usr/include/gdk-pixbuf-2.0 -I/usr/include/libmount -I/usr/include/blkid -I/usr/include/pango-1.0 -I/usr/include/harfbuzz -I/usr/include/pango-1.0 -I/usr/include/fribidi -I/usr/include/uuid -I/usr/include/freetype2 -I/usr/include/libpng16 -I/usr/include/glib-2.0 -I/usr/lib/x86_64-linux-gnu/glib-2.0/include -I/usr/local/include -DGIMP_DISABLE_DEPRECATED -DGDK_MULTIHEAD_SAFE -DGTK_MULTIHEAD_SAFE  -g -O2 -Wall -Wdeclaration-after-statement -Wmissing-prototypes -Wmissing-declarations -Winit-self -Wpointer-arith -Wold-style-definition -Wformat-security -MT print.o -MD -MP -MF .deps/print.Tpo -c -o print.o print.c
mv -f .deps/print.Tpo .deps/print.Po
gcc -DHAVE_CONFIG_H -I. -I../..  -I../.. -pthread -I/usr/include/gtk-2.0 -I/usr/lib/x86_64-linux-gnu/gtk-2.0/include -I/usr/include/gio-unix-2.0 -I/usr/include/cairo -I/usr/include/pango-1.0 -I/usr/include/atk-1.0 -I/usr/include/cairo -I/usr/include/pixman-1 -I/usr/include/gdk-pixbuf-2.0 -I/usr/include/libmount -I/usr/include/blkid -I/usr/include/pango-1.0 -I/usr/include/harfbuzz -I/usr/include/pango-1.0 -I/usr/include/fribidi -I/usr/include/uuid -I/usr/include/freetype2 -I/usr/include/libpng16 -I/usr/include/glib-2.0 -I/usr/lib/x86_64-linux-gnu/glib-2.0/include -I/usr/local/include -DGIMP_DISABLE_DEPRECATED -DGDK_MULTIHEAD_SAFE -DGTK_MULTIHEAD_SAFE  -g -O2 -Wall -Wdeclaration-after-statement -Wmissing-prototypes -Wmissing-declarations -Winit-self -Wpointer-arith -Wold-style-definition -Wformat-security -MT print-draw-page.o -MD -MP -MF .deps/print-draw-page.Tpo -c -o print-draw-page.o print-draw-page.c
mv -f .deps/print-draw-page.Tpo .deps/print-draw-page.Po
gcc -DHAVE_CONFIG_H -I. -I../..  -I../.. -pthread -I/usr/include/gtk-2.0 -I/usr/lib/x86_64-linux-gnu/gtk-2.0/include -I/usr/include/gio-unix-2.0 -I/usr/include/cairo -I/usr/include/pango-1.0 -I/usr/include/atk-1.0 -I/usr/include/cairo -I/usr/include/pixman-1 -I/usr/include/gdk-pixbuf-2.0 -I/usr/include/libmount -I/usr/include/blkid -I/usr/include/pango-1.0 -I/usr/include/harfbuzz -I/usr/include/pango-1.0 -I/usr/include/fribidi -I/usr/include/uuid -I/usr/include/freetype2 -I/usr/include/libpng16 -I/usr/include/glib-2.0 -I/usr/lib/x86_64-linux-gnu/glib-2.0/include -I/usr/local/include -DGIMP_DISABLE_DEPRECATED -DGDK_MULTIHEAD_SAFE -DGTK_MULTIHEAD_SAFE  -g -O2 -Wall -Wdeclaration-after-statement -Wmissing-prototypes -Wmissing-declarations -Winit-self -Wpointer-arith -Wold-style-definition -Wformat-security -MT print-page-layout.o -MD -MP -MF .deps/print-page-layout.Tpo -c -o print-page-layout.o print-page-layout.c
mv -f .deps/print-page-layout.Tpo .deps/print-page-layout.Po
gcc -DHAVE_CONFIG_H -I. -I../..  -I../.. -pthread -I/usr/include/gtk-2.0 -I/usr/lib/x86_64-linux-gnu/gtk-2.0/include -I/usr/include/gio-unix-2.0 -I/usr/include/cairo -I/usr/include/pango-1.0 -I/usr/include/atk-1.0 -I/usr/include/cairo -I/usr/include/pixman-1 -I/usr/include/gdk-pixbuf-2.0 -I/usr/include/libmount -I/usr/include/blkid -I/usr/include/pango-1.0 -I/usr/include/harfbuzz -I/usr/include/pango-1.0 -I/usr/include/fribidi -I/usr/include/uuid -I/usr/include/freetype2 -I/usr/include/libpng16 -I/usr/include/glib-2.0 -I/usr/lib/x86_64-linux-gnu/glib-2.0/include -I/usr/local/include -DGIMP_DISABLE_DEPRECATED -DGDK_MULTIHEAD_SAFE -DGTK_MULTIHEAD_SAFE  -g -O2 -Wall -Wdeclaration-after-statement -Wmissing-prototypes -Wmissing-declarations -Winit-self -Wpointer-arith -Wold-style-definition -Wformat-security -MT print-page-setup.o -MD -MP -MF .deps/print-page-setup.Tpo -c -o print-page-setup.o print-page-setup.c
mv -f .deps/print-page-setup.Tpo .deps/print-page-setup.Po
gcc -DHAVE_CONFIG_H -I. -I../..  -I../.. -pthread -I/usr/include/gtk-2.0 -I/usr/lib/x86_64-linux-gnu/gtk-2.0/include -I/usr/include/gio-unix-2.0 -I/usr/include/cairo -I/usr/include/pango-1.0 -I/usr/include/atk-1.0 -I/usr/include/cairo -I/usr/include/pixman-1 -I/usr/include/gdk-pixbuf-2.0 -I/usr/include/libmount -I/usr/include/blkid -I/usr/include/pango-1.0 -I/usr/include/harfbuzz -I/usr/include/pango-1.0 -I/usr/include/fribidi -I/usr/include/uuid -I/usr/include/freetype2 -I/usr/include/libpng16 -I/usr/include/glib-2.0 -I/usr/lib/x86_64-linux-gnu/glib-2.0/include -I/usr/local/include -DGIMP_DISABLE_DEPRECATED -DGDK_MULTIHEAD_SAFE -DGTK_MULTIHEAD_SAFE  -g -O2 -Wall -Wdeclaration-after-statement -Wmissing-prototypes -Wmissing-declarations -Winit-self -Wpointer-arith -Wold-style-definition -Wformat-security -MT print-preview.o -MD -MP -MF .deps/print-preview.Tpo -c -o print-preview.o print-preview.c
mv -f .deps/print-preview.Tpo .deps/print-preview.Po
gcc -DHAVE_CONFIG_H -I. -I../..  -I../.. -pthread -I/usr/include/gtk-2.0 -I/usr/lib/x86_64-linux-gnu/gtk-2.0/include -I/usr/include/gio-unix-2.0 -I/usr/include/cairo -I/usr/include/pango-1.0 -I/usr/include/atk-1.0 -I/usr/include/cairo -I/usr/include/pixman-1 -I/usr/include/gdk-pixbuf-2.0 -I/usr/include/libmount -I/usr/include/blkid -I/usr/include/pango-1.0 -I/usr/include/harfbuzz -I/usr/include/pango-1.0 -I/usr/include/fribidi -I/usr/include/uuid -I/usr/include/freetype2 -I/usr/include/libpng16 -I/usr/include/glib-2.0 -I/usr/lib/x86_64-linux-gnu/glib-2.0/include -I/usr/local/include -DGIMP_DISABLE_DEPRECATED -DGDK_MULTIHEAD_SAFE -DGTK_MULTIHEAD_SAFE  -g -O2 -Wall -Wdeclaration-after-statement -Wmissing-prototypes -Wmissing-declarations -Winit-self -Wpointer-arith -Wold-style-definition -Wformat-security -MT print-settings.o -MD -MP -MF .deps/print-settings.Tpo -c -o print-settings.o print-settings.c
mv -f .deps/print-settings.Tpo .deps/print-settings.Po
gcc -DHAVE_CONFIG_H -I. -I../..  -I../.. -pthread -I/usr/include/gtk-2.0 -I/usr/lib/x86_64-linux-gnu/gtk-2.0/include -I/usr/include/gio-unix-2.0 -I/usr/include/cairo -I/usr/include/pango-1.0 -I/usr/include/atk-1.0 -I/usr/include/cairo -I/usr/include/pixman-1 -I/usr/include/gdk-pixbuf-2.0 -I/usr/include/libmount -I/usr/include/blkid -I/usr/include/pango-1.0 -I/usr/include/harfbuzz -I/usr/include/pango-1.0 -I/usr/include/fribidi -I/usr/include/uuid -I/usr/include/freetype2 -I/usr/include/libpng16 -I/usr/include/glib-2.0 -I/usr/lib/x86_64-linux-gnu/glib-2.0/include -I/usr/local/include -DGIMP_DISABLE_DEPRECATED -DGDK_MULTIHEAD_SAFE -DGTK_MULTIHEAD_SAFE  -g -O2 -Wall -Wdeclaration-after-statement -Wmissing-prototypes -Wmissing-declarations -Winit-self -Wpointer-arith -Wold-style-definition -Wformat-security -MT print-utils.o -MD -MP -MF .deps/print-utils.Tpo -c -o print-utils.o print-utils.c
mv -f .deps/print-utils.Tpo .deps/print-utils.Po
/bin/bash ../../libtool  --tag=CC   --mode=link gcc  -g -O2 -Wall -Wdeclaration-after-statement -Wmissing-prototypes -Wmissing-declarations -Winit-self -Wpointer-arith -Wold-style-definition -Wformat-security   -o print print.o print-draw-page.o print-page-layout.o print-page-setup.o print-preview.o print-settings.o print-utils.o ../../libgimp/libgimpui-2.0.la ../../libgimpwidgets/libgimpwidgets-2.0.la ../../libgimpconfig/libgimpconfig-2.0.la ../../libgimp/libgimp-2.0.la ../../libgimpcolor/libgimpcolor-2.0.la ../../libgimpmath/libgimpmath-2.0.la ../../libgimpbase/libgimpbase-2.0.la -lgtk-x11-2.0 -lgdk-x11-2.0 -lpangocairo-1.0 -latk-1.0 -lcairo -lgdk_pixbuf-2.0 -lgio-2.0 -lpangoft2-1.0 -lpango-1.0 -lgobject-2.0 -lfontconfig -lfreetype -lgthread-2.0 -pthread -lglib-2.0   
libtool: link: gcc -g -O2 -Wall -Wdeclaration-after-statement -Wmissing-prototypes -Wmissing-declarations -Winit-self -Wpointer-arith -Wold-style-definition -Wformat-security -o .libs/print print.o print-draw-page.o print-page-layout.o print-page-setup.o print-preview.o print-settings.o print-utils.o -pthread  ../../libgimp/.libs/libgimpui-2.0.so ../../libgimpwidgets/.libs/libgimpwidgets-2.0.so ../../libgimpconfig/.libs/libgimpconfig-2.0.so ../../libgimp/.libs/libgimp-2.0.so ../../libgimpcolor/.libs/libgimpcolor-2.0.so ../../libgimpmath/.libs/libgimpmath-2.0.so ../../libgimpbase/.libs/libgimpbase-2.0.so -lgtk-x11-2.0 -lgdk-x11-2.0 -lpangocairo-1.0 -latk-1.0 -lcairo -lgdk_pixbuf-2.0 -lgio-2.0 -lpangoft2-1.0 -lpango-1.0 -lgobject-2.0 -lfontconfig -lfreetype -lgthread-2.0 -lglib-2.0 -pthread
make[3]: Leaving directory '/home/pavel/Programs/gimp/plug-ins/print'
Making all in selection-to-path
make[3]: Entering directory '/home/pavel/Programs/gimp/plug-ins/selection-to-path'
gcc -DHAVE_CONFIG_H -I. -I../..  -I../.. -pthread -I/usr/include/gtk-2.0 -I/usr/lib/x86_64-linux-gnu/gtk-2.0/include -I/usr/include/gio-unix-2.0 -I/usr/include/cairo -I/usr/include/pango-1.0 -I/usr/include/atk-1.0 -I/usr/include/cairo -I/usr/include/pixman-1 -I/usr/include/gdk-pixbuf-2.0 -I/usr/include/libmount -I/usr/include/blkid -I/usr/include/pango-1.0 -I/usr/include/harfbuzz -I/usr/include/pango-1.0 -I/usr/include/fribidi -I/usr/include/uuid -I/usr/include/freetype2 -I/usr/include/libpng16 -I/usr/include/glib-2.0 -I/usr/lib/x86_64-linux-gnu/glib-2.0/include -I/usr/local/include -DGIMP_DISABLE_DEPRECATED -DGDK_MULTIHEAD_SAFE -DGTK_MULTIHEAD_SAFE  -g -O2 -Wall -Wdeclaration-after-statement -Wmissing-prototypes -Wmissing-declarations -Winit-self -Wpointer-arith -Wold-style-definition -Wformat-security -MT curve.o -MD -MP -MF .deps/curve.Tpo -c -o curve.o curve.c
mv -f .deps/curve.Tpo .deps/curve.Po
gcc -DHAVE_CONFIG_H -I. -I../..  -I../.. -pthread -I/usr/include/gtk-2.0 -I/usr/lib/x86_64-linux-gnu/gtk-2.0/include -I/usr/include/gio-unix-2.0 -I/usr/include/cairo -I/usr/include/pango-1.0 -I/usr/include/atk-1.0 -I/usr/include/cairo -I/usr/include/pixman-1 -I/usr/include/gdk-pixbuf-2.0 -I/usr/include/libmount -I/usr/include/blkid -I/usr/include/pango-1.0 -I/usr/include/harfbuzz -I/usr/include/pango-1.0 -I/usr/include/fribidi -I/usr/include/uuid -I/usr/include/freetype2 -I/usr/include/libpng16 -I/usr/include/glib-2.0 -I/usr/lib/x86_64-linux-gnu/glib-2.0/include -I/usr/local/include -DGIMP_DISABLE_DEPRECATED -DGDK_MULTIHEAD_SAFE -DGTK_MULTIHEAD_SAFE  -g -O2 -Wall -Wdeclaration-after-statement -Wmissing-prototypes -Wmissing-declarations -Winit-self -Wpointer-arith -Wold-style-definition -Wformat-security -MT edge.o -MD -MP -MF .deps/edge.Tpo -c -o edge.o edge.c
mv -f .deps/edge.Tpo .deps/edge.Po
gcc -DHAVE_CONFIG_H -I. -I../..  -I../.. -pthread -I/usr/include/gtk-2.0 -I/usr/lib/x86_64-linux-gnu/gtk-2.0/include -I/usr/include/gio-unix-2.0 -I/usr/include/cairo -I/usr/include/pango-1.0 -I/usr/include/atk-1.0 -I/usr/include/cairo -I/usr/include/pixman-1 -I/usr/include/gdk-pixbuf-2.0 -I/usr/include/libmount -I/usr/include/blkid -I/usr/include/pango-1.0 -I/usr/include/harfbuzz -I/usr/include/pango-1.0 -I/usr/include/fribidi -I/usr/include/uuid -I/usr/include/freetype2 -I/usr/include/libpng16 -I/usr/include/glib-2.0 -I/usr/lib/x86_64-linux-gnu/glib-2.0/include -I/usr/local/include -DGIMP_DISABLE_DEPRECATED -DGDK_MULTIHEAD_SAFE -DGTK_MULTIHEAD_SAFE  -g -O2 -Wall -Wdeclaration-after-statement -Wmissing-prototypes -Wmissing-declarations -Winit-self -Wpointer-arith -Wold-style-definition -Wformat-security -MT fit.o -MD -MP -MF .deps/fit.Tpo -c -o fit.o fit.c
mv -f .deps/fit.Tpo .deps/fit.Po
gcc -DHAVE_CONFIG_H -I. -I../..  -I../.. -pthread -I/usr/include/gtk-2.0 -I/usr/lib/x86_64-linux-gnu/gtk-2.0/include -I/usr/include/gio-unix-2.0 -I/usr/include/cairo -I/usr/include/pango-1.0 -I/usr/include/atk-1.0 -I/usr/include/cairo -I/usr/include/pixman-1 -I/usr/include/gdk-pixbuf-2.0 -I/usr/include/libmount -I/usr/include/blkid -I/usr/include/pango-1.0 -I/usr/include/harfbuzz -I/usr/include/pango-1.0 -I/usr/include/fribidi -I/usr/include/uuid -I/usr/include/freetype2 -I/usr/include/libpng16 -I/usr/include/glib-2.0 -I/usr/lib/x86_64-linux-gnu/glib-2.0/include -I/usr/local/include -DGIMP_DISABLE_DEPRECATED -DGDK_MULTIHEAD_SAFE -DGTK_MULTIHEAD_SAFE  -g -O2 -Wall -Wdeclaration-after-statement -Wmissing-prototypes -Wmissing-declarations -Winit-self -Wpointer-arith -Wold-style-definition -Wformat-security -MT math.o -MD -MP -MF .deps/math.Tpo -c -o math.o math.c
mv -f .deps/math.Tpo .deps/math.Po
gcc -DHAVE_CONFIG_H -I. -I../..  -I../.. -pthread -I/usr/include/gtk-2.0 -I/usr/lib/x86_64-linux-gnu/gtk-2.0/include -I/usr/include/gio-unix-2.0 -I/usr/include/cairo -I/usr/include/pango-1.0 -I/usr/include/atk-1.0 -I/usr/include/cairo -I/usr/include/pixman-1 -I/usr/include/gdk-pixbuf-2.0 -I/usr/include/libmount -I/usr/include/blkid -I/usr/include/pango-1.0 -I/usr/include/harfbuzz -I/usr/include/pango-1.0 -I/usr/include/fribidi -I/usr/include/uuid -I/usr/include/freetype2 -I/usr/include/libpng16 -I/usr/include/glib-2.0 -I/usr/lib/x86_64-linux-gnu/glib-2.0/include -I/usr/local/include -DGIMP_DISABLE_DEPRECATED -DGDK_MULTIHEAD_SAFE -DGTK_MULTIHEAD_SAFE  -g -O2 -Wall -Wdeclaration-after-statement -Wmissing-prototypes -Wmissing-declarations -Winit-self -Wpointer-arith -Wold-style-definition -Wformat-security -MT pxl-outline.o -MD -MP -MF .deps/pxl-outline.Tpo -c -o pxl-outline.o pxl-outline.c
mv -f .deps/pxl-outline.Tpo .deps/pxl-outline.Po
gcc -DHAVE_CONFIG_H -I. -I../..  -I../.. -pthread -I/usr/include/gtk-2.0 -I/usr/lib/x86_64-linux-gnu/gtk-2.0/include -I/usr/include/gio-unix-2.0 -I/usr/include/cairo -I/usr/include/pango-1.0 -I/usr/include/atk-1.0 -I/usr/include/cairo -I/usr/include/pixman-1 -I/usr/include/gdk-pixbuf-2.0 -I/usr/include/libmount -I/usr/include/blkid -I/usr/include/pango-1.0 -I/usr/include/harfbuzz -I/usr/include/pango-1.0 -I/usr/include/fribidi -I/usr/include/uuid -I/usr/include/freetype2 -I/usr/include/libpng16 -I/usr/include/glib-2.0 -I/usr/lib/x86_64-linux-gnu/glib-2.0/include -I/usr/local/include -DGIMP_DISABLE_DEPRECATED -DGDK_MULTIHEAD_SAFE -DGTK_MULTIHEAD_SAFE  -g -O2 -Wall -Wdeclaration-after-statement -Wmissing-prototypes -Wmissing-declarations -Winit-self -Wpointer-arith -Wold-style-definition -Wformat-security -MT selection-to-path.o -MD -MP -MF .deps/selection-to-path.Tpo -c -o selection-to-path.o selection-to-path.c
mv -f .deps/selection-to-path.Tpo .deps/selection-to-path.Po
gcc -DHAVE_CONFIG_H -I. -I../..  -I../.. -pthread -I/usr/include/gtk-2.0 -I/usr/lib/x86_64-linux-gnu/gtk-2.0/include -I/usr/include/gio-unix-2.0 -I/usr/include/cairo -I/usr/include/pango-1.0 -I/usr/include/atk-1.0 -I/usr/include/cairo -I/usr/include/pixman-1 -I/usr/include/gdk-pixbuf-2.0 -I/usr/include/libmount -I/usr/include/blkid -I/usr/include/pango-1.0 -I/usr/include/harfbuzz -I/usr/include/pango-1.0 -I/usr/include/fribidi -I/usr/include/uuid -I/usr/include/freetype2 -I/usr/include/libpng16 -I/usr/include/glib-2.0 -I/usr/lib/x86_64-linux-gnu/glib-2.0/include -I/usr/local/include -DGIMP_DISABLE_DEPRECATED -DGDK_MULTIHEAD_SAFE -DGTK_MULTIHEAD_SAFE  -g -O2 -Wall -Wdeclaration-after-statement -Wmissing-prototypes -Wmissing-declarations -Winit-self -Wpointer-arith -Wold-style-definition -Wformat-security -MT selection-to-path-dialog.o -MD -MP -MF .deps/selection-to-path-dialog.Tpo -c -o selection-to-path-dialog.o selection-to-path-dialog.c
mv -f .deps/selection-to-path-dialog.Tpo .deps/selection-to-path-dialog.Po
gcc -DHAVE_CONFIG_H -I. -I../..  -I../.. -pthread -I/usr/include/gtk-2.0 -I/usr/lib/x86_64-linux-gnu/gtk-2.0/include -I/usr/include/gio-unix-2.0 -I/usr/include/cairo -I/usr/include/pango-1.0 -I/usr/include/atk-1.0 -I/usr/include/cairo -I/usr/include/pixman-1 -I/usr/include/gdk-pixbuf-2.0 -I/usr/include/libmount -I/usr/include/blkid -I/usr/include/pango-1.0 -I/usr/include/harfbuzz -I/usr/include/pango-1.0 -I/usr/include/fribidi -I/usr/include/uuid -I/usr/include/freetype2 -I/usr/include/libpng16 -I/usr/include/glib-2.0 -I/usr/lib/x86_64-linux-gnu/glib-2.0/include -I/usr/local/include -DGIMP_DISABLE_DEPRECATED -DGDK_MULTIHEAD_SAFE -DGTK_MULTIHEAD_SAFE  -g -O2 -Wall -Wdeclaration-after-statement -Wmissing-prototypes -Wmissing-declarations -Winit-self -Wpointer-arith -Wold-style-definition -Wformat-security -MT spline.o -MD -MP -MF .deps/spline.Tpo -c -o spline.o spline.c
mv -f .deps/spline.Tpo .deps/spline.Po
gcc -DHAVE_CONFIG_H -I. -I../..  -I../.. -pthread -I/usr/include/gtk-2.0 -I/usr/lib/x86_64-linux-gnu/gtk-2.0/include -I/usr/include/gio-unix-2.0 -I/usr/include/cairo -I/usr/include/pango-1.0 -I/usr/include/atk-1.0 -I/usr/include/cairo -I/usr/include/pixman-1 -I/usr/include/gdk-pixbuf-2.0 -I/usr/include/libmount -I/usr/include/blkid -I/usr/include/pango-1.0 -I/usr/include/harfbuzz -I/usr/include/pango-1.0 -I/usr/include/fribidi -I/usr/include/uuid -I/usr/include/freetype2 -I/usr/include/libpng16 -I/usr/include/glib-2.0 -I/usr/lib/x86_64-linux-gnu/glib-2.0/include -I/usr/local/include -DGIMP_DISABLE_DEPRECATED -DGDK_MULTIHEAD_SAFE -DGTK_MULTIHEAD_SAFE  -g -O2 -Wall -Wdeclaration-after-statement -Wmissing-prototypes -Wmissing-declarations -Winit-self -Wpointer-arith -Wold-style-definition -Wformat-security -MT vector.o -MD -MP -MF .deps/vector.Tpo -c -o vector.o vector.c
mv -f .deps/vector.Tpo .deps/vector.Po
/bin/bash ../../libtool  --tag=CC   --mode=link gcc  -g -O2 -Wall -Wdeclaration-after-statement -Wmissing-prototypes -Wmissing-declarations -Winit-self -Wpointer-arith -Wold-style-definition -Wformat-security   -o selection-to-path curve.o edge.o fit.o math.o pxl-outline.o selection-to-path.o selection-to-path-dialog.o spline.o vector.o ../../libgimp/libgimpui-2.0.la ../../libgimpwidgets/libgimpwidgets-2.0.la ../../libgimpconfig/libgimpconfig-2.0.la ../../libgimpmath/libgimpmath-2.0.la -lm ../../libgimp/libgimp-2.0.la ../../libgimpcolor/libgimpcolor-2.0.la ../../libgimpbase/libgimpbase-2.0.la -lgtk-x11-2.0 -lgdk-x11-2.0 -lpangocairo-1.0 -latk-1.0 -lcairo -lgdk_pixbuf-2.0 -lgio-2.0 -lpangoft2-1.0 -lpango-1.0 -lgobject-2.0 -lfontconfig -lfreetype -lgthread-2.0 -pthread -lglib-2.0   
libtool: link: gcc -g -O2 -Wall -Wdeclaration-after-statement -Wmissing-prototypes -Wmissing-declarations -Winit-self -Wpointer-arith -Wold-style-definition -Wformat-security -o .libs/selection-to-path curve.o edge.o fit.o math.o pxl-outline.o selection-to-path.o selection-to-path-dialog.o spline.o vector.o -pthread  ../../libgimp/.libs/libgimpui-2.0.so ../../libgimpwidgets/.libs/libgimpwidgets-2.0.so ../../libgimpconfig/.libs/libgimpconfig-2.0.so ../../libgimpmath/.libs/libgimpmath-2.0.so -lm ../../libgimp/.libs/libgimp-2.0.so ../../libgimpcolor/.libs/libgimpcolor-2.0.so ../../libgimpbase/.libs/libgimpbase-2.0.so -lgtk-x11-2.0 -lgdk-x11-2.0 -lpangocairo-1.0 -latk-1.0 -lcairo -lgdk_pixbuf-2.0 -lgio-2.0 -lpangoft2-1.0 -lpango-1.0 -lgobject-2.0 -lfontconfig -lfreetype -lgthread-2.0 -lglib-2.0 -pthread
make[3]: Leaving directory '/home/pavel/Programs/gimp/plug-ins/selection-to-path'
Making all in common
make[3]: Entering directory '/home/pavel/Programs/gimp/plug-ins/common'
gcc -DHAVE_CONFIG_H -I. -I../..  -I../.. -pthread -I/usr/include/gtk-2.0 -I/usr/lib/x86_64-linux-gnu/gtk-2.0/include -I/usr/include/gio-unix-2.0 -I/usr/include/cairo -I/usr/include/pango-1.0 -I/usr/include/atk-1.0 -I/usr/include/cairo -I/usr/include/pixman-1 -I/usr/include/gdk-pixbuf-2.0 -I/usr/include/libmount -I/usr/include/blkid -I/usr/include/pango-1.0 -I/usr/include/harfbuzz -I/usr/include/pango-1.0 -I/usr/include/fribidi -I/usr/include/uuid -I/usr/include/freetype2 -I/usr/include/libpng16 -I/usr/include/glib-2.0 -I/usr/lib/x86_64-linux-gnu/glib-2.0/include -I/usr/local/include -DGIMP_DISABLE_DEPRECATED -DGDK_MULTIHEAD_SAFE -DGTK_MULTIHEAD_SAFE  -g -O2 -Wall -Wdeclaration-after-statement -Wmissing-prototypes -Wmissing-declarations -Winit-self -Wpointer-arith -Wold-style-definition -Wformat-security -MT alien-map.o -MD -MP -MF .deps/alien-map.Tpo -c -o alien-map.o alien-map.c
mv -f .deps/alien-map.Tpo .deps/alien-map.Po
/bin/bash ../../libtool  --tag=CC   --mode=link gcc  -g -O2 -Wall -Wdeclaration-after-statement -Wmissing-prototypes -Wmissing-declarations -Winit-self -Wpointer-arith -Wold-style-definition -Wformat-security   -o alien-map alien-map.o ../../libgimp/libgimpui-2.0.la ../../libgimpwidgets/libgimpwidgets-2.0.la ../../libgimpmodule/libgimpmodule-2.0.la ../../libgimp/libgimp-2.0.la ../../libgimpmath/libgimpmath-2.0.la -lm ../../libgimpconfig/libgimpconfig-2.0.la ../../libgimpcolor/libgimpcolor-2.0.la ../../libgimpbase/libgimpbase-2.0.la -lgtk-x11-2.0 -lgdk-x11-2.0 -lpangocairo-1.0 -latk-1.0 -lcairo -lgdk_pixbuf-2.0 -lgio-2.0 -lpangoft2-1.0 -lpango-1.0 -lgobject-2.0 -lfontconfig -lfreetype -lgthread-2.0 -pthread -lglib-2.0   
libtool: link: gcc -g -O2 -Wall -Wdeclaration-after-statement -Wmissing-prototypes -Wmissing-declarations -Winit-self -Wpointer-arith -Wold-style-definition -Wformat-security -o .libs/alien-map alien-map.o -pthread  ../../libgimp/.libs/libgimpui-2.0.so ../../libgimpwidgets/.libs/libgimpwidgets-2.0.so ../../libgimpmodule/.libs/libgimpmodule-2.0.so ../../libgimp/.libs/libgimp-2.0.so ../../libgimpmath/.libs/libgimpmath-2.0.so -lm ../../libgimpconfig/.libs/libgimpconfig-2.0.so ../../libgimpcolor/.libs/libgimpcolor-2.0.so ../../libgimpbase/.libs/libgimpbase-2.0.so -lgtk-x11-2.0 -lgdk-x11-2.0 -lpangocairo-1.0 -latk-1.0 -lcairo -lgdk_pixbuf-2.0 -lgio-2.0 -lpangoft2-1.0 -lpango-1.0 -lgobject-2.0 -lfontconfig -lfreetype -lgthread-2.0 -lglib-2.0 -pthread
gcc -DHAVE_CONFIG_H -I. -I../..  -I../.. -pthread -I/usr/include/gtk-2.0 -I/usr/lib/x86_64-linux-gnu/gtk-2.0/include -I/usr/include/gio-unix-2.0 -I/usr/include/cairo -I/usr/include/pango-1.0 -I/usr/include/atk-1.0 -I/usr/include/cairo -I/usr/include/pixman-1 -I/usr/include/gdk-pixbuf-2.0 -I/usr/include/libmount -I/usr/include/blkid -I/usr/include/pango-1.0 -I/usr/include/harfbuzz -I/usr/include/pango-1.0 -I/usr/include/fribidi -I/usr/include/uuid -I/usr/include/freetype2 -I/usr/include/libpng16 -I/usr/include/glib-2.0 -I/usr/lib/x86_64-linux-gnu/glib-2.0/include -I/usr/local/include -DGIMP_DISABLE_DEPRECATED -DGDK_MULTIHEAD_SAFE -DGTK_MULTIHEAD_SAFE  -g -O2 -Wall -Wdeclaration-after-statement -Wmissing-prototypes -Wmissing-declarations -Winit-self -Wpointer-arith -Wold-style-definition -Wformat-security -MT align-layers.o -MD -MP -MF .deps/align-layers.Tpo -c -o align-layers.o align-layers.c
mv -f .deps/align-layers.Tpo .deps/align-layers.Po
/bin/bash ../../libtool  --tag=CC   --mode=link gcc  -g -O2 -Wall -Wdeclaration-after-statement -Wmissing-prototypes -Wmissing-declarations -Winit-self -Wpointer-arith -Wold-style-definition -Wformat-security   -o align-layers align-layers.o ../../libgimp/libgimpui-2.0.la ../../libgimpwidgets/libgimpwidgets-2.0.la ../../libgimpmodule/libgimpmodule-2.0.la ../../libgimp/libgimp-2.0.la ../../libgimpmath/libgimpmath-2.0.la -lm ../../libgimpconfig/libgimpconfig-2.0.la ../../libgimpcolor/libgimpcolor-2.0.la ../../libgimpbase/libgimpbase-2.0.la -lgtk-x11-2.0 -lgdk-x11-2.0 -lpangocairo-1.0 -latk-1.0 -lcairo -lgdk_pixbuf-2.0 -lgio-2.0 -lpangoft2-1.0 -lpango-1.0 -lgobject-2.0 -lfontconfig -lfreetype -lgthread-2.0 -pthread -lglib-2.0   
libtool: link: gcc -g -O2 -Wall -Wdeclaration-after-statement -Wmissing-prototypes -Wmissing-declarations -Winit-self -Wpointer-arith -Wold-style-definition -Wformat-security -o .libs/align-layers align-layers.o -pthread  ../../libgimp/.libs/libgimpui-2.0.so ../../libgimpwidgets/.libs/libgimpwidgets-2.0.so ../../libgimpmodule/.libs/libgimpmodule-2.0.so ../../libgimp/.libs/libgimp-2.0.so ../../libgimpmath/.libs/libgimpmath-2.0.so -lm ../../libgimpconfig/.libs/libgimpconfig-2.0.so ../../libgimpcolor/.libs/libgimpcolor-2.0.so ../../libgimpbase/.libs/libgimpbase-2.0.so -lgtk-x11-2.0 -lgdk-x11-2.0 -lpangocairo-1.0 -latk-1.0 -lcairo -lgdk_pixbuf-2.0 -lgio-2.0 -lpangoft2-1.0 -lpango-1.0 -lgobject-2.0 -lfontconfig -lfreetype -lgthread-2.0 -lglib-2.0 -pthread
gcc -DHAVE_CONFIG_H -I. -I../..  -I../.. -pthread -I/usr/include/gtk-2.0 -I/usr/lib/x86_64-linux-gnu/gtk-2.0/include -I/usr/include/gio-unix-2.0 -I/usr/include/cairo -I/usr/include/pango-1.0 -I/usr/include/atk-1.0 -I/usr/include/cairo -I/usr/include/pixman-1 -I/usr/include/gdk-pixbuf-2.0 -I/usr/include/libmount -I/usr/include/blkid -I/usr/include/pango-1.0 -I/usr/include/harfbuzz -I/usr/include/pango-1.0 -I/usr/include/fribidi -I/usr/include/uuid -I/usr/include/freetype2 -I/usr/include/libpng16 -I/usr/include/glib-2.0 -I/usr/lib/x86_64-linux-gnu/glib-2.0/include -I/usr/local/include -DGIMP_DISABLE_DEPRECATED -DGDK_MULTIHEAD_SAFE -DGTK_MULTIHEAD_SAFE  -g -O2 -Wall -Wdeclaration-after-statement -Wmissing-prototypes -Wmissing-declarations -Winit-self -Wpointer-arith -Wold-style-definition -Wformat-security -MT animation-optimize.o -MD -MP -MF .deps/animation-optimize.Tpo -c -o animation-optimize.o animation-optimize.c
mv -f .deps/animation-optimize.Tpo .deps/animation-optimize.Po
/bin/bash ../../libtool  --tag=CC   --mode=link gcc  -g -O2 -Wall -Wdeclaration-after-statement -Wmissing-prototypes -Wmissing-declarations -Winit-self -Wpointer-arith -Wold-style-definition -Wformat-security   -o animation-optimize animation-optimize.o ../../libgimp/libgimp-2.0.la ../../libgimpmath/libgimpmath-2.0.la -lm ../../libgimpconfig/libgimpconfig-2.0.la ../../libgimpcolor/libgimpcolor-2.0.la ../../libgimpbase/libgimpbase-2.0.la -lgobject-2.0 -lgthread-2.0 -pthread -lglib-2.0   
libtool: link: gcc -g -O2 -Wall -Wdeclaration-after-statement -Wmissing-prototypes -Wmissing-declarations -Winit-self -Wpointer-arith -Wold-style-definition -Wformat-security -o .libs/animation-optimize animation-optimize.o -pthread  ../../libgimp/.libs/libgimp-2.0.so ../../libgimpmath/.libs/libgimpmath-2.0.so -lm ../../libgimpconfig/.libs/libgimpconfig-2.0.so ../../libgimpcolor/.libs/libgimpcolor-2.0.so ../../libgimpbase/.libs/libgimpbase-2.0.so -lgobject-2.0 -lgthread-2.0 -lglib-2.0 -pthread
gcc -DHAVE_CONFIG_H -I. -I../..  -I../.. -pthread -I/usr/include/gtk-2.0 -I/usr/lib/x86_64-linux-gnu/gtk-2.0/include -I/usr/include/gio-unix-2.0 -I/usr/include/cairo -I/usr/include/pango-1.0 -I/usr/include/atk-1.0 -I/usr/include/cairo -I/usr/include/pixman-1 -I/usr/include/gdk-pixbuf-2.0 -I/usr/include/libmount -I/usr/include/blkid -I/usr/include/pango-1.0 -I/usr/include/harfbuzz -I/usr/include/pango-1.0 -I/usr/include/fribidi -I/usr/include/uuid -I/usr/include/freetype2 -I/usr/include/libpng16 -I/usr/include/glib-2.0 -I/usr/lib/x86_64-linux-gnu/glib-2.0/include -I/usr/local/include -DGIMP_DISABLE_DEPRECATED -DGDK_MULTIHEAD_SAFE -DGTK_MULTIHEAD_SAFE  -g -O2 -Wall -Wdeclaration-after-statement -Wmissing-prototypes -Wmissing-declarations -Winit-self -Wpointer-arith -Wold-style-definition -Wformat-security -MT animation-play.o -MD -MP -MF .deps/animation-play.Tpo -c -o animation-play.o animation-play.c
mv -f .deps/animation-play.Tpo .deps/animation-play.Po
/bin/bash ../../libtool  --tag=CC   --mode=link gcc  -g -O2 -Wall -Wdeclaration-after-statement -Wmissing-prototypes -Wmissing-declarations -Winit-self -Wpointer-arith -Wold-style-definition -Wformat-security   -o animation-play animation-play.o ../../libgimp/libgimpui-2.0.la ../../libgimpwidgets/libgimpwidgets-2.0.la ../../libgimpmodule/libgimpmodule-2.0.la ../../libgimp/libgimp-2.0.la ../../libgimpmath/libgimpmath-2.0.la -lm ../../libgimpconfig/libgimpconfig-2.0.la ../../libgimpcolor/libgimpcolor-2.0.la ../../libgimpbase/libgimpbase-2.0.la -lgtk-x11-2.0 -lgdk-x11-2.0 -lpangocairo-1.0 -latk-1.0 -lcairo -lgdk_pixbuf-2.0 -lgio-2.0 -lpangoft2-1.0 -lpango-1.0 -lgobject-2.0 -lfontconfig -lfreetype -lgthread-2.0 -pthread -lglib-2.0   
libtool: link: gcc -g -O2 -Wall -Wdeclaration-after-statement -Wmissing-prototypes -Wmissing-declarations -Winit-self -Wpointer-arith -Wold-style-definition -Wformat-security -o .libs/animation-play animation-play.o -pthread  ../../libgimp/.libs/libgimpui-2.0.so ../../libgimpwidgets/.libs/libgimpwidgets-2.0.so ../../libgimpmodule/.libs/libgimpmodule-2.0.so ../../libgimp/.libs/libgimp-2.0.so ../../libgimpmath/.libs/libgimpmath-2.0.so -lm ../../libgimpconfig/.libs/libgimpconfig-2.0.so ../../libgimpcolor/.libs/libgimpcolor-2.0.so ../../libgimpbase/.libs/libgimpbase-2.0.so -lgtk-x11-2.0 -lgdk-x11-2.0 -lpangocairo-1.0 -latk-1.0 -lcairo -lgdk_pixbuf-2.0 -lgio-2.0 -lpangoft2-1.0 -lpango-1.0 -lgobject-2.0 -lfontconfig -lfreetype -lgthread-2.0 -lglib-2.0 -pthread
gcc -DHAVE_CONFIG_H -I. -I../..  -I../.. -pthread -I/usr/include/gtk-2.0 -I/usr/lib/x86_64-linux-gnu/gtk-2.0/include -I/usr/include/gio-unix-2.0 -I/usr/include/cairo -I/usr/include/pango-1.0 -I/usr/include/atk-1.0 -I/usr/include/cairo -I/usr/include/pixman-1 -I/usr/include/gdk-pixbuf-2.0 -I/usr/include/libmount -I/usr/include/blkid -I/usr/include/pango-1.0 -I/usr/include/harfbuzz -I/usr/include/pango-1.0 -I/usr/include/fribidi -I/usr/include/uuid -I/usr/include/freetype2 -I/usr/include/libpng16 -I/usr/include/glib-2.0 -I/usr/lib/x86_64-linux-gnu/glib-2.0/include -I/usr/local/include -DGIMP_DISABLE_DEPRECATED -DGDK_MULTIHEAD_SAFE -DGTK_MULTIHEAD_SAFE  -g -O2 -Wall -Wdeclaration-after-statement -Wmissing-prototypes -Wmissing-declarations -Winit-self -Wpointer-arith -Wold-style-definition -Wformat-security -MT antialias.o -MD -MP -MF .deps/antialias.Tpo -c -o antialias.o antialias.c
mv -f .deps/antialias.Tpo .deps/antialias.Po
/bin/bash ../../libtool  --tag=CC   --mode=link gcc  -g -O2 -Wall -Wdeclaration-after-statement -Wmissing-prototypes -Wmissing-declarations -Winit-self -Wpointer-arith -Wold-style-definition -Wformat-security   -o antialias antialias.o ../../libgimp/libgimp-2.0.la ../../libgimpmath/libgimpmath-2.0.la -lm ../../libgimpconfig/libgimpconfig-2.0.la ../../libgimpcolor/libgimpcolor-2.0.la ../../libgimpbase/libgimpbase-2.0.la -lgobject-2.0 -lgthread-2.0 -pthread -lglib-2.0   
libtool: link: gcc -g -O2 -Wall -Wdeclaration-after-statement -Wmissing-prototypes -Wmissing-declarations -Winit-self -Wpointer-arith -Wold-style-definition -Wformat-security -o .libs/antialias antialias.o -pthread  ../../libgimp/.libs/libgimp-2.0.so ../../libgimpmath/.libs/libgimpmath-2.0.so -lm ../../libgimpconfig/.libs/libgimpconfig-2.0.so ../../libgimpcolor/.libs/libgimpcolor-2.0.so ../../libgimpbase/.libs/libgimpbase-2.0.so -lgobject-2.0 -lgthread-2.0 -lglib-2.0 -pthread
gcc -DHAVE_CONFIG_H -I. -I../..  -I../.. -pthread -I/usr/include/gtk-2.0 -I/usr/lib/x86_64-linux-gnu/gtk-2.0/include -I/usr/include/gio-unix-2.0 -I/usr/include/cairo -I/usr/include/pango-1.0 -I/usr/include/atk-1.0 -I/usr/include/cairo -I/usr/include/pixman-1 -I/usr/include/gdk-pixbuf-2.0 -I/usr/include/libmount -I/usr/include/blkid -I/usr/include/pango-1.0 -I/usr/include/harfbuzz -I/usr/include/pango-1.0 -I/usr/include/fribidi -I/usr/include/uuid -I/usr/include/freetype2 -I/usr/include/libpng16 -I/usr/include/glib-2.0 -I/usr/lib/x86_64-linux-gnu/glib-2.0/include -I/usr/local/include -DGIMP_DISABLE_DEPRECATED -DGDK_MULTIHEAD_SAFE -DGTK_MULTIHEAD_SAFE  -g -O2 -Wall -Wdeclaration-after-statement -Wmissing-prototypes -Wmissing-declarations -Winit-self -Wpointer-arith -Wold-style-definition -Wformat-security -MT apply-canvas.o -MD -MP -MF .deps/apply-canvas.Tpo -c -o apply-canvas.o apply-canvas.c
mv -f .deps/apply-canvas.Tpo .deps/apply-canvas.Po
/bin/bash ../../libtool  --tag=CC   --mode=link gcc  -g -O2 -Wall -Wdeclaration-after-statement -Wmissing-prototypes -Wmissing-declarations -Winit-self -Wpointer-arith -Wold-style-definition -Wformat-security   -o apply-canvas apply-canvas.o ../../libgimp/libgimpui-2.0.la ../../libgimpwidgets/libgimpwidgets-2.0.la ../../libgimpmodule/libgimpmodule-2.0.la ../../libgimp/libgimp-2.0.la ../../libgimpmath/libgimpmath-2.0.la -lm ../../libgimpconfig/libgimpconfig-2.0.la ../../libgimpcolor/libgimpcolor-2.0.la ../../libgimpbase/libgimpbase-2.0.la -lgtk-x11-2.0 -lgdk-x11-2.0 -lpangocairo-1.0 -latk-1.0 -lcairo -lgdk_pixbuf-2.0 -lgio-2.0 -lpangoft2-1.0 -lpango-1.0 -lgobject-2.0 -lfontconfig -lfreetype -lgthread-2.0 -pthread -lglib-2.0   
libtool: link: gcc -g -O2 -Wall -Wdeclaration-after-statement -Wmissing-prototypes -Wmissing-declarations -Winit-self -Wpointer-arith -Wold-style-definition -Wformat-security -o .libs/apply-canvas apply-canvas.o -pthread  ../../libgimp/.libs/libgimpui-2.0.so ../../libgimpwidgets/.libs/libgimpwidgets-2.0.so ../../libgimpmodule/.libs/libgimpmodule-2.0.so ../../libgimp/.libs/libgimp-2.0.so ../../libgimpmath/.libs/libgimpmath-2.0.so -lm ../../libgimpconfig/.libs/libgimpconfig-2.0.so ../../libgimpcolor/.libs/libgimpcolor-2.0.so ../../libgimpbase/.libs/libgimpbase-2.0.so -lgtk-x11-2.0 -lgdk-x11-2.0 -lpangocairo-1.0 -latk-1.0 -lcairo -lgdk_pixbuf-2.0 -lgio-2.0 -lpangoft2-1.0 -lpango-1.0 -lgobject-2.0 -lfontconfig -lfreetype -lgthread-2.0 -lglib-2.0 -pthread
gcc -DHAVE_CONFIG_H -I. -I../..  -I../.. -pthread -I/usr/include/gtk-2.0 -I/usr/lib/x86_64-linux-gnu/gtk-2.0/include -I/usr/include/gio-unix-2.0 -I/usr/include/cairo -I/usr/include/pango-1.0 -I/usr/include/atk-1.0 -I/usr/include/cairo -I/usr/include/pixman-1 -I/usr/include/gdk-pixbuf-2.0 -I/usr/include/libmount -I/usr/include/blkid -I/usr/include/pango-1.0 -I/usr/include/harfbuzz -I/usr/include/pango-1.0 -I/usr/include/fribidi -I/usr/include/uuid -I/usr/include/freetype2 -I/usr/include/libpng16 -I/usr/include/glib-2.0 -I/usr/lib/x86_64-linux-gnu/glib-2.0/include -I/usr/local/include -DGIMP_DISABLE_DEPRECATED -DGDK_MULTIHEAD_SAFE -DGTK_MULTIHEAD_SAFE  -g -O2 -Wall -Wdeclaration-after-statement -Wmissing-prototypes -Wmissing-declarations -Winit-self -Wpointer-arith -Wold-style-definition -Wformat-security -MT blinds.o -MD -MP -MF .deps/blinds.Tpo -c -o blinds.o blinds.c
mv -f .deps/blinds.Tpo .deps/blinds.Po
/bin/bash ../../libtool  --tag=CC   --mode=link gcc  -g -O2 -Wall -Wdeclaration-after-statement -Wmissing-prototypes -Wmissing-declarations -Winit-self -Wpointer-arith -Wold-style-definition -Wformat-security   -o blinds blinds.o ../../libgimp/libgimpui-2.0.la ../../libgimpwidgets/libgimpwidgets-2.0.la ../../libgimpmodule/libgimpmodule-2.0.la ../../libgimp/libgimp-2.0.la ../../libgimpmath/libgimpmath-2.0.la -lm ../../libgimpconfig/libgimpconfig-2.0.la ../../libgimpcolor/libgimpcolor-2.0.la ../../libgimpbase/libgimpbase-2.0.la -lgtk-x11-2.0 -lgdk-x11-2.0 -lpangocairo-1.0 -latk-1.0 -lcairo -lgdk_pixbuf-2.0 -lgio-2.0 -lpangoft2-1.0 -lpango-1.0 -lgobject-2.0 -lfontconfig -lfreetype -lgthread-2.0 -pthread -lglib-2.0   
libtool: link: gcc -g -O2 -Wall -Wdeclaration-after-statement -Wmissing-prototypes -Wmissing-declarations -Winit-self -Wpointer-arith -Wold-style-definition -Wformat-security -o .libs/blinds blinds.o -pthread  ../../libgimp/.libs/libgimpui-2.0.so ../../libgimpwidgets/.libs/libgimpwidgets-2.0.so ../../libgimpmodule/.libs/libgimpmodule-2.0.so ../../libgimp/.libs/libgimp-2.0.so ../../libgimpmath/.libs/libgimpmath-2.0.so -lm ../../libgimpconfig/.libs/libgimpconfig-2.0.so ../../libgimpcolor/.libs/libgimpcolor-2.0.so ../../libgimpbase/.libs/libgimpbase-2.0.so -lgtk-x11-2.0 -lgdk-x11-2.0 -lpangocairo-1.0 -latk-1.0 -lcairo -lgdk_pixbuf-2.0 -lgio-2.0 -lpangoft2-1.0 -lpango-1.0 -lgobject-2.0 -lfontconfig -lfreetype -lgthread-2.0 -lglib-2.0 -pthread
gcc -DHAVE_CONFIG_H -I. -I../..  -I../.. -pthread -I/usr/include/gtk-2.0 -I/usr/lib/x86_64-linux-gnu/gtk-2.0/include -I/usr/include/gio-unix-2.0 -I/usr/include/cairo -I/usr/include/pango-1.0 -I/usr/include/atk-1.0 -I/usr/include/cairo -I/usr/include/pixman-1 -I/usr/include/gdk-pixbuf-2.0 -I/usr/include/libmount -I/usr/include/blkid -I/usr/include/pango-1.0 -I/usr/include/harfbuzz -I/usr/include/pango-1.0 -I/usr/include/fribidi -I/usr/include/uuid -I/usr/include/freetype2 -I/usr/include/libpng16 -I/usr/include/glib-2.0 -I/usr/lib/x86_64-linux-gnu/glib-2.0/include -I/usr/local/include -DGIMP_DISABLE_DEPRECATED -DGDK_MULTIHEAD_SAFE -DGTK_MULTIHEAD_SAFE  -g -O2 -Wall -Wdeclaration-after-statement -Wmissing-prototypes -Wmissing-declarations -Winit-self -Wpointer-arith -Wold-style-definition -Wformat-security -MT blur.o -MD -MP -MF .deps/blur.Tpo -c -o blur.o blur.c
mv -f .deps/blur.Tpo .deps/blur.Po
/bin/bash ../../libtool  --tag=CC   --mode=link gcc  -g -O2 -Wall -Wdeclaration-after-statement -Wmissing-prototypes -Wmissing-declarations -Winit-self -Wpointer-arith -Wold-style-definition -Wformat-security   -o blur blur.o ../../libgimp/libgimp-2.0.la ../../libgimpmath/libgimpmath-2.0.la -lm ../../libgimpconfig/libgimpconfig-2.0.la ../../libgimpcolor/libgimpcolor-2.0.la ../../libgimpbase/libgimpbase-2.0.la -lgobject-2.0 -lgthread-2.0 -pthread -lglib-2.0   
libtool: link: gcc -g -O2 -Wall -Wdeclaration-after-statement -Wmissing-prototypes -Wmissing-declarations -Winit-self -Wpointer-arith -Wold-style-definition -Wformat-security -o .libs/blur blur.o -pthread  ../../libgimp/.libs/libgimp-2.0.so ../../libgimpmath/.libs/libgimpmath-2.0.so -lm ../../libgimpconfig/.libs/libgimpconfig-2.0.so ../../libgimpcolor/.libs/libgimpcolor-2.0.so ../../libgimpbase/.libs/libgimpbase-2.0.so -lgobject-2.0 -lgthread-2.0 -lglib-2.0 -pthread
gcc -DHAVE_CONFIG_H -I. -I../..  -I../.. -pthread -I/usr/include/gtk-2.0 -I/usr/lib/x86_64-linux-gnu/gtk-2.0/include -I/usr/include/gio-unix-2.0 -I/usr/include/cairo -I/usr/include/pango-1.0 -I/usr/include/atk-1.0 -I/usr/include/cairo -I/usr/include/pixman-1 -I/usr/include/gdk-pixbuf-2.0 -I/usr/include/libmount -I/usr/include/blkid -I/usr/include/pango-1.0 -I/usr/include/harfbuzz -I/usr/include/pango-1.0 -I/usr/include/fribidi -I/usr/include/uuid -I/usr/include/freetype2 -I/usr/include/libpng16 -I/usr/include/glib-2.0 -I/usr/lib/x86_64-linux-gnu/glib-2.0/include -I/usr/local/include -DGIMP_DISABLE_DEPRECATED -DGDK_MULTIHEAD_SAFE -DGTK_MULTIHEAD_SAFE  -g -O2 -Wall -Wdeclaration-after-statement -Wmissing-prototypes -Wmissing-declarations -Winit-self -Wpointer-arith -Wold-style-definition -Wformat-security -MT blur-gauss.o -MD -MP -MF .deps/blur-gauss.Tpo -c -o blur-gauss.o blur-gauss.c
mv -f .deps/blur-gauss.Tpo .deps/blur-gauss.Po
/bin/bash ../../libtool  --tag=CC   --mode=link gcc  -g -O2 -Wall -Wdeclaration-after-statement -Wmissing-prototypes -Wmissing-declarations -Winit-self -Wpointer-arith -Wold-style-definition -Wformat-security   -o blur-gauss blur-gauss.o ../../libgimp/libgimpui-2.0.la ../../libgimpwidgets/libgimpwidgets-2.0.la ../../libgimpmodule/libgimpmodule-2.0.la ../../libgimp/libgimp-2.0.la ../../libgimpmath/libgimpmath-2.0.la -lm ../../libgimpconfig/libgimpconfig-2.0.la ../../libgimpcolor/libgimpcolor-2.0.la ../../libgimpbase/libgimpbase-2.0.la -lgtk-x11-2.0 -lgdk-x11-2.0 -lpangocairo-1.0 -latk-1.0 -lcairo -lgdk_pixbuf-2.0 -lgio-2.0 -lpangoft2-1.0 -lpango-1.0 -lgobject-2.0 -lfontconfig -lfreetype -lgthread-2.0 -pthread -lglib-2.0   
libtool: link: gcc -g -O2 -Wall -Wdeclaration-after-statement -Wmissing-prototypes -Wmissing-declarations -Winit-self -Wpointer-arith -Wold-style-definition -Wformat-security -o .libs/blur-gauss blur-gauss.o -pthread  ../../libgimp/.libs/libgimpui-2.0.so ../../libgimpwidgets/.libs/libgimpwidgets-2.0.so ../../libgimpmodule/.libs/libgimpmodule-2.0.so ../../libgimp/.libs/libgimp-2.0.so ../../libgimpmath/.libs/libgimpmath-2.0.so -lm ../../libgimpconfig/.libs/libgimpconfig-2.0.so ../../libgimpcolor/.libs/libgimpcolor-2.0.so ../../libgimpbase/.libs/libgimpbase-2.0.so -lgtk-x11-2.0 -lgdk-x11-2.0 -lpangocairo-1.0 -latk-1.0 -lcairo -lgdk_pixbuf-2.0 -lgio-2.0 -lpangoft2-1.0 -lpango-1.0 -lgobject-2.0 -lfontconfig -lfreetype -lgthread-2.0 -lglib-2.0 -pthread
gcc -DHAVE_CONFIG_H -I. -I../..  -I../.. -pthread -I/usr/include/gtk-2.0 -I/usr/lib/x86_64-linux-gnu/gtk-2.0/include -I/usr/include/gio-unix-2.0 -I/usr/include/cairo -I/usr/include/pango-1.0 -I/usr/include/atk-1.0 -I/usr/include/cairo -I/usr/include/pixman-1 -I/usr/include/gdk-pixbuf-2.0 -I/usr/include/libmount -I/usr/include/blkid -I/usr/include/pango-1.0 -I/usr/include/harfbuzz -I/usr/include/pango-1.0 -I/usr/include/fribidi -I/usr/include/uuid -I/usr/include/freetype2 -I/usr/include/libpng16 -I/usr/include/glib-2.0 -I/usr/lib/x86_64-linux-gnu/glib-2.0/include -I/usr/local/include -DGIMP_DISABLE_DEPRECATED -DGDK_MULTIHEAD_SAFE -DGTK_MULTIHEAD_SAFE -mmmx -g -O2 -Wall -Wdeclaration-after-statement -Wmissing-prototypes -Wmissing-declarations -Winit-self -Wpointer-arith -Wold-style-definition -Wformat-security -MT blur_gauss_selective-blur-gauss-selective.o -MD -MP -MF .deps/blur_gauss_selective-blur-gauss-selective.Tpo -c -o blur_gauss_selective-blur-gauss-selective.o `test -f 'blur-gauss-selective.c' || echo './'`blur-gauss-selective.c
mv -f .deps/blur_gauss_selective-blur-gauss-selective.Tpo .deps/blur_gauss_selective-blur-gauss-selective.Po
/bin/bash ../../libtool  --tag=CC   --mode=link gcc -mmmx -g -O2 -Wall -Wdeclaration-after-statement -Wmissing-prototypes -Wmissing-declarations -Winit-self -Wpointer-arith -Wold-style-definition -Wformat-security   -o blur-gauss-selective blur_gauss_selective-blur-gauss-selective.o ../../libgimp/libgimpui-2.0.la ../../libgimpwidgets/libgimpwidgets-2.0.la ../../libgimpmodule/libgimpmodule-2.0.la ../../libgimp/libgimp-2.0.la ../../libgimpmath/libgimpmath-2.0.la -lm ../../libgimpconfig/libgimpconfig-2.0.la ../../libgimpcolor/libgimpcolor-2.0.la ../../libgimpbase/libgimpbase-2.0.la -lgtk-x11-2.0 -lgdk-x11-2.0 -lpangocairo-1.0 -latk-1.0 -lcairo -lgdk_pixbuf-2.0 -lgio-2.0 -lpangoft2-1.0 -lpango-1.0 -lgobject-2.0 -lfontconfig -lfreetype -lgthread-2.0 -pthread -lglib-2.0   
libtool: link: gcc -mmmx -g -O2 -Wall -Wdeclaration-after-statement -Wmissing-prototypes -Wmissing-declarations -Winit-self -Wpointer-arith -Wold-style-definition -Wformat-security -o .libs/blur-gauss-selective blur_gauss_selective-blur-gauss-selective.o -pthread  ../../libgimp/.libs/libgimpui-2.0.so ../../libgimpwidgets/.libs/libgimpwidgets-2.0.so ../../libgimpmodule/.libs/libgimpmodule-2.0.so ../../libgimp/.libs/libgimp-2.0.so ../../libgimpmath/.libs/libgimpmath-2.0.so -lm ../../libgimpconfig/.libs/libgimpconfig-2.0.so ../../libgimpcolor/.libs/libgimpcolor-2.0.so ../../libgimpbase/.libs/libgimpbase-2.0.so -lgtk-x11-2.0 -lgdk-x11-2.0 -lpangocairo-1.0 -latk-1.0 -lcairo -lgdk_pixbuf-2.0 -lgio-2.0 -lpangoft2-1.0 -lpango-1.0 -lgobject-2.0 -lfontconfig -lfreetype -lgthread-2.0 -lglib-2.0 -pthread
gcc -DHAVE_CONFIG_H -I. -I../..  -I../.. -pthread -I/usr/include/gtk-2.0 -I/usr/lib/x86_64-linux-gnu/gtk-2.0/include -I/usr/include/gio-unix-2.0 -I/usr/include/cairo -I/usr/include/pango-1.0 -I/usr/include/atk-1.0 -I/usr/include/cairo -I/usr/include/pixman-1 -I/usr/include/gdk-pixbuf-2.0 -I/usr/include/libmount -I/usr/include/blkid -I/usr/include/pango-1.0 -I/usr/include/harfbuzz -I/usr/include/pango-1.0 -I/usr/include/fribidi -I/usr/include/uuid -I/usr/include/freetype2 -I/usr/include/libpng16 -I/usr/include/glib-2.0 -I/usr/lib/x86_64-linux-gnu/glib-2.0/include -I/usr/local/include -DGIMP_DISABLE_DEPRECATED -DGDK_MULTIHEAD_SAFE -DGTK_MULTIHEAD_SAFE  -g -O2 -Wall -Wdeclaration-after-statement -Wmissing-prototypes -Wmissing-declarations -Winit-self -Wpointer-arith -Wold-style-definition -Wformat-security -MT blur-motion.o -MD -MP -MF .deps/blur-motion.Tpo -c -o blur-motion.o blur-motion.c
mv -f .deps/blur-motion.Tpo .deps/blur-motion.Po
/bin/bash ../../libtool  --tag=CC   --mode=link gcc  -g -O2 -Wall -Wdeclaration-after-statement -Wmissing-prototypes -Wmissing-declarations -Winit-self -Wpointer-arith -Wold-style-definition -Wformat-security   -o blur-motion blur-motion.o ../../libgimp/libgimpui-2.0.la ../../libgimpwidgets/libgimpwidgets-2.0.la ../../libgimpmodule/libgimpmodule-2.0.la ../../libgimp/libgimp-2.0.la ../../libgimpmath/libgimpmath-2.0.la -lm ../../libgimpconfig/libgimpconfig-2.0.la ../../libgimpcolor/libgimpcolor-2.0.la ../../libgimpbase/libgimpbase-2.0.la -lgtk-x11-2.0 -lgdk-x11-2.0 -lpangocairo-1.0 -latk-1.0 -lcairo -lgdk_pixbuf-2.0 -lgio-2.0 -lpangoft2-1.0 -lpango-1.0 -lgobject-2.0 -lfontconfig -lfreetype -lgthread-2.0 -pthread -lglib-2.0   
libtool: link: gcc -g -O2 -Wall -Wdeclaration-after-statement -Wmissing-prototypes -Wmissing-declarations -Winit-self -Wpointer-arith -Wold-style-definition -Wformat-security -o .libs/blur-motion blur-motion.o -pthread  ../../libgimp/.libs/libgimpui-2.0.so ../../libgimpwidgets/.libs/libgimpwidgets-2.0.so ../../libgimpmodule/.libs/libgimpmodule-2.0.so ../../libgimp/.libs/libgimp-2.0.so ../../libgimpmath/.libs/libgimpmath-2.0.so -lm ../../libgimpconfig/.libs/libgimpconfig-2.0.so ../../libgimpcolor/.libs/libgimpcolor-2.0.so ../../libgimpbase/.libs/libgimpbase-2.0.so -lgtk-x11-2.0 -lgdk-x11-2.0 -lpangocairo-1.0 -latk-1.0 -lcairo -lgdk_pixbuf-2.0 -lgio-2.0 -lpangoft2-1.0 -lpango-1.0 -lgobject-2.0 -lfontconfig -lfreetype -lgthread-2.0 -lglib-2.0 -pthread
gcc -DHAVE_CONFIG_H -I. -I../..  -I../.. -pthread -I/usr/include/gtk-2.0 -I/usr/lib/x86_64-linux-gnu/gtk-2.0/include -I/usr/include/gio-unix-2.0 -I/usr/include/cairo -I/usr/include/pango-1.0 -I/usr/include/atk-1.0 -I/usr/include/cairo -I/usr/include/pixman-1 -I/usr/include/gdk-pixbuf-2.0 -I/usr/include/libmount -I/usr/include/blkid -I/usr/include/pango-1.0 -I/usr/include/harfbuzz -I/usr/include/pango-1.0 -I/usr/include/fribidi -I/usr/include/uuid -I/usr/include/freetype2 -I/usr/include/libpng16 -I/usr/include/glib-2.0 -I/usr/lib/x86_64-linux-gnu/glib-2.0/include -I/usr/local/include -DGIMP_DISABLE_DEPRECATED -DGDK_MULTIHEAD_SAFE -DGTK_MULTIHEAD_SAFE  -g -O2 -Wall -Wdeclaration-after-statement -Wmissing-prototypes -Wmissing-declarations -Winit-self -Wpointer-arith -Wold-style-definition -Wformat-security -MT border-average.o -MD -MP -MF .deps/border-average.Tpo -c -o border-average.o border-average.c
mv -f .deps/border-average.Tpo .deps/border-average.Po
/bin/bash ../../libtool  --tag=CC   --mode=link gcc  -g -O2 -Wall -Wdeclaration-after-statement -Wmissing-prototypes -Wmissing-declarations -Winit-self -Wpointer-arith -Wold-style-definition -Wformat-security   -o border-average border-average.o ../../libgimp/libgimpui-2.0.la ../../libgimpwidgets/libgimpwidgets-2.0.la ../../libgimpmodule/libgimpmodule-2.0.la ../../libgimp/libgimp-2.0.la ../../libgimpmath/libgimpmath-2.0.la -lm ../../libgimpconfig/libgimpconfig-2.0.la ../../libgimpcolor/libgimpcolor-2.0.la ../../libgimpbase/libgimpbase-2.0.la -lgtk-x11-2.0 -lgdk-x11-2.0 -lpangocairo-1.0 -latk-1.0 -lcairo -lgdk_pixbuf-2.0 -lgio-2.0 -lpangoft2-1.0 -lpango-1.0 -lgobject-2.0 -lfontconfig -lfreetype -lgthread-2.0 -pthread -lglib-2.0   
libtool: link: gcc -g -O2 -Wall -Wdeclaration-after-statement -Wmissing-prototypes -Wmissing-declarations -Winit-self -Wpointer-arith -Wold-style-definition -Wformat-security -o .libs/border-average border-average.o -pthread  ../../libgimp/.libs/libgimpui-2.0.so ../../libgimpwidgets/.libs/libgimpwidgets-2.0.so ../../libgimpmodule/.libs/libgimpmodule-2.0.so ../../libgimp/.libs/libgimp-2.0.so ../../libgimpmath/.libs/libgimpmath-2.0.so -lm ../../libgimpconfig/.libs/libgimpconfig-2.0.so ../../libgimpcolor/.libs/libgimpcolor-2.0.so ../../libgimpbase/.libs/libgimpbase-2.0.so -lgtk-x11-2.0 -lgdk-x11-2.0 -lpangocairo-1.0 -latk-1.0 -lcairo -lgdk_pixbuf-2.0 -lgio-2.0 -lpangoft2-1.0 -lpango-1.0 -lgobject-2.0 -lfontconfig -lfreetype -lgthread-2.0 -lglib-2.0 -pthread
gcc -DHAVE_CONFIG_H -I. -I../..  -I../.. -pthread -I/usr/include/gtk-2.0 -I/usr/lib/x86_64-linux-gnu/gtk-2.0/include -I/usr/include/gio-unix-2.0 -I/usr/include/cairo -I/usr/include/pango-1.0 -I/usr/include/atk-1.0 -I/usr/include/cairo -I/usr/include/pixman-1 -I/usr/include/gdk-pixbuf-2.0 -I/usr/include/libmount -I/usr/include/blkid -I/usr/include/pango-1.0 -I/usr/include/harfbuzz -I/usr/include/pango-1.0 -I/usr/include/fribidi -I/usr/include/uuid -I/usr/include/freetype2 -I/usr/include/libpng16 -I/usr/include/glib-2.0 -I/usr/lib/x86_64-linux-gnu/glib-2.0/include -I/usr/local/include -DGIMP_DISABLE_DEPRECATED -DGDK_MULTIHEAD_SAFE -DGTK_MULTIHEAD_SAFE  -g -O2 -Wall -Wdeclaration-after-statement -Wmissing-prototypes -Wmissing-declarations -Winit-self -Wpointer-arith -Wold-style-definition -Wformat-security -MT bump-map.o -MD -MP -MF .deps/bump-map.Tpo -c -o bump-map.o bump-map.c
mv -f .deps/bump-map.Tpo .deps/bump-map.Po
/bin/bash ../../libtool  --tag=CC   --mode=link gcc  -g -O2 -Wall -Wdeclaration-after-statement -Wmissing-prototypes -Wmissing-declarations -Winit-self -Wpointer-arith -Wold-style-definition -Wformat-security   -o bump-map bump-map.o ../../libgimp/libgimpui-2.0.la ../../libgimpwidgets/libgimpwidgets-2.0.la ../../libgimpmodule/libgimpmodule-2.0.la ../../libgimp/libgimp-2.0.la ../../libgimpmath/libgimpmath-2.0.la -lm ../../libgimpconfig/libgimpconfig-2.0.la ../../libgimpcolor/libgimpcolor-2.0.la ../../libgimpbase/libgimpbase-2.0.la -lgtk-x11-2.0 -lgdk-x11-2.0 -lpangocairo-1.0 -latk-1.0 -lcairo -lgdk_pixbuf-2.0 -lgio-2.0 -lpangoft2-1.0 -lpango-1.0 -lgobject-2.0 -lfontconfig -lfreetype -lgthread-2.0 -pthread -lglib-2.0   
libtool: link: gcc -g -O2 -Wall -Wdeclaration-after-statement -Wmissing-prototypes -Wmissing-declarations -Winit-self -Wpointer-arith -Wold-style-definition -Wformat-security -o .libs/bump-map bump-map.o -pthread  ../../libgimp/.libs/libgimpui-2.0.so ../../libgimpwidgets/.libs/libgimpwidgets-2.0.so ../../libgimpmodule/.libs/libgimpmodule-2.0.so ../../libgimp/.libs/libgimp-2.0.so ../../libgimpmath/.libs/libgimpmath-2.0.so -lm ../../libgimpconfig/.libs/libgimpconfig-2.0.so ../../libgimpcolor/.libs/libgimpcolor-2.0.so ../../libgimpbase/.libs/libgimpbase-2.0.so -lgtk-x11-2.0 -lgdk-x11-2.0 -lpangocairo-1.0 -latk-1.0 -lcairo -lgdk_pixbuf-2.0 -lgio-2.0 -lpangoft2-1.0 -lpango-1.0 -lgobject-2.0 -lfontconfig -lfreetype -lgthread-2.0 -lglib-2.0 -pthread
gcc -DHAVE_CONFIG_H -I. -I../..  -I../.. -pthread -I/usr/include/gtk-2.0 -I/usr/lib/x86_64-linux-gnu/gtk-2.0/include -I/usr/include/gio-unix-2.0 -I/usr/include/cairo -I/usr/include/pango-1.0 -I/usr/include/atk-1.0 -I/usr/include/cairo -I/usr/include/pixman-1 -I/usr/include/gdk-pixbuf-2.0 -I/usr/include/libmount -I/usr/include/blkid -I/usr/include/pango-1.0 -I/usr/include/harfbuzz -I/usr/include/pango-1.0 -I/usr/include/fribidi -I/usr/include/uuid -I/usr/include/freetype2 -I/usr/include/libpng16 -I/usr/include/glib-2.0 -I/usr/lib/x86_64-linux-gnu/glib-2.0/include -I/usr/local/include -DGIMP_DISABLE_DEPRECATED -DGDK_MULTIHEAD_SAFE -DGTK_MULTIHEAD_SAFE  -g -O2 -Wall -Wdeclaration-after-statement -Wmissing-prototypes -Wmissing-declarations -Winit-self -Wpointer-arith -Wold-style-definition -Wformat-security -MT cartoon.o -MD -MP -MF .deps/cartoon.Tpo -c -o cartoon.o cartoon.c
mv -f .deps/cartoon.Tpo .deps/cartoon.Po
/bin/bash ../../libtool  --tag=CC   --mode=link gcc  -g -O2 -Wall -Wdeclaration-after-statement -Wmissing-prototypes -Wmissing-declarations -Winit-self -Wpointer-arith -Wold-style-definition -Wformat-security   -o cartoon cartoon.o ../../libgimp/libgimpui-2.0.la ../../libgimpwidgets/libgimpwidgets-2.0.la ../../libgimpmodule/libgimpmodule-2.0.la ../../libgimp/libgimp-2.0.la ../../libgimpmath/libgimpmath-2.0.la -lm ../../libgimpconfig/libgimpconfig-2.0.la ../../libgimpcolor/libgimpcolor-2.0.la ../../libgimpbase/libgimpbase-2.0.la -lgtk-x11-2.0 -lgdk-x11-2.0 -lpangocairo-1.0 -latk-1.0 -lcairo -lgdk_pixbuf-2.0 -lgio-2.0 -lpangoft2-1.0 -lpango-1.0 -lgobject-2.0 -lfontconfig -lfreetype -lgthread-2.0 -pthread -lglib-2.0   
libtool: link: gcc -g -O2 -Wall -Wdeclaration-after-statement -Wmissing-prototypes -Wmissing-declarations -Winit-self -Wpointer-arith -Wold-style-definition -Wformat-security -o .libs/cartoon cartoon.o -pthread  ../../libgimp/.libs/libgimpui-2.0.so ../../libgimpwidgets/.libs/libgimpwidgets-2.0.so ../../libgimpmodule/.libs/libgimpmodule-2.0.so ../../libgimp/.libs/libgimp-2.0.so ../../libgimpmath/.libs/libgimpmath-2.0.so -lm ../../libgimpconfig/.libs/libgimpconfig-2.0.so ../../libgimpcolor/.libs/libgimpcolor-2.0.so ../../libgimpbase/.libs/libgimpbase-2.0.so -lgtk-x11-2.0 -lgdk-x11-2.0 -lpangocairo-1.0 -latk-1.0 -lcairo -lgdk_pixbuf-2.0 -lgio-2.0 -lpangoft2-1.0 -lpango-1.0 -lgobject-2.0 -lfontconfig -lfreetype -lgthread-2.0 -lglib-2.0 -pthread
gcc -DHAVE_CONFIG_H -I. -I../..  -I../.. -pthread -I/usr/include/gtk-2.0 -I/usr/lib/x86_64-linux-gnu/gtk-2.0/include -I/usr/include/gio-unix-2.0 -I/usr/include/cairo -I/usr/include/pango-1.0 -I/usr/include/atk-1.0 -I/usr/include/cairo -I/usr/include/pixman-1 -I/usr/include/gdk-pixbuf-2.0 -I/usr/include/libmount -I/usr/include/blkid -I/usr/include/pango-1.0 -I/usr/include/harfbuzz -I/usr/include/pango-1.0 -I/usr/include/fribidi -I/usr/include/uuid -I/usr/include/freetype2 -I/usr/include/libpng16 -I/usr/include/glib-2.0 -I/usr/lib/x86_64-linux-gnu/glib-2.0/include -I/usr/local/include -DGIMP_DISABLE_DEPRECATED -DGDK_MULTIHEAD_SAFE -DGTK_MULTIHEAD_SAFE  -g -O2 -Wall -Wdeclaration-after-statement -Wmissing-prototypes -Wmissing-declarations -Winit-self -Wpointer-arith -Wold-style-definition -Wformat-security -MT channel-mixer.o -MD -MP -MF .deps/channel-mixer.Tpo -c -o channel-mixer.o channel-mixer.c
mv -f .deps/channel-mixer.Tpo .deps/channel-mixer.Po
/bin/bash ../../libtool  --tag=CC   --mode=link gcc  -g -O2 -Wall -Wdeclaration-after-statement -Wmissing-prototypes -Wmissing-declarations -Winit-self -Wpointer-arith -Wold-style-definition -Wformat-security   -o channel-mixer channel-mixer.o ../../libgimp/libgimpui-2.0.la ../../libgimpwidgets/libgimpwidgets-2.0.la ../../libgimpmodule/libgimpmodule-2.0.la ../../libgimp/libgimp-2.0.la ../../libgimpmath/libgimpmath-2.0.la -lm ../../libgimpconfig/libgimpconfig-2.0.la ../../libgimpcolor/libgimpcolor-2.0.la ../../libgimpbase/libgimpbase-2.0.la -lgtk-x11-2.0 -lgdk-x11-2.0 -lpangocairo-1.0 -latk-1.0 -lcairo -lgdk_pixbuf-2.0 -lgio-2.0 -lpangoft2-1.0 -lpango-1.0 -lgobject-2.0 -lfontconfig -lfreetype -lgthread-2.0 -pthread -lglib-2.0   
libtool: link: gcc -g -O2 -Wall -Wdeclaration-after-statement -Wmissing-prototypes -Wmissing-declarations -Winit-self -Wpointer-arith -Wold-style-definition -Wformat-security -o .libs/channel-mixer channel-mixer.o -pthread  ../../libgimp/.libs/libgimpui-2.0.so ../../libgimpwidgets/.libs/libgimpwidgets-2.0.so ../../libgimpmodule/.libs/libgimpmodule-2.0.so ../../libgimp/.libs/libgimp-2.0.so ../../libgimpmath/.libs/libgimpmath-2.0.so -lm ../../libgimpconfig/.libs/libgimpconfig-2.0.so ../../libgimpcolor/.libs/libgimpcolor-2.0.so ../../libgimpbase/.libs/libgimpbase-2.0.so -lgtk-x11-2.0 -lgdk-x11-2.0 -lpangocairo-1.0 -latk-1.0 -lcairo -lgdk_pixbuf-2.0 -lgio-2.0 -lpangoft2-1.0 -lpango-1.0 -lgobject-2.0 -lfontconfig -lfreetype -lgthread-2.0 -lglib-2.0 -pthread
gcc -DHAVE_CONFIG_H -I. -I../..  -I../.. -pthread -I/usr/include/gtk-2.0 -I/usr/lib/x86_64-linux-gnu/gtk-2.0/include -I/usr/include/gio-unix-2.0 -I/usr/include/cairo -I/usr/include/pango-1.0 -I/usr/include/atk-1.0 -I/usr/include/cairo -I/usr/include/pixman-1 -I/usr/include/gdk-pixbuf-2.0 -I/usr/include/libmount -I/usr/include/blkid -I/usr/include/pango-1.0 -I/usr/include/harfbuzz -I/usr/include/pango-1.0 -I/usr/include/fribidi -I/usr/include/uuid -I/usr/include/freetype2 -I/usr/include/libpng16 -I/usr/include/glib-2.0 -I/usr/lib/x86_64-linux-gnu/glib-2.0/include -I/usr/local/include -DGIMP_DISABLE_DEPRECATED -DGDK_MULTIHEAD_SAFE -DGTK_MULTIHEAD_SAFE  -g -O2 -Wall -Wdeclaration-after-statement -Wmissing-prototypes -Wmissing-declarations -Winit-self -Wpointer-arith -Wold-style-definition -Wformat-security -MT checkerboard.o -MD -MP -MF .deps/checkerboard.Tpo -c -o checkerboard.o checkerboard.c
mv -f .deps/checkerboard.Tpo .deps/checkerboard.Po
/bin/bash ../../libtool  --tag=CC   --mode=link gcc  -g -O2 -Wall -Wdeclaration-after-statement -Wmissing-prototypes -Wmissing-declarations -Winit-self -Wpointer-arith -Wold-style-definition -Wformat-security   -o checkerboard checkerboard.o ../../libgimp/libgimpui-2.0.la ../../libgimpwidgets/libgimpwidgets-2.0.la ../../libgimpmodule/libgimpmodule-2.0.la ../../libgimp/libgimp-2.0.la ../../libgimpmath/libgimpmath-2.0.la -lm ../../libgimpconfig/libgimpconfig-2.0.la ../../libgimpcolor/libgimpcolor-2.0.la ../../libgimpbase/libgimpbase-2.0.la -lgtk-x11-2.0 -lgdk-x11-2.0 -lpangocairo-1.0 -latk-1.0 -lcairo -lgdk_pixbuf-2.0 -lgio-2.0 -lpangoft2-1.0 -lpango-1.0 -lgobject-2.0 -lfontconfig -lfreetype -lgthread-2.0 -pthread -lglib-2.0   
libtool: link: gcc -g -O2 -Wall -Wdeclaration-after-statement -Wmissing-prototypes -Wmissing-declarations -Winit-self -Wpointer-arith -Wold-style-definition -Wformat-security -o .libs/checkerboard checkerboard.o -pthread  ../../libgimp/.libs/libgimpui-2.0.so ../../libgimpwidgets/.libs/libgimpwidgets-2.0.so ../../libgimpmodule/.libs/libgimpmodule-2.0.so ../../libgimp/.libs/libgimp-2.0.so ../../libgimpmath/.libs/libgimpmath-2.0.so -lm ../../libgimpconfig/.libs/libgimpconfig-2.0.so ../../libgimpcolor/.libs/libgimpcolor-2.0.so ../../libgimpbase/.libs/libgimpbase-2.0.so -lgtk-x11-2.0 -lgdk-x11-2.0 -lpangocairo-1.0 -latk-1.0 -lcairo -lgdk_pixbuf-2.0 -lgio-2.0 -lpangoft2-1.0 -lpango-1.0 -lgobject-2.0 -lfontconfig -lfreetype -lgthread-2.0 -lglib-2.0 -pthread
gcc -DHAVE_CONFIG_H -I. -I../..  -I../.. -pthread -I/usr/include/gtk-2.0 -I/usr/lib/x86_64-linux-gnu/gtk-2.0/include -I/usr/include/gio-unix-2.0 -I/usr/include/cairo -I/usr/include/pango-1.0 -I/usr/include/atk-1.0 -I/usr/include/cairo -I/usr/include/pixman-1 -I/usr/include/gdk-pixbuf-2.0 -I/usr/include/libmount -I/usr/include/blkid -I/usr/include/pango-1.0 -I/usr/include/harfbuzz -I/usr/include/pango-1.0 -I/usr/include/fribidi -I/usr/include/uuid -I/usr/include/freetype2 -I/usr/include/libpng16 -I/usr/include/glib-2.0 -I/usr/lib/x86_64-linux-gnu/glib-2.0/include -I/usr/local/include -DGIMP_DISABLE_DEPRECATED -DGDK_MULTIHEAD_SAFE -DGTK_MULTIHEAD_SAFE  -g -O2 -Wall -Wdeclaration-after-statement -Wmissing-prototypes -Wmissing-declarations -Winit-self -Wpointer-arith -Wold-style-definition -Wformat-security -MT cml-explorer.o -MD -MP -MF .deps/cml-explorer.Tpo -c -o cml-explorer.o cml-explorer.c
mv -f .deps/cml-explorer.Tpo .deps/cml-explorer.Po
/bin/bash ../../libtool  --tag=CC   --mode=link gcc  -g -O2 -Wall -Wdeclaration-after-statement -Wmissing-prototypes -Wmissing-declarations -Winit-self -Wpointer-arith -Wold-style-definition -Wformat-security   -o cml-explorer cml-explorer.o ../../libgimp/libgimpui-2.0.la ../../libgimpwidgets/libgimpwidgets-2.0.la ../../libgimpmodule/libgimpmodule-2.0.la ../../libgimp/libgimp-2.0.la ../../libgimpmath/libgimpmath-2.0.la -lm ../../libgimpconfig/libgimpconfig-2.0.la ../../libgimpcolor/libgimpcolor-2.0.la ../../libgimpbase/libgimpbase-2.0.la -lgtk-x11-2.0 -lgdk-x11-2.0 -lpangocairo-1.0 -latk-1.0 -lcairo -lgdk_pixbuf-2.0 -lgio-2.0 -lpangoft2-1.0 -lpango-1.0 -lgobject-2.0 -lfontconfig -lfreetype -lgthread-2.0 -pthread -lglib-2.0   
libtool: link: gcc -g -O2 -Wall -Wdeclaration-after-statement -Wmissing-prototypes -Wmissing-declarations -Winit-self -Wpointer-arith -Wold-style-definition -Wformat-security -o .libs/cml-explorer cml-explorer.o -pthread  ../../libgimp/.libs/libgimpui-2.0.so ../../libgimpwidgets/.libs/libgimpwidgets-2.0.so ../../libgimpmodule/.libs/libgimpmodule-2.0.so ../../libgimp/.libs/libgimp-2.0.so ../../libgimpmath/.libs/libgimpmath-2.0.so -lm ../../libgimpconfig/.libs/libgimpconfig-2.0.so ../../libgimpcolor/.libs/libgimpcolor-2.0.so ../../libgimpbase/.libs/libgimpbase-2.0.so -lgtk-x11-2.0 -lgdk-x11-2.0 -lpangocairo-1.0 -latk-1.0 -lcairo -lgdk_pixbuf-2.0 -lgio-2.0 -lpangoft2-1.0 -lpango-1.0 -lgobject-2.0 -lfontconfig -lfreetype -lgthread-2.0 -lglib-2.0 -pthread
gcc -DHAVE_CONFIG_H -I. -I../..  -I../.. -pthread -I/usr/include/gtk-2.0 -I/usr/lib/x86_64-linux-gnu/gtk-2.0/include -I/usr/include/gio-unix-2.0 -I/usr/include/cairo -I/usr/include/pango-1.0 -I/usr/include/atk-1.0 -I/usr/include/cairo -I/usr/include/pixman-1 -I/usr/include/gdk-pixbuf-2.0 -I/usr/include/libmount -I/usr/include/blkid -I/usr/include/pango-1.0 -I/usr/include/harfbuzz -I/usr/include/pango-1.0 -I/usr/include/fribidi -I/usr/include/uuid -I/usr/include/freetype2 -I/usr/include/libpng16 -I/usr/include/glib-2.0 -I/usr/lib/x86_64-linux-gnu/glib-2.0/include -I/usr/local/include -DGIMP_DISABLE_DEPRECATED -DGDK_MULTIHEAD_SAFE -DGTK_MULTIHEAD_SAFE  -g -O2 -Wall -Wdeclaration-after-statement -Wmissing-prototypes -Wmissing-declarations -Winit-self -Wpointer-arith -Wold-style-definition -Wformat-security -MT color-cube-analyze.o -MD -MP -MF .deps/color-cube-analyze.Tpo -c -o color-cube-analyze.o color-cube-analyze.c
mv -f .deps/color-cube-analyze.Tpo .deps/color-cube-analyze.Po
/bin/bash ../../libtool  --tag=CC   --mode=link gcc  -g -O2 -Wall -Wdeclaration-after-statement -Wmissing-prototypes -Wmissing-declarations -Winit-self -Wpointer-arith -Wold-style-definition -Wformat-security   -o color-cube-analyze color-cube-analyze.o ../../libgimp/libgimpui-2.0.la ../../libgimpwidgets/libgimpwidgets-2.0.la ../../libgimpmodule/libgimpmodule-2.0.la ../../libgimp/libgimp-2.0.la ../../libgimpmath/libgimpmath-2.0.la -lm ../../libgimpconfig/libgimpconfig-2.0.la ../../libgimpcolor/libgimpcolor-2.0.la ../../libgimpbase/libgimpbase-2.0.la -lgtk-x11-2.0 -lgdk-x11-2.0 -lpangocairo-1.0 -latk-1.0 -lcairo -lgdk_pixbuf-2.0 -lgio-2.0 -lpangoft2-1.0 -lpango-1.0 -lgobject-2.0 -lfontconfig -lfreetype -lgthread-2.0 -pthread -lglib-2.0   
libtool: link: gcc -g -O2 -Wall -Wdeclaration-after-statement -Wmissing-prototypes -Wmissing-declarations -Winit-self -Wpointer-arith -Wold-style-definition -Wformat-security -o .libs/color-cube-analyze color-cube-analyze.o -pthread  ../../libgimp/.libs/libgimpui-2.0.so ../../libgimpwidgets/.libs/libgimpwidgets-2.0.so ../../libgimpmodule/.libs/libgimpmodule-2.0.so ../../libgimp/.libs/libgimp-2.0.so ../../libgimpmath/.libs/libgimpmath-2.0.so -lm ../../libgimpconfig/.libs/libgimpconfig-2.0.so ../../libgimpcolor/.libs/libgimpcolor-2.0.so ../../libgimpbase/.libs/libgimpbase-2.0.so -lgtk-x11-2.0 -lgdk-x11-2.0 -lpangocairo-1.0 -latk-1.0 -lcairo -lgdk_pixbuf-2.0 -lgio-2.0 -lpangoft2-1.0 -lpango-1.0 -lgobject-2.0 -lfontconfig -lfreetype -lgthread-2.0 -lglib-2.0 -pthread
gcc -DHAVE_CONFIG_H -I. -I../..  -I../.. -pthread -I/usr/include/gtk-2.0 -I/usr/lib/x86_64-linux-gnu/gtk-2.0/include -I/usr/include/gio-unix-2.0 -I/usr/include/cairo -I/usr/include/pango-1.0 -I/usr/include/atk-1.0 -I/usr/include/cairo -I/usr/include/pixman-1 -I/usr/include/gdk-pixbuf-2.0 -I/usr/include/libmount -I/usr/include/blkid -I/usr/include/pango-1.0 -I/usr/include/harfbuzz -I/usr/include/pango-1.0 -I/usr/include/fribidi -I/usr/include/uuid -I/usr/include/freetype2 -I/usr/include/libpng16 -I/usr/include/glib-2.0 -I/usr/lib/x86_64-linux-gnu/glib-2.0/include -I/usr/local/include -DGIMP_DISABLE_DEPRECATED -DGDK_MULTIHEAD_SAFE -DGTK_MULTIHEAD_SAFE  -g -O2 -Wall -Wdeclaration-after-statement -Wmissing-prototypes -Wmissing-declarations -Winit-self -Wpointer-arith -Wold-style-definition -Wformat-security -MT color-enhance.o -MD -MP -MF .deps/color-enhance.Tpo -c -o color-enhance.o color-enhance.c
mv -f .deps/color-enhance.Tpo .deps/color-enhance.Po
/bin/bash ../../libtool  --tag=CC   --mode=link gcc  -g -O2 -Wall -Wdeclaration-after-statement -Wmissing-prototypes -Wmissing-declarations -Winit-self -Wpointer-arith -Wold-style-definition -Wformat-security   -o color-enhance color-enhance.o ../../libgimp/libgimpui-2.0.la ../../libgimpwidgets/libgimpwidgets-2.0.la ../../libgimpmodule/libgimpmodule-2.0.la ../../libgimp/libgimp-2.0.la ../../libgimpmath/libgimpmath-2.0.la -lm ../../libgimpconfig/libgimpconfig-2.0.la ../../libgimpcolor/libgimpcolor-2.0.la ../../libgimpbase/libgimpbase-2.0.la -lgtk-x11-2.0 -lgdk-x11-2.0 -lpangocairo-1.0 -latk-1.0 -lcairo -lgdk_pixbuf-2.0 -lgio-2.0 -lpangoft2-1.0 -lpango-1.0 -lgobject-2.0 -lfontconfig -lfreetype -lgthread-2.0 -pthread -lglib-2.0   
libtool: link: gcc -g -O2 -Wall -Wdeclaration-after-statement -Wmissing-prototypes -Wmissing-declarations -Winit-self -Wpointer-arith -Wold-style-definition -Wformat-security -o .libs/color-enhance color-enhance.o -pthread  ../../libgimp/.libs/libgimpui-2.0.so ../../libgimpwidgets/.libs/libgimpwidgets-2.0.so ../../libgimpmodule/.libs/libgimpmodule-2.0.so ../../libgimp/.libs/libgimp-2.0.so ../../libgimpmath/.libs/libgimpmath-2.0.so -lm ../../libgimpconfig/.libs/libgimpconfig-2.0.so ../../libgimpcolor/.libs/libgimpcolor-2.0.so ../../libgimpbase/.libs/libgimpbase-2.0.so -lgtk-x11-2.0 -lgdk-x11-2.0 -lpangocairo-1.0 -latk-1.0 -lcairo -lgdk_pixbuf-2.0 -lgio-2.0 -lpangoft2-1.0 -lpango-1.0 -lgobject-2.0 -lfontconfig -lfreetype -lgthread-2.0 -lglib-2.0 -pthread
gcc -DHAVE_CONFIG_H -I. -I../..  -I../.. -pthread -I/usr/include/gtk-2.0 -I/usr/lib/x86_64-linux-gnu/gtk-2.0/include -I/usr/include/gio-unix-2.0 -I/usr/include/cairo -I/usr/include/pango-1.0 -I/usr/include/atk-1.0 -I/usr/include/cairo -I/usr/include/pixman-1 -I/usr/include/gdk-pixbuf-2.0 -I/usr/include/libmount -I/usr/include/blkid -I/usr/include/pango-1.0 -I/usr/include/harfbuzz -I/usr/include/pango-1.0 -I/usr/include/fribidi -I/usr/include/uuid -I/usr/include/freetype2 -I/usr/include/libpng16 -I/usr/include/glib-2.0 -I/usr/lib/x86_64-linux-gnu/glib-2.0/include -I/usr/local/include -DGIMP_DISABLE_DEPRECATED -DGDK_MULTIHEAD_SAFE -DGTK_MULTIHEAD_SAFE  -g -O2 -Wall -Wdeclaration-after-statement -Wmissing-prototypes -Wmissing-declarations -Winit-self -Wpointer-arith -Wold-style-definition -Wformat-security -MT color-exchange.o -MD -MP -MF .deps/color-exchange.Tpo -c -o color-exchange.o color-exchange.c
mv -f .deps/color-exchange.Tpo .deps/color-exchange.Po
/bin/bash ../../libtool  --tag=CC   --mode=link gcc  -g -O2 -Wall -Wdeclaration-after-statement -Wmissing-prototypes -Wmissing-declarations -Winit-self -Wpointer-arith -Wold-style-definition -Wformat-security   -o color-exchange color-exchange.o ../../libgimp/libgimpui-2.0.la ../../libgimpwidgets/libgimpwidgets-2.0.la ../../libgimpmodule/libgimpmodule-2.0.la ../../libgimp/libgimp-2.0.la ../../libgimpmath/libgimpmath-2.0.la -lm ../../libgimpconfig/libgimpconfig-2.0.la ../../libgimpcolor/libgimpcolor-2.0.la ../../libgimpbase/libgimpbase-2.0.la -lgtk-x11-2.0 -lgdk-x11-2.0 -lpangocairo-1.0 -latk-1.0 -lcairo -lgdk_pixbuf-2.0 -lgio-2.0 -lpangoft2-1.0 -lpango-1.0 -lgobject-2.0 -lfontconfig -lfreetype -lgthread-2.0 -pthread -lglib-2.0   
libtool: link: gcc -g -O2 -Wall -Wdeclaration-after-statement -Wmissing-prototypes -Wmissing-declarations -Winit-self -Wpointer-arith -Wold-style-definition -Wformat-security -o .libs/color-exchange color-exchange.o -pthread  ../../libgimp/.libs/libgimpui-2.0.so ../../libgimpwidgets/.libs/libgimpwidgets-2.0.so ../../libgimpmodule/.libs/libgimpmodule-2.0.so ../../libgimp/.libs/libgimp-2.0.so ../../libgimpmath/.libs/libgimpmath-2.0.so -lm ../../libgimpconfig/.libs/libgimpconfig-2.0.so ../../libgimpcolor/.libs/libgimpcolor-2.0.so ../../libgimpbase/.libs/libgimpbase-2.0.so -lgtk-x11-2.0 -lgdk-x11-2.0 -lpangocairo-1.0 -latk-1.0 -lcairo -lgdk_pixbuf-2.0 -lgio-2.0 -lpangoft2-1.0 -lpango-1.0 -lgobject-2.0 -lfontconfig -lfreetype -lgthread-2.0 -lglib-2.0 -pthread
gcc -DHAVE_CONFIG_H -I. -I../..  -I../.. -pthread -I/usr/include/gtk-2.0 -I/usr/lib/x86_64-linux-gnu/gtk-2.0/include -I/usr/include/gio-unix-2.0 -I/usr/include/cairo -I/usr/include/pango-1.0 -I/usr/include/atk-1.0 -I/usr/include/cairo -I/usr/include/pixman-1 -I/usr/include/gdk-pixbuf-2.0 -I/usr/include/libmount -I/usr/include/blkid -I/usr/include/pango-1.0 -I/usr/include/harfbuzz -I/usr/include/pango-1.0 -I/usr/include/fribidi -I/usr/include/uuid -I/usr/include/freetype2 -I/usr/include/libpng16 -I/usr/include/glib-2.0 -I/usr/lib/x86_64-linux-gnu/glib-2.0/include -I/usr/local/include -DGIMP_DISABLE_DEPRECATED -DGDK_MULTIHEAD_SAFE -DGTK_MULTIHEAD_SAFE  -g -O2 -Wall -Wdeclaration-after-statement -Wmissing-prototypes -Wmissing-declarations -Winit-self -Wpointer-arith -Wold-style-definition -Wformat-security -MT color-to-alpha.o -MD -MP -MF .deps/color-to-alpha.Tpo -c -o color-to-alpha.o color-to-alpha.c
mv -f .deps/color-to-alpha.Tpo .deps/color-to-alpha.Po
/bin/bash ../../libtool  --tag=CC   --mode=link gcc  -g -O2 -Wall -Wdeclaration-after-statement -Wmissing-prototypes -Wmissing-declarations -Winit-self -Wpointer-arith -Wold-style-definition -Wformat-security   -o color-to-alpha color-to-alpha.o ../../libgimp/libgimpui-2.0.la ../../libgimpwidgets/libgimpwidgets-2.0.la ../../libgimpmodule/libgimpmodule-2.0.la ../../libgimp/libgimp-2.0.la ../../libgimpmath/libgimpmath-2.0.la -lm ../../libgimpconfig/libgimpconfig-2.0.la ../../libgimpcolor/libgimpcolor-2.0.la ../../libgimpbase/libgimpbase-2.0.la -lgtk-x11-2.0 -lgdk-x11-2.0 -lpangocairo-1.0 -latk-1.0 -lcairo -lgdk_pixbuf-2.0 -lgio-2.0 -lpangoft2-1.0 -lpango-1.0 -lgobject-2.0 -lfontconfig -lfreetype -lgthread-2.0 -pthread -lglib-2.0   
libtool: link: gcc -g -O2 -Wall -Wdeclaration-after-statement -Wmissing-prototypes -Wmissing-declarations -Winit-self -Wpointer-arith -Wold-style-definition -Wformat-security -o .libs/color-to-alpha color-to-alpha.o -pthread  ../../libgimp/.libs/libgimpui-2.0.so ../../libgimpwidgets/.libs/libgimpwidgets-2.0.so ../../libgimpmodule/.libs/libgimpmodule-2.0.so ../../libgimp/.libs/libgimp-2.0.so ../../libgimpmath/.libs/libgimpmath-2.0.so -lm ../../libgimpconfig/.libs/libgimpconfig-2.0.so ../../libgimpcolor/.libs/libgimpcolor-2.0.so ../../libgimpbase/.libs/libgimpbase-2.0.so -lgtk-x11-2.0 -lgdk-x11-2.0 -lpangocairo-1.0 -latk-1.0 -lcairo -lgdk_pixbuf-2.0 -lgio-2.0 -lpangoft2-1.0 -lpango-1.0 -lgobject-2.0 -lfontconfig -lfreetype -lgthread-2.0 -lglib-2.0 -pthread
gcc -DHAVE_CONFIG_H -I. -I../..  -I../.. -pthread -I/usr/include/gtk-2.0 -I/usr/lib/x86_64-linux-gnu/gtk-2.0/include -I/usr/include/gio-unix-2.0 -I/usr/include/cairo -I/usr/include/pango-1.0 -I/usr/include/atk-1.0 -I/usr/include/cairo -I/usr/include/pixman-1 -I/usr/include/gdk-pixbuf-2.0 -I/usr/include/libmount -I/usr/include/blkid -I/usr/include/pango-1.0 -I/usr/include/harfbuzz -I/usr/include/pango-1.0 -I/usr/include/fribidi -I/usr/include/uuid -I/usr/include/freetype2 -I/usr/include/libpng16 -I/usr/include/glib-2.0 -I/usr/lib/x86_64-linux-gnu/glib-2.0/include -I/usr/local/include -DGIMP_DISABLE_DEPRECATED -DGDK_MULTIHEAD_SAFE -DGTK_MULTIHEAD_SAFE  -g -O2 -Wall -Wdeclaration-after-statement -Wmissing-prototypes -Wmissing-declarations -Winit-self -Wpointer-arith -Wold-style-definition -Wformat-security -MT colorify.o -MD -MP -MF .deps/colorify.Tpo -c -o colorify.o colorify.c
mv -f .deps/colorify.Tpo .deps/colorify.Po
/bin/bash ../../libtool  --tag=CC   --mode=link gcc  -g -O2 -Wall -Wdeclaration-after-statement -Wmissing-prototypes -Wmissing-declarations -Winit-self -Wpointer-arith -Wold-style-definition -Wformat-security   -o colorify colorify.o ../../libgimp/libgimpui-2.0.la ../../libgimpwidgets/libgimpwidgets-2.0.la ../../libgimpmodule/libgimpmodule-2.0.la ../../libgimp/libgimp-2.0.la ../../libgimpmath/libgimpmath-2.0.la -lm ../../libgimpconfig/libgimpconfig-2.0.la ../../libgimpcolor/libgimpcolor-2.0.la ../../libgimpbase/libgimpbase-2.0.la -lgtk-x11-2.0 -lgdk-x11-2.0 -lpangocairo-1.0 -latk-1.0 -lcairo -lgdk_pixbuf-2.0 -lgio-2.0 -lpangoft2-1.0 -lpango-1.0 -lgobject-2.0 -lfontconfig -lfreetype -lgthread-2.0 -pthread -lglib-2.0   
libtool: link: gcc -g -O2 -Wall -Wdeclaration-after-statement -Wmissing-prototypes -Wmissing-declarations -Winit-self -Wpointer-arith -Wold-style-definition -Wformat-security -o .libs/colorify colorify.o -pthread  ../../libgimp/.libs/libgimpui-2.0.so ../../libgimpwidgets/.libs/libgimpwidgets-2.0.so ../../libgimpmodule/.libs/libgimpmodule-2.0.so ../../libgimp/.libs/libgimp-2.0.so ../../libgimpmath/.libs/libgimpmath-2.0.so -lm ../../libgimpconfig/.libs/libgimpconfig-2.0.so ../../libgimpcolor/.libs/libgimpcolor-2.0.so ../../libgimpbase/.libs/libgimpbase-2.0.so -lgtk-x11-2.0 -lgdk-x11-2.0 -lpangocairo-1.0 -latk-1.0 -lcairo -lgdk_pixbuf-2.0 -lgio-2.0 -lpangoft2-1.0 -lpango-1.0 -lgobject-2.0 -lfontconfig -lfreetype -lgthread-2.0 -lglib-2.0 -pthread
gcc -DHAVE_CONFIG_H -I. -I../..  -I../.. -pthread -I/usr/include/gtk-2.0 -I/usr/lib/x86_64-linux-gnu/gtk-2.0/include -I/usr/include/gio-unix-2.0 -I/usr/include/cairo -I/usr/include/pango-1.0 -I/usr/include/atk-1.0 -I/usr/include/cairo -I/usr/include/pixman-1 -I/usr/include/gdk-pixbuf-2.0 -I/usr/include/libmount -I/usr/include/blkid -I/usr/include/pango-1.0 -I/usr/include/harfbuzz -I/usr/include/pango-1.0 -I/usr/include/fribidi -I/usr/include/uuid -I/usr/include/freetype2 -I/usr/include/libpng16 -I/usr/include/glib-2.0 -I/usr/lib/x86_64-linux-gnu/glib-2.0/include -I/usr/local/include -DGIMP_DISABLE_DEPRECATED -DGDK_MULTIHEAD_SAFE -DGTK_MULTIHEAD_SAFE  -g -O2 -Wall -Wdeclaration-after-statement -Wmissing-prototypes -Wmissing-declarations -Winit-self -Wpointer-arith -Wold-style-definition -Wformat-security -MT colormap-remap.o -MD -MP -MF .deps/colormap-remap.Tpo -c -o colormap-remap.o colormap-remap.c
mv -f .deps/colormap-remap.Tpo .deps/colormap-remap.Po
/bin/bash ../../libtool  --tag=CC   --mode=link gcc  -g -O2 -Wall -Wdeclaration-after-statement -Wmissing-prototypes -Wmissing-declarations -Winit-self -Wpointer-arith -Wold-style-definition -Wformat-security   -o colormap-remap colormap-remap.o ../../libgimp/libgimpui-2.0.la ../../libgimpwidgets/libgimpwidgets-2.0.la ../../libgimpmodule/libgimpmodule-2.0.la ../../libgimp/libgimp-2.0.la ../../libgimpmath/libgimpmath-2.0.la -lm ../../libgimpconfig/libgimpconfig-2.0.la ../../libgimpcolor/libgimpcolor-2.0.la ../../libgimpbase/libgimpbase-2.0.la -lgtk-x11-2.0 -lgdk-x11-2.0 -lpangocairo-1.0 -latk-1.0 -lcairo -lgdk_pixbuf-2.0 -lgio-2.0 -lpangoft2-1.0 -lpango-1.0 -lgobject-2.0 -lfontconfig -lfreetype -lgthread-2.0 -pthread -lglib-2.0   
libtool: link: gcc -g -O2 -Wall -Wdeclaration-after-statement -Wmissing-prototypes -Wmissing-declarations -Winit-self -Wpointer-arith -Wold-style-definition -Wformat-security -o .libs/colormap-remap colormap-remap.o -pthread  ../../libgimp/.libs/libgimpui-2.0.so ../../libgimpwidgets/.libs/libgimpwidgets-2.0.so ../../libgimpmodule/.libs/libgimpmodule-2.0.so ../../libgimp/.libs/libgimp-2.0.so ../../libgimpmath/.libs/libgimpmath-2.0.so -lm ../../libgimpconfig/.libs/libgimpconfig-2.0.so ../../libgimpcolor/.libs/libgimpcolor-2.0.so ../../libgimpbase/.libs/libgimpbase-2.0.so -lgtk-x11-2.0 -lgdk-x11-2.0 -lpangocairo-1.0 -latk-1.0 -lcairo -lgdk_pixbuf-2.0 -lgio-2.0 -lpangoft2-1.0 -lpango-1.0 -lgobject-2.0 -lfontconfig -lfreetype -lgthread-2.0 -lglib-2.0 -pthread
gcc -DHAVE_CONFIG_H -I. -I../..  -I../.. -pthread -I/usr/include/gtk-2.0 -I/usr/lib/x86_64-linux-gnu/gtk-2.0/include -I/usr/include/gio-unix-2.0 -I/usr/include/cairo -I/usr/include/pango-1.0 -I/usr/include/atk-1.0 -I/usr/include/cairo -I/usr/include/pixman-1 -I/usr/include/gdk-pixbuf-2.0 -I/usr/include/libmount -I/usr/include/blkid -I/usr/include/pango-1.0 -I/usr/include/harfbuzz -I/usr/include/pango-1.0 -I/usr/include/fribidi -I/usr/include/uuid -I/usr/include/freetype2 -I/usr/include/libpng16 -I/usr/include/glib-2.0 -I/usr/lib/x86_64-linux-gnu/glib-2.0/include -I/usr/local/include -DGIMP_DISABLE_DEPRECATED -DGDK_MULTIHEAD_SAFE -DGTK_MULTIHEAD_SAFE  -g -O2 -Wall -Wdeclaration-after-statement -Wmissing-prototypes -Wmissing-declarations -Winit-self -Wpointer-arith -Wold-style-definition -Wformat-security -MT compose.o -MD -MP -MF .deps/compose.Tpo -c -o compose.o compose.c
mv -f .deps/compose.Tpo .deps/compose.Po
/bin/bash ../../libtool  --tag=CC   --mode=link gcc  -g -O2 -Wall -Wdeclaration-after-statement -Wmissing-prototypes -Wmissing-declarations -Winit-self -Wpointer-arith -Wold-style-definition -Wformat-security   -o compose compose.o ../../libgimp/libgimpui-2.0.la ../../libgimpwidgets/libgimpwidgets-2.0.la ../../libgimpmodule/libgimpmodule-2.0.la ../../libgimp/libgimp-2.0.la ../../libgimpmath/libgimpmath-2.0.la -lm ../../libgimpconfig/libgimpconfig-2.0.la ../../libgimpcolor/libgimpcolor-2.0.la ../../libgimpbase/libgimpbase-2.0.la -lgtk-x11-2.0 -lgdk-x11-2.0 -lpangocairo-1.0 -latk-1.0 -lcairo -lgdk_pixbuf-2.0 -lgio-2.0 -lpangoft2-1.0 -lpango-1.0 -lgobject-2.0 -lfontconfig -lfreetype -lgthread-2.0 -pthread -lglib-2.0   
libtool: link: gcc -g -O2 -Wall -Wdeclaration-after-statement -Wmissing-prototypes -Wmissing-declarations -Winit-self -Wpointer-arith -Wold-style-definition -Wformat-security -o .libs/compose compose.o -pthread  ../../libgimp/.libs/libgimpui-2.0.so ../../libgimpwidgets/.libs/libgimpwidgets-2.0.so ../../libgimpmodule/.libs/libgimpmodule-2.0.so ../../libgimp/.libs/libgimp-2.0.so ../../libgimpmath/.libs/libgimpmath-2.0.so -lm ../../libgimpconfig/.libs/libgimpconfig-2.0.so ../../libgimpcolor/.libs/libgimpcolor-2.0.so ../../libgimpbase/.libs/libgimpbase-2.0.so -lgtk-x11-2.0 -lgdk-x11-2.0 -lpangocairo-1.0 -latk-1.0 -lcairo -lgdk_pixbuf-2.0 -lgio-2.0 -lpangoft2-1.0 -lpango-1.0 -lgobject-2.0 -lfontconfig -lfreetype -lgthread-2.0 -lglib-2.0 -pthread
gcc -DHAVE_CONFIG_H -I. -I../..  -I../.. -pthread -I/usr/include/gtk-2.0 -I/usr/lib/x86_64-linux-gnu/gtk-2.0/include -I/usr/include/gio-unix-2.0 -I/usr/include/cairo -I/usr/include/pango-1.0 -I/usr/include/atk-1.0 -I/usr/include/cairo -I/usr/include/pixman-1 -I/usr/include/gdk-pixbuf-2.0 -I/usr/include/libmount -I/usr/include/blkid -I/usr/include/pango-1.0 -I/usr/include/harfbuzz -I/usr/include/pango-1.0 -I/usr/include/fribidi -I/usr/include/uuid -I/usr/include/freetype2 -I/usr/include/libpng16 -I/usr/include/glib-2.0 -I/usr/lib/x86_64-linux-gnu/glib-2.0/include -I/usr/local/include -DGIMP_DISABLE_DEPRECATED -DGDK_MULTIHEAD_SAFE -DGTK_MULTIHEAD_SAFE  -g -O2 -Wall -Wdeclaration-after-statement -Wmissing-prototypes -Wmissing-declarations -Winit-self -Wpointer-arith -Wold-style-definition -Wformat-security -MT contrast-normalize.o -MD -MP -MF .deps/contrast-normalize.Tpo -c -o contrast-normalize.o contrast-normalize.c
mv -f .deps/contrast-normalize.Tpo .deps/contrast-normalize.Po
/bin/bash ../../libtool  --tag=CC   --mode=link gcc  -g -O2 -Wall -Wdeclaration-after-statement -Wmissing-prototypes -Wmissing-declarations -Winit-self -Wpointer-arith -Wold-style-definition -Wformat-security   -o contrast-normalize contrast-normalize.o ../../libgimp/libgimp-2.0.la ../../libgimpmath/libgimpmath-2.0.la -lm ../../libgimpconfig/libgimpconfig-2.0.la ../../libgimpcolor/libgimpcolor-2.0.la ../../libgimpbase/libgimpbase-2.0.la -lgobject-2.0 -lgthread-2.0 -pthread -lglib-2.0   
libtool: link: gcc -g -O2 -Wall -Wdeclaration-after-statement -Wmissing-prototypes -Wmissing-declarations -Winit-self -Wpointer-arith -Wold-style-definition -Wformat-security -o .libs/contrast-normalize contrast-normalize.o -pthread  ../../libgimp/.libs/libgimp-2.0.so ../../libgimpmath/.libs/libgimpmath-2.0.so -lm ../../libgimpconfig/.libs/libgimpconfig-2.0.so ../../libgimpcolor/.libs/libgimpcolor-2.0.so ../../libgimpbase/.libs/libgimpbase-2.0.so -lgobject-2.0 -lgthread-2.0 -lglib-2.0 -pthread
gcc -DHAVE_CONFIG_H -I. -I../..  -I../.. -pthread -I/usr/include/gtk-2.0 -I/usr/lib/x86_64-linux-gnu/gtk-2.0/include -I/usr/include/gio-unix-2.0 -I/usr/include/cairo -I/usr/include/pango-1.0 -I/usr/include/atk-1.0 -I/usr/include/cairo -I/usr/include/pixman-1 -I/usr/include/gdk-pixbuf-2.0 -I/usr/include/libmount -I/usr/include/blkid -I/usr/include/pango-1.0 -I/usr/include/harfbuzz -I/usr/include/pango-1.0 -I/usr/include/fribidi -I/usr/include/uuid -I/usr/include/freetype2 -I/usr/include/libpng16 -I/usr/include/glib-2.0 -I/usr/lib/x86_64-linux-gnu/glib-2.0/include -I/usr/local/include -DGIMP_DISABLE_DEPRECATED -DGDK_MULTIHEAD_SAFE -DGTK_MULTIHEAD_SAFE  -g -O2 -Wall -Wdeclaration-after-statement -Wmissing-prototypes -Wmissing-declarations -Winit-self -Wpointer-arith -Wold-style-definition -Wformat-security -MT contrast-retinex.o -MD -MP -MF .deps/contrast-retinex.Tpo -c -o contrast-retinex.o contrast-retinex.c
mv -f .deps/contrast-retinex.Tpo .deps/contrast-retinex.Po
/bin/bash ../../libtool  --tag=CC   --mode=link gcc  -g -O2 -Wall -Wdeclaration-after-statement -Wmissing-prototypes -Wmissing-declarations -Winit-self -Wpointer-arith -Wold-style-definition -Wformat-security   -o contrast-retinex contrast-retinex.o ../../libgimp/libgimpui-2.0.la ../../libgimpwidgets/libgimpwidgets-2.0.la ../../libgimpmodule/libgimpmodule-2.0.la ../../libgimp/libgimp-2.0.la ../../libgimpmath/libgimpmath-2.0.la -lm ../../libgimpconfig/libgimpconfig-2.0.la ../../libgimpcolor/libgimpcolor-2.0.la ../../libgimpbase/libgimpbase-2.0.la -lgtk-x11-2.0 -lgdk-x11-2.0 -lpangocairo-1.0 -latk-1.0 -lcairo -lgdk_pixbuf-2.0 -lgio-2.0 -lpangoft2-1.0 -lpango-1.0 -lgobject-2.0 -lfontconfig -lfreetype -lgthread-2.0 -pthread -lglib-2.0   
libtool: link: gcc -g -O2 -Wall -Wdeclaration-after-statement -Wmissing-prototypes -Wmissing-declarations -Winit-self -Wpointer-arith -Wold-style-definition -Wformat-security -o .libs/contrast-retinex contrast-retinex.o -pthread  ../../libgimp/.libs/libgimpui-2.0.so ../../libgimpwidgets/.libs/libgimpwidgets-2.0.so ../../libgimpmodule/.libs/libgimpmodule-2.0.so ../../libgimp/.libs/libgimp-2.0.so ../../libgimpmath/.libs/libgimpmath-2.0.so -lm ../../libgimpconfig/.libs/libgimpconfig-2.0.so ../../libgimpcolor/.libs/libgimpcolor-2.0.so ../../libgimpbase/.libs/libgimpbase-2.0.so -lgtk-x11-2.0 -lgdk-x11-2.0 -lpangocairo-1.0 -latk-1.0 -lcairo -lgdk_pixbuf-2.0 -lgio-2.0 -lpangoft2-1.0 -lpango-1.0 -lgobject-2.0 -lfontconfig -lfreetype -lgthread-2.0 -lglib-2.0 -pthread
gcc -DHAVE_CONFIG_H -I. -I../..  -I../.. -pthread -I/usr/include/gtk-2.0 -I/usr/lib/x86_64-linux-gnu/gtk-2.0/include -I/usr/include/gio-unix-2.0 -I/usr/include/cairo -I/usr/include/pango-1.0 -I/usr/include/atk-1.0 -I/usr/include/cairo -I/usr/include/pixman-1 -I/usr/include/gdk-pixbuf-2.0 -I/usr/include/libmount -I/usr/include/blkid -I/usr/include/pango-1.0 -I/usr/include/harfbuzz -I/usr/include/pango-1.0 -I/usr/include/fribidi -I/usr/include/uuid -I/usr/include/freetype2 -I/usr/include/libpng16 -I/usr/include/glib-2.0 -I/usr/lib/x86_64-linux-gnu/glib-2.0/include -I/usr/local/include -DGIMP_DISABLE_DEPRECATED -DGDK_MULTIHEAD_SAFE -DGTK_MULTIHEAD_SAFE  -g -O2 -Wall -Wdeclaration-after-statement -Wmissing-prototypes -Wmissing-declarations -Winit-self -Wpointer-arith -Wold-style-definition -Wformat-security -MT contrast-stretch.o -MD -MP -MF .deps/contrast-stretch.Tpo -c -o contrast-stretch.o contrast-stretch.c
mv -f .deps/contrast-stretch.Tpo .deps/contrast-stretch.Po
/bin/bash ../../libtool  --tag=CC   --mode=link gcc  -g -O2 -Wall -Wdeclaration-after-statement -Wmissing-prototypes -Wmissing-declarations -Winit-self -Wpointer-arith -Wold-style-definition -Wformat-security   -o contrast-stretch contrast-stretch.o ../../libgimp/libgimp-2.0.la ../../libgimpmath/libgimpmath-2.0.la -lm ../../libgimpconfig/libgimpconfig-2.0.la ../../libgimpcolor/libgimpcolor-2.0.la ../../libgimpbase/libgimpbase-2.0.la -lgobject-2.0 -lgthread-2.0 -pthread -lglib-2.0   
libtool: link: gcc -g -O2 -Wall -Wdeclaration-after-statement -Wmissing-prototypes -Wmissing-declarations -Winit-self -Wpointer-arith -Wold-style-definition -Wformat-security -o .libs/contrast-stretch contrast-stretch.o -pthread  ../../libgimp/.libs/libgimp-2.0.so ../../libgimpmath/.libs/libgimpmath-2.0.so -lm ../../libgimpconfig/.libs/libgimpconfig-2.0.so ../../libgimpcolor/.libs/libgimpcolor-2.0.so ../../libgimpbase/.libs/libgimpbase-2.0.so -lgobject-2.0 -lgthread-2.0 -lglib-2.0 -pthread
gcc -DHAVE_CONFIG_H -I. -I../..  -I../.. -pthread -I/usr/include/gtk-2.0 -I/usr/lib/x86_64-linux-gnu/gtk-2.0/include -I/usr/include/gio-unix-2.0 -I/usr/include/cairo -I/usr/include/pango-1.0 -I/usr/include/atk-1.0 -I/usr/include/cairo -I/usr/include/pixman-1 -I/usr/include/gdk-pixbuf-2.0 -I/usr/include/libmount -I/usr/include/blkid -I/usr/include/pango-1.0 -I/usr/include/harfbuzz -I/usr/include/pango-1.0 -I/usr/include/fribidi -I/usr/include/uuid -I/usr/include/freetype2 -I/usr/include/libpng16 -I/usr/include/glib-2.0 -I/usr/lib/x86_64-linux-gnu/glib-2.0/include -I/usr/local/include -DGIMP_DISABLE_DEPRECATED -DGDK_MULTIHEAD_SAFE -DGTK_MULTIHEAD_SAFE  -g -O2 -Wall -Wdeclaration-after-statement -Wmissing-prototypes -Wmissing-declarations -Winit-self -Wpointer-arith -Wold-style-definition -Wformat-security -MT contrast-stretch-hsv.o -MD -MP -MF .deps/contrast-stretch-hsv.Tpo -c -o contrast-stretch-hsv.o contrast-stretch-hsv.c
mv -f .deps/contrast-stretch-hsv.Tpo .deps/contrast-stretch-hsv.Po
/bin/bash ../../libtool  --tag=CC   --mode=link gcc  -g -O2 -Wall -Wdeclaration-after-statement -Wmissing-prototypes -Wmissing-declarations -Winit-self -Wpointer-arith -Wold-style-definition -Wformat-security   -o contrast-stretch-hsv contrast-stretch-hsv.o ../../libgimp/libgimp-2.0.la ../../libgimpmath/libgimpmath-2.0.la -lm ../../libgimpconfig/libgimpconfig-2.0.la ../../libgimpcolor/libgimpcolor-2.0.la ../../libgimpbase/libgimpbase-2.0.la -lgobject-2.0 -lgthread-2.0 -pthread -lglib-2.0   
libtool: link: gcc -g -O2 -Wall -Wdeclaration-after-statement -Wmissing-prototypes -Wmissing-declarations -Winit-self -Wpointer-arith -Wold-style-definition -Wformat-security -o .libs/contrast-stretch-hsv contrast-stretch-hsv.o -pthread  ../../libgimp/.libs/libgimp-2.0.so ../../libgimpmath/.libs/libgimpmath-2.0.so -lm ../../libgimpconfig/.libs/libgimpconfig-2.0.so ../../libgimpcolor/.libs/libgimpcolor-2.0.so ../../libgimpbase/.libs/libgimpbase-2.0.so -lgobject-2.0 -lgthread-2.0 -lglib-2.0 -pthread
gcc -DHAVE_CONFIG_H -I. -I../..  -I../.. -pthread -I/usr/include/gtk-2.0 -I/usr/lib/x86_64-linux-gnu/gtk-2.0/include -I/usr/include/gio-unix-2.0 -I/usr/include/cairo -I/usr/include/pango-1.0 -I/usr/include/atk-1.0 -I/usr/include/cairo -I/usr/include/pixman-1 -I/usr/include/gdk-pixbuf-2.0 -I/usr/include/libmount -I/usr/include/blkid -I/usr/include/pango-1.0 -I/usr/include/harfbuzz -I/usr/include/pango-1.0 -I/usr/include/fribidi -I/usr/include/uuid -I/usr/include/freetype2 -I/usr/include/libpng16 -I/usr/include/glib-2.0 -I/usr/lib/x86_64-linux-gnu/glib-2.0/include -I/usr/local/include -DGIMP_DISABLE_DEPRECATED -DGDK_MULTIHEAD_SAFE -DGTK_MULTIHEAD_SAFE  -g -O2 -Wall -Wdeclaration-after-statement -Wmissing-prototypes -Wmissing-declarations -Winit-self -Wpointer-arith -Wold-style-definition -Wformat-security -MT convolution-matrix.o -MD -MP -MF .deps/convolution-matrix.Tpo -c -o convolution-matrix.o convolution-matrix.c
mv -f .deps/convolution-matrix.Tpo .deps/convolution-matrix.Po
/bin/bash ../../libtool  --tag=CC   --mode=link gcc  -g -O2 -Wall -Wdeclaration-after-statement -Wmissing-prototypes -Wmissing-declarations -Winit-self -Wpointer-arith -Wold-style-definition -Wformat-security   -o convolution-matrix convolution-matrix.o ../../libgimp/libgimpui-2.0.la ../../libgimpwidgets/libgimpwidgets-2.0.la ../../libgimpmodule/libgimpmodule-2.0.la ../../libgimp/libgimp-2.0.la ../../libgimpmath/libgimpmath-2.0.la -lm ../../libgimpconfig/libgimpconfig-2.0.la ../../libgimpcolor/libgimpcolor-2.0.la ../../libgimpbase/libgimpbase-2.0.la -lgtk-x11-2.0 -lgdk-x11-2.0 -lpangocairo-1.0 -latk-1.0 -lcairo -lgdk_pixbuf-2.0 -lgio-2.0 -lpangoft2-1.0 -lpango-1.0 -lgobject-2.0 -lfontconfig -lfreetype -lgthread-2.0 -pthread -lglib-2.0   
libtool: link: gcc -g -O2 -Wall -Wdeclaration-after-statement -Wmissing-prototypes -Wmissing-declarations -Winit-self -Wpointer-arith -Wold-style-definition -Wformat-security -o .libs/convolution-matrix convolution-matrix.o -pthread  ../../libgimp/.libs/libgimpui-2.0.so ../../libgimpwidgets/.libs/libgimpwidgets-2.0.so ../../libgimpmodule/.libs/libgimpmodule-2.0.so ../../libgimp/.libs/libgimp-2.0.so ../../libgimpmath/.libs/libgimpmath-2.0.so -lm ../../libgimpconfig/.libs/libgimpconfig-2.0.so ../../libgimpcolor/.libs/libgimpcolor-2.0.so ../../libgimpbase/.libs/libgimpbase-2.0.so -lgtk-x11-2.0 -lgdk-x11-2.0 -lpangocairo-1.0 -latk-1.0 -lcairo -lgdk_pixbuf-2.0 -lgio-2.0 -lpangoft2-1.0 -lpango-1.0 -lgobject-2.0 -lfontconfig -lfreetype -lgthread-2.0 -lglib-2.0 -pthread
gcc -DHAVE_CONFIG_H -I. -I../..  -I../.. -pthread -I/usr/include/gtk-2.0 -I/usr/lib/x86_64-linux-gnu/gtk-2.0/include -I/usr/include/gio-unix-2.0 -I/usr/include/cairo -I/usr/include/pango-1.0 -I/usr/include/atk-1.0 -I/usr/include/cairo -I/usr/include/pixman-1 -I/usr/include/gdk-pixbuf-2.0 -I/usr/include/libmount -I/usr/include/blkid -I/usr/include/pango-1.0 -I/usr/include/harfbuzz -I/usr/include/pango-1.0 -I/usr/include/fribidi -I/usr/include/uuid -I/usr/include/freetype2 -I/usr/include/libpng16 -I/usr/include/glib-2.0 -I/usr/lib/x86_64-linux-gnu/glib-2.0/include -I/usr/local/include -DGIMP_DISABLE_DEPRECATED -DGDK_MULTIHEAD_SAFE -DGTK_MULTIHEAD_SAFE  -g -O2 -Wall -Wdeclaration-after-statement -Wmissing-prototypes -Wmissing-declarations -Winit-self -Wpointer-arith -Wold-style-definition -Wformat-security -MT crop-auto.o -MD -MP -MF .deps/crop-auto.Tpo -c -o crop-auto.o crop-auto.c
mv -f .deps/crop-auto.Tpo .deps/crop-auto.Po
/bin/bash ../../libtool  --tag=CC   --mode=link gcc  -g -O2 -Wall -Wdeclaration-after-statement -Wmissing-prototypes -Wmissing-declarations -Winit-self -Wpointer-arith -Wold-style-definition -Wformat-security   -o crop-auto crop-auto.o ../../libgimp/libgimp-2.0.la ../../libgimpmath/libgimpmath-2.0.la -lm ../../libgimpconfig/libgimpconfig-2.0.la ../../libgimpcolor/libgimpcolor-2.0.la ../../libgimpbase/libgimpbase-2.0.la -lgobject-2.0 -lgthread-2.0 -pthread -lglib-2.0   
libtool: link: gcc -g -O2 -Wall -Wdeclaration-after-statement -Wmissing-prototypes -Wmissing-declarations -Winit-self -Wpointer-arith -Wold-style-definition -Wformat-security -o .libs/crop-auto crop-auto.o -pthread  ../../libgimp/.libs/libgimp-2.0.so ../../libgimpmath/.libs/libgimpmath-2.0.so -lm ../../libgimpconfig/.libs/libgimpconfig-2.0.so ../../libgimpcolor/.libs/libgimpcolor-2.0.so ../../libgimpbase/.libs/libgimpbase-2.0.so -lgobject-2.0 -lgthread-2.0 -lglib-2.0 -pthread
gcc -DHAVE_CONFIG_H -I. -I../..  -I../.. -pthread -I/usr/include/gtk-2.0 -I/usr/lib/x86_64-linux-gnu/gtk-2.0/include -I/usr/include/gio-unix-2.0 -I/usr/include/cairo -I/usr/include/pango-1.0 -I/usr/include/atk-1.0 -I/usr/include/cairo -I/usr/include/pixman-1 -I/usr/include/gdk-pixbuf-2.0 -I/usr/include/libmount -I/usr/include/blkid -I/usr/include/pango-1.0 -I/usr/include/harfbuzz -I/usr/include/pango-1.0 -I/usr/include/fribidi -I/usr/include/uuid -I/usr/include/freetype2 -I/usr/include/libpng16 -I/usr/include/glib-2.0 -I/usr/lib/x86_64-linux-gnu/glib-2.0/include -I/usr/local/include -DGIMP_DISABLE_DEPRECATED -DGDK_MULTIHEAD_SAFE -DGTK_MULTIHEAD_SAFE  -g -O2 -Wall -Wdeclaration-after-statement -Wmissing-prototypes -Wmissing-declarations -Winit-self -Wpointer-arith -Wold-style-definition -Wformat-security -MT crop-zealous.o -MD -MP -MF .deps/crop-zealous.Tpo -c -o crop-zealous.o crop-zealous.c
mv -f .deps/crop-zealous.Tpo .deps/crop-zealous.Po
/bin/bash ../../libtool  --tag=CC   --mode=link gcc  -g -O2 -Wall -Wdeclaration-after-statement -Wmissing-prototypes -Wmissing-declarations -Winit-self -Wpointer-arith -Wold-style-definition -Wformat-security   -o crop-zealous crop-zealous.o ../../libgimp/libgimp-2.0.la ../../libgimpmath/libgimpmath-2.0.la -lm ../../libgimpconfig/libgimpconfig-2.0.la ../../libgimpcolor/libgimpcolor-2.0.la ../../libgimpbase/libgimpbase-2.0.la -lgobject-2.0 -lgthread-2.0 -pthread -lglib-2.0   
libtool: link: gcc -g -O2 -Wall -Wdeclaration-after-statement -Wmissing-prototypes -Wmissing-declarations -Winit-self -Wpointer-arith -Wold-style-definition -Wformat-security -o .libs/crop-zealous crop-zealous.o -pthread  ../../libgimp/.libs/libgimp-2.0.so ../../libgimpmath/.libs/libgimpmath-2.0.so -lm ../../libgimpconfig/.libs/libgimpconfig-2.0.so ../../libgimpcolor/.libs/libgimpcolor-2.0.so ../../libgimpbase/.libs/libgimpbase-2.0.so -lgobject-2.0 -lgthread-2.0 -lglib-2.0 -pthread
gcc -DHAVE_CONFIG_H -I. -I../..  -I../.. -pthread -I/usr/include/gtk-2.0 -I/usr/lib/x86_64-linux-gnu/gtk-2.0/include -I/usr/include/gio-unix-2.0 -I/usr/include/cairo -I/usr/include/pango-1.0 -I/usr/include/atk-1.0 -I/usr/include/cairo -I/usr/include/pixman-1 -I/usr/include/gdk-pixbuf-2.0 -I/usr/include/libmount -I/usr/include/blkid -I/usr/include/pango-1.0 -I/usr/include/harfbuzz -I/usr/include/pango-1.0 -I/usr/include/fribidi -I/usr/include/uuid -I/usr/include/freetype2 -I/usr/include/libpng16 -I/usr/include/glib-2.0 -I/usr/lib/x86_64-linux-gnu/glib-2.0/include -I/usr/local/include -DGIMP_DISABLE_DEPRECATED -DGDK_MULTIHEAD_SAFE -DGTK_MULTIHEAD_SAFE  -g -O2 -Wall -Wdeclaration-after-statement -Wmissing-prototypes -Wmissing-declarations -Winit-self -Wpointer-arith -Wold-style-definition -Wformat-security -MT cubism.o -MD -MP -MF .deps/cubism.Tpo -c -o cubism.o cubism.c
mv -f .deps/cubism.Tpo .deps/cubism.Po
/bin/bash ../../libtool  --tag=CC   --mode=link gcc  -g -O2 -Wall -Wdeclaration-after-statement -Wmissing-prototypes -Wmissing-declarations -Winit-self -Wpointer-arith -Wold-style-definition -Wformat-security   -o cubism cubism.o ../../libgimp/libgimpui-2.0.la ../../libgimpwidgets/libgimpwidgets-2.0.la ../../libgimpmodule/libgimpmodule-2.0.la ../../libgimp/libgimp-2.0.la ../../libgimpmath/libgimpmath-2.0.la -lm ../../libgimpconfig/libgimpconfig-2.0.la ../../libgimpcolor/libgimpcolor-2.0.la ../../libgimpbase/libgimpbase-2.0.la -lgtk-x11-2.0 -lgdk-x11-2.0 -lpangocairo-1.0 -latk-1.0 -lcairo -lgdk_pixbuf-2.0 -lgio-2.0 -lpangoft2-1.0 -lpango-1.0 -lgobject-2.0 -lfontconfig -lfreetype -lgthread-2.0 -pthread -lglib-2.0   
libtool: link: gcc -g -O2 -Wall -Wdeclaration-after-statement -Wmissing-prototypes -Wmissing-declarations -Winit-self -Wpointer-arith -Wold-style-definition -Wformat-security -o .libs/cubism cubism.o -pthread  ../../libgimp/.libs/libgimpui-2.0.so ../../libgimpwidgets/.libs/libgimpwidgets-2.0.so ../../libgimpmodule/.libs/libgimpmodule-2.0.so ../../libgimp/.libs/libgimp-2.0.so ../../libgimpmath/.libs/libgimpmath-2.0.so -lm ../../libgimpconfig/.libs/libgimpconfig-2.0.so ../../libgimpcolor/.libs/libgimpcolor-2.0.so ../../libgimpbase/.libs/libgimpbase-2.0.so -lgtk-x11-2.0 -lgdk-x11-2.0 -lpangocairo-1.0 -latk-1.0 -lcairo -lgdk_pixbuf-2.0 -lgio-2.0 -lpangoft2-1.0 -lpango-1.0 -lgobject-2.0 -lfontconfig -lfreetype -lgthread-2.0 -lglib-2.0 -pthread
gcc -DHAVE_CONFIG_H -I. -I../..  -I../.. -pthread -I/usr/include/gtk-2.0 -I/usr/lib/x86_64-linux-gnu/gtk-2.0/include -I/usr/include/gio-unix-2.0 -I/usr/include/cairo -I/usr/include/pango-1.0 -I/usr/include/atk-1.0 -I/usr/include/cairo -I/usr/include/pixman-1 -I/usr/include/gdk-pixbuf-2.0 -I/usr/include/libmount -I/usr/include/blkid -I/usr/include/pango-1.0 -I/usr/include/harfbuzz -I/usr/include/pango-1.0 -I/usr/include/fribidi -I/usr/include/uuid -I/usr/include/freetype2 -I/usr/include/libpng16 -I/usr/include/glib-2.0 -I/usr/lib/x86_64-linux-gnu/glib-2.0/include -I/usr/local/include -DGIMP_DISABLE_DEPRECATED -DGDK_MULTIHEAD_SAFE -DGTK_MULTIHEAD_SAFE  -g -O2 -Wall -Wdeclaration-after-statement -Wmissing-prototypes -Wmissing-declarations -Winit-self -Wpointer-arith -Wold-style-definition -Wformat-security -MT curve-bend.o -MD -MP -MF .deps/curve-bend.Tpo -c -o curve-bend.o curve-bend.c
mv -f .deps/curve-bend.Tpo .deps/curve-bend.Po
/bin/bash ../../libtool  --tag=CC   --mode=link gcc  -g -O2 -Wall -Wdeclaration-after-statement -Wmissing-prototypes -Wmissing-declarations -Winit-self -Wpointer-arith -Wold-style-definition -Wformat-security   -o curve-bend curve-bend.o ../../libgimp/libgimpui-2.0.la ../../libgimpwidgets/libgimpwidgets-2.0.la ../../libgimpmodule/libgimpmodule-2.0.la ../../libgimp/libgimp-2.0.la ../../libgimpmath/libgimpmath-2.0.la -lm ../../libgimpconfig/libgimpconfig-2.0.la ../../libgimpcolor/libgimpcolor-2.0.la ../../libgimpbase/libgimpbase-2.0.la -lgtk-x11-2.0 -lgdk-x11-2.0 -lpangocairo-1.0 -latk-1.0 -lcairo -lgdk_pixbuf-2.0 -lgio-2.0 -lpangoft2-1.0 -lpango-1.0 -lgobject-2.0 -lfontconfig -lfreetype -lgthread-2.0 -pthread -lglib-2.0   
libtool: link: gcc -g -O2 -Wall -Wdeclaration-after-statement -Wmissing-prototypes -Wmissing-declarations -Winit-self -Wpointer-arith -Wold-style-definition -Wformat-security -o .libs/curve-bend curve-bend.o -pthread  ../../libgimp/.libs/libgimpui-2.0.so ../../libgimpwidgets/.libs/libgimpwidgets-2.0.so ../../libgimpmodule/.libs/libgimpmodule-2.0.so ../../libgimp/.libs/libgimp-2.0.so ../../libgimpmath/.libs/libgimpmath-2.0.so -lm ../../libgimpconfig/.libs/libgimpconfig-2.0.so ../../libgimpcolor/.libs/libgimpcolor-2.0.so ../../libgimpbase/.libs/libgimpbase-2.0.so -lgtk-x11-2.0 -lgdk-x11-2.0 -lpangocairo-1.0 -latk-1.0 -lcairo -lgdk_pixbuf-2.0 -lgio-2.0 -lpangoft2-1.0 -lpango-1.0 -lgobject-2.0 -lfontconfig -lfreetype -lgthread-2.0 -lglib-2.0 -pthread
gcc -DHAVE_CONFIG_H -I. -I../..  -I../.. -pthread -I/usr/include/gtk-2.0 -I/usr/lib/x86_64-linux-gnu/gtk-2.0/include -I/usr/include/gio-unix-2.0 -I/usr/include/cairo -I/usr/include/pango-1.0 -I/usr/include/atk-1.0 -I/usr/include/cairo -I/usr/include/pixman-1 -I/usr/include/gdk-pixbuf-2.0 -I/usr/include/libmount -I/usr/include/blkid -I/usr/include/pango-1.0 -I/usr/include/harfbuzz -I/usr/include/pango-1.0 -I/usr/include/fribidi -I/usr/include/uuid -I/usr/include/freetype2 -I/usr/include/libpng16 -I/usr/include/glib-2.0 -I/usr/lib/x86_64-linux-gnu/glib-2.0/include -I/usr/local/include -DGIMP_DISABLE_DEPRECATED -DGDK_MULTIHEAD_SAFE -DGTK_MULTIHEAD_SAFE  -g -O2 -Wall -Wdeclaration-after-statement -Wmissing-prototypes -Wmissing-declarations -Winit-self -Wpointer-arith -Wold-style-definition -Wformat-security -MT decompose.o -MD -MP -MF .deps/decompose.Tpo -c -o decompose.o decompose.c
mv -f .deps/decompose.Tpo .deps/decompose.Po
/bin/bash ../../libtool  --tag=CC   --mode=link gcc  -g -O2 -Wall -Wdeclaration-after-statement -Wmissing-prototypes -Wmissing-declarations -Winit-self -Wpointer-arith -Wold-style-definition -Wformat-security   -o decompose decompose.o ../../libgimp/libgimpui-2.0.la ../../libgimpwidgets/libgimpwidgets-2.0.la ../../libgimpmodule/libgimpmodule-2.0.la ../../libgimp/libgimp-2.0.la ../../libgimpmath/libgimpmath-2.0.la -lm ../../libgimpconfig/libgimpconfig-2.0.la ../../libgimpcolor/libgimpcolor-2.0.la ../../libgimpbase/libgimpbase-2.0.la -lgtk-x11-2.0 -lgdk-x11-2.0 -lpangocairo-1.0 -latk-1.0 -lcairo -lgdk_pixbuf-2.0 -lgio-2.0 -lpangoft2-1.0 -lpango-1.0 -lgobject-2.0 -lfontconfig -lfreetype -lgthread-2.0 -pthread -lglib-2.0   
libtool: link: gcc -g -O2 -Wall -Wdeclaration-after-statement -Wmissing-prototypes -Wmissing-declarations -Winit-self -Wpointer-arith -Wold-style-definition -Wformat-security -o .libs/decompose decompose.o -pthread  ../../libgimp/.libs/libgimpui-2.0.so ../../libgimpwidgets/.libs/libgimpwidgets-2.0.so ../../libgimpmodule/.libs/libgimpmodule-2.0.so ../../libgimp/.libs/libgimp-2.0.so ../../libgimpmath/.libs/libgimpmath-2.0.so -lm ../../libgimpconfig/.libs/libgimpconfig-2.0.so ../../libgimpcolor/.libs/libgimpcolor-2.0.so ../../libgimpbase/.libs/libgimpbase-2.0.so -lgtk-x11-2.0 -lgdk-x11-2.0 -lpangocairo-1.0 -latk-1.0 -lcairo -lgdk_pixbuf-2.0 -lgio-2.0 -lpangoft2-1.0 -lpango-1.0 -lgobject-2.0 -lfontconfig -lfreetype -lgthread-2.0 -lglib-2.0 -pthread
gcc -DHAVE_CONFIG_H -I. -I../..  -I../.. -pthread -I/usr/include/gtk-2.0 -I/usr/lib/x86_64-linux-gnu/gtk-2.0/include -I/usr/include/gio-unix-2.0 -I/usr/include/cairo -I/usr/include/pango-1.0 -I/usr/include/atk-1.0 -I/usr/include/cairo -I/usr/include/pixman-1 -I/usr/include/gdk-pixbuf-2.0 -I/usr/include/libmount -I/usr/include/blkid -I/usr/include/pango-1.0 -I/usr/include/harfbuzz -I/usr/include/pango-1.0 -I/usr/include/fribidi -I/usr/include/uuid -I/usr/include/freetype2 -I/usr/include/libpng16 -I/usr/include/glib-2.0 -I/usr/lib/x86_64-linux-gnu/glib-2.0/include -I/usr/local/include -DGIMP_DISABLE_DEPRECATED -DGDK_MULTIHEAD_SAFE -DGTK_MULTIHEAD_SAFE  -g -O2 -Wall -Wdeclaration-after-statement -Wmissing-prototypes -Wmissing-declarations -Winit-self -Wpointer-arith -Wold-style-definition -Wformat-security -MT deinterlace.o -MD -MP -MF .deps/deinterlace.Tpo -c -o deinterlace.o deinterlace.c
mv -f .deps/deinterlace.Tpo .deps/deinterlace.Po
/bin/bash ../../libtool  --tag=CC   --mode=link gcc  -g -O2 -Wall -Wdeclaration-after-statement -Wmissing-prototypes -Wmissing-declarations -Winit-self -Wpointer-arith -Wold-style-definition -Wformat-security   -o deinterlace deinterlace.o ../../libgimp/libgimpui-2.0.la ../../libgimpwidgets/libgimpwidgets-2.0.la ../../libgimpmodule/libgimpmodule-2.0.la ../../libgimp/libgimp-2.0.la ../../libgimpmath/libgimpmath-2.0.la -lm ../../libgimpconfig/libgimpconfig-2.0.la ../../libgimpcolor/libgimpcolor-2.0.la ../../libgimpbase/libgimpbase-2.0.la -lgtk-x11-2.0 -lgdk-x11-2.0 -lpangocairo-1.0 -latk-1.0 -lcairo -lgdk_pixbuf-2.0 -lgio-2.0 -lpangoft2-1.0 -lpango-1.0 -lgobject-2.0 -lfontconfig -lfreetype -lgthread-2.0 -pthread -lglib-2.0   
libtool: link: gcc -g -O2 -Wall -Wdeclaration-after-statement -Wmissing-prototypes -Wmissing-declarations -Winit-self -Wpointer-arith -Wold-style-definition -Wformat-security -o .libs/deinterlace deinterlace.o -pthread  ../../libgimp/.libs/libgimpui-2.0.so ../../libgimpwidgets/.libs/libgimpwidgets-2.0.so ../../libgimpmodule/.libs/libgimpmodule-2.0.so ../../libgimp/.libs/libgimp-2.0.so ../../libgimpmath/.libs/libgimpmath-2.0.so -lm ../../libgimpconfig/.libs/libgimpconfig-2.0.so ../../libgimpcolor/.libs/libgimpcolor-2.0.so ../../libgimpbase/.libs/libgimpbase-2.0.so -lgtk-x11-2.0 -lgdk-x11-2.0 -lpangocairo-1.0 -latk-1.0 -lcairo -lgdk_pixbuf-2.0 -lgio-2.0 -lpangoft2-1.0 -lpango-1.0 -lgobject-2.0 -lfontconfig -lfreetype -lgthread-2.0 -lglib-2.0 -pthread
gcc -DHAVE_CONFIG_H -I. -I../..  -I../.. -pthread -I/usr/include/gtk-2.0 -I/usr/lib/x86_64-linux-gnu/gtk-2.0/include -I/usr/include/gio-unix-2.0 -I/usr/include/cairo -I/usr/include/pango-1.0 -I/usr/include/atk-1.0 -I/usr/include/cairo -I/usr/include/pixman-1 -I/usr/include/gdk-pixbuf-2.0 -I/usr/include/libmount -I/usr/include/blkid -I/usr/include/pango-1.0 -I/usr/include/harfbuzz -I/usr/include/pango-1.0 -I/usr/include/fribidi -I/usr/include/uuid -I/usr/include/freetype2 -I/usr/include/libpng16 -I/usr/include/glib-2.0 -I/usr/lib/x86_64-linux-gnu/glib-2.0/include -I/usr/local/include -DGIMP_DISABLE_DEPRECATED -DGDK_MULTIHEAD_SAFE -DGTK_MULTIHEAD_SAFE  -g -O2 -Wall -Wdeclaration-after-statement -Wmissing-prototypes -Wmissing-declarations -Winit-self -Wpointer-arith -Wold-style-definition -Wformat-security -MT depth-merge.o -MD -MP -MF .deps/depth-merge.Tpo -c -o depth-merge.o depth-merge.c
mv -f .deps/depth-merge.Tpo .deps/depth-merge.Po
/bin/bash ../../libtool  --tag=CC   --mode=link gcc  -g -O2 -Wall -Wdeclaration-after-statement -Wmissing-prototypes -Wmissing-declarations -Winit-self -Wpointer-arith -Wold-style-definition -Wformat-security   -o depth-merge depth-merge.o ../../libgimp/libgimpui-2.0.la ../../libgimpwidgets/libgimpwidgets-2.0.la ../../libgimpmodule/libgimpmodule-2.0.la ../../libgimp/libgimp-2.0.la ../../libgimpmath/libgimpmath-2.0.la -lm ../../libgimpconfig/libgimpconfig-2.0.la ../../libgimpcolor/libgimpcolor-2.0.la ../../libgimpbase/libgimpbase-2.0.la -lgtk-x11-2.0 -lgdk-x11-2.0 -lpangocairo-1.0 -latk-1.0 -lcairo -lgdk_pixbuf-2.0 -lgio-2.0 -lpangoft2-1.0 -lpango-1.0 -lgobject-2.0 -lfontconfig -lfreetype -lgthread-2.0 -pthread -lglib-2.0   
libtool: link: gcc -g -O2 -Wall -Wdeclaration-after-statement -Wmissing-prototypes -Wmissing-declarations -Winit-self -Wpointer-arith -Wold-style-definition -Wformat-security -o .libs/depth-merge depth-merge.o -pthread  ../../libgimp/.libs/libgimpui-2.0.so ../../libgimpwidgets/.libs/libgimpwidgets-2.0.so ../../libgimpmodule/.libs/libgimpmodule-2.0.so ../../libgimp/.libs/libgimp-2.0.so ../../libgimpmath/.libs/libgimpmath-2.0.so -lm ../../libgimpconfig/.libs/libgimpconfig-2.0.so ../../libgimpcolor/.libs/libgimpcolor-2.0.so ../../libgimpbase/.libs/libgimpbase-2.0.so -lgtk-x11-2.0 -lgdk-x11-2.0 -lpangocairo-1.0 -latk-1.0 -lcairo -lgdk_pixbuf-2.0 -lgio-2.0 -lpangoft2-1.0 -lpango-1.0 -lgobject-2.0 -lfontconfig -lfreetype -lgthread-2.0 -lglib-2.0 -pthread
gcc -DHAVE_CONFIG_H -I. -I../..  -I../.. -pthread -I/usr/include/gtk-2.0 -I/usr/lib/x86_64-linux-gnu/gtk-2.0/include -I/usr/include/gio-unix-2.0 -I/usr/include/cairo -I/usr/include/pango-1.0 -I/usr/include/atk-1.0 -I/usr/include/cairo -I/usr/include/pixman-1 -I/usr/include/gdk-pixbuf-2.0 -I/usr/include/libmount -I/usr/include/blkid -I/usr/include/pango-1.0 -I/usr/include/harfbuzz -I/usr/include/pango-1.0 -I/usr/include/fribidi -I/usr/include/uuid -I/usr/include/freetype2 -I/usr/include/libpng16 -I/usr/include/glib-2.0 -I/usr/lib/x86_64-linux-gnu/glib-2.0/include -I/usr/local/include -DGIMP_DISABLE_DEPRECATED -DGDK_MULTIHEAD_SAFE -DGTK_MULTIHEAD_SAFE  -g -O2 -Wall -Wdeclaration-after-statement -Wmissing-prototypes -Wmissing-declarations -Winit-self -Wpointer-arith -Wold-style-definition -Wformat-security -MT despeckle.o -MD -MP -MF .deps/despeckle.Tpo -c -o despeckle.o despeckle.c
mv -f .deps/despeckle.Tpo .deps/despeckle.Po
/bin/bash ../../libtool  --tag=CC   --mode=link gcc  -g -O2 -Wall -Wdeclaration-after-statement -Wmissing-prototypes -Wmissing-declarations -Winit-self -Wpointer-arith -Wold-style-definition -Wformat-security   -o despeckle despeckle.o ../../libgimp/libgimpui-2.0.la ../../libgimpwidgets/libgimpwidgets-2.0.la ../../libgimpmodule/libgimpmodule-2.0.la ../../libgimp/libgimp-2.0.la ../../libgimpmath/libgimpmath-2.0.la -lm ../../libgimpconfig/libgimpconfig-2.0.la ../../libgimpcolor/libgimpcolor-2.0.la ../../libgimpbase/libgimpbase-2.0.la -lgtk-x11-2.0 -lgdk-x11-2.0 -lpangocairo-1.0 -latk-1.0 -lcairo -lgdk_pixbuf-2.0 -lgio-2.0 -lpangoft2-1.0 -lpango-1.0 -lgobject-2.0 -lfontconfig -lfreetype -lgthread-2.0 -pthread -lglib-2.0   
libtool: link: gcc -g -O2 -Wall -Wdeclaration-after-statement -Wmissing-prototypes -Wmissing-declarations -Winit-self -Wpointer-arith -Wold-style-definition -Wformat-security -o .libs/despeckle despeckle.o -pthread  ../../libgimp/.libs/libgimpui-2.0.so ../../libgimpwidgets/.libs/libgimpwidgets-2.0.so ../../libgimpmodule/.libs/libgimpmodule-2.0.so ../../libgimp/.libs/libgimp-2.0.so ../../libgimpmath/.libs/libgimpmath-2.0.so -lm ../../libgimpconfig/.libs/libgimpconfig-2.0.so ../../libgimpcolor/.libs/libgimpcolor-2.0.so ../../libgimpbase/.libs/libgimpbase-2.0.so -lgtk-x11-2.0 -lgdk-x11-2.0 -lpangocairo-1.0 -latk-1.0 -lcairo -lgdk_pixbuf-2.0 -lgio-2.0 -lpangoft2-1.0 -lpango-1.0 -lgobject-2.0 -lfontconfig -lfreetype -lgthread-2.0 -lglib-2.0 -pthread
gcc -DHAVE_CONFIG_H -I. -I../..  -I../.. -pthread -I/usr/include/gtk-2.0 -I/usr/lib/x86_64-linux-gnu/gtk-2.0/include -I/usr/include/gio-unix-2.0 -I/usr/include/cairo -I/usr/include/pango-1.0 -I/usr/include/atk-1.0 -I/usr/include/cairo -I/usr/include/pixman-1 -I/usr/include/gdk-pixbuf-2.0 -I/usr/include/libmount -I/usr/include/blkid -I/usr/include/pango-1.0 -I/usr/include/harfbuzz -I/usr/include/pango-1.0 -I/usr/include/fribidi -I/usr/include/uuid -I/usr/include/freetype2 -I/usr/include/libpng16 -I/usr/include/glib-2.0 -I/usr/lib/x86_64-linux-gnu/glib-2.0/include -I/usr/local/include -DGIMP_DISABLE_DEPRECATED -DGDK_MULTIHEAD_SAFE -DGTK_MULTIHEAD_SAFE  -g -O2 -Wall -Wdeclaration-after-statement -Wmissing-prototypes -Wmissing-declarations -Winit-self -Wpointer-arith -Wold-style-definition -Wformat-security -MT destripe.o -MD -MP -MF .deps/destripe.Tpo -c -o destripe.o destripe.c
mv -f .deps/destripe.Tpo .deps/destripe.Po
/bin/bash ../../libtool  --tag=CC   --mode=link gcc  -g -O2 -Wall -Wdeclaration-after-statement -Wmissing-prototypes -Wmissing-declarations -Winit-self -Wpointer-arith -Wold-style-definition -Wformat-security   -o destripe destripe.o ../../libgimp/libgimpui-2.0.la ../../libgimpwidgets/libgimpwidgets-2.0.la ../../libgimpmodule/libgimpmodule-2.0.la ../../libgimp/libgimp-2.0.la ../../libgimpmath/libgimpmath-2.0.la -lm ../../libgimpconfig/libgimpconfig-2.0.la ../../libgimpcolor/libgimpcolor-2.0.la ../../libgimpbase/libgimpbase-2.0.la -lgtk-x11-2.0 -lgdk-x11-2.0 -lpangocairo-1.0 -latk-1.0 -lcairo -lgdk_pixbuf-2.0 -lgio-2.0 -lpangoft2-1.0 -lpango-1.0 -lgobject-2.0 -lfontconfig -lfreetype -lgthread-2.0 -pthread -lglib-2.0   
libtool: link: gcc -g -O2 -Wall -Wdeclaration-after-statement -Wmissing-prototypes -Wmissing-declarations -Winit-self -Wpointer-arith -Wold-style-definition -Wformat-security -o .libs/destripe destripe.o -pthread  ../../libgimp/.libs/libgimpui-2.0.so ../../libgimpwidgets/.libs/libgimpwidgets-2.0.so ../../libgimpmodule/.libs/libgimpmodule-2.0.so ../../libgimp/.libs/libgimp-2.0.so ../../libgimpmath/.libs/libgimpmath-2.0.so -lm ../../libgimpconfig/.libs/libgimpconfig-2.0.so ../../libgimpcolor/.libs/libgimpcolor-2.0.so ../../libgimpbase/.libs/libgimpbase-2.0.so -lgtk-x11-2.0 -lgdk-x11-2.0 -lpangocairo-1.0 -latk-1.0 -lcairo -lgdk_pixbuf-2.0 -lgio-2.0 -lpangoft2-1.0 -lpango-1.0 -lgobject-2.0 -lfontconfig -lfreetype -lgthread-2.0 -lglib-2.0 -pthread
gcc -DHAVE_CONFIG_H -I. -I../..  -I../.. -pthread -I/usr/include/gtk-2.0 -I/usr/lib/x86_64-linux-gnu/gtk-2.0/include -I/usr/include/gio-unix-2.0 -I/usr/include/cairo -I/usr/include/pango-1.0 -I/usr/include/atk-1.0 -I/usr/include/cairo -I/usr/include/pixman-1 -I/usr/include/gdk-pixbuf-2.0 -I/usr/include/libmount -I/usr/include/blkid -I/usr/include/pango-1.0 -I/usr/include/harfbuzz -I/usr/include/pango-1.0 -I/usr/include/fribidi -I/usr/include/uuid -I/usr/include/freetype2 -I/usr/include/libpng16 -I/usr/include/glib-2.0 -I/usr/lib/x86_64-linux-gnu/glib-2.0/include -I/usr/local/include -DGIMP_DISABLE_DEPRECATED -DGDK_MULTIHEAD_SAFE -DGTK_MULTIHEAD_SAFE  -g -O2 -Wall -Wdeclaration-after-statement -Wmissing-prototypes -Wmissing-declarations -Winit-self -Wpointer-arith -Wold-style-definition -Wformat-security -MT diffraction.o -MD -MP -MF .deps/diffraction.Tpo -c -o diffraction.o diffraction.c
mv -f .deps/diffraction.Tpo .deps/diffraction.Po
/bin/bash ../../libtool  --tag=CC   --mode=link gcc  -g -O2 -Wall -Wdeclaration-after-statement -Wmissing-prototypes -Wmissing-declarations -Winit-self -Wpointer-arith -Wold-style-definition -Wformat-security   -o diffraction diffraction.o ../../libgimp/libgimpui-2.0.la ../../libgimpwidgets/libgimpwidgets-2.0.la ../../libgimpmodule/libgimpmodule-2.0.la ../../libgimp/libgimp-2.0.la ../../libgimpmath/libgimpmath-2.0.la -lm ../../libgimpconfig/libgimpconfig-2.0.la ../../libgimpcolor/libgimpcolor-2.0.la ../../libgimpbase/libgimpbase-2.0.la -lgtk-x11-2.0 -lgdk-x11-2.0 -lpangocairo-1.0 -latk-1.0 -lcairo -lgdk_pixbuf-2.0 -lgio-2.0 -lpangoft2-1.0 -lpango-1.0 -lgobject-2.0 -lfontconfig -lfreetype -lgthread-2.0 -pthread -lglib-2.0   
libtool: link: gcc -g -O2 -Wall -Wdeclaration-after-statement -Wmissing-prototypes -Wmissing-declarations -Winit-self -Wpointer-arith -Wold-style-definition -Wformat-security -o .libs/diffraction diffraction.o -pthread  ../../libgimp/.libs/libgimpui-2.0.so ../../libgimpwidgets/.libs/libgimpwidgets-2.0.so ../../libgimpmodule/.libs/libgimpmodule-2.0.so ../../libgimp/.libs/libgimp-2.0.so ../../libgimpmath/.libs/libgimpmath-2.0.so -lm ../../libgimpconfig/.libs/libgimpconfig-2.0.so ../../libgimpcolor/.libs/libgimpcolor-2.0.so ../../libgimpbase/.libs/libgimpbase-2.0.so -lgtk-x11-2.0 -lgdk-x11-2.0 -lpangocairo-1.0 -latk-1.0 -lcairo -lgdk_pixbuf-2.0 -lgio-2.0 -lpangoft2-1.0 -lpango-1.0 -lgobject-2.0 -lfontconfig -lfreetype -lgthread-2.0 -lglib-2.0 -pthread
gcc -DHAVE_CONFIG_H -I. -I../..  -I../.. -pthread -I/usr/include/gtk-2.0 -I/usr/lib/x86_64-linux-gnu/gtk-2.0/include -I/usr/include/gio-unix-2.0 -I/usr/include/cairo -I/usr/include/pango-1.0 -I/usr/include/atk-1.0 -I/usr/include/cairo -I/usr/include/pixman-1 -I/usr/include/gdk-pixbuf-2.0 -I/usr/include/libmount -I/usr/include/blkid -I/usr/include/pango-1.0 -I/usr/include/harfbuzz -I/usr/include/pango-1.0 -I/usr/include/fribidi -I/usr/include/uuid -I/usr/include/freetype2 -I/usr/include/libpng16 -I/usr/include/glib-2.0 -I/usr/lib/x86_64-linux-gnu/glib-2.0/include -I/usr/local/include -DGIMP_DISABLE_DEPRECATED -DGDK_MULTIHEAD_SAFE -DGTK_MULTIHEAD_SAFE  -g -O2 -Wall -Wdeclaration-after-statement -Wmissing-prototypes -Wmissing-declarations -Winit-self -Wpointer-arith -Wold-style-definition -Wformat-security -MT displace.o -MD -MP -MF .deps/displace.Tpo -c -o displace.o displace.c
mv -f .deps/displace.Tpo .deps/displace.Po
/bin/bash ../../libtool  --tag=CC   --mode=link gcc  -g -O2 -Wall -Wdeclaration-after-statement -Wmissing-prototypes -Wmissing-declarations -Winit-self -Wpointer-arith -Wold-style-definition -Wformat-security   -o displace displace.o ../../libgimp/libgimpui-2.0.la ../../libgimpwidgets/libgimpwidgets-2.0.la ../../libgimpmodule/libgimpmodule-2.0.la ../../libgimp/libgimp-2.0.la ../../libgimpmath/libgimpmath-2.0.la -lm ../../libgimpconfig/libgimpconfig-2.0.la ../../libgimpcolor/libgimpcolor-2.0.la ../../libgimpbase/libgimpbase-2.0.la -lgtk-x11-2.0 -lgdk-x11-2.0 -lpangocairo-1.0 -latk-1.0 -lcairo -lgdk_pixbuf-2.0 -lgio-2.0 -lpangoft2-1.0 -lpango-1.0 -lgobject-2.0 -lfontconfig -lfreetype -lgthread-2.0 -pthread -lglib-2.0   
libtool: link: gcc -g -O2 -Wall -Wdeclaration-after-statement -Wmissing-prototypes -Wmissing-declarations -Winit-self -Wpointer-arith -Wold-style-definition -Wformat-security -o .libs/displace displace.o -pthread  ../../libgimp/.libs/libgimpui-2.0.so ../../libgimpwidgets/.libs/libgimpwidgets-2.0.so ../../libgimpmodule/.libs/libgimpmodule-2.0.so ../../libgimp/.libs/libgimp-2.0.so ../../libgimpmath/.libs/libgimpmath-2.0.so -lm ../../libgimpconfig/.libs/libgimpconfig-2.0.so ../../libgimpcolor/.libs/libgimpcolor-2.0.so ../../libgimpbase/.libs/libgimpbase-2.0.so -lgtk-x11-2.0 -lgdk-x11-2.0 -lpangocairo-1.0 -latk-1.0 -lcairo -lgdk_pixbuf-2.0 -lgio-2.0 -lpangoft2-1.0 -lpango-1.0 -lgobject-2.0 -lfontconfig -lfreetype -lgthread-2.0 -lglib-2.0 -pthread
gcc -DHAVE_CONFIG_H -I. -I../..  -I../.. -pthread -I/usr/include/gtk-2.0 -I/usr/lib/x86_64-linux-gnu/gtk-2.0/include -I/usr/include/gio-unix-2.0 -I/usr/include/cairo -I/usr/include/pango-1.0 -I/usr/include/atk-1.0 -I/usr/include/cairo -I/usr/include/pixman-1 -I/usr/include/gdk-pixbuf-2.0 -I/usr/include/libmount -I/usr/include/blkid -I/usr/include/pango-1.0 -I/usr/include/harfbuzz -I/usr/include/pango-1.0 -I/usr/include/fribidi -I/usr/include/uuid -I/usr/include/freetype2 -I/usr/include/libpng16 -I/usr/include/glib-2.0 -I/usr/lib/x86_64-linux-gnu/glib-2.0/include -I/usr/local/include -DGIMP_DISABLE_DEPRECATED -DGDK_MULTIHEAD_SAFE -DGTK_MULTIHEAD_SAFE  -g -O2 -Wall -Wdeclaration-after-statement -Wmissing-prototypes -Wmissing-declarations -Winit-self -Wpointer-arith -Wold-style-definition -Wformat-security -MT edge.o -MD -MP -MF .deps/edge.Tpo -c -o edge.o edge.c
mv -f .deps/edge.Tpo .deps/edge.Po
/bin/bash ../../libtool  --tag=CC   --mode=link gcc  -g -O2 -Wall -Wdeclaration-after-statement -Wmissing-prototypes -Wmissing-declarations -Winit-self -Wpointer-arith -Wold-style-definition -Wformat-security   -o edge edge.o ../../libgimp/libgimpui-2.0.la ../../libgimpwidgets/libgimpwidgets-2.0.la ../../libgimpmodule/libgimpmodule-2.0.la ../../libgimp/libgimp-2.0.la ../../libgimpmath/libgimpmath-2.0.la -lm ../../libgimpconfig/libgimpconfig-2.0.la ../../libgimpcolor/libgimpcolor-2.0.la ../../libgimpbase/libgimpbase-2.0.la -lgtk-x11-2.0 -lgdk-x11-2.0 -lpangocairo-1.0 -latk-1.0 -lcairo -lgdk_pixbuf-2.0 -lgio-2.0 -lpangoft2-1.0 -lpango-1.0 -lgobject-2.0 -lfontconfig -lfreetype -lgthread-2.0 -pthread -lglib-2.0   
libtool: link: gcc -g -O2 -Wall -Wdeclaration-after-statement -Wmissing-prototypes -Wmissing-declarations -Winit-self -Wpointer-arith -Wold-style-definition -Wformat-security -o .libs/edge edge.o -pthread  ../../libgimp/.libs/libgimpui-2.0.so ../../libgimpwidgets/.libs/libgimpwidgets-2.0.so ../../libgimpmodule/.libs/libgimpmodule-2.0.so ../../libgimp/.libs/libgimp-2.0.so ../../libgimpmath/.libs/libgimpmath-2.0.so -lm ../../libgimpconfig/.libs/libgimpconfig-2.0.so ../../libgimpcolor/.libs/libgimpcolor-2.0.so ../../libgimpbase/.libs/libgimpbase-2.0.so -lgtk-x11-2.0 -lgdk-x11-2.0 -lpangocairo-1.0 -latk-1.0 -lcairo -lgdk_pixbuf-2.0 -lgio-2.0 -lpangoft2-1.0 -lpango-1.0 -lgobject-2.0 -lfontconfig -lfreetype -lgthread-2.0 -lglib-2.0 -pthread
gcc -DHAVE_CONFIG_H -I. -I../..  -I../.. -pthread -I/usr/include/gtk-2.0 -I/usr/lib/x86_64-linux-gnu/gtk-2.0/include -I/usr/include/gio-unix-2.0 -I/usr/include/cairo -I/usr/include/pango-1.0 -I/usr/include/atk-1.0 -I/usr/include/cairo -I/usr/include/pixman-1 -I/usr/include/gdk-pixbuf-2.0 -I/usr/include/libmount -I/usr/include/blkid -I/usr/include/pango-1.0 -I/usr/include/harfbuzz -I/usr/include/pango-1.0 -I/usr/include/fribidi -I/usr/include/uuid -I/usr/include/freetype2 -I/usr/include/libpng16 -I/usr/include/glib-2.0 -I/usr/lib/x86_64-linux-gnu/glib-2.0/include -I/usr/local/include -DGIMP_DISABLE_DEPRECATED -DGDK_MULTIHEAD_SAFE -DGTK_MULTIHEAD_SAFE  -g -O2 -Wall -Wdeclaration-after-statement -Wmissing-prototypes -Wmissing-declarations -Winit-self -Wpointer-arith -Wold-style-definition -Wformat-security -MT edge-dog.o -MD -MP -MF .deps/edge-dog.Tpo -c -o edge-dog.o edge-dog.c
mv -f .deps/edge-dog.Tpo .deps/edge-dog.Po
/bin/bash ../../libtool  --tag=CC   --mode=link gcc  -g -O2 -Wall -Wdeclaration-after-statement -Wmissing-prototypes -Wmissing-declarations -Winit-self -Wpointer-arith -Wold-style-definition -Wformat-security   -o edge-dog edge-dog.o ../../libgimp/libgimpui-2.0.la ../../libgimpwidgets/libgimpwidgets-2.0.la ../../libgimpmodule/libgimpmodule-2.0.la ../../libgimp/libgimp-2.0.la ../../libgimpmath/libgimpmath-2.0.la -lm ../../libgimpconfig/libgimpconfig-2.0.la ../../libgimpcolor/libgimpcolor-2.0.la ../../libgimpbase/libgimpbase-2.0.la -lgtk-x11-2.0 -lgdk-x11-2.0 -lpangocairo-1.0 -latk-1.0 -lcairo -lgdk_pixbuf-2.0 -lgio-2.0 -lpangoft2-1.0 -lpango-1.0 -lgobject-2.0 -lfontconfig -lfreetype -lgthread-2.0 -pthread -lglib-2.0   
libtool: link: gcc -g -O2 -Wall -Wdeclaration-after-statement -Wmissing-prototypes -Wmissing-declarations -Winit-self -Wpointer-arith -Wold-style-definition -Wformat-security -o .libs/edge-dog edge-dog.o -pthread  ../../libgimp/.libs/libgimpui-2.0.so ../../libgimpwidgets/.libs/libgimpwidgets-2.0.so ../../libgimpmodule/.libs/libgimpmodule-2.0.so ../../libgimp/.libs/libgimp-2.0.so ../../libgimpmath/.libs/libgimpmath-2.0.so -lm ../../libgimpconfig/.libs/libgimpconfig-2.0.so ../../libgimpcolor/.libs/libgimpcolor-2.0.so ../../libgimpbase/.libs/libgimpbase-2.0.so -lgtk-x11-2.0 -lgdk-x11-2.0 -lpangocairo-1.0 -latk-1.0 -lcairo -lgdk_pixbuf-2.0 -lgio-2.0 -lpangoft2-1.0 -lpango-1.0 -lgobject-2.0 -lfontconfig -lfreetype -lgthread-2.0 -lglib-2.0 -pthread
gcc -DHAVE_CONFIG_H -I. -I../..  -I../.. -pthread -I/usr/include/gtk-2.0 -I/usr/lib/x86_64-linux-gnu/gtk-2.0/include -I/usr/include/gio-unix-2.0 -I/usr/include/cairo -I/usr/include/pango-1.0 -I/usr/include/atk-1.0 -I/usr/include/cairo -I/usr/include/pixman-1 -I/usr/include/gdk-pixbuf-2.0 -I/usr/include/libmount -I/usr/include/blkid -I/usr/include/pango-1.0 -I/usr/include/harfbuzz -I/usr/include/pango-1.0 -I/usr/include/fribidi -I/usr/include/uuid -I/usr/include/freetype2 -I/usr/include/libpng16 -I/usr/include/glib-2.0 -I/usr/lib/x86_64-linux-gnu/glib-2.0/include -I/usr/local/include -DGIMP_DISABLE_DEPRECATED -DGDK_MULTIHEAD_SAFE -DGTK_MULTIHEAD_SAFE  -g -O2 -Wall -Wdeclaration-after-statement -Wmissing-prototypes -Wmissing-declarations -Winit-self -Wpointer-arith -Wold-style-definition -Wformat-security -MT edge-laplace.o -MD -MP -MF .deps/edge-laplace.Tpo -c -o edge-laplace.o edge-laplace.c
mv -f .deps/edge-laplace.Tpo .deps/edge-laplace.Po
/bin/bash ../../libtool  --tag=CC   --mode=link gcc  -g -O2 -Wall -Wdeclaration-after-statement -Wmissing-prototypes -Wmissing-declarations -Winit-self -Wpointer-arith -Wold-style-definition -Wformat-security   -o edge-laplace edge-laplace.o ../../libgimp/libgimp-2.0.la ../../libgimpmath/libgimpmath-2.0.la -lm ../../libgimpconfig/libgimpconfig-2.0.la ../../libgimpcolor/libgimpcolor-2.0.la ../../libgimpbase/libgimpbase-2.0.la -lgobject-2.0 -lgthread-2.0 -pthread -lglib-2.0   
libtool: link: gcc -g -O2 -Wall -Wdeclaration-after-statement -Wmissing-prototypes -Wmissing-declarations -Winit-self -Wpointer-arith -Wold-style-definition -Wformat-security -o .libs/edge-laplace edge-laplace.o -pthread  ../../libgimp/.libs/libgimp-2.0.so ../../libgimpmath/.libs/libgimpmath-2.0.so -lm ../../libgimpconfig/.libs/libgimpconfig-2.0.so ../../libgimpcolor/.libs/libgimpcolor-2.0.so ../../libgimpbase/.libs/libgimpbase-2.0.so -lgobject-2.0 -lgthread-2.0 -lglib-2.0 -pthread
gcc -DHAVE_CONFIG_H -I. -I../..  -I../.. -pthread -I/usr/include/gtk-2.0 -I/usr/lib/x86_64-linux-gnu/gtk-2.0/include -I/usr/include/gio-unix-2.0 -I/usr/include/cairo -I/usr/include/pango-1.0 -I/usr/include/atk-1.0 -I/usr/include/cairo -I/usr/include/pixman-1 -I/usr/include/gdk-pixbuf-2.0 -I/usr/include/libmount -I/usr/include/blkid -I/usr/include/pango-1.0 -I/usr/include/harfbuzz -I/usr/include/pango-1.0 -I/usr/include/fribidi -I/usr/include/uuid -I/usr/include/freetype2 -I/usr/include/libpng16 -I/usr/include/glib-2.0 -I/usr/lib/x86_64-linux-gnu/glib-2.0/include -I/usr/local/include -DGIMP_DISABLE_DEPRECATED -DGDK_MULTIHEAD_SAFE -DGTK_MULTIHEAD_SAFE  -g -O2 -Wall -Wdeclaration-after-statement -Wmissing-prototypes -Wmissing-declarations -Winit-self -Wpointer-arith -Wold-style-definition -Wformat-security -MT edge-neon.o -MD -MP -MF .deps/edge-neon.Tpo -c -o edge-neon.o edge-neon.c
mv -f .deps/edge-neon.Tpo .deps/edge-neon.Po
/bin/bash ../../libtool  --tag=CC   --mode=link gcc  -g -O2 -Wall -Wdeclaration-after-statement -Wmissing-prototypes -Wmissing-declarations -Winit-self -Wpointer-arith -Wold-style-definition -Wformat-security   -o edge-neon edge-neon.o ../../libgimp/libgimpui-2.0.la ../../libgimpwidgets/libgimpwidgets-2.0.la ../../libgimpmodule/libgimpmodule-2.0.la ../../libgimp/libgimp-2.0.la ../../libgimpmath/libgimpmath-2.0.la -lm ../../libgimpconfig/libgimpconfig-2.0.la ../../libgimpcolor/libgimpcolor-2.0.la ../../libgimpbase/libgimpbase-2.0.la -lgtk-x11-2.0 -lgdk-x11-2.0 -lpangocairo-1.0 -latk-1.0 -lcairo -lgdk_pixbuf-2.0 -lgio-2.0 -lpangoft2-1.0 -lpango-1.0 -lgobject-2.0 -lfontconfig -lfreetype -lgthread-2.0 -pthread -lglib-2.0   
libtool: link: gcc -g -O2 -Wall -Wdeclaration-after-statement -Wmissing-prototypes -Wmissing-declarations -Winit-self -Wpointer-arith -Wold-style-definition -Wformat-security -o .libs/edge-neon edge-neon.o -pthread  ../../libgimp/.libs/libgimpui-2.0.so ../../libgimpwidgets/.libs/libgimpwidgets-2.0.so ../../libgimpmodule/.libs/libgimpmodule-2.0.so ../../libgimp/.libs/libgimp-2.0.so ../../libgimpmath/.libs/libgimpmath-2.0.so -lm ../../libgimpconfig/.libs/libgimpconfig-2.0.so ../../libgimpcolor/.libs/libgimpcolor-2.0.so ../../libgimpbase/.libs/libgimpbase-2.0.so -lgtk-x11-2.0 -lgdk-x11-2.0 -lpangocairo-1.0 -latk-1.0 -lcairo -lgdk_pixbuf-2.0 -lgio-2.0 -lpangoft2-1.0 -lpango-1.0 -lgobject-2.0 -lfontconfig -lfreetype -lgthread-2.0 -lglib-2.0 -pthread
gcc -DHAVE_CONFIG_H -I. -I../..  -I../.. -pthread -I/usr/include/gtk-2.0 -I/usr/lib/x86_64-linux-gnu/gtk-2.0/include -I/usr/include/gio-unix-2.0 -I/usr/include/cairo -I/usr/include/pango-1.0 -I/usr/include/atk-1.0 -I/usr/include/cairo -I/usr/include/pixman-1 -I/usr/include/gdk-pixbuf-2.0 -I/usr/include/libmount -I/usr/include/blkid -I/usr/include/pango-1.0 -I/usr/include/harfbuzz -I/usr/include/pango-1.0 -I/usr/include/fribidi -I/usr/include/uuid -I/usr/include/freetype2 -I/usr/include/libpng16 -I/usr/include/glib-2.0 -I/usr/lib/x86_64-linux-gnu/glib-2.0/include -I/usr/local/include -DGIMP_DISABLE_DEPRECATED -DGDK_MULTIHEAD_SAFE -DGTK_MULTIHEAD_SAFE  -g -O2 -Wall -Wdeclaration-after-statement -Wmissing-prototypes -Wmissing-declarations -Winit-self -Wpointer-arith -Wold-style-definition -Wformat-security -MT edge-sobel.o -MD -MP -MF .deps/edge-sobel.Tpo -c -o edge-sobel.o edge-sobel.c
mv -f .deps/edge-sobel.Tpo .deps/edge-sobel.Po
/bin/bash ../../libtool  --tag=CC   --mode=link gcc  -g -O2 -Wall -Wdeclaration-after-statement -Wmissing-prototypes -Wmissing-declarations -Winit-self -Wpointer-arith -Wold-style-definition -Wformat-security   -o edge-sobel edge-sobel.o ../../libgimp/libgimpui-2.0.la ../../libgimpwidgets/libgimpwidgets-2.0.la ../../libgimpmodule/libgimpmodule-2.0.la ../../libgimp/libgimp-2.0.la ../../libgimpmath/libgimpmath-2.0.la -lm ../../libgimpconfig/libgimpconfig-2.0.la ../../libgimpcolor/libgimpcolor-2.0.la ../../libgimpbase/libgimpbase-2.0.la -lgtk-x11-2.0 -lgdk-x11-2.0 -lpangocairo-1.0 -latk-1.0 -lcairo -lgdk_pixbuf-2.0 -lgio-2.0 -lpangoft2-1.0 -lpango-1.0 -lgobject-2.0 -lfontconfig -lfreetype -lgthread-2.0 -pthread -lglib-2.0   
libtool: link: gcc -g -O2 -Wall -Wdeclaration-after-statement -Wmissing-prototypes -Wmissing-declarations -Winit-self -Wpointer-arith -Wold-style-definition -Wformat-security -o .libs/edge-sobel edge-sobel.o -pthread  ../../libgimp/.libs/libgimpui-2.0.so ../../libgimpwidgets/.libs/libgimpwidgets-2.0.so ../../libgimpmodule/.libs/libgimpmodule-2.0.so ../../libgimp/.libs/libgimp-2.0.so ../../libgimpmath/.libs/libgimpmath-2.0.so -lm ../../libgimpconfig/.libs/libgimpconfig-2.0.so ../../libgimpcolor/.libs/libgimpcolor-2.0.so ../../libgimpbase/.libs/libgimpbase-2.0.so -lgtk-x11-2.0 -lgdk-x11-2.0 -lpangocairo-1.0 -latk-1.0 -lcairo -lgdk_pixbuf-2.0 -lgio-2.0 -lpangoft2-1.0 -lpango-1.0 -lgobject-2.0 -lfontconfig -lfreetype -lgthread-2.0 -lglib-2.0 -pthread
gcc -DHAVE_CONFIG_H -I. -I../..  -I../.. -pthread -I/usr/include/gtk-2.0 -I/usr/lib/x86_64-linux-gnu/gtk-2.0/include -I/usr/include/gio-unix-2.0 -I/usr/include/cairo -I/usr/include/pango-1.0 -I/usr/include/atk-1.0 -I/usr/include/cairo -I/usr/include/pixman-1 -I/usr/include/gdk-pixbuf-2.0 -I/usr/include/libmount -I/usr/include/blkid -I/usr/include/pango-1.0 -I/usr/include/harfbuzz -I/usr/include/pango-1.0 -I/usr/include/fribidi -I/usr/include/uuid -I/usr/include/freetype2 -I/usr/include/libpng16 -I/usr/include/glib-2.0 -I/usr/lib/x86_64-linux-gnu/glib-2.0/include -I/usr/local/include -DGIMP_DISABLE_DEPRECATED -DGDK_MULTIHEAD_SAFE -DGTK_MULTIHEAD_SAFE  -g -O2 -Wall -Wdeclaration-after-statement -Wmissing-prototypes -Wmissing-declarations -Winit-self -Wpointer-arith -Wold-style-definition -Wformat-security -MT emboss.o -MD -MP -MF .deps/emboss.Tpo -c -o emboss.o emboss.c
mv -f .deps/emboss.Tpo .deps/emboss.Po
/bin/bash ../../libtool  --tag=CC   --mode=link gcc  -g -O2 -Wall -Wdeclaration-after-statement -Wmissing-prototypes -Wmissing-declarations -Winit-self -Wpointer-arith -Wold-style-definition -Wformat-security   -o emboss emboss.o ../../libgimp/libgimpui-2.0.la ../../libgimpwidgets/libgimpwidgets-2.0.la ../../libgimpmodule/libgimpmodule-2.0.la ../../libgimp/libgimp-2.0.la ../../libgimpmath/libgimpmath-2.0.la -lm ../../libgimpconfig/libgimpconfig-2.0.la ../../libgimpcolor/libgimpcolor-2.0.la ../../libgimpbase/libgimpbase-2.0.la -lgtk-x11-2.0 -lgdk-x11-2.0 -lpangocairo-1.0 -latk-1.0 -lcairo -lgdk_pixbuf-2.0 -lgio-2.0 -lpangoft2-1.0 -lpango-1.0 -lgobject-2.0 -lfontconfig -lfreetype -lgthread-2.0 -pthread -lglib-2.0   
libtool: link: gcc -g -O2 -Wall -Wdeclaration-after-statement -Wmissing-prototypes -Wmissing-declarations -Winit-self -Wpointer-arith -Wold-style-definition -Wformat-security -o .libs/emboss emboss.o -pthread  ../../libgimp/.libs/libgimpui-2.0.so ../../libgimpwidgets/.libs/libgimpwidgets-2.0.so ../../libgimpmodule/.libs/libgimpmodule-2.0.so ../../libgimp/.libs/libgimp-2.0.so ../../libgimpmath/.libs/libgimpmath-2.0.so -lm ../../libgimpconfig/.libs/libgimpconfig-2.0.so ../../libgimpcolor/.libs/libgimpcolor-2.0.so ../../libgimpbase/.libs/libgimpbase-2.0.so -lgtk-x11-2.0 -lgdk-x11-2.0 -lpangocairo-1.0 -latk-1.0 -lcairo -lgdk_pixbuf-2.0 -lgio-2.0 -lpangoft2-1.0 -lpango-1.0 -lgobject-2.0 -lfontconfig -lfreetype -lgthread-2.0 -lglib-2.0 -pthread
gcc -DHAVE_CONFIG_H -I. -I../..  -I../.. -pthread -I/usr/include/gtk-2.0 -I/usr/lib/x86_64-linux-gnu/gtk-2.0/include -I/usr/include/gio-unix-2.0 -I/usr/include/cairo -I/usr/include/pango-1.0 -I/usr/include/atk-1.0 -I/usr/include/cairo -I/usr/include/pixman-1 -I/usr/include/gdk-pixbuf-2.0 -I/usr/include/libmount -I/usr/include/blkid -I/usr/include/pango-1.0 -I/usr/include/harfbuzz -I/usr/include/pango-1.0 -I/usr/include/fribidi -I/usr/include/uuid -I/usr/include/freetype2 -I/usr/include/libpng16 -I/usr/include/glib-2.0 -I/usr/lib/x86_64-linux-gnu/glib-2.0/include -I/usr/local/include -DGIMP_DISABLE_DEPRECATED -DGDK_MULTIHEAD_SAFE -DGTK_MULTIHEAD_SAFE  -g -O2 -Wall -Wdeclaration-after-statement -Wmissing-prototypes -Wmissing-declarations -Winit-self -Wpointer-arith -Wold-style-definition -Wformat-security -MT engrave.o -MD -MP -MF .deps/engrave.Tpo -c -o engrave.o engrave.c
mv -f .deps/engrave.Tpo .deps/engrave.Po
/bin/bash ../../libtool  --tag=CC   --mode=link gcc  -g -O2 -Wall -Wdeclaration-after-statement -Wmissing-prototypes -Wmissing-declarations -Winit-self -Wpointer-arith -Wold-style-definition -Wformat-security   -o engrave engrave.o ../../libgimp/libgimpui-2.0.la ../../libgimpwidgets/libgimpwidgets-2.0.la ../../libgimpmodule/libgimpmodule-2.0.la ../../libgimp/libgimp-2.0.la ../../libgimpmath/libgimpmath-2.0.la -lm ../../libgimpconfig/libgimpconfig-2.0.la ../../libgimpcolor/libgimpcolor-2.0.la ../../libgimpbase/libgimpbase-2.0.la -lgtk-x11-2.0 -lgdk-x11-2.0 -lpangocairo-1.0 -latk-1.0 -lcairo -lgdk_pixbuf-2.0 -lgio-2.0 -lpangoft2-1.0 -lpango-1.0 -lgobject-2.0 -lfontconfig -lfreetype -lgthread-2.0 -pthread -lglib-2.0   
libtool: link: gcc -g -O2 -Wall -Wdeclaration-after-statement -Wmissing-prototypes -Wmissing-declarations -Winit-self -Wpointer-arith -Wold-style-definition -Wformat-security -o .libs/engrave engrave.o -pthread  ../../libgimp/.libs/libgimpui-2.0.so ../../libgimpwidgets/.libs/libgimpwidgets-2.0.so ../../libgimpmodule/.libs/libgimpmodule-2.0.so ../../libgimp/.libs/libgimp-2.0.so ../../libgimpmath/.libs/libgimpmath-2.0.so -lm ../../libgimpconfig/.libs/libgimpconfig-2.0.so ../../libgimpcolor/.libs/libgimpcolor-2.0.so ../../libgimpbase/.libs/libgimpbase-2.0.so -lgtk-x11-2.0 -lgdk-x11-2.0 -lpangocairo-1.0 -latk-1.0 -lcairo -lgdk_pixbuf-2.0 -lgio-2.0 -lpangoft2-1.0 -lpango-1.0 -lgobject-2.0 -lfontconfig -lfreetype -lgthread-2.0 -lglib-2.0 -pthread
gcc -DHAVE_CONFIG_H -I. -I../..  -I../.. -pthread -I/usr/include/gtk-2.0 -I/usr/lib/x86_64-linux-gnu/gtk-2.0/include -I/usr/include/gio-unix-2.0 -I/usr/include/cairo -I/usr/include/pango-1.0 -I/usr/include/atk-1.0 -I/usr/include/cairo -I/usr/include/pixman-1 -I/usr/include/gdk-pixbuf-2.0 -I/usr/include/libmount -I/usr/include/blkid -I/usr/include/pango-1.0 -I/usr/include/harfbuzz -I/usr/include/pango-1.0 -I/usr/include/fribidi -I/usr/include/uuid -I/usr/include/freetype2 -I/usr/include/libpng16 -I/usr/include/glib-2.0 -I/usr/lib/x86_64-linux-gnu/glib-2.0/include -I/usr/local/include -DGIMP_DISABLE_DEPRECATED -DGDK_MULTIHEAD_SAFE -DGTK_MULTIHEAD_SAFE  -g -O2 -Wall -Wdeclaration-after-statement -Wmissing-prototypes -Wmissing-declarations -Winit-self -Wpointer-arith -Wold-style-definition -Wformat-security -MT file-aa.o -MD -MP -MF .deps/file-aa.Tpo -c -o file-aa.o file-aa.c
mv -f .deps/file-aa.Tpo .deps/file-aa.Po
/bin/bash ../../libtool  --tag=CC   --mode=link gcc  -g -O2 -Wall -Wdeclaration-after-statement -Wmissing-prototypes -Wmissing-declarations -Winit-self -Wpointer-arith -Wold-style-definition -Wformat-security   -o file-aa file-aa.o ../../libgimp/libgimpui-2.0.la ../../libgimpwidgets/libgimpwidgets-2.0.la ../../libgimpmodule/libgimpmodule-2.0.la ../../libgimp/libgimp-2.0.la ../../libgimpmath/libgimpmath-2.0.la -lm ../../libgimpconfig/libgimpconfig-2.0.la ../../libgimpcolor/libgimpcolor-2.0.la ../../libgimpbase/libgimpbase-2.0.la -lgtk-x11-2.0 -lgdk-x11-2.0 -lpangocairo-1.0 -latk-1.0 -lcairo -lgdk_pixbuf-2.0 -lgio-2.0 -lpangoft2-1.0 -lpango-1.0 -lgobject-2.0 -lfontconfig -lfreetype -lgthread-2.0 -pthread -lglib-2.0 -laa   
libtool: link: gcc -g -O2 -Wall -Wdeclaration-after-statement -Wmissing-prototypes -Wmissing-declarations -Winit-self -Wpointer-arith -Wold-style-definition -Wformat-security -o .libs/file-aa file-aa.o -pthread  ../../libgimp/.libs/libgimpui-2.0.so ../../libgimpwidgets/.libs/libgimpwidgets-2.0.so ../../libgimpmodule/.libs/libgimpmodule-2.0.so ../../libgimp/.libs/libgimp-2.0.so ../../libgimpmath/.libs/libgimpmath-2.0.so -lm ../../libgimpconfig/.libs/libgimpconfig-2.0.so ../../libgimpcolor/.libs/libgimpcolor-2.0.so ../../libgimpbase/.libs/libgimpbase-2.0.so -lgtk-x11-2.0 -lgdk-x11-2.0 -lpangocairo-1.0 -latk-1.0 -lcairo -lgdk_pixbuf-2.0 -lgio-2.0 -lpangoft2-1.0 -lpango-1.0 -lgobject-2.0 -lfontconfig -lfreetype -lgthread-2.0 -lglib-2.0 -laa -pthread
gcc -DHAVE_CONFIG_H -I. -I../..  -I../.. -pthread -I/usr/include/gtk-2.0 -I/usr/lib/x86_64-linux-gnu/gtk-2.0/include -I/usr/include/gio-unix-2.0 -I/usr/include/cairo -I/usr/include/pango-1.0 -I/usr/include/atk-1.0 -I/usr/include/cairo -I/usr/include/pixman-1 -I/usr/include/gdk-pixbuf-2.0 -I/usr/include/libmount -I/usr/include/blkid -I/usr/include/pango-1.0 -I/usr/include/harfbuzz -I/usr/include/pango-1.0 -I/usr/include/fribidi -I/usr/include/uuid -I/usr/include/freetype2 -I/usr/include/libpng16 -I/usr/include/glib-2.0 -I/usr/lib/x86_64-linux-gnu/glib-2.0/include -I/usr/local/include -DGIMP_DISABLE_DEPRECATED -DGDK_MULTIHEAD_SAFE -DGTK_MULTIHEAD_SAFE  -g -O2 -Wall -Wdeclaration-after-statement -Wmissing-prototypes -Wmissing-declarations -Winit-self -Wpointer-arith -Wold-style-definition -Wformat-security -MT file-cel.o -MD -MP -MF .deps/file-cel.Tpo -c -o file-cel.o file-cel.c
mv -f .deps/file-cel.Tpo .deps/file-cel.Po
/bin/bash ../../libtool  --tag=CC   --mode=link gcc  -g -O2 -Wall -Wdeclaration-after-statement -Wmissing-prototypes -Wmissing-declarations -Winit-self -Wpointer-arith -Wold-style-definition -Wformat-security   -o file-cel file-cel.o ../../libgimp/libgimpui-2.0.la ../../libgimpwidgets/libgimpwidgets-2.0.la ../../libgimpmodule/libgimpmodule-2.0.la ../../libgimp/libgimp-2.0.la ../../libgimpmath/libgimpmath-2.0.la -lm ../../libgimpconfig/libgimpconfig-2.0.la ../../libgimpcolor/libgimpcolor-2.0.la ../../libgimpbase/libgimpbase-2.0.la -lgtk-x11-2.0 -lgdk-x11-2.0 -lpangocairo-1.0 -latk-1.0 -lcairo -lgdk_pixbuf-2.0 -lgio-2.0 -lpangoft2-1.0 -lpango-1.0 -lgobject-2.0 -lfontconfig -lfreetype -lgthread-2.0 -pthread -lglib-2.0   
libtool: link: gcc -g -O2 -Wall -Wdeclaration-after-statement -Wmissing-prototypes -Wmissing-declarations -Winit-self -Wpointer-arith -Wold-style-definition -Wformat-security -o .libs/file-cel file-cel.o -pthread  ../../libgimp/.libs/libgimpui-2.0.so ../../libgimpwidgets/.libs/libgimpwidgets-2.0.so ../../libgimpmodule/.libs/libgimpmodule-2.0.so ../../libgimp/.libs/libgimp-2.0.so ../../libgimpmath/.libs/libgimpmath-2.0.so -lm ../../libgimpconfig/.libs/libgimpconfig-2.0.so ../../libgimpcolor/.libs/libgimpcolor-2.0.so ../../libgimpbase/.libs/libgimpbase-2.0.so -lgtk-x11-2.0 -lgdk-x11-2.0 -lpangocairo-1.0 -latk-1.0 -lcairo -lgdk_pixbuf-2.0 -lgio-2.0 -lpangoft2-1.0 -lpango-1.0 -lgobject-2.0 -lfontconfig -lfreetype -lgthread-2.0 -lglib-2.0 -pthread
gcc -DHAVE_CONFIG_H -I. -I../..  -I../.. -pthread -I/usr/include/gtk-2.0 -I/usr/lib/x86_64-linux-gnu/gtk-2.0/include -I/usr/include/gio-unix-2.0 -I/usr/include/cairo -I/usr/include/pango-1.0 -I/usr/include/atk-1.0 -I/usr/include/cairo -I/usr/include/pixman-1 -I/usr/include/gdk-pixbuf-2.0 -I/usr/include/libmount -I/usr/include/blkid -I/usr/include/pango-1.0 -I/usr/include/harfbuzz -I/usr/include/pango-1.0 -I/usr/include/fribidi -I/usr/include/uuid -I/usr/include/freetype2 -I/usr/include/libpng16 -I/usr/include/glib-2.0 -I/usr/lib/x86_64-linux-gnu/glib-2.0/include -I/usr/local/include -DGIMP_DISABLE_DEPRECATED -DGDK_MULTIHEAD_SAFE -DGTK_MULTIHEAD_SAFE  -g -O2 -Wall -Wdeclaration-after-statement -Wmissing-prototypes -Wmissing-declarations -Winit-self -Wpointer-arith -Wold-style-definition -Wformat-security -MT file-compressor.o -MD -MP -MF .deps/file-compressor.Tpo -c -o file-compressor.o file-compressor.c
mv -f .deps/file-compressor.Tpo .deps/file-compressor.Po
/bin/bash ../../libtool  --tag=CC   --mode=link gcc  -g -O2 -Wall -Wdeclaration-after-statement -Wmissing-prototypes -Wmissing-declarations -Winit-self -Wpointer-arith -Wold-style-definition -Wformat-security   -o file-compressor file-compressor.o ../../libgimp/libgimp-2.0.la ../../libgimpmath/libgimpmath-2.0.la -lm ../../libgimpconfig/libgimpconfig-2.0.la ../../libgimpcolor/libgimpcolor-2.0.la ../../libgimpbase/libgimpbase-2.0.la -lgobject-2.0 -lgthread-2.0 -pthread -lglib-2.0   
libtool: link: gcc -g -O2 -Wall -Wdeclaration-after-statement -Wmissing-prototypes -Wmissing-declarations -Winit-self -Wpointer-arith -Wold-style-definition -Wformat-security -o .libs/file-compressor file-compressor.o -pthread  ../../libgimp/.libs/libgimp-2.0.so ../../libgimpmath/.libs/libgimpmath-2.0.so -lm ../../libgimpconfig/.libs/libgimpconfig-2.0.so ../../libgimpcolor/.libs/libgimpcolor-2.0.so ../../libgimpbase/.libs/libgimpbase-2.0.so -lgobject-2.0 -lgthread-2.0 -lglib-2.0 -pthread
gcc -DHAVE_CONFIG_H -I. -I../..  -I../.. -pthread -I/usr/include/gtk-2.0 -I/usr/lib/x86_64-linux-gnu/gtk-2.0/include -I/usr/include/gio-unix-2.0 -I/usr/include/cairo -I/usr/include/pango-1.0 -I/usr/include/atk-1.0 -I/usr/include/cairo -I/usr/include/pixman-1 -I/usr/include/gdk-pixbuf-2.0 -I/usr/include/libmount -I/usr/include/blkid -I/usr/include/pango-1.0 -I/usr/include/harfbuzz -I/usr/include/pango-1.0 -I/usr/include/fribidi -I/usr/include/uuid -I/usr/include/freetype2 -I/usr/include/libpng16 -I/usr/include/glib-2.0 -I/usr/lib/x86_64-linux-gnu/glib-2.0/include -I/usr/local/include -DGIMP_DISABLE_DEPRECATED -DGDK_MULTIHEAD_SAFE -DGTK_MULTIHEAD_SAFE  -g -O2 -Wall -Wdeclaration-after-statement -Wmissing-prototypes -Wmissing-declarations -Winit-self -Wpointer-arith -Wold-style-definition -Wformat-security -MT file-csource.o -MD -MP -MF .deps/file-csource.Tpo -c -o file-csource.o file-csource.c
mv -f .deps/file-csource.Tpo .deps/file-csource.Po
/bin/bash ../../libtool  --tag=CC   --mode=link gcc  -g -O2 -Wall -Wdeclaration-after-statement -Wmissing-prototypes -Wmissing-declarations -Winit-self -Wpointer-arith -Wold-style-definition -Wformat-security   -o file-csource file-csource.o ../../libgimp/libgimpui-2.0.la ../../libgimpwidgets/libgimpwidgets-2.0.la ../../libgimpmodule/libgimpmodule-2.0.la ../../libgimp/libgimp-2.0.la ../../libgimpmath/libgimpmath-2.0.la -lm ../../libgimpconfig/libgimpconfig-2.0.la ../../libgimpcolor/libgimpcolor-2.0.la ../../libgimpbase/libgimpbase-2.0.la -lgtk-x11-2.0 -lgdk-x11-2.0 -lpangocairo-1.0 -latk-1.0 -lcairo -lgdk_pixbuf-2.0 -lgio-2.0 -lpangoft2-1.0 -lpango-1.0 -lgobject-2.0 -lfontconfig -lfreetype -lgthread-2.0 -pthread -lglib-2.0   
libtool: link: gcc -g -O2 -Wall -Wdeclaration-after-statement -Wmissing-prototypes -Wmissing-declarations -Winit-self -Wpointer-arith -Wold-style-definition -Wformat-security -o .libs/file-csource file-csource.o -pthread  ../../libgimp/.libs/libgimpui-2.0.so ../../libgimpwidgets/.libs/libgimpwidgets-2.0.so ../../libgimpmodule/.libs/libgimpmodule-2.0.so ../../libgimp/.libs/libgimp-2.0.so ../../libgimpmath/.libs/libgimpmath-2.0.so -lm ../../libgimpconfig/.libs/libgimpconfig-2.0.so ../../libgimpcolor/.libs/libgimpcolor-2.0.so ../../libgimpbase/.libs/libgimpbase-2.0.so -lgtk-x11-2.0 -lgdk-x11-2.0 -lpangocairo-1.0 -latk-1.0 -lcairo -lgdk_pixbuf-2.0 -lgio-2.0 -lpangoft2-1.0 -lpango-1.0 -lgobject-2.0 -lfontconfig -lfreetype -lgthread-2.0 -lglib-2.0 -pthread
gcc -DHAVE_CONFIG_H -I. -I../..  -I../.. -pthread -I/usr/include/gtk-2.0 -I/usr/lib/x86_64-linux-gnu/gtk-2.0/include -I/usr/include/gio-unix-2.0 -I/usr/include/cairo -I/usr/include/pango-1.0 -I/usr/include/atk-1.0 -I/usr/include/cairo -I/usr/include/pixman-1 -I/usr/include/gdk-pixbuf-2.0 -I/usr/include/libmount -I/usr/include/blkid -I/usr/include/pango-1.0 -I/usr/include/harfbuzz -I/usr/include/pango-1.0 -I/usr/include/fribidi -I/usr/include/uuid -I/usr/include/freetype2 -I/usr/include/libpng16 -I/usr/include/glib-2.0 -I/usr/lib/x86_64-linux-gnu/glib-2.0/include -I/usr/local/include -DGIMP_DISABLE_DEPRECATED -DGDK_MULTIHEAD_SAFE -DGTK_MULTIHEAD_SAFE  -g -O2 -Wall -Wdeclaration-after-statement -Wmissing-prototypes -Wmissing-declarations -Winit-self -Wpointer-arith -Wold-style-definition -Wformat-security -MT file-desktop-link.o -MD -MP -MF .deps/file-desktop-link.Tpo -c -o file-desktop-link.o file-desktop-link.c
mv -f .deps/file-desktop-link.Tpo .deps/file-desktop-link.Po
/bin/bash ../../libtool  --tag=CC   --mode=link gcc  -g -O2 -Wall -Wdeclaration-after-statement -Wmissing-prototypes -Wmissing-declarations -Winit-self -Wpointer-arith -Wold-style-definition -Wformat-security   -o file-desktop-link file-desktop-link.o ../../libgimp/libgimp-2.0.la ../../libgimpmath/libgimpmath-2.0.la -lm ../../libgimpconfig/libgimpconfig-2.0.la ../../libgimpcolor/libgimpcolor-2.0.la ../../libgimpbase/libgimpbase-2.0.la -lgobject-2.0 -lgthread-2.0 -pthread -lglib-2.0   
libtool: link: gcc -g -O2 -Wall -Wdeclaration-after-statement -Wmissing-prototypes -Wmissing-declarations -Winit-self -Wpointer-arith -Wold-style-definition -Wformat-security -o .libs/file-desktop-link file-desktop-link.o -pthread  ../../libgimp/.libs/libgimp-2.0.so ../../libgimpmath/.libs/libgimpmath-2.0.so -lm ../../libgimpconfig/.libs/libgimpconfig-2.0.so ../../libgimpcolor/.libs/libgimpcolor-2.0.so ../../libgimpbase/.libs/libgimpbase-2.0.so -lgobject-2.0 -lgthread-2.0 -lglib-2.0 -pthread
gcc -DHAVE_CONFIG_H -I. -I../..  -I../.. -pthread -I/usr/include/gtk-2.0 -I/usr/lib/x86_64-linux-gnu/gtk-2.0/include -I/usr/include/gio-unix-2.0 -I/usr/include/cairo -I/usr/include/pango-1.0 -I/usr/include/atk-1.0 -I/usr/include/cairo -I/usr/include/pixman-1 -I/usr/include/gdk-pixbuf-2.0 -I/usr/include/libmount -I/usr/include/blkid -I/usr/include/pango-1.0 -I/usr/include/harfbuzz -I/usr/include/pango-1.0 -I/usr/include/fribidi -I/usr/include/uuid -I/usr/include/freetype2 -I/usr/include/libpng16 -I/usr/include/glib-2.0 -I/usr/lib/x86_64-linux-gnu/glib-2.0/include -I/usr/local/include -DGIMP_DISABLE_DEPRECATED -DGDK_MULTIHEAD_SAFE -DGTK_MULTIHEAD_SAFE  -g -O2 -Wall -Wdeclaration-after-statement -Wmissing-prototypes -Wmissing-declarations -Winit-self -Wpointer-arith -Wold-style-definition -Wformat-security -MT file-dicom.o -MD -MP -MF .deps/file-dicom.Tpo -c -o file-dicom.o file-dicom.c
mv -f .deps/file-dicom.Tpo .deps/file-dicom.Po
/bin/bash ../../libtool  --tag=CC   --mode=link gcc  -g -O2 -Wall -Wdeclaration-after-statement -Wmissing-prototypes -Wmissing-declarations -Winit-self -Wpointer-arith -Wold-style-definition -Wformat-security   -o file-dicom file-dicom.o ../../libgimp/libgimpui-2.0.la ../../libgimpwidgets/libgimpwidgets-2.0.la ../../libgimpmodule/libgimpmodule-2.0.la ../../libgimp/libgimp-2.0.la ../../libgimpmath/libgimpmath-2.0.la -lm ../../libgimpconfig/libgimpconfig-2.0.la ../../libgimpcolor/libgimpcolor-2.0.la ../../libgimpbase/libgimpbase-2.0.la -lgtk-x11-2.0 -lgdk-x11-2.0 -lpangocairo-1.0 -latk-1.0 -lcairo -lgdk_pixbuf-2.0 -lgio-2.0 -lpangoft2-1.0 -lpango-1.0 -lgobject-2.0 -lfontconfig -lfreetype -lgthread-2.0 -pthread -lglib-2.0   
libtool: link: gcc -g -O2 -Wall -Wdeclaration-after-statement -Wmissing-prototypes -Wmissing-declarations -Winit-self -Wpointer-arith -Wold-style-definition -Wformat-security -o .libs/file-dicom file-dicom.o -pthread  ../../libgimp/.libs/libgimpui-2.0.so ../../libgimpwidgets/.libs/libgimpwidgets-2.0.so ../../libgimpmodule/.libs/libgimpmodule-2.0.so ../../libgimp/.libs/libgimp-2.0.so ../../libgimpmath/.libs/libgimpmath-2.0.so -lm ../../libgimpconfig/.libs/libgimpconfig-2.0.so ../../libgimpcolor/.libs/libgimpcolor-2.0.so ../../libgimpbase/.libs/libgimpbase-2.0.so -lgtk-x11-2.0 -lgdk-x11-2.0 -lpangocairo-1.0 -latk-1.0 -lcairo -lgdk_pixbuf-2.0 -lgio-2.0 -lpangoft2-1.0 -lpango-1.0 -lgobject-2.0 -lfontconfig -lfreetype -lgthread-2.0 -lglib-2.0 -pthread
gcc -DHAVE_CONFIG_H -I. -I../..  -I../.. -pthread -I/usr/include/gtk-2.0 -I/usr/lib/x86_64-linux-gnu/gtk-2.0/include -I/usr/include/gio-unix-2.0 -I/usr/include/cairo -I/usr/include/pango-1.0 -I/usr/include/atk-1.0 -I/usr/include/cairo -I/usr/include/pixman-1 -I/usr/include/gdk-pixbuf-2.0 -I/usr/include/libmount -I/usr/include/blkid -I/usr/include/pango-1.0 -I/usr/include/harfbuzz -I/usr/include/pango-1.0 -I/usr/include/fribidi -I/usr/include/uuid -I/usr/include/freetype2 -I/usr/include/libpng16 -I/usr/include/glib-2.0 -I/usr/lib/x86_64-linux-gnu/glib-2.0/include -I/usr/local/include -DGIMP_DISABLE_DEPRECATED -DGDK_MULTIHEAD_SAFE -DGTK_MULTIHEAD_SAFE  -g -O2 -Wall -Wdeclaration-after-statement -Wmissing-prototypes -Wmissing-declarations -Winit-self -Wpointer-arith -Wold-style-definition -Wformat-security -MT file-gbr.o -MD -MP -MF .deps/file-gbr.Tpo -c -o file-gbr.o file-gbr.c
mv -f .deps/file-gbr.Tpo .deps/file-gbr.Po
/bin/bash ../../libtool  --tag=CC   --mode=link gcc  -g -O2 -Wall -Wdeclaration-after-statement -Wmissing-prototypes -Wmissing-declarations -Winit-self -Wpointer-arith -Wold-style-definition -Wformat-security   -o file-gbr file-gbr.o ../../libgimp/libgimpui-2.0.la ../../libgimpwidgets/libgimpwidgets-2.0.la ../../libgimpmodule/libgimpmodule-2.0.la ../../libgimp/libgimp-2.0.la ../../libgimpmath/libgimpmath-2.0.la -lm ../../libgimpconfig/libgimpconfig-2.0.la ../../libgimpcolor/libgimpcolor-2.0.la ../../libgimpbase/libgimpbase-2.0.la -lgtk-x11-2.0 -lgdk-x11-2.0 -lpangocairo-1.0 -latk-1.0 -lcairo -lgdk_pixbuf-2.0 -lgio-2.0 -lpangoft2-1.0 -lpango-1.0 -lgobject-2.0 -lfontconfig -lfreetype -lgthread-2.0 -pthread -lglib-2.0   
libtool: link: gcc -g -O2 -Wall -Wdeclaration-after-statement -Wmissing-prototypes -Wmissing-declarations -Winit-self -Wpointer-arith -Wold-style-definition -Wformat-security -o .libs/file-gbr file-gbr.o -pthread  ../../libgimp/.libs/libgimpui-2.0.so ../../libgimpwidgets/.libs/libgimpwidgets-2.0.so ../../libgimpmodule/.libs/libgimpmodule-2.0.so ../../libgimp/.libs/libgimp-2.0.so ../../libgimpmath/.libs/libgimpmath-2.0.so -lm ../../libgimpconfig/.libs/libgimpconfig-2.0.so ../../libgimpcolor/.libs/libgimpcolor-2.0.so ../../libgimpbase/.libs/libgimpbase-2.0.so -lgtk-x11-2.0 -lgdk-x11-2.0 -lpangocairo-1.0 -latk-1.0 -lcairo -lgdk_pixbuf-2.0 -lgio-2.0 -lpangoft2-1.0 -lpango-1.0 -lgobject-2.0 -lfontconfig -lfreetype -lgthread-2.0 -lglib-2.0 -pthread
gcc -DHAVE_CONFIG_H -I. -I../..  -I../.. -pthread -I/usr/include/gtk-2.0 -I/usr/lib/x86_64-linux-gnu/gtk-2.0/include -I/usr/include/gio-unix-2.0 -I/usr/include/cairo -I/usr/include/pango-1.0 -I/usr/include/atk-1.0 -I/usr/include/cairo -I/usr/include/pixman-1 -I/usr/include/gdk-pixbuf-2.0 -I/usr/include/libmount -I/usr/include/blkid -I/usr/include/pango-1.0 -I/usr/include/harfbuzz -I/usr/include/pango-1.0 -I/usr/include/fribidi -I/usr/include/uuid -I/usr/include/freetype2 -I/usr/include/libpng16 -I/usr/include/glib-2.0 -I/usr/lib/x86_64-linux-gnu/glib-2.0/include -I/usr/local/include -DGIMP_DISABLE_DEPRECATED -DGDK_MULTIHEAD_SAFE -DGTK_MULTIHEAD_SAFE  -g -O2 -Wall -Wdeclaration-after-statement -Wmissing-prototypes -Wmissing-declarations -Winit-self -Wpointer-arith -Wold-style-definition -Wformat-security -MT file-gif-load.o -MD -MP -MF .deps/file-gif-load.Tpo -c -o file-gif-load.o file-gif-load.c
mv -f .deps/file-gif-load.Tpo .deps/file-gif-load.Po
/bin/bash ../../libtool  --tag=CC   --mode=link gcc  -g -O2 -Wall -Wdeclaration-after-statement -Wmissing-prototypes -Wmissing-declarations -Winit-self -Wpointer-arith -Wold-style-definition -Wformat-security   -o file-gif-load file-gif-load.o ../../libgimp/libgimp-2.0.la ../../libgimpmath/libgimpmath-2.0.la -lm ../../libgimpconfig/libgimpconfig-2.0.la ../../libgimpcolor/libgimpcolor-2.0.la ../../libgimpbase/libgimpbase-2.0.la -lgobject-2.0 -lgthread-2.0 -pthread -lglib-2.0   
libtool: link: gcc -g -O2 -Wall -Wdeclaration-after-statement -Wmissing-prototypes -Wmissing-declarations -Winit-self -Wpointer-arith -Wold-style-definition -Wformat-security -o .libs/file-gif-load file-gif-load.o -pthread  ../../libgimp/.libs/libgimp-2.0.so ../../libgimpmath/.libs/libgimpmath-2.0.so -lm ../../libgimpconfig/.libs/libgimpconfig-2.0.so ../../libgimpcolor/.libs/libgimpcolor-2.0.so ../../libgimpbase/.libs/libgimpbase-2.0.so -lgobject-2.0 -lgthread-2.0 -lglib-2.0 -pthread
gcc -DHAVE_CONFIG_H -I. -I../..  -I../.. -pthread -I/usr/include/gtk-2.0 -I/usr/lib/x86_64-linux-gnu/gtk-2.0/include -I/usr/include/gio-unix-2.0 -I/usr/include/cairo -I/usr/include/pango-1.0 -I/usr/include/atk-1.0 -I/usr/include/cairo -I/usr/include/pixman-1 -I/usr/include/gdk-pixbuf-2.0 -I/usr/include/libmount -I/usr/include/blkid -I/usr/include/pango-1.0 -I/usr/include/harfbuzz -I/usr/include/pango-1.0 -I/usr/include/fribidi -I/usr/include/uuid -I/usr/include/freetype2 -I/usr/include/libpng16 -I/usr/include/glib-2.0 -I/usr/lib/x86_64-linux-gnu/glib-2.0/include -I/usr/local/include -DGIMP_DISABLE_DEPRECATED -DGDK_MULTIHEAD_SAFE -DGTK_MULTIHEAD_SAFE  -g -O2 -Wall -Wdeclaration-after-statement -Wmissing-prototypes -Wmissing-declarations -Winit-self -Wpointer-arith -Wold-style-definition -Wformat-security -MT file-gif-save.o -MD -MP -MF .deps/file-gif-save.Tpo -c -o file-gif-save.o file-gif-save.c
mv -f .deps/file-gif-save.Tpo .deps/file-gif-save.Po
/bin/bash ../../libtool  --tag=CC   --mode=link gcc  -g -O2 -Wall -Wdeclaration-after-statement -Wmissing-prototypes -Wmissing-declarations -Winit-self -Wpointer-arith -Wold-style-definition -Wformat-security   -o file-gif-save file-gif-save.o ../../libgimp/libgimpui-2.0.la ../../libgimpwidgets/libgimpwidgets-2.0.la ../../libgimpmodule/libgimpmodule-2.0.la ../../libgimp/libgimp-2.0.la ../../libgimpmath/libgimpmath-2.0.la -lm ../../libgimpconfig/libgimpconfig-2.0.la ../../libgimpcolor/libgimpcolor-2.0.la ../../libgimpbase/libgimpbase-2.0.la -lgtk-x11-2.0 -lgdk-x11-2.0 -lpangocairo-1.0 -latk-1.0 -lcairo -lgdk_pixbuf-2.0 -lgio-2.0 -lpangoft2-1.0 -lpango-1.0 -lgobject-2.0 -lfontconfig -lfreetype -lgthread-2.0 -pthread -lglib-2.0   
libtool: link: gcc -g -O2 -Wall -Wdeclaration-after-statement -Wmissing-prototypes -Wmissing-declarations -Winit-self -Wpointer-arith -Wold-style-definition -Wformat-security -o .libs/file-gif-save file-gif-save.o -pthread  ../../libgimp/.libs/libgimpui-2.0.so ../../libgimpwidgets/.libs/libgimpwidgets-2.0.so ../../libgimpmodule/.libs/libgimpmodule-2.0.so ../../libgimp/.libs/libgimp-2.0.so ../../libgimpmath/.libs/libgimpmath-2.0.so -lm ../../libgimpconfig/.libs/libgimpconfig-2.0.so ../../libgimpcolor/.libs/libgimpcolor-2.0.so ../../libgimpbase/.libs/libgimpbase-2.0.so -lgtk-x11-2.0 -lgdk-x11-2.0 -lpangocairo-1.0 -latk-1.0 -lcairo -lgdk_pixbuf-2.0 -lgio-2.0 -lpangoft2-1.0 -lpango-1.0 -lgobject-2.0 -lfontconfig -lfreetype -lgthread-2.0 -lglib-2.0 -pthread
gcc -DHAVE_CONFIG_H -I. -I../..  -I../.. -pthread -I/usr/include/gtk-2.0 -I/usr/lib/x86_64-linux-gnu/gtk-2.0/include -I/usr/include/gio-unix-2.0 -I/usr/include/cairo -I/usr/include/pango-1.0 -I/usr/include/atk-1.0 -I/usr/include/cairo -I/usr/include/pixman-1 -I/usr/include/gdk-pixbuf-2.0 -I/usr/include/libmount -I/usr/include/blkid -I/usr/include/pango-1.0 -I/usr/include/harfbuzz -I/usr/include/pango-1.0 -I/usr/include/fribidi -I/usr/include/uuid -I/usr/include/freetype2 -I/usr/include/libpng16 -I/usr/include/glib-2.0 -I/usr/lib/x86_64-linux-gnu/glib-2.0/include -I/usr/local/include -DGIMP_DISABLE_DEPRECATED -DGDK_MULTIHEAD_SAFE -DGTK_MULTIHEAD_SAFE  -g -O2 -Wall -Wdeclaration-after-statement -Wmissing-prototypes -Wmissing-declarations -Winit-self -Wpointer-arith -Wold-style-definition -Wformat-security -MT file-gih.o -MD -MP -MF .deps/file-gih.Tpo -c -o file-gih.o file-gih.c
mv -f .deps/file-gih.Tpo .deps/file-gih.Po
/bin/bash ../../libtool  --tag=CC   --mode=link gcc  -g -O2 -Wall -Wdeclaration-after-statement -Wmissing-prototypes -Wmissing-declarations -Winit-self -Wpointer-arith -Wold-style-definition -Wformat-security   -o file-gih file-gih.o ../../libgimp/libgimpui-2.0.la ../../libgimpwidgets/libgimpwidgets-2.0.la ../../libgimpmodule/libgimpmodule-2.0.la ../../libgimp/libgimp-2.0.la ../../libgimpmath/libgimpmath-2.0.la -lm ../../libgimpconfig/libgimpconfig-2.0.la ../../libgimpcolor/libgimpcolor-2.0.la ../../libgimpbase/libgimpbase-2.0.la -lgtk-x11-2.0 -lgdk-x11-2.0 -lpangocairo-1.0 -latk-1.0 -lcairo -lgdk_pixbuf-2.0 -lgio-2.0 -lpangoft2-1.0 -lpango-1.0 -lgobject-2.0 -lfontconfig -lfreetype -lgthread-2.0 -pthread -lglib-2.0   
libtool: link: gcc -g -O2 -Wall -Wdeclaration-after-statement -Wmissing-prototypes -Wmissing-declarations -Winit-self -Wpointer-arith -Wold-style-definition -Wformat-security -o .libs/file-gih file-gih.o -pthread  ../../libgimp/.libs/libgimpui-2.0.so ../../libgimpwidgets/.libs/libgimpwidgets-2.0.so ../../libgimpmodule/.libs/libgimpmodule-2.0.so ../../libgimp/.libs/libgimp-2.0.so ../../libgimpmath/.libs/libgimpmath-2.0.so -lm ../../libgimpconfig/.libs/libgimpconfig-2.0.so ../../libgimpcolor/.libs/libgimpcolor-2.0.so ../../libgimpbase/.libs/libgimpbase-2.0.so -lgtk-x11-2.0 -lgdk-x11-2.0 -lpangocairo-1.0 -latk-1.0 -lcairo -lgdk_pixbuf-2.0 -lgio-2.0 -lpangoft2-1.0 -lpango-1.0 -lgobject-2.0 -lfontconfig -lfreetype -lgthread-2.0 -lglib-2.0 -pthread
gcc -DHAVE_CONFIG_H -I. -I../..  -I../.. -pthread -I/usr/include/gtk-2.0 -I/usr/lib/x86_64-linux-gnu/gtk-2.0/include -I/usr/include/gio-unix-2.0 -I/usr/include/cairo -I/usr/include/pango-1.0 -I/usr/include/atk-1.0 -I/usr/include/cairo -I/usr/include/pixman-1 -I/usr/include/gdk-pixbuf-2.0 -I/usr/include/libmount -I/usr/include/blkid -I/usr/include/pango-1.0 -I/usr/include/harfbuzz -I/usr/include/pango-1.0 -I/usr/include/fribidi -I/usr/include/uuid -I/usr/include/freetype2 -I/usr/include/libpng16 -I/usr/include/glib-2.0 -I/usr/lib/x86_64-linux-gnu/glib-2.0/include -I/usr/local/include -DGIMP_DISABLE_DEPRECATED -DGDK_MULTIHEAD_SAFE -DGTK_MULTIHEAD_SAFE  -g -O2 -Wall -Wdeclaration-after-statement -Wmissing-prototypes -Wmissing-declarations -Winit-self -Wpointer-arith -Wold-style-definition -Wformat-security -MT file-glob.o -MD -MP -MF .deps/file-glob.Tpo -c -o file-glob.o file-glob.c
mv -f .deps/file-glob.Tpo .deps/file-glob.Po
/bin/bash ../../libtool  --tag=CC   --mode=link gcc  -g -O2 -Wall -Wdeclaration-after-statement -Wmissing-prototypes -Wmissing-declarations -Winit-self -Wpointer-arith -Wold-style-definition -Wformat-security   -o file-glob file-glob.o ../../libgimp/libgimp-2.0.la ../../libgimpmath/libgimpmath-2.0.la -lm ../../libgimpconfig/libgimpconfig-2.0.la ../../libgimpcolor/libgimpcolor-2.0.la ../../libgimpbase/libgimpbase-2.0.la -lgobject-2.0 -lgthread-2.0 -pthread -lglib-2.0   
libtool: link: gcc -g -O2 -Wall -Wdeclaration-after-statement -Wmissing-prototypes -Wmissing-declarations -Winit-self -Wpointer-arith -Wold-style-definition -Wformat-security -o .libs/file-glob file-glob.o -pthread  ../../libgimp/.libs/libgimp-2.0.so ../../libgimpmath/.libs/libgimpmath-2.0.so -lm ../../libgimpconfig/.libs/libgimpconfig-2.0.so ../../libgimpcolor/.libs/libgimpcolor-2.0.so ../../libgimpbase/.libs/libgimpbase-2.0.so -lgobject-2.0 -lgthread-2.0 -lglib-2.0 -pthread
gcc -DHAVE_CONFIG_H -I. -I../..  -I../.. -pthread -I/usr/include/gtk-2.0 -I/usr/lib/x86_64-linux-gnu/gtk-2.0/include -I/usr/include/gio-unix-2.0 -I/usr/include/cairo -I/usr/include/pango-1.0 -I/usr/include/atk-1.0 -I/usr/include/cairo -I/usr/include/pixman-1 -I/usr/include/gdk-pixbuf-2.0 -I/usr/include/libmount -I/usr/include/blkid -I/usr/include/pango-1.0 -I/usr/include/harfbuzz -I/usr/include/pango-1.0 -I/usr/include/fribidi -I/usr/include/uuid -I/usr/include/freetype2 -I/usr/include/libpng16 -I/usr/include/glib-2.0 -I/usr/lib/x86_64-linux-gnu/glib-2.0/include -I/usr/local/include -DGIMP_DISABLE_DEPRECATED -DGDK_MULTIHEAD_SAFE -DGTK_MULTIHEAD_SAFE  -g -O2 -Wall -Wdeclaration-after-statement -Wmissing-prototypes -Wmissing-declarations -Winit-self -Wpointer-arith -Wold-style-definition -Wformat-security -MT file-header.o -MD -MP -MF .deps/file-header.Tpo -c -o file-header.o file-header.c
mv -f .deps/file-header.Tpo .deps/file-header.Po
/bin/bash ../../libtool  --tag=CC   --mode=link gcc  -g -O2 -Wall -Wdeclaration-after-statement -Wmissing-prototypes -Wmissing-declarations -Winit-self -Wpointer-arith -Wold-style-definition -Wformat-security   -o file-header file-header.o ../../libgimp/libgimpui-2.0.la ../../libgimpwidgets/libgimpwidgets-2.0.la ../../libgimpmodule/libgimpmodule-2.0.la ../../libgimp/libgimp-2.0.la ../../libgimpmath/libgimpmath-2.0.la -lm ../../libgimpconfig/libgimpconfig-2.0.la ../../libgimpcolor/libgimpcolor-2.0.la ../../libgimpbase/libgimpbase-2.0.la -lgtk-x11-2.0 -lgdk-x11-2.0 -lpangocairo-1.0 -latk-1.0 -lcairo -lgdk_pixbuf-2.0 -lgio-2.0 -lpangoft2-1.0 -lpango-1.0 -lgobject-2.0 -lfontconfig -lfreetype -lgthread-2.0 -pthread -lglib-2.0   
libtool: link: gcc -g -O2 -Wall -Wdeclaration-after-statement -Wmissing-prototypes -Wmissing-declarations -Winit-self -Wpointer-arith -Wold-style-definition -Wformat-security -o .libs/file-header file-header.o -pthread  ../../libgimp/.libs/libgimpui-2.0.so ../../libgimpwidgets/.libs/libgimpwidgets-2.0.so ../../libgimpmodule/.libs/libgimpmodule-2.0.so ../../libgimp/.libs/libgimp-2.0.so ../../libgimpmath/.libs/libgimpmath-2.0.so -lm ../../libgimpconfig/.libs/libgimpconfig-2.0.so ../../libgimpcolor/.libs/libgimpcolor-2.0.so ../../libgimpbase/.libs/libgimpbase-2.0.so -lgtk-x11-2.0 -lgdk-x11-2.0 -lpangocairo-1.0 -latk-1.0 -lcairo -lgdk_pixbuf-2.0 -lgio-2.0 -lpangoft2-1.0 -lpango-1.0 -lgobject-2.0 -lfontconfig -lfreetype -lgthread-2.0 -lglib-2.0 -pthread
gcc -DHAVE_CONFIG_H -I. -I../..  -I../.. -pthread -I/usr/include/gtk-2.0 -I/usr/lib/x86_64-linux-gnu/gtk-2.0/include -I/usr/include/gio-unix-2.0 -I/usr/include/cairo -I/usr/include/pango-1.0 -I/usr/include/atk-1.0 -I/usr/include/cairo -I/usr/include/pixman-1 -I/usr/include/gdk-pixbuf-2.0 -I/usr/include/libmount -I/usr/include/blkid -I/usr/include/pango-1.0 -I/usr/include/harfbuzz -I/usr/include/pango-1.0 -I/usr/include/fribidi -I/usr/include/uuid -I/usr/include/freetype2 -I/usr/include/libpng16 -I/usr/include/glib-2.0 -I/usr/lib/x86_64-linux-gnu/glib-2.0/include -I/usr/local/include -DGIMP_DISABLE_DEPRECATED -DGDK_MULTIHEAD_SAFE -DGTK_MULTIHEAD_SAFE  -g -O2 -Wall -Wdeclaration-after-statement -Wmissing-prototypes -Wmissing-declarations -Winit-self -Wpointer-arith -Wold-style-definition -Wformat-security -MT file-html-table.o -MD -MP -MF .deps/file-html-table.Tpo -c -o file-html-table.o file-html-table.c
mv -f .deps/file-html-table.Tpo .deps/file-html-table.Po
/bin/bash ../../libtool  --tag=CC   --mode=link gcc  -g -O2 -Wall -Wdeclaration-after-statement -Wmissing-prototypes -Wmissing-declarations -Winit-self -Wpointer-arith -Wold-style-definition -Wformat-security   -o file-html-table file-html-table.o ../../libgimp/libgimpui-2.0.la ../../libgimpwidgets/libgimpwidgets-2.0.la ../../libgimpmodule/libgimpmodule-2.0.la ../../libgimp/libgimp-2.0.la ../../libgimpmath/libgimpmath-2.0.la -lm ../../libgimpconfig/libgimpconfig-2.0.la ../../libgimpcolor/libgimpcolor-2.0.la ../../libgimpbase/libgimpbase-2.0.la -lgtk-x11-2.0 -lgdk-x11-2.0 -lpangocairo-1.0 -latk-1.0 -lcairo -lgdk_pixbuf-2.0 -lgio-2.0 -lpangoft2-1.0 -lpango-1.0 -lgobject-2.0 -lfontconfig -lfreetype -lgthread-2.0 -pthread -lglib-2.0   
libtool: link: gcc -g -O2 -Wall -Wdeclaration-after-statement -Wmissing-prototypes -Wmissing-declarations -Winit-self -Wpointer-arith -Wold-style-definition -Wformat-security -o .libs/file-html-table file-html-table.o -pthread  ../../libgimp/.libs/libgimpui-2.0.so ../../libgimpwidgets/.libs/libgimpwidgets-2.0.so ../../libgimpmodule/.libs/libgimpmodule-2.0.so ../../libgimp/.libs/libgimp-2.0.so ../../libgimpmath/.libs/libgimpmath-2.0.so -lm ../../libgimpconfig/.libs/libgimpconfig-2.0.so ../../libgimpcolor/.libs/libgimpcolor-2.0.so ../../libgimpbase/.libs/libgimpbase-2.0.so -lgtk-x11-2.0 -lgdk-x11-2.0 -lpangocairo-1.0 -latk-1.0 -lcairo -lgdk_pixbuf-2.0 -lgio-2.0 -lpangoft2-1.0 -lpango-1.0 -lgobject-2.0 -lfontconfig -lfreetype -lgthread-2.0 -lglib-2.0 -pthread
gcc -DHAVE_CONFIG_H -I. -I../..  -I../.. -pthread -I/usr/include/gtk-2.0 -I/usr/lib/x86_64-linux-gnu/gtk-2.0/include -I/usr/include/gio-unix-2.0 -I/usr/include/cairo -I/usr/include/pango-1.0 -I/usr/include/atk-1.0 -I/usr/include/cairo -I/usr/include/pixman-1 -I/usr/include/gdk-pixbuf-2.0 -I/usr/include/libmount -I/usr/include/blkid -I/usr/include/pango-1.0 -I/usr/include/harfbuzz -I/usr/include/pango-1.0 -I/usr/include/fribidi -I/usr/include/uuid -I/usr/include/freetype2 -I/usr/include/libpng16 -I/usr/include/glib-2.0 -I/usr/lib/x86_64-linux-gnu/glib-2.0/include -I/usr/local/include -DGIMP_DISABLE_DEPRECATED -DGDK_MULTIHEAD_SAFE -DGTK_MULTIHEAD_SAFE  -g -O2 -Wall -Wdeclaration-after-statement -Wmissing-prototypes -Wmissing-declarations -Winit-self -Wpointer-arith -Wold-style-definition -Wformat-security -MT file-mng.o -MD -MP -MF .deps/file-mng.Tpo -c -o file-mng.o file-mng.c
mv -f .deps/file-mng.Tpo .deps/file-mng.Po
/bin/bash ../../libtool  --tag=CC   --mode=link gcc  -g -O2 -Wall -Wdeclaration-after-statement -Wmissing-prototypes -Wmissing-declarations -Winit-self -Wpointer-arith -Wold-style-definition -Wformat-security   -o file-mng file-mng.o ../../libgimp/libgimpui-2.0.la ../../libgimpwidgets/libgimpwidgets-2.0.la ../../libgimpmodule/libgimpmodule-2.0.la ../../libgimp/libgimp-2.0.la ../../libgimpmath/libgimpmath-2.0.la -lm ../../libgimpconfig/libgimpconfig-2.0.la ../../libgimpcolor/libgimpcolor-2.0.la ../../libgimpbase/libgimpbase-2.0.la -lgtk-x11-2.0 -lgdk-x11-2.0 -lpangocairo-1.0 -latk-1.0 -lcairo -lgdk_pixbuf-2.0 -lgio-2.0 -lpangoft2-1.0 -lpango-1.0 -lgobject-2.0 -lfontconfig -lfreetype -lgthread-2.0 -pthread -lglib-2.0 -lmng -ljpeg -lpng16 -lz   
libtool: link: gcc -g -O2 -Wall -Wdeclaration-after-statement -Wmissing-prototypes -Wmissing-declarations -Winit-self -Wpointer-arith -Wold-style-definition -Wformat-security -o .libs/file-mng file-mng.o -pthread  ../../libgimp/.libs/libgimpui-2.0.so ../../libgimpwidgets/.libs/libgimpwidgets-2.0.so ../../libgimpmodule/.libs/libgimpmodule-2.0.so ../../libgimp/.libs/libgimp-2.0.so ../../libgimpmath/.libs/libgimpmath-2.0.so -lm ../../libgimpconfig/.libs/libgimpconfig-2.0.so ../../libgimpcolor/.libs/libgimpcolor-2.0.so ../../libgimpbase/.libs/libgimpbase-2.0.so -lgtk-x11-2.0 -lgdk-x11-2.0 -lpangocairo-1.0 -latk-1.0 -lcairo -lgdk_pixbuf-2.0 -lgio-2.0 -lpangoft2-1.0 -lpango-1.0 -lgobject-2.0 -lfontconfig -lfreetype -lgthread-2.0 -lglib-2.0 -lmng -ljpeg -lpng16 -lz -pthread
gcc -DHAVE_CONFIG_H -I. -I../..  -I../.. -pthread -I/usr/include/gtk-2.0 -I/usr/lib/x86_64-linux-gnu/gtk-2.0/include -I/usr/include/gio-unix-2.0 -I/usr/include/cairo -I/usr/include/pango-1.0 -I/usr/include/atk-1.0 -I/usr/include/cairo -I/usr/include/pixman-1 -I/usr/include/gdk-pixbuf-2.0 -I/usr/include/libmount -I/usr/include/blkid -I/usr/include/pango-1.0 -I/usr/include/harfbuzz -I/usr/include/pango-1.0 -I/usr/include/fribidi -I/usr/include/uuid -I/usr/include/freetype2 -I/usr/include/libpng16 -I/usr/include/glib-2.0 -I/usr/lib/x86_64-linux-gnu/glib-2.0/include -I/usr/local/include -DGIMP_DISABLE_DEPRECATED -DGDK_MULTIHEAD_SAFE -DGTK_MULTIHEAD_SAFE  -g -O2 -Wall -Wdeclaration-after-statement -Wmissing-prototypes -Wmissing-declarations -Winit-self -Wpointer-arith -Wold-style-definition -Wformat-security -MT file-pat.o -MD -MP -MF .deps/file-pat.Tpo -c -o file-pat.o file-pat.c
mv -f .deps/file-pat.Tpo .deps/file-pat.Po
/bin/bash ../../libtool  --tag=CC   --mode=link gcc  -g -O2 -Wall -Wdeclaration-after-statement -Wmissing-prototypes -Wmissing-declarations -Winit-self -Wpointer-arith -Wold-style-definition -Wformat-security   -o file-pat file-pat.o ../../libgimp/libgimpui-2.0.la ../../libgimpwidgets/libgimpwidgets-2.0.la ../../libgimpmodule/libgimpmodule-2.0.la ../../libgimp/libgimp-2.0.la ../../libgimpmath/libgimpmath-2.0.la -lm ../../libgimpconfig/libgimpconfig-2.0.la ../../libgimpcolor/libgimpcolor-2.0.la ../../libgimpbase/libgimpbase-2.0.la -lgtk-x11-2.0 -lgdk-x11-2.0 -lpangocairo-1.0 -latk-1.0 -lcairo -lgdk_pixbuf-2.0 -lgio-2.0 -lpangoft2-1.0 -lpango-1.0 -lgobject-2.0 -lfontconfig -lfreetype -lgthread-2.0 -pthread -lglib-2.0   
libtool: link: gcc -g -O2 -Wall -Wdeclaration-after-statement -Wmissing-prototypes -Wmissing-declarations -Winit-self -Wpointer-arith -Wold-style-definition -Wformat-security -o .libs/file-pat file-pat.o -pthread  ../../libgimp/.libs/libgimpui-2.0.so ../../libgimpwidgets/.libs/libgimpwidgets-2.0.so ../../libgimpmodule/.libs/libgimpmodule-2.0.so ../../libgimp/.libs/libgimp-2.0.so ../../libgimpmath/.libs/libgimpmath-2.0.so -lm ../../libgimpconfig/.libs/libgimpconfig-2.0.so ../../libgimpcolor/.libs/libgimpcolor-2.0.so ../../libgimpbase/.libs/libgimpbase-2.0.so -lgtk-x11-2.0 -lgdk-x11-2.0 -lpangocairo-1.0 -latk-1.0 -lcairo -lgdk_pixbuf-2.0 -lgio-2.0 -lpangoft2-1.0 -lpango-1.0 -lgobject-2.0 -lfontconfig -lfreetype -lgthread-2.0 -lglib-2.0 -pthread
gcc -DHAVE_CONFIG_H -I. -I../..  -I../.. -pthread -I/usr/include/gtk-2.0 -I/usr/lib/x86_64-linux-gnu/gtk-2.0/include -I/usr/include/gio-unix-2.0 -I/usr/include/cairo -I/usr/include/pango-1.0 -I/usr/include/atk-1.0 -I/usr/include/cairo -I/usr/include/pixman-1 -I/usr/include/gdk-pixbuf-2.0 -I/usr/include/libmount -I/usr/include/blkid -I/usr/include/pango-1.0 -I/usr/include/harfbuzz -I/usr/include/pango-1.0 -I/usr/include/fribidi -I/usr/include/uuid -I/usr/include/freetype2 -I/usr/include/libpng16 -I/usr/include/glib-2.0 -I/usr/lib/x86_64-linux-gnu/glib-2.0/include -I/usr/local/include -DGIMP_DISABLE_DEPRECATED -DGDK_MULTIHEAD_SAFE -DGTK_MULTIHEAD_SAFE  -g -O2 -Wall -Wdeclaration-after-statement -Wmissing-prototypes -Wmissing-declarations -Winit-self -Wpointer-arith -Wold-style-definition -Wformat-security -MT file-pcx.o -MD -MP -MF .deps/file-pcx.Tpo -c -o file-pcx.o file-pcx.c
mv -f .deps/file-pcx.Tpo .deps/file-pcx.Po
/bin/bash ../../libtool  --tag=CC   --mode=link gcc  -g -O2 -Wall -Wdeclaration-after-statement -Wmissing-prototypes -Wmissing-declarations -Winit-self -Wpointer-arith -Wold-style-definition -Wformat-security   -o file-pcx file-pcx.o ../../libgimp/libgimpui-2.0.la ../../libgimpwidgets/libgimpwidgets-2.0.la ../../libgimpmodule/libgimpmodule-2.0.la ../../libgimp/libgimp-2.0.la ../../libgimpmath/libgimpmath-2.0.la -lm ../../libgimpconfig/libgimpconfig-2.0.la ../../libgimpcolor/libgimpcolor-2.0.la ../../libgimpbase/libgimpbase-2.0.la -lgtk-x11-2.0 -lgdk-x11-2.0 -lpangocairo-1.0 -latk-1.0 -lcairo -lgdk_pixbuf-2.0 -lgio-2.0 -lpangoft2-1.0 -lpango-1.0 -lgobject-2.0 -lfontconfig -lfreetype -lgthread-2.0 -pthread -lglib-2.0   
libtool: link: gcc -g -O2 -Wall -Wdeclaration-after-statement -Wmissing-prototypes -Wmissing-declarations -Winit-self -Wpointer-arith -Wold-style-definition -Wformat-security -o .libs/file-pcx file-pcx.o -pthread  ../../libgimp/.libs/libgimpui-2.0.so ../../libgimpwidgets/.libs/libgimpwidgets-2.0.so ../../libgimpmodule/.libs/libgimpmodule-2.0.so ../../libgimp/.libs/libgimp-2.0.so ../../libgimpmath/.libs/libgimpmath-2.0.so -lm ../../libgimpconfig/.libs/libgimpconfig-2.0.so ../../libgimpcolor/.libs/libgimpcolor-2.0.so ../../libgimpbase/.libs/libgimpbase-2.0.so -lgtk-x11-2.0 -lgdk-x11-2.0 -lpangocairo-1.0 -latk-1.0 -lcairo -lgdk_pixbuf-2.0 -lgio-2.0 -lpangoft2-1.0 -lpango-1.0 -lgobject-2.0 -lfontconfig -lfreetype -lgthread-2.0 -lglib-2.0 -pthread
gcc -DHAVE_CONFIG_H -I. -I../..  -I../.. -pthread -I/usr/include/gtk-2.0 -I/usr/lib/x86_64-linux-gnu/gtk-2.0/include -I/usr/include/gio-unix-2.0 -I/usr/include/cairo -I/usr/include/pango-1.0 -I/usr/include/atk-1.0 -I/usr/include/cairo -I/usr/include/pixman-1 -I/usr/include/gdk-pixbuf-2.0 -I/usr/include/libmount -I/usr/include/blkid -I/usr/include/pango-1.0 -I/usr/include/harfbuzz -I/usr/include/pango-1.0 -I/usr/include/fribidi -I/usr/include/uuid -I/usr/include/freetype2 -I/usr/include/libpng16 -I/usr/include/glib-2.0 -I/usr/lib/x86_64-linux-gnu/glib-2.0/include -I/usr/local/include -DGIMP_DISABLE_DEPRECATED -DGDK_MULTIHEAD_SAFE -DGTK_MULTIHEAD_SAFE -pthread -I/usr/include/poppler/glib -I/usr/include/poppler -I/usr/include/cairo -I/usr/include/pixman-1 -I/usr/include/uuid -I/usr/include/freetype2 -I/usr/include/libpng16 -I/usr/include/glib-2.0 -I/usr/lib/x86_64-linux-gnu/glib-2.0/include -g -O2 -Wall -Wdeclaration-after-statement -Wmissing-prototypes -Wmissing-declarations -Winit-self -Wpointer-arith -Wold-style-definition -Wformat-security -MT file_pdf-file-pdf.o -MD -MP -MF .deps/file_pdf-file-pdf.Tpo -c -o file_pdf-file-pdf.o `test -f 'file-pdf.c' || echo './'`file-pdf.c
mv -f .deps/file_pdf-file-pdf.Tpo .deps/file_pdf-file-pdf.Po
/bin/bash ../../libtool  --tag=CC   --mode=link gcc -pthread -I/usr/include/poppler/glib -I/usr/include/poppler -I/usr/include/cairo -I/usr/include/pixman-1 -I/usr/include/uuid -I/usr/include/freetype2 -I/usr/include/libpng16 -I/usr/include/glib-2.0 -I/usr/lib/x86_64-linux-gnu/glib-2.0/include -g -O2 -Wall -Wdeclaration-after-statement -Wmissing-prototypes -Wmissing-declarations -Winit-self -Wpointer-arith -Wold-style-definition -Wformat-security   -o file-pdf file_pdf-file-pdf.o ../../libgimp/libgimpui-2.0.la ../../libgimpwidgets/libgimpwidgets-2.0.la ../../libgimpmodule/libgimpmodule-2.0.la ../../libgimp/libgimp-2.0.la ../../libgimpmath/libgimpmath-2.0.la -lm ../../libgimpconfig/libgimpconfig-2.0.la ../../libgimpcolor/libgimpcolor-2.0.la ../../libgimpbase/libgimpbase-2.0.la -lgtk-x11-2.0 -lgdk-x11-2.0 -lpangocairo-1.0 -latk-1.0 -lcairo -lgdk_pixbuf-2.0 -lgio-2.0 -lpangoft2-1.0 -lpango-1.0 -lgobject-2.0 -lfontconfig -lfreetype -lgthread-2.0 -pthread -lglib-2.0 -lpoppler-glib -lgobject-2.0 -lcairo -lgthread-2.0 -pthread -lglib-2.0   
libtool: link: gcc -pthread -I/usr/include/poppler/glib -I/usr/include/poppler -I/usr/include/cairo -I/usr/include/pixman-1 -I/usr/include/uuid -I/usr/include/freetype2 -I/usr/include/libpng16 -I/usr/include/glib-2.0 -I/usr/lib/x86_64-linux-gnu/glib-2.0/include -g -O2 -Wall -Wdeclaration-after-statement -Wmissing-prototypes -Wmissing-declarations -Winit-self -Wpointer-arith -Wold-style-definition -Wformat-security -o .libs/file-pdf file_pdf-file-pdf.o -pthread -pthread  ../../libgimp/.libs/libgimpui-2.0.so ../../libgimpwidgets/.libs/libgimpwidgets-2.0.so ../../libgimpmodule/.libs/libgimpmodule-2.0.so ../../libgimp/.libs/libgimp-2.0.so ../../libgimpmath/.libs/libgimpmath-2.0.so -lm ../../libgimpconfig/.libs/libgimpconfig-2.0.so ../../libgimpcolor/.libs/libgimpcolor-2.0.so ../../libgimpbase/.libs/libgimpbase-2.0.so -lgtk-x11-2.0 -lgdk-x11-2.0 -lpangocairo-1.0 -latk-1.0 -lgdk_pixbuf-2.0 -lgio-2.0 -lpangoft2-1.0 -lpango-1.0 -lfontconfig -lfreetype -lpoppler-glib -lgobject-2.0 -lcairo -lgthread-2.0 -lglib-2.0 -pthread
gcc -DHAVE_CONFIG_H -I. -I../..  -I../.. -pthread -I/usr/include/gtk-2.0 -I/usr/lib/x86_64-linux-gnu/gtk-2.0/include -I/usr/include/gio-unix-2.0 -I/usr/include/cairo -I/usr/include/pango-1.0 -I/usr/include/atk-1.0 -I/usr/include/cairo -I/usr/include/pixman-1 -I/usr/include/gdk-pixbuf-2.0 -I/usr/include/libmount -I/usr/include/blkid -I/usr/include/pango-1.0 -I/usr/include/harfbuzz -I/usr/include/pango-1.0 -I/usr/include/fribidi -I/usr/include/uuid -I/usr/include/freetype2 -I/usr/include/libpng16 -I/usr/include/glib-2.0 -I/usr/lib/x86_64-linux-gnu/glib-2.0/include -I/usr/local/include -DGIMP_DISABLE_DEPRECATED -DGDK_MULTIHEAD_SAFE -DGTK_MULTIHEAD_SAFE  -g -O2 -Wall -Wdeclaration-after-statement -Wmissing-prototypes -Wmissing-declarations -Winit-self -Wpointer-arith -Wold-style-definition -Wformat-security -MT file-pix.o -MD -MP -MF .deps/file-pix.Tpo -c -o file-pix.o file-pix.c
mv -f .deps/file-pix.Tpo .deps/file-pix.Po
/bin/bash ../../libtool  --tag=CC   --mode=link gcc  -g -O2 -Wall -Wdeclaration-after-statement -Wmissing-prototypes -Wmissing-declarations -Winit-self -Wpointer-arith -Wold-style-definition -Wformat-security   -o file-pix file-pix.o ../../libgimp/libgimpui-2.0.la ../../libgimpwidgets/libgimpwidgets-2.0.la ../../libgimpmodule/libgimpmodule-2.0.la ../../libgimp/libgimp-2.0.la ../../libgimpmath/libgimpmath-2.0.la -lm ../../libgimpconfig/libgimpconfig-2.0.la ../../libgimpcolor/libgimpcolor-2.0.la ../../libgimpbase/libgimpbase-2.0.la -lgtk-x11-2.0 -lgdk-x11-2.0 -lpangocairo-1.0 -latk-1.0 -lcairo -lgdk_pixbuf-2.0 -lgio-2.0 -lpangoft2-1.0 -lpango-1.0 -lgobject-2.0 -lfontconfig -lfreetype -lgthread-2.0 -pthread -lglib-2.0   
libtool: link: gcc -g -O2 -Wall -Wdeclaration-after-statement -Wmissing-prototypes -Wmissing-declarations -Winit-self -Wpointer-arith -Wold-style-definition -Wformat-security -o .libs/file-pix file-pix.o -pthread  ../../libgimp/.libs/libgimpui-2.0.so ../../libgimpwidgets/.libs/libgimpwidgets-2.0.so ../../libgimpmodule/.libs/libgimpmodule-2.0.so ../../libgimp/.libs/libgimp-2.0.so ../../libgimpmath/.libs/libgimpmath-2.0.so -lm ../../libgimpconfig/.libs/libgimpconfig-2.0.so ../../libgimpcolor/.libs/libgimpcolor-2.0.so ../../libgimpbase/.libs/libgimpbase-2.0.so -lgtk-x11-2.0 -lgdk-x11-2.0 -lpangocairo-1.0 -latk-1.0 -lcairo -lgdk_pixbuf-2.0 -lgio-2.0 -lpangoft2-1.0 -lpango-1.0 -lgobject-2.0 -lfontconfig -lfreetype -lgthread-2.0 -lglib-2.0 -pthread
gcc -DHAVE_CONFIG_H -I. -I../..  -I../.. -pthread -I/usr/include/gtk-2.0 -I/usr/lib/x86_64-linux-gnu/gtk-2.0/include -I/usr/include/gio-unix-2.0 -I/usr/include/cairo -I/usr/include/pango-1.0 -I/usr/include/atk-1.0 -I/usr/include/cairo -I/usr/include/pixman-1 -I/usr/include/gdk-pixbuf-2.0 -I/usr/include/libmount -I/usr/include/blkid -I/usr/include/pango-1.0 -I/usr/include/harfbuzz -I/usr/include/pango-1.0 -I/usr/include/fribidi -I/usr/include/uuid -I/usr/include/freetype2 -I/usr/include/libpng16 -I/usr/include/glib-2.0 -I/usr/lib/x86_64-linux-gnu/glib-2.0/include -I/usr/local/include -DGIMP_DISABLE_DEPRECATED -DGDK_MULTIHEAD_SAFE -DGTK_MULTIHEAD_SAFE -I/usr/include/libpng16 -g -O2 -Wall -Wdeclaration-after-statement -Wmissing-prototypes -Wmissing-declarations -Winit-self -Wpointer-arith -Wold-style-definition -Wformat-security -MT file_png-file-png.o -MD -MP -MF .deps/file_png-file-png.Tpo -c -o file_png-file-png.o `test -f 'file-png.c' || echo './'`file-png.c
mv -f .deps/file_png-file-png.Tpo .deps/file_png-file-png.Po
/bin/bash ../../libtool  --tag=CC   --mode=link gcc -I/usr/include/libpng16 -g -O2 -Wall -Wdeclaration-after-statement -Wmissing-prototypes -Wmissing-declarations -Winit-self -Wpointer-arith -Wold-style-definition -Wformat-security   -o file-png file_png-file-png.o ../../libgimp/libgimpui-2.0.la ../../libgimpwidgets/libgimpwidgets-2.0.la ../../libgimpmodule/libgimpmodule-2.0.la ../../libgimp/libgimp-2.0.la ../../libgimpmath/libgimpmath-2.0.la -lm ../../libgimpconfig/libgimpconfig-2.0.la ../../libgimpcolor/libgimpcolor-2.0.la ../../libgimpbase/libgimpbase-2.0.la -lgtk-x11-2.0 -lgdk-x11-2.0 -lpangocairo-1.0 -latk-1.0 -lcairo -lgdk_pixbuf-2.0 -lgio-2.0 -lpangoft2-1.0 -lpango-1.0 -lgobject-2.0 -lfontconfig -lfreetype -lgthread-2.0 -pthread -lglib-2.0 -lpng16 -lz   
libtool: link: gcc -I/usr/include/libpng16 -g -O2 -Wall -Wdeclaration-after-statement -Wmissing-prototypes -Wmissing-declarations -Winit-self -Wpointer-arith -Wold-style-definition -Wformat-security -o .libs/file-png file_png-file-png.o -pthread  ../../libgimp/.libs/libgimpui-2.0.so ../../libgimpwidgets/.libs/libgimpwidgets-2.0.so ../../libgimpmodule/.libs/libgimpmodule-2.0.so ../../libgimp/.libs/libgimp-2.0.so ../../libgimpmath/.libs/libgimpmath-2.0.so -lm ../../libgimpconfig/.libs/libgimpconfig-2.0.so ../../libgimpcolor/.libs/libgimpcolor-2.0.so ../../libgimpbase/.libs/libgimpbase-2.0.so -lgtk-x11-2.0 -lgdk-x11-2.0 -lpangocairo-1.0 -latk-1.0 -lcairo -lgdk_pixbuf-2.0 -lgio-2.0 -lpangoft2-1.0 -lpango-1.0 -lgobject-2.0 -lfontconfig -lfreetype -lgthread-2.0 -lglib-2.0 -lpng16 -lz -pthread
gcc -DHAVE_CONFIG_H -I. -I../..  -I../.. -pthread -I/usr/include/gtk-2.0 -I/usr/lib/x86_64-linux-gnu/gtk-2.0/include -I/usr/include/gio-unix-2.0 -I/usr/include/cairo -I/usr/include/pango-1.0 -I/usr/include/atk-1.0 -I/usr/include/cairo -I/usr/include/pixman-1 -I/usr/include/gdk-pixbuf-2.0 -I/usr/include/libmount -I/usr/include/blkid -I/usr/include/pango-1.0 -I/usr/include/harfbuzz -I/usr/include/pango-1.0 -I/usr/include/fribidi -I/usr/include/uuid -I/usr/include/freetype2 -I/usr/include/libpng16 -I/usr/include/glib-2.0 -I/usr/lib/x86_64-linux-gnu/glib-2.0/include -I/usr/local/include -DGIMP_DISABLE_DEPRECATED -DGDK_MULTIHEAD_SAFE -DGTK_MULTIHEAD_SAFE  -g -O2 -Wall -Wdeclaration-after-statement -Wmissing-prototypes -Wmissing-declarations -Winit-self -Wpointer-arith -Wold-style-definition -Wformat-security -MT file-pnm.o -MD -MP -MF .deps/file-pnm.Tpo -c -o file-pnm.o file-pnm.c
mv -f .deps/file-pnm.Tpo .deps/file-pnm.Po
/bin/bash ../../libtool  --tag=CC   --mode=link gcc  -g -O2 -Wall -Wdeclaration-after-statement -Wmissing-prototypes -Wmissing-declarations -Winit-self -Wpointer-arith -Wold-style-definition -Wformat-security   -o file-pnm file-pnm.o ../../libgimp/libgimpui-2.0.la ../../libgimpwidgets/libgimpwidgets-2.0.la ../../libgimpmodule/libgimpmodule-2.0.la ../../libgimp/libgimp-2.0.la ../../libgimpmath/libgimpmath-2.0.la -lm ../../libgimpconfig/libgimpconfig-2.0.la ../../libgimpcolor/libgimpcolor-2.0.la ../../libgimpbase/libgimpbase-2.0.la -lgtk-x11-2.0 -lgdk-x11-2.0 -lpangocairo-1.0 -latk-1.0 -lcairo -lgdk_pixbuf-2.0 -lgio-2.0 -lpangoft2-1.0 -lpango-1.0 -lgobject-2.0 -lfontconfig -lfreetype -lgthread-2.0 -pthread -lglib-2.0   
libtool: link: gcc -g -O2 -Wall -Wdeclaration-after-statement -Wmissing-prototypes -Wmissing-declarations -Winit-self -Wpointer-arith -Wold-style-definition -Wformat-security -o .libs/file-pnm file-pnm.o -pthread  ../../libgimp/.libs/libgimpui-2.0.so ../../libgimpwidgets/.libs/libgimpwidgets-2.0.so ../../libgimpmodule/.libs/libgimpmodule-2.0.so ../../libgimp/.libs/libgimp-2.0.so ../../libgimpmath/.libs/libgimpmath-2.0.so -lm ../../libgimpconfig/.libs/libgimpconfig-2.0.so ../../libgimpcolor/.libs/libgimpcolor-2.0.so ../../libgimpbase/.libs/libgimpbase-2.0.so -lgtk-x11-2.0 -lgdk-x11-2.0 -lpangocairo-1.0 -latk-1.0 -lcairo -lgdk_pixbuf-2.0 -lgio-2.0 -lpangoft2-1.0 -lpango-1.0 -lgobject-2.0 -lfontconfig -lfreetype -lgthread-2.0 -lglib-2.0 -pthread
gcc -DHAVE_CONFIG_H -I. -I../..  -I../.. -pthread -I/usr/include/gtk-2.0 -I/usr/lib/x86_64-linux-gnu/gtk-2.0/include -I/usr/include/gio-unix-2.0 -I/usr/include/cairo -I/usr/include/pango-1.0 -I/usr/include/atk-1.0 -I/usr/include/cairo -I/usr/include/pixman-1 -I/usr/include/gdk-pixbuf-2.0 -I/usr/include/libmount -I/usr/include/blkid -I/usr/include/pango-1.0 -I/usr/include/harfbuzz -I/usr/include/pango-1.0 -I/usr/include/fribidi -I/usr/include/uuid -I/usr/include/freetype2 -I/usr/include/libpng16 -I/usr/include/glib-2.0 -I/usr/lib/x86_64-linux-gnu/glib-2.0/include -I/usr/local/include -DGIMP_DISABLE_DEPRECATED -DGDK_MULTIHEAD_SAFE -DGTK_MULTIHEAD_SAFE  -g -O2 -Wall -Wdeclaration-after-statement -Wmissing-prototypes -Wmissing-declarations -Winit-self -Wpointer-arith -Wold-style-definition -Wformat-security -MT file-ps.o -MD -MP -MF .deps/file-ps.Tpo -c -o file-ps.o file-ps.c
file-ps.c: In function ‘load_dialog’:
file-ps.c:3225:5: warning: ‘strncpy’ output truncated before terminating nul copying 1 byte from a string of the same length [-Wstringop-truncation]
     strncpy(plvals.pages, "1", 1);
     ^~~~~~~~~~~~~~~~~~~~~~~~~~~~~
mv -f .deps/file-ps.Tpo .deps/file-ps.Po
/bin/bash ../../libtool  --tag=CC   --mode=link gcc  -g -O2 -Wall -Wdeclaration-after-statement -Wmissing-prototypes -Wmissing-declarations -Winit-self -Wpointer-arith -Wold-style-definition -Wformat-security   -o file-ps file-ps.o ../../libgimp/libgimpui-2.0.la ../../libgimpwidgets/libgimpwidgets-2.0.la ../../libgimpmodule/libgimpmodule-2.0.la ../../libgimp/libgimp-2.0.la ../../libgimpmath/libgimpmath-2.0.la -lm ../../libgimpconfig/libgimpconfig-2.0.la ../../libgimpcolor/libgimpcolor-2.0.la ../../libgimpbase/libgimpbase-2.0.la -lgtk-x11-2.0 -lgdk-x11-2.0 -lpangocairo-1.0 -latk-1.0 -lcairo -lgdk_pixbuf-2.0 -lgio-2.0 -lpangoft2-1.0 -lpango-1.0 -lgobject-2.0 -lfontconfig -lfreetype -lgthread-2.0 -pthread -lglib-2.0   
libtool: link: gcc -g -O2 -Wall -Wdeclaration-after-statement -Wmissing-prototypes -Wmissing-declarations -Winit-self -Wpointer-arith -Wold-style-definition -Wformat-security -o .libs/file-ps file-ps.o -pthread  ../../libgimp/.libs/libgimpui-2.0.so ../../libgimpwidgets/.libs/libgimpwidgets-2.0.so ../../libgimpmodule/.libs/libgimpmodule-2.0.so ../../libgimp/.libs/libgimp-2.0.so ../../libgimpmath/.libs/libgimpmath-2.0.so -lm ../../libgimpconfig/.libs/libgimpconfig-2.0.so ../../libgimpcolor/.libs/libgimpcolor-2.0.so ../../libgimpbase/.libs/libgimpbase-2.0.so -lgtk-x11-2.0 -lgdk-x11-2.0 -lpangocairo-1.0 -latk-1.0 -lcairo -lgdk_pixbuf-2.0 -lgio-2.0 -lpangoft2-1.0 -lpango-1.0 -lgobject-2.0 -lfontconfig -lfreetype -lgthread-2.0 -lglib-2.0 -pthread
gcc -DHAVE_CONFIG_H -I. -I../..  -I../.. -pthread -I/usr/include/gtk-2.0 -I/usr/lib/x86_64-linux-gnu/gtk-2.0/include -I/usr/include/gio-unix-2.0 -I/usr/include/cairo -I/usr/include/pango-1.0 -I/usr/include/atk-1.0 -I/usr/include/cairo -I/usr/include/pixman-1 -I/usr/include/gdk-pixbuf-2.0 -I/usr/include/libmount -I/usr/include/blkid -I/usr/include/pango-1.0 -I/usr/include/harfbuzz -I/usr/include/pango-1.0 -I/usr/include/fribidi -I/usr/include/uuid -I/usr/include/freetype2 -I/usr/include/libpng16 -I/usr/include/glib-2.0 -I/usr/lib/x86_64-linux-gnu/glib-2.0/include -I/usr/local/include -DGIMP_DISABLE_DEPRECATED -DGDK_MULTIHEAD_SAFE -DGTK_MULTIHEAD_SAFE  -g -O2 -Wall -Wdeclaration-after-statement -Wmissing-prototypes -Wmissing-declarations -Winit-self -Wpointer-arith -Wold-style-definition -Wformat-security -MT file-psp.o -MD -MP -MF .deps/file-psp.Tpo -c -o file-psp.o file-psp.c
mv -f .deps/file-psp.Tpo .deps/file-psp.Po
/bin/bash ../../libtool  --tag=CC   --mode=link gcc  -g -O2 -Wall -Wdeclaration-after-statement -Wmissing-prototypes -Wmissing-declarations -Winit-self -Wpointer-arith -Wold-style-definition -Wformat-security   -o file-psp file-psp.o ../../libgimp/libgimpui-2.0.la ../../libgimpwidgets/libgimpwidgets-2.0.la ../../libgimpmodule/libgimpmodule-2.0.la ../../libgimp/libgimp-2.0.la ../../libgimpmath/libgimpmath-2.0.la -lm ../../libgimpconfig/libgimpconfig-2.0.la ../../libgimpcolor/libgimpcolor-2.0.la ../../libgimpbase/libgimpbase-2.0.la -lgtk-x11-2.0 -lgdk-x11-2.0 -lpangocairo-1.0 -latk-1.0 -lcairo -lgdk_pixbuf-2.0 -lgio-2.0 -lpangoft2-1.0 -lpango-1.0 -lgobject-2.0 -lfontconfig -lfreetype -lgthread-2.0 -pthread -lglib-2.0 -lz   
libtool: link: gcc -g -O2 -Wall -Wdeclaration-after-statement -Wmissing-prototypes -Wmissing-declarations -Winit-self -Wpointer-arith -Wold-style-definition -Wformat-security -o .libs/file-psp file-psp.o -pthread  ../../libgimp/.libs/libgimpui-2.0.so ../../libgimpwidgets/.libs/libgimpwidgets-2.0.so ../../libgimpmodule/.libs/libgimpmodule-2.0.so ../../libgimp/.libs/libgimp-2.0.so ../../libgimpmath/.libs/libgimpmath-2.0.so -lm ../../libgimpconfig/.libs/libgimpconfig-2.0.so ../../libgimpcolor/.libs/libgimpcolor-2.0.so ../../libgimpbase/.libs/libgimpbase-2.0.so -lgtk-x11-2.0 -lgdk-x11-2.0 -lpangocairo-1.0 -latk-1.0 -lcairo -lgdk_pixbuf-2.0 -lgio-2.0 -lpangoft2-1.0 -lpango-1.0 -lgobject-2.0 -lfontconfig -lfreetype -lgthread-2.0 -lglib-2.0 -lz -pthread
gcc -DHAVE_CONFIG_H -I. -I../..  -I../.. -pthread -I/usr/include/gtk-2.0 -I/usr/lib/x86_64-linux-gnu/gtk-2.0/include -I/usr/include/gio-unix-2.0 -I/usr/include/cairo -I/usr/include/pango-1.0 -I/usr/include/atk-1.0 -I/usr/include/cairo -I/usr/include/pixman-1 -I/usr/include/gdk-pixbuf-2.0 -I/usr/include/libmount -I/usr/include/blkid -I/usr/include/pango-1.0 -I/usr/include/harfbuzz -I/usr/include/pango-1.0 -I/usr/include/fribidi -I/usr/include/uuid -I/usr/include/freetype2 -I/usr/include/libpng16 -I/usr/include/glib-2.0 -I/usr/lib/x86_64-linux-gnu/glib-2.0/include -I/usr/local/include -DGIMP_DISABLE_DEPRECATED -DGDK_MULTIHEAD_SAFE -DGTK_MULTIHEAD_SAFE  -g -O2 -Wall -Wdeclaration-after-statement -Wmissing-prototypes -Wmissing-declarations -Winit-self -Wpointer-arith -Wold-style-definition -Wformat-security -MT file-raw.o -MD -MP -MF .deps/file-raw.Tpo -c -o file-raw.o file-raw.c
mv -f .deps/file-raw.Tpo .deps/file-raw.Po
/bin/bash ../../libtool  --tag=CC   --mode=link gcc  -g -O2 -Wall -Wdeclaration-after-statement -Wmissing-prototypes -Wmissing-declarations -Winit-self -Wpointer-arith -Wold-style-definition -Wformat-security   -o file-raw file-raw.o ../../libgimp/libgimpui-2.0.la ../../libgimpwidgets/libgimpwidgets-2.0.la ../../libgimpmodule/libgimpmodule-2.0.la ../../libgimp/libgimp-2.0.la ../../libgimpmath/libgimpmath-2.0.la -lm ../../libgimpconfig/libgimpconfig-2.0.la ../../libgimpcolor/libgimpcolor-2.0.la ../../libgimpbase/libgimpbase-2.0.la -lgtk-x11-2.0 -lgdk-x11-2.0 -lpangocairo-1.0 -latk-1.0 -lcairo -lgdk_pixbuf-2.0 -lgio-2.0 -lpangoft2-1.0 -lpango-1.0 -lgobject-2.0 -lfontconfig -lfreetype -lgthread-2.0 -pthread -lglib-2.0   
libtool: link: gcc -g -O2 -Wall -Wdeclaration-after-statement -Wmissing-prototypes -Wmissing-declarations -Winit-self -Wpointer-arith -Wold-style-definition -Wformat-security -o .libs/file-raw file-raw.o -pthread  ../../libgimp/.libs/libgimpui-2.0.so ../../libgimpwidgets/.libs/libgimpwidgets-2.0.so ../../libgimpmodule/.libs/libgimpmodule-2.0.so ../../libgimp/.libs/libgimp-2.0.so ../../libgimpmath/.libs/libgimpmath-2.0.so -lm ../../libgimpconfig/.libs/libgimpconfig-2.0.so ../../libgimpcolor/.libs/libgimpcolor-2.0.so ../../libgimpbase/.libs/libgimpbase-2.0.so -lgtk-x11-2.0 -lgdk-x11-2.0 -lpangocairo-1.0 -latk-1.0 -lcairo -lgdk_pixbuf-2.0 -lgio-2.0 -lpangoft2-1.0 -lpango-1.0 -lgobject-2.0 -lfontconfig -lfreetype -lgthread-2.0 -lglib-2.0 -pthread
gcc -DHAVE_CONFIG_H -I. -I../..  -I../.. -pthread -I/usr/include/gtk-2.0 -I/usr/lib/x86_64-linux-gnu/gtk-2.0/include -I/usr/include/gio-unix-2.0 -I/usr/include/cairo -I/usr/include/pango-1.0 -I/usr/include/atk-1.0 -I/usr/include/cairo -I/usr/include/pixman-1 -I/usr/include/gdk-pixbuf-2.0 -I/usr/include/libmount -I/usr/include/blkid -I/usr/include/pango-1.0 -I/usr/include/harfbuzz -I/usr/include/pango-1.0 -I/usr/include/fribidi -I/usr/include/uuid -I/usr/include/freetype2 -I/usr/include/libpng16 -I/usr/include/glib-2.0 -I/usr/lib/x86_64-linux-gnu/glib-2.0/include -I/usr/local/include -DGIMP_DISABLE_DEPRECATED -DGDK_MULTIHEAD_SAFE -DGTK_MULTIHEAD_SAFE  -g -O2 -Wall -Wdeclaration-after-statement -Wmissing-prototypes -Wmissing-declarations -Winit-self -Wpointer-arith -Wold-style-definition -Wformat-security -MT file-sunras.o -MD -MP -MF .deps/file-sunras.Tpo -c -o file-sunras.o file-sunras.c
mv -f .deps/file-sunras.Tpo .deps/file-sunras.Po
/bin/bash ../../libtool  --tag=CC   --mode=link gcc  -g -O2 -Wall -Wdeclaration-after-statement -Wmissing-prototypes -Wmissing-declarations -Winit-self -Wpointer-arith -Wold-style-definition -Wformat-security   -o file-sunras file-sunras.o ../../libgimp/libgimpui-2.0.la ../../libgimpwidgets/libgimpwidgets-2.0.la ../../libgimpmodule/libgimpmodule-2.0.la ../../libgimp/libgimp-2.0.la ../../libgimpmath/libgimpmath-2.0.la -lm ../../libgimpconfig/libgimpconfig-2.0.la ../../libgimpcolor/libgimpcolor-2.0.la ../../libgimpbase/libgimpbase-2.0.la -lgtk-x11-2.0 -lgdk-x11-2.0 -lpangocairo-1.0 -latk-1.0 -lcairo -lgdk_pixbuf-2.0 -lgio-2.0 -lpangoft2-1.0 -lpango-1.0 -lgobject-2.0 -lfontconfig -lfreetype -lgthread-2.0 -pthread -lglib-2.0   
libtool: link: gcc -g -O2 -Wall -Wdeclaration-after-statement -Wmissing-prototypes -Wmissing-declarations -Winit-self -Wpointer-arith -Wold-style-definition -Wformat-security -o .libs/file-sunras file-sunras.o -pthread  ../../libgimp/.libs/libgimpui-2.0.so ../../libgimpwidgets/.libs/libgimpwidgets-2.0.so ../../libgimpmodule/.libs/libgimpmodule-2.0.so ../../libgimp/.libs/libgimp-2.0.so ../../libgimpmath/.libs/libgimpmath-2.0.so -lm ../../libgimpconfig/.libs/libgimpconfig-2.0.so ../../libgimpcolor/.libs/libgimpcolor-2.0.so ../../libgimpbase/.libs/libgimpbase-2.0.so -lgtk-x11-2.0 -lgdk-x11-2.0 -lpangocairo-1.0 -latk-1.0 -lcairo -lgdk_pixbuf-2.0 -lgio-2.0 -lpangoft2-1.0 -lpango-1.0 -lgobject-2.0 -lfontconfig -lfreetype -lgthread-2.0 -lglib-2.0 -pthread
gcc -DHAVE_CONFIG_H -I. -I../..  -I../.. -pthread -I/usr/include/gtk-2.0 -I/usr/lib/x86_64-linux-gnu/gtk-2.0/include -I/usr/include/gio-unix-2.0 -I/usr/include/cairo -I/usr/include/pango-1.0 -I/usr/include/atk-1.0 -I/usr/include/cairo -I/usr/include/pixman-1 -I/usr/include/gdk-pixbuf-2.0 -I/usr/include/libmount -I/usr/include/blkid -I/usr/include/pango-1.0 -I/usr/include/harfbuzz -I/usr/include/pango-1.0 -I/usr/include/fribidi -I/usr/include/uuid -I/usr/include/freetype2 -I/usr/include/libpng16 -I/usr/include/glib-2.0 -I/usr/lib/x86_64-linux-gnu/glib-2.0/include -I/usr/local/include -DGIMP_DISABLE_DEPRECATED -DGDK_MULTIHEAD_SAFE -DGTK_MULTIHEAD_SAFE -pthread -I/usr/include/librsvg-2.0 -I/usr/include/gdk-pixbuf-2.0 -I/usr/include/libmount -I/usr/include/blkid -I/usr/include/cairo -I/usr/include/glib-2.0 -I/usr/lib/x86_64-linux-gnu/glib-2.0/include -I/usr/include/pixman-1 -I/usr/include/uuid -I/usr/include/freetype2 -I/usr/include/libpng16 -g -O2 -Wall -Wdeclaration-after-statement -Wmissing-prototypes -Wmissing-declarations -Winit-self -Wpointer-arith -Wold-style-definition -Wformat-security -MT file_svg-file-svg.o -MD -MP -MF .deps/file_svg-file-svg.Tpo -c -o file_svg-file-svg.o `test -f 'file-svg.c' || echo './'`file-svg.c
In file included from file-svg.c:31:
/usr/include/librsvg-2.0/librsvg/librsvg-features.h:2:2: warning: #warning "Including <librsvg/librsvg-features.h> directly is deprecated." [-Wcpp]
 #warning "Including <librsvg/librsvg-features.h> directly is deprecated."
  ^~~~~~~
file-svg.c: In function ‘run’:
file-svg.c:153:3: warning: ‘g_type_init’ is deprecated [-Wdeprecated-declarations]
   g_type_init();
   ^~~~~~~~~~~
In file included from /usr/include/glib-2.0/gobject/gobject.h:24,
                 from /usr/include/glib-2.0/gobject/gbinding.h:29,
                 from /usr/include/glib-2.0/glib-object.h:23,
                 from /usr/include/librsvg-2.0/librsvg/rsvg.h:31,
                 from file-svg.c:30:
/usr/include/glib-2.0/gobject/gtype.h:688:23: note: declared here
 void                  g_type_init                    (void);
                       ^~~~~~~~~~~
file-svg.c: In function ‘load_rsvg_pixbuf’:
file-svg.c:401:3: warning: ‘rsvg_handle_set_size_callback’ is deprecated [-Wdeprecated-declarations]
   rsvg_handle_set_size_callback(handle, load_set_size_callback, vals, NULL);
   ^~~~~~~~~~~~~~~~~~~~~~~~~~~~~
In file included from file-svg.c:30:
/usr/include/librsvg-2.0/librsvg/rsvg.h:229:6: note: declared here
 void rsvg_handle_set_size_callback (RsvgHandle * handle,
      ^~~~~~~~~~~~~~~~~~~~~~~~~~~~~
mv -f .deps/file_svg-file-svg.Tpo .deps/file_svg-file-svg.Po
/bin/bash ../../libtool  --tag=CC   --mode=link gcc -pthread -I/usr/include/librsvg-2.0 -I/usr/include/gdk-pixbuf-2.0 -I/usr/include/libmount -I/usr/include/blkid -I/usr/include/cairo -I/usr/include/glib-2.0 -I/usr/lib/x86_64-linux-gnu/glib-2.0/include -I/usr/include/pixman-1 -I/usr/include/uuid -I/usr/include/freetype2 -I/usr/include/libpng16 -g -O2 -Wall -Wdeclaration-after-statement -Wmissing-prototypes -Wmissing-declarations -Winit-self -Wpointer-arith -Wold-style-definition -Wformat-security   -o file-svg file_svg-file-svg.o ../../libgimp/libgimpui-2.0.la ../../libgimpwidgets/libgimpwidgets-2.0.la ../../libgimpmodule/libgimpmodule-2.0.la ../../libgimp/libgimp-2.0.la ../../libgimpmath/libgimpmath-2.0.la -lm ../../libgimpconfig/libgimpconfig-2.0.la ../../libgimpcolor/libgimpcolor-2.0.la ../../libgimpbase/libgimpbase-2.0.la -lgtk-x11-2.0 -lgdk-x11-2.0 -lpangocairo-1.0 -latk-1.0 -lcairo -lgdk_pixbuf-2.0 -lgio-2.0 -lpangoft2-1.0 -lpango-1.0 -lgobject-2.0 -lfontconfig -lfreetype -lgthread-2.0 -pthread -lglib-2.0 -lrsvg-2 -lm -lgio-2.0 -lgdk_pixbuf-2.0 -lgobject-2.0 -lglib-2.0 -lcairo   
libtool: link: gcc -pthread -I/usr/include/librsvg-2.0 -I/usr/include/gdk-pixbuf-2.0 -I/usr/include/libmount -I/usr/include/blkid -I/usr/include/cairo -I/usr/include/glib-2.0 -I/usr/lib/x86_64-linux-gnu/glib-2.0/include -I/usr/include/pixman-1 -I/usr/include/uuid -I/usr/include/freetype2 -I/usr/include/libpng16 -g -O2 -Wall -Wdeclaration-after-statement -Wmissing-prototypes -Wmissing-declarations -Winit-self -Wpointer-arith -Wold-style-definition -Wformat-security -o .libs/file-svg file_svg-file-svg.o -pthread  ../../libgimp/.libs/libgimpui-2.0.so ../../libgimpwidgets/.libs/libgimpwidgets-2.0.so ../../libgimpmodule/.libs/libgimpmodule-2.0.so ../../libgimp/.libs/libgimp-2.0.so ../../libgimpmath/.libs/libgimpmath-2.0.so ../../libgimpconfig/.libs/libgimpconfig-2.0.so ../../libgimpcolor/.libs/libgimpcolor-2.0.so ../../libgimpbase/.libs/libgimpbase-2.0.so -lgtk-x11-2.0 -lgdk-x11-2.0 -lpangocairo-1.0 -latk-1.0 -lpangoft2-1.0 -lpango-1.0 -lfontconfig -lfreetype -lgthread-2.0 -lrsvg-2 -lm -lgio-2.0 -lgdk_pixbuf-2.0 -lgobject-2.0 -lglib-2.0 -lcairo -pthread
gcc -DHAVE_CONFIG_H -I. -I../..  -I../.. -pthread -I/usr/include/gtk-2.0 -I/usr/lib/x86_64-linux-gnu/gtk-2.0/include -I/usr/include/gio-unix-2.0 -I/usr/include/cairo -I/usr/include/pango-1.0 -I/usr/include/atk-1.0 -I/usr/include/cairo -I/usr/include/pixman-1 -I/usr/include/gdk-pixbuf-2.0 -I/usr/include/libmount -I/usr/include/blkid -I/usr/include/pango-1.0 -I/usr/include/harfbuzz -I/usr/include/pango-1.0 -I/usr/include/fribidi -I/usr/include/uuid -I/usr/include/freetype2 -I/usr/include/libpng16 -I/usr/include/glib-2.0 -I/usr/lib/x86_64-linux-gnu/glib-2.0/include -I/usr/local/include -DGIMP_DISABLE_DEPRECATED -DGDK_MULTIHEAD_SAFE -DGTK_MULTIHEAD_SAFE  -g -O2 -Wall -Wdeclaration-after-statement -Wmissing-prototypes -Wmissing-declarations -Winit-self -Wpointer-arith -Wold-style-definition -Wformat-security -MT file-tga.o -MD -MP -MF .deps/file-tga.Tpo -c -o file-tga.o file-tga.c
mv -f .deps/file-tga.Tpo .deps/file-tga.Po
/bin/bash ../../libtool  --tag=CC   --mode=link gcc  -g -O2 -Wall -Wdeclaration-after-statement -Wmissing-prototypes -Wmissing-declarations -Winit-self -Wpointer-arith -Wold-style-definition -Wformat-security   -o file-tga file-tga.o ../../libgimp/libgimpui-2.0.la ../../libgimpwidgets/libgimpwidgets-2.0.la ../../libgimpmodule/libgimpmodule-2.0.la ../../libgimp/libgimp-2.0.la ../../libgimpmath/libgimpmath-2.0.la -lm ../../libgimpconfig/libgimpconfig-2.0.la ../../libgimpcolor/libgimpcolor-2.0.la ../../libgimpbase/libgimpbase-2.0.la -lgtk-x11-2.0 -lgdk-x11-2.0 -lpangocairo-1.0 -latk-1.0 -lcairo -lgdk_pixbuf-2.0 -lgio-2.0 -lpangoft2-1.0 -lpango-1.0 -lgobject-2.0 -lfontconfig -lfreetype -lgthread-2.0 -pthread -lglib-2.0   
libtool: link: gcc -g -O2 -Wall -Wdeclaration-after-statement -Wmissing-prototypes -Wmissing-declarations -Winit-self -Wpointer-arith -Wold-style-definition -Wformat-security -o .libs/file-tga file-tga.o -pthread  ../../libgimp/.libs/libgimpui-2.0.so ../../libgimpwidgets/.libs/libgimpwidgets-2.0.so ../../libgimpmodule/.libs/libgimpmodule-2.0.so ../../libgimp/.libs/libgimp-2.0.so ../../libgimpmath/.libs/libgimpmath-2.0.so -lm ../../libgimpconfig/.libs/libgimpconfig-2.0.so ../../libgimpcolor/.libs/libgimpcolor-2.0.so ../../libgimpbase/.libs/libgimpbase-2.0.so -lgtk-x11-2.0 -lgdk-x11-2.0 -lpangocairo-1.0 -latk-1.0 -lcairo -lgdk_pixbuf-2.0 -lgio-2.0 -lpangoft2-1.0 -lpango-1.0 -lgobject-2.0 -lfontconfig -lfreetype -lgthread-2.0 -lglib-2.0 -pthread
gcc -DHAVE_CONFIG_H -I. -I../..  -I../.. -pthread -I/usr/include/gtk-2.0 -I/usr/lib/x86_64-linux-gnu/gtk-2.0/include -I/usr/include/gio-unix-2.0 -I/usr/include/cairo -I/usr/include/pango-1.0 -I/usr/include/atk-1.0 -I/usr/include/cairo -I/usr/include/pixman-1 -I/usr/include/gdk-pixbuf-2.0 -I/usr/include/libmount -I/usr/include/blkid -I/usr/include/pango-1.0 -I/usr/include/harfbuzz -I/usr/include/pango-1.0 -I/usr/include/fribidi -I/usr/include/uuid -I/usr/include/freetype2 -I/usr/include/libpng16 -I/usr/include/glib-2.0 -I/usr/lib/x86_64-linux-gnu/glib-2.0/include -I/usr/local/include -DGIMP_DISABLE_DEPRECATED -DGDK_MULTIHEAD_SAFE -DGTK_MULTIHEAD_SAFE  -g -O2 -Wall -Wdeclaration-after-statement -Wmissing-prototypes -Wmissing-declarations -Winit-self -Wpointer-arith -Wold-style-definition -Wformat-security -MT file-tiff-load.o -MD -MP -MF .deps/file-tiff-load.Tpo -c -o file-tiff-load.o file-tiff-load.c
mv -f .deps/file-tiff-load.Tpo .deps/file-tiff-load.Po
/bin/bash ../../libtool  --tag=CC   --mode=link gcc  -g -O2 -Wall -Wdeclaration-after-statement -Wmissing-prototypes -Wmissing-declarations -Winit-self -Wpointer-arith -Wold-style-definition -Wformat-security   -o file-tiff-load file-tiff-load.o ../../libgimp/libgimpui-2.0.la ../../libgimpwidgets/libgimpwidgets-2.0.la ../../libgimpmodule/libgimpmodule-2.0.la ../../libgimp/libgimp-2.0.la ../../libgimpmath/libgimpmath-2.0.la -lm ../../libgimpconfig/libgimpconfig-2.0.la ../../libgimpcolor/libgimpcolor-2.0.la ../../libgimpbase/libgimpbase-2.0.la -lgtk-x11-2.0 -lgdk-x11-2.0 -lpangocairo-1.0 -latk-1.0 -lcairo -lgdk_pixbuf-2.0 -lgio-2.0 -lpangoft2-1.0 -lpango-1.0 -lgobject-2.0 -lfontconfig -lfreetype -lgthread-2.0 -pthread -lglib-2.0 -ltiff   
libtool: link: gcc -g -O2 -Wall -Wdeclaration-after-statement -Wmissing-prototypes -Wmissing-declarations -Winit-self -Wpointer-arith -Wold-style-definition -Wformat-security -o .libs/file-tiff-load file-tiff-load.o -pthread  ../../libgimp/.libs/libgimpui-2.0.so ../../libgimpwidgets/.libs/libgimpwidgets-2.0.so ../../libgimpmodule/.libs/libgimpmodule-2.0.so ../../libgimp/.libs/libgimp-2.0.so ../../libgimpmath/.libs/libgimpmath-2.0.so -lm ../../libgimpconfig/.libs/libgimpconfig-2.0.so ../../libgimpcolor/.libs/libgimpcolor-2.0.so ../../libgimpbase/.libs/libgimpbase-2.0.so -lgtk-x11-2.0 -lgdk-x11-2.0 -lpangocairo-1.0 -latk-1.0 -lcairo -lgdk_pixbuf-2.0 -lgio-2.0 -lpangoft2-1.0 -lpango-1.0 -lgobject-2.0 -lfontconfig -lfreetype -lgthread-2.0 -lglib-2.0 -ltiff -pthread
gcc -DHAVE_CONFIG_H -I. -I../..  -I../.. -pthread -I/usr/include/gtk-2.0 -I/usr/lib/x86_64-linux-gnu/gtk-2.0/include -I/usr/include/gio-unix-2.0 -I/usr/include/cairo -I/usr/include/pango-1.0 -I/usr/include/atk-1.0 -I/usr/include/cairo -I/usr/include/pixman-1 -I/usr/include/gdk-pixbuf-2.0 -I/usr/include/libmount -I/usr/include/blkid -I/usr/include/pango-1.0 -I/usr/include/harfbuzz -I/usr/include/pango-1.0 -I/usr/include/fribidi -I/usr/include/uuid -I/usr/include/freetype2 -I/usr/include/libpng16 -I/usr/include/glib-2.0 -I/usr/lib/x86_64-linux-gnu/glib-2.0/include -I/usr/local/include -DGIMP_DISABLE_DEPRECATED -DGDK_MULTIHEAD_SAFE -DGTK_MULTIHEAD_SAFE  -g -O2 -Wall -Wdeclaration-after-statement -Wmissing-prototypes -Wmissing-declarations -Winit-self -Wpointer-arith -Wold-style-definition -Wformat-security -MT file-tiff-save.o -MD -MP -MF .deps/file-tiff-save.Tpo -c -o file-tiff-save.o file-tiff-save.c
mv -f .deps/file-tiff-save.Tpo .deps/file-tiff-save.Po
/bin/bash ../../libtool  --tag=CC   --mode=link gcc  -g -O2 -Wall -Wdeclaration-after-statement -Wmissing-prototypes -Wmissing-declarations -Winit-self -Wpointer-arith -Wold-style-definition -Wformat-security   -o file-tiff-save file-tiff-save.o ../../libgimp/libgimpui-2.0.la ../../libgimpwidgets/libgimpwidgets-2.0.la ../../libgimpmodule/libgimpmodule-2.0.la ../../libgimp/libgimp-2.0.la ../../libgimpmath/libgimpmath-2.0.la -lm ../../libgimpconfig/libgimpconfig-2.0.la ../../libgimpcolor/libgimpcolor-2.0.la ../../libgimpbase/libgimpbase-2.0.la -lgtk-x11-2.0 -lgdk-x11-2.0 -lpangocairo-1.0 -latk-1.0 -lcairo -lgdk_pixbuf-2.0 -lgio-2.0 -lpangoft2-1.0 -lpango-1.0 -lgobject-2.0 -lfontconfig -lfreetype -lgthread-2.0 -pthread -lglib-2.0 -ltiff   
libtool: link: gcc -g -O2 -Wall -Wdeclaration-after-statement -Wmissing-prototypes -Wmissing-declarations -Winit-self -Wpointer-arith -Wold-style-definition -Wformat-security -o .libs/file-tiff-save file-tiff-save.o -pthread  ../../libgimp/.libs/libgimpui-2.0.so ../../libgimpwidgets/.libs/libgimpwidgets-2.0.so ../../libgimpmodule/.libs/libgimpmodule-2.0.so ../../libgimp/.libs/libgimp-2.0.so ../../libgimpmath/.libs/libgimpmath-2.0.so -lm ../../libgimpconfig/.libs/libgimpconfig-2.0.so ../../libgimpcolor/.libs/libgimpcolor-2.0.so ../../libgimpbase/.libs/libgimpbase-2.0.so -lgtk-x11-2.0 -lgdk-x11-2.0 -lpangocairo-1.0 -latk-1.0 -lcairo -lgdk_pixbuf-2.0 -lgio-2.0 -lpangoft2-1.0 -lpango-1.0 -lgobject-2.0 -lfontconfig -lfreetype -lgthread-2.0 -lglib-2.0 -ltiff -pthread
gcc -DHAVE_CONFIG_H -I. -I../..  -I../.. -pthread -I/usr/include/gtk-2.0 -I/usr/lib/x86_64-linux-gnu/gtk-2.0/include -I/usr/include/gio-unix-2.0 -I/usr/include/cairo -I/usr/include/pango-1.0 -I/usr/include/atk-1.0 -I/usr/include/cairo -I/usr/include/pixman-1 -I/usr/include/gdk-pixbuf-2.0 -I/usr/include/libmount -I/usr/include/blkid -I/usr/include/pango-1.0 -I/usr/include/harfbuzz -I/usr/include/pango-1.0 -I/usr/include/fribidi -I/usr/include/uuid -I/usr/include/freetype2 -I/usr/include/libpng16 -I/usr/include/glib-2.0 -I/usr/lib/x86_64-linux-gnu/glib-2.0/include -I/usr/local/include -DGIMP_DISABLE_DEPRECATED -DGDK_MULTIHEAD_SAFE -DGTK_MULTIHEAD_SAFE -I/usr/include/freetype2 -I/usr/include/libpng16 -I/usr/include -g -O2 -Wall -Wdeclaration-after-statement -Wmissing-prototypes -Wmissing-declarations -Winit-self -Wpointer-arith -Wold-style-definition -Wformat-security -MT file_wmf-file-wmf.o -MD -MP -MF .deps/file_wmf-file-wmf.Tpo -c -o file_wmf-file-wmf.o `test -f 'file-wmf.c' || echo './'`file-wmf.c
mv -f .deps/file_wmf-file-wmf.Tpo .deps/file_wmf-file-wmf.Po
/bin/bash ../../libtool  --tag=CC   --mode=link gcc -I/usr/include/freetype2 -I/usr/include/libpng16 -I/usr/include -g -O2 -Wall -Wdeclaration-after-statement -Wmissing-prototypes -Wmissing-declarations -Winit-self -Wpointer-arith -Wold-style-definition -Wformat-security   -o file-wmf file_wmf-file-wmf.o ../../libgimp/libgimpui-2.0.la ../../libgimpwidgets/libgimpwidgets-2.0.la ../../libgimpmodule/libgimpmodule-2.0.la ../../libgimp/libgimp-2.0.la ../../libgimpmath/libgimpmath-2.0.la -lm ../../libgimpconfig/libgimpconfig-2.0.la ../../libgimpcolor/libgimpcolor-2.0.la ../../libgimpbase/libgimpbase-2.0.la -lgtk-x11-2.0 -lgdk-x11-2.0 -lpangocairo-1.0 -latk-1.0 -lcairo -lgdk_pixbuf-2.0 -lgio-2.0 -lpangoft2-1.0 -lpango-1.0 -lgobject-2.0 -lfontconfig -lfreetype -lgthread-2.0 -pthread -lglib-2.0 -L/usr/lib/x86_64-linux-gnu -lwmf -lwmflite -lfreetype -lX11 -lexpat -ljpeg -lpng -lz -lm   
libtool: link: gcc -I/usr/include/freetype2 -I/usr/include/libpng16 -I/usr/include -g -O2 -Wall -Wdeclaration-after-statement -Wmissing-prototypes -Wmissing-declarations -Winit-self -Wpointer-arith -Wold-style-definition -Wformat-security -o .libs/file-wmf file_wmf-file-wmf.o -pthread  ../../libgimp/.libs/libgimpui-2.0.so ../../libgimpwidgets/.libs/libgimpwidgets-2.0.so ../../libgimpmodule/.libs/libgimpmodule-2.0.so ../../libgimp/.libs/libgimp-2.0.so ../../libgimpmath/.libs/libgimpmath-2.0.so ../../libgimpconfig/.libs/libgimpconfig-2.0.so ../../libgimpcolor/.libs/libgimpcolor-2.0.so ../../libgimpbase/.libs/libgimpbase-2.0.so -lgtk-x11-2.0 -lgdk-x11-2.0 -lpangocairo-1.0 -latk-1.0 -lcairo -lgdk_pixbuf-2.0 -lgio-2.0 -lpangoft2-1.0 -lpango-1.0 -lgobject-2.0 -lfontconfig -lgthread-2.0 -lglib-2.0 -L/usr/lib/x86_64-linux-gnu -lwmf -lwmflite -lfreetype -lX11 -lexpat -ljpeg -lpng -lz -lm -pthread
gcc -DHAVE_CONFIG_H -I. -I../..  -I../.. -pthread -I/usr/include/gtk-2.0 -I/usr/lib/x86_64-linux-gnu/gtk-2.0/include -I/usr/include/gio-unix-2.0 -I/usr/include/cairo -I/usr/include/pango-1.0 -I/usr/include/atk-1.0 -I/usr/include/cairo -I/usr/include/pixman-1 -I/usr/include/gdk-pixbuf-2.0 -I/usr/include/libmount -I/usr/include/blkid -I/usr/include/pango-1.0 -I/usr/include/harfbuzz -I/usr/include/pango-1.0 -I/usr/include/fribidi -I/usr/include/uuid -I/usr/include/freetype2 -I/usr/include/libpng16 -I/usr/include/glib-2.0 -I/usr/lib/x86_64-linux-gnu/glib-2.0/include -I/usr/local/include -DGIMP_DISABLE_DEPRECATED -DGDK_MULTIHEAD_SAFE -DGTK_MULTIHEAD_SAFE  -g -O2 -Wall -Wdeclaration-after-statement -Wmissing-prototypes -Wmissing-declarations -Winit-self -Wpointer-arith -Wold-style-definition -Wformat-security -MT file-xbm.o -MD -MP -MF .deps/file-xbm.Tpo -c -o file-xbm.o file-xbm.c
mv -f .deps/file-xbm.Tpo .deps/file-xbm.Po
/bin/bash ../../libtool  --tag=CC   --mode=link gcc  -g -O2 -Wall -Wdeclaration-after-statement -Wmissing-prototypes -Wmissing-declarations -Winit-self -Wpointer-arith -Wold-style-definition -Wformat-security   -o file-xbm file-xbm.o ../../libgimp/libgimpui-2.0.la ../../libgimpwidgets/libgimpwidgets-2.0.la ../../libgimpmodule/libgimpmodule-2.0.la ../../libgimp/libgimp-2.0.la ../../libgimpmath/libgimpmath-2.0.la -lm ../../libgimpconfig/libgimpconfig-2.0.la ../../libgimpcolor/libgimpcolor-2.0.la ../../libgimpbase/libgimpbase-2.0.la -lgtk-x11-2.0 -lgdk-x11-2.0 -lpangocairo-1.0 -latk-1.0 -lcairo -lgdk_pixbuf-2.0 -lgio-2.0 -lpangoft2-1.0 -lpango-1.0 -lgobject-2.0 -lfontconfig -lfreetype -lgthread-2.0 -pthread -lglib-2.0   
libtool: link: gcc -g -O2 -Wall -Wdeclaration-after-statement -Wmissing-prototypes -Wmissing-declarations -Winit-self -Wpointer-arith -Wold-style-definition -Wformat-security -o .libs/file-xbm file-xbm.o -pthread  ../../libgimp/.libs/libgimpui-2.0.so ../../libgimpwidgets/.libs/libgimpwidgets-2.0.so ../../libgimpmodule/.libs/libgimpmodule-2.0.so ../../libgimp/.libs/libgimp-2.0.so ../../libgimpmath/.libs/libgimpmath-2.0.so -lm ../../libgimpconfig/.libs/libgimpconfig-2.0.so ../../libgimpcolor/.libs/libgimpcolor-2.0.so ../../libgimpbase/.libs/libgimpbase-2.0.so -lgtk-x11-2.0 -lgdk-x11-2.0 -lpangocairo-1.0 -latk-1.0 -lcairo -lgdk_pixbuf-2.0 -lgio-2.0 -lpangoft2-1.0 -lpango-1.0 -lgobject-2.0 -lfontconfig -lfreetype -lgthread-2.0 -lglib-2.0 -pthread
gcc -DHAVE_CONFIG_H -I. -I../..  -I../.. -pthread -I/usr/include/gtk-2.0 -I/usr/lib/x86_64-linux-gnu/gtk-2.0/include -I/usr/include/gio-unix-2.0 -I/usr/include/cairo -I/usr/include/pango-1.0 -I/usr/include/atk-1.0 -I/usr/include/cairo -I/usr/include/pixman-1 -I/usr/include/gdk-pixbuf-2.0 -I/usr/include/libmount -I/usr/include/blkid -I/usr/include/pango-1.0 -I/usr/include/harfbuzz -I/usr/include/pango-1.0 -I/usr/include/fribidi -I/usr/include/uuid -I/usr/include/freetype2 -I/usr/include/libpng16 -I/usr/include/glib-2.0 -I/usr/lib/x86_64-linux-gnu/glib-2.0/include -I/usr/local/include -DGIMP_DISABLE_DEPRECATED -DGDK_MULTIHEAD_SAFE -DGTK_MULTIHEAD_SAFE  -g -O2 -Wall -Wdeclaration-after-statement -Wmissing-prototypes -Wmissing-declarations -Winit-self -Wpointer-arith -Wold-style-definition -Wformat-security -MT file-xpm.o -MD -MP -MF .deps/file-xpm.Tpo -c -o file-xpm.o file-xpm.c
mv -f .deps/file-xpm.Tpo .deps/file-xpm.Po
/bin/bash ../../libtool  --tag=CC   --mode=link gcc  -g -O2 -Wall -Wdeclaration-after-statement -Wmissing-prototypes -Wmissing-declarations -Winit-self -Wpointer-arith -Wold-style-definition -Wformat-security   -o file-xpm file-xpm.o ../../libgimp/libgimpui-2.0.la ../../libgimpwidgets/libgimpwidgets-2.0.la ../../libgimpmodule/libgimpmodule-2.0.la ../../libgimp/libgimp-2.0.la ../../libgimpmath/libgimpmath-2.0.la -lm ../../libgimpconfig/libgimpconfig-2.0.la ../../libgimpcolor/libgimpcolor-2.0.la ../../libgimpbase/libgimpbase-2.0.la -lgtk-x11-2.0 -lgdk-x11-2.0 -lpangocairo-1.0 -latk-1.0 -lcairo -lgdk_pixbuf-2.0 -lgio-2.0 -lpangoft2-1.0 -lpango-1.0 -lgobject-2.0 -lfontconfig -lfreetype -lgthread-2.0 -pthread -lglib-2.0 -lSM -lICE -lX11 -lXpm   
libtool: link: gcc -g -O2 -Wall -Wdeclaration-after-statement -Wmissing-prototypes -Wmissing-declarations -Winit-self -Wpointer-arith -Wold-style-definition -Wformat-security -o .libs/file-xpm file-xpm.o -pthread  ../../libgimp/.libs/libgimpui-2.0.so ../../libgimpwidgets/.libs/libgimpwidgets-2.0.so ../../libgimpmodule/.libs/libgimpmodule-2.0.so ../../libgimp/.libs/libgimp-2.0.so ../../libgimpmath/.libs/libgimpmath-2.0.so -lm ../../libgimpconfig/.libs/libgimpconfig-2.0.so ../../libgimpcolor/.libs/libgimpcolor-2.0.so ../../libgimpbase/.libs/libgimpbase-2.0.so -lgtk-x11-2.0 -lgdk-x11-2.0 -lpangocairo-1.0 -latk-1.0 -lcairo -lgdk_pixbuf-2.0 -lgio-2.0 -lpangoft2-1.0 -lpango-1.0 -lgobject-2.0 -lfontconfig -lfreetype -lgthread-2.0 -lglib-2.0 -lSM -lICE -lX11 -lXpm -pthread
gcc -DHAVE_CONFIG_H -I. -I../..  -I../.. -pthread -I/usr/include/gtk-2.0 -I/usr/lib/x86_64-linux-gnu/gtk-2.0/include -I/usr/include/gio-unix-2.0 -I/usr/include/cairo -I/usr/include/pango-1.0 -I/usr/include/atk-1.0 -I/usr/include/cairo -I/usr/include/pixman-1 -I/usr/include/gdk-pixbuf-2.0 -I/usr/include/libmount -I/usr/include/blkid -I/usr/include/pango-1.0 -I/usr/include/harfbuzz -I/usr/include/pango-1.0 -I/usr/include/fribidi -I/usr/include/uuid -I/usr/include/freetype2 -I/usr/include/libpng16 -I/usr/include/glib-2.0 -I/usr/lib/x86_64-linux-gnu/glib-2.0/include -I/usr/local/include -DGIMP_DISABLE_DEPRECATED -DGDK_MULTIHEAD_SAFE -DGTK_MULTIHEAD_SAFE  -g -O2 -Wall -Wdeclaration-after-statement -Wmissing-prototypes -Wmissing-declarations -Winit-self -Wpointer-arith -Wold-style-definition -Wformat-security -MT file-xwd.o -MD -MP -MF .deps/file-xwd.Tpo -c -o file-xwd.o file-xwd.c
mv -f .deps/file-xwd.Tpo .deps/file-xwd.Po
/bin/bash ../../libtool  --tag=CC   --mode=link gcc  -g -O2 -Wall -Wdeclaration-after-statement -Wmissing-prototypes -Wmissing-declarations -Winit-self -Wpointer-arith -Wold-style-definition -Wformat-security   -o file-xwd file-xwd.o ../../libgimp/libgimpui-2.0.la ../../libgimpwidgets/libgimpwidgets-2.0.la ../../libgimpmodule/libgimpmodule-2.0.la ../../libgimp/libgimp-2.0.la ../../libgimpmath/libgimpmath-2.0.la -lm ../../libgimpconfig/libgimpconfig-2.0.la ../../libgimpcolor/libgimpcolor-2.0.la ../../libgimpbase/libgimpbase-2.0.la -lgtk-x11-2.0 -lgdk-x11-2.0 -lpangocairo-1.0 -latk-1.0 -lcairo -lgdk_pixbuf-2.0 -lgio-2.0 -lpangoft2-1.0 -lpango-1.0 -lgobject-2.0 -lfontconfig -lfreetype -lgthread-2.0 -pthread -lglib-2.0   
libtool: link: gcc -g -O2 -Wall -Wdeclaration-after-statement -Wmissing-prototypes -Wmissing-declarations -Winit-self -Wpointer-arith -Wold-style-definition -Wformat-security -o .libs/file-xwd file-xwd.o -pthread  ../../libgimp/.libs/libgimpui-2.0.so ../../libgimpwidgets/.libs/libgimpwidgets-2.0.so ../../libgimpmodule/.libs/libgimpmodule-2.0.so ../../libgimp/.libs/libgimp-2.0.so ../../libgimpmath/.libs/libgimpmath-2.0.so -lm ../../libgimpconfig/.libs/libgimpconfig-2.0.so ../../libgimpcolor/.libs/libgimpcolor-2.0.so ../../libgimpbase/.libs/libgimpbase-2.0.so -lgtk-x11-2.0 -lgdk-x11-2.0 -lpangocairo-1.0 -latk-1.0 -lcairo -lgdk_pixbuf-2.0 -lgio-2.0 -lpangoft2-1.0 -lpango-1.0 -lgobject-2.0 -lfontconfig -lfreetype -lgthread-2.0 -lglib-2.0 -pthread
gcc -DHAVE_CONFIG_H -I. -I../..  -I../.. -pthread -I/usr/include/gtk-2.0 -I/usr/lib/x86_64-linux-gnu/gtk-2.0/include -I/usr/include/gio-unix-2.0 -I/usr/include/cairo -I/usr/include/pango-1.0 -I/usr/include/atk-1.0 -I/usr/include/cairo -I/usr/include/pixman-1 -I/usr/include/gdk-pixbuf-2.0 -I/usr/include/libmount -I/usr/include/blkid -I/usr/include/pango-1.0 -I/usr/include/harfbuzz -I/usr/include/pango-1.0 -I/usr/include/fribidi -I/usr/include/uuid -I/usr/include/freetype2 -I/usr/include/libpng16 -I/usr/include/glib-2.0 -I/usr/lib/x86_64-linux-gnu/glib-2.0/include -I/usr/local/include -DGIMP_DISABLE_DEPRECATED -DGDK_MULTIHEAD_SAFE -DGTK_MULTIHEAD_SAFE  -g -O2 -Wall -Wdeclaration-after-statement -Wmissing-prototypes -Wmissing-declarations -Winit-self -Wpointer-arith -Wold-style-definition -Wformat-security -MT film.o -MD -MP -MF .deps/film.Tpo -c -o film.o film.c
mv -f .deps/film.Tpo .deps/film.Po
/bin/bash ../../libtool  --tag=CC   --mode=link gcc  -g -O2 -Wall -Wdeclaration-after-statement -Wmissing-prototypes -Wmissing-declarations -Winit-self -Wpointer-arith -Wold-style-definition -Wformat-security   -o film film.o ../../libgimp/libgimpui-2.0.la ../../libgimpwidgets/libgimpwidgets-2.0.la ../../libgimpmodule/libgimpmodule-2.0.la ../../libgimp/libgimp-2.0.la ../../libgimpmath/libgimpmath-2.0.la -lm ../../libgimpconfig/libgimpconfig-2.0.la ../../libgimpcolor/libgimpcolor-2.0.la ../../libgimpbase/libgimpbase-2.0.la -lgtk-x11-2.0 -lgdk-x11-2.0 -lpangocairo-1.0 -latk-1.0 -lcairo -lgdk_pixbuf-2.0 -lgio-2.0 -lpangoft2-1.0 -lpango-1.0 -lgobject-2.0 -lfontconfig -lfreetype -lgthread-2.0 -pthread -lglib-2.0   
libtool: link: gcc -g -O2 -Wall -Wdeclaration-after-statement -Wmissing-prototypes -Wmissing-declarations -Winit-self -Wpointer-arith -Wold-style-definition -Wformat-security -o .libs/film film.o -pthread  ../../libgimp/.libs/libgimpui-2.0.so ../../libgimpwidgets/.libs/libgimpwidgets-2.0.so ../../libgimpmodule/.libs/libgimpmodule-2.0.so ../../libgimp/.libs/libgimp-2.0.so ../../libgimpmath/.libs/libgimpmath-2.0.so -lm ../../libgimpconfig/.libs/libgimpconfig-2.0.so ../../libgimpcolor/.libs/libgimpcolor-2.0.so ../../libgimpbase/.libs/libgimpbase-2.0.so -lgtk-x11-2.0 -lgdk-x11-2.0 -lpangocairo-1.0 -latk-1.0 -lcairo -lgdk_pixbuf-2.0 -lgio-2.0 -lpangoft2-1.0 -lpango-1.0 -lgobject-2.0 -lfontconfig -lfreetype -lgthread-2.0 -lglib-2.0 -pthread
gcc -DHAVE_CONFIG_H -I. -I../..  -I../.. -pthread -I/usr/include/gtk-2.0 -I/usr/lib/x86_64-linux-gnu/gtk-2.0/include -I/usr/include/gio-unix-2.0 -I/usr/include/cairo -I/usr/include/pango-1.0 -I/usr/include/atk-1.0 -I/usr/include/cairo -I/usr/include/pixman-1 -I/usr/include/gdk-pixbuf-2.0 -I/usr/include/libmount -I/usr/include/blkid -I/usr/include/pango-1.0 -I/usr/include/harfbuzz -I/usr/include/pango-1.0 -I/usr/include/fribidi -I/usr/include/uuid -I/usr/include/freetype2 -I/usr/include/libpng16 -I/usr/include/glib-2.0 -I/usr/lib/x86_64-linux-gnu/glib-2.0/include -I/usr/local/include -DGIMP_DISABLE_DEPRECATED -DGDK_MULTIHEAD_SAFE -DGTK_MULTIHEAD_SAFE  -g -O2 -Wall -Wdeclaration-after-statement -Wmissing-prototypes -Wmissing-declarations -Winit-self -Wpointer-arith -Wold-style-definition -Wformat-security -MT filter-pack.o -MD -MP -MF .deps/filter-pack.Tpo -c -o filter-pack.o filter-pack.c
mv -f .deps/filter-pack.Tpo .deps/filter-pack.Po
/bin/bash ../../libtool  --tag=CC   --mode=link gcc  -g -O2 -Wall -Wdeclaration-after-statement -Wmissing-prototypes -Wmissing-declarations -Winit-self -Wpointer-arith -Wold-style-definition -Wformat-security   -o filter-pack filter-pack.o ../../libgimp/libgimpui-2.0.la ../../libgimpwidgets/libgimpwidgets-2.0.la ../../libgimpmodule/libgimpmodule-2.0.la ../../libgimp/libgimp-2.0.la ../../libgimpmath/libgimpmath-2.0.la -lm ../../libgimpconfig/libgimpconfig-2.0.la ../../libgimpcolor/libgimpcolor-2.0.la ../../libgimpbase/libgimpbase-2.0.la -lgtk-x11-2.0 -lgdk-x11-2.0 -lpangocairo-1.0 -latk-1.0 -lcairo -lgdk_pixbuf-2.0 -lgio-2.0 -lpangoft2-1.0 -lpango-1.0 -lgobject-2.0 -lfontconfig -lfreetype -lgthread-2.0 -pthread -lglib-2.0   
libtool: link: gcc -g -O2 -Wall -Wdeclaration-after-statement -Wmissing-prototypes -Wmissing-declarations -Winit-self -Wpointer-arith -Wold-style-definition -Wformat-security -o .libs/filter-pack filter-pack.o -pthread  ../../libgimp/.libs/libgimpui-2.0.so ../../libgimpwidgets/.libs/libgimpwidgets-2.0.so ../../libgimpmodule/.libs/libgimpmodule-2.0.so ../../libgimp/.libs/libgimp-2.0.so ../../libgimpmath/.libs/libgimpmath-2.0.so -lm ../../libgimpconfig/.libs/libgimpconfig-2.0.so ../../libgimpcolor/.libs/libgimpcolor-2.0.so ../../libgimpbase/.libs/libgimpbase-2.0.so -lgtk-x11-2.0 -lgdk-x11-2.0 -lpangocairo-1.0 -latk-1.0 -lcairo -lgdk_pixbuf-2.0 -lgio-2.0 -lpangoft2-1.0 -lpango-1.0 -lgobject-2.0 -lfontconfig -lfreetype -lgthread-2.0 -lglib-2.0 -pthread
gcc -DHAVE_CONFIG_H -I. -I../..  -I../.. -pthread -I/usr/include/gtk-2.0 -I/usr/lib/x86_64-linux-gnu/gtk-2.0/include -I/usr/include/gio-unix-2.0 -I/usr/include/cairo -I/usr/include/pango-1.0 -I/usr/include/atk-1.0 -I/usr/include/cairo -I/usr/include/pixman-1 -I/usr/include/gdk-pixbuf-2.0 -I/usr/include/libmount -I/usr/include/blkid -I/usr/include/pango-1.0 -I/usr/include/harfbuzz -I/usr/include/pango-1.0 -I/usr/include/fribidi -I/usr/include/uuid -I/usr/include/freetype2 -I/usr/include/libpng16 -I/usr/include/glib-2.0 -I/usr/lib/x86_64-linux-gnu/glib-2.0/include -I/usr/local/include -DGIMP_DISABLE_DEPRECATED -DGDK_MULTIHEAD_SAFE -DGTK_MULTIHEAD_SAFE  -g -O2 -Wall -Wdeclaration-after-statement -Wmissing-prototypes -Wmissing-declarations -Winit-self -Wpointer-arith -Wold-style-definition -Wformat-security -MT fractal-trace.o -MD -MP -MF .deps/fractal-trace.Tpo -c -o fractal-trace.o fractal-trace.c
mv -f .deps/fractal-trace.Tpo .deps/fractal-trace.Po
/bin/bash ../../libtool  --tag=CC   --mode=link gcc  -g -O2 -Wall -Wdeclaration-after-statement -Wmissing-prototypes -Wmissing-declarations -Winit-self -Wpointer-arith -Wold-style-definition -Wformat-security   -o fractal-trace fractal-trace.o ../../libgimp/libgimpui-2.0.la ../../libgimpwidgets/libgimpwidgets-2.0.la ../../libgimpmodule/libgimpmodule-2.0.la ../../libgimp/libgimp-2.0.la ../../libgimpmath/libgimpmath-2.0.la -lm ../../libgimpconfig/libgimpconfig-2.0.la ../../libgimpcolor/libgimpcolor-2.0.la ../../libgimpbase/libgimpbase-2.0.la -lgtk-x11-2.0 -lgdk-x11-2.0 -lpangocairo-1.0 -latk-1.0 -lcairo -lgdk_pixbuf-2.0 -lgio-2.0 -lpangoft2-1.0 -lpango-1.0 -lgobject-2.0 -lfontconfig -lfreetype -lgthread-2.0 -pthread -lglib-2.0   
libtool: link: gcc -g -O2 -Wall -Wdeclaration-after-statement -Wmissing-prototypes -Wmissing-declarations -Winit-self -Wpointer-arith -Wold-style-definition -Wformat-security -o .libs/fractal-trace fractal-trace.o -pthread  ../../libgimp/.libs/libgimpui-2.0.so ../../libgimpwidgets/.libs/libgimpwidgets-2.0.so ../../libgimpmodule/.libs/libgimpmodule-2.0.so ../../libgimp/.libs/libgimp-2.0.so ../../libgimpmath/.libs/libgimpmath-2.0.so -lm ../../libgimpconfig/.libs/libgimpconfig-2.0.so ../../libgimpcolor/.libs/libgimpcolor-2.0.so ../../libgimpbase/.libs/libgimpbase-2.0.so -lgtk-x11-2.0 -lgdk-x11-2.0 -lpangocairo-1.0 -latk-1.0 -lcairo -lgdk_pixbuf-2.0 -lgio-2.0 -lpangoft2-1.0 -lpango-1.0 -lgobject-2.0 -lfontconfig -lfreetype -lgthread-2.0 -lglib-2.0 -pthread
gcc -DHAVE_CONFIG_H -I. -I../..  -I../.. -pthread -I/usr/include/gtk-2.0 -I/usr/lib/x86_64-linux-gnu/gtk-2.0/include -I/usr/include/gio-unix-2.0 -I/usr/include/cairo -I/usr/include/pango-1.0 -I/usr/include/atk-1.0 -I/usr/include/cairo -I/usr/include/pixman-1 -I/usr/include/gdk-pixbuf-2.0 -I/usr/include/libmount -I/usr/include/blkid -I/usr/include/pango-1.0 -I/usr/include/harfbuzz -I/usr/include/pango-1.0 -I/usr/include/fribidi -I/usr/include/uuid -I/usr/include/freetype2 -I/usr/include/libpng16 -I/usr/include/glib-2.0 -I/usr/lib/x86_64-linux-gnu/glib-2.0/include -I/usr/local/include -DGIMP_DISABLE_DEPRECATED -DGDK_MULTIHEAD_SAFE -DGTK_MULTIHEAD_SAFE  -g -O2 -Wall -Wdeclaration-after-statement -Wmissing-prototypes -Wmissing-declarations -Winit-self -Wpointer-arith -Wold-style-definition -Wformat-security -MT gee.o -MD -MP -MF .deps/gee.Tpo -c -o gee.o gee.c
mv -f .deps/gee.Tpo .deps/gee.Po
/bin/bash ../../libtool  --tag=CC   --mode=link gcc  -g -O2 -Wall -Wdeclaration-after-statement -Wmissing-prototypes -Wmissing-declarations -Winit-self -Wpointer-arith -Wold-style-definition -Wformat-security   -o gee gee.o ../../libgimp/libgimpui-2.0.la ../../libgimpwidgets/libgimpwidgets-2.0.la ../../libgimpmodule/libgimpmodule-2.0.la ../../libgimp/libgimp-2.0.la ../../libgimpmath/libgimpmath-2.0.la -lm ../../libgimpconfig/libgimpconfig-2.0.la ../../libgimpcolor/libgimpcolor-2.0.la ../../libgimpbase/libgimpbase-2.0.la -lgtk-x11-2.0 -lgdk-x11-2.0 -lpangocairo-1.0 -latk-1.0 -lcairo -lgdk_pixbuf-2.0 -lgio-2.0 -lpangoft2-1.0 -lpango-1.0 -lgobject-2.0 -lfontconfig -lfreetype -lgthread-2.0 -pthread -lglib-2.0   
libtool: link: gcc -g -O2 -Wall -Wdeclaration-after-statement -Wmissing-prototypes -Wmissing-declarations -Winit-self -Wpointer-arith -Wold-style-definition -Wformat-security -o .libs/gee gee.o -pthread  ../../libgimp/.libs/libgimpui-2.0.so ../../libgimpwidgets/.libs/libgimpwidgets-2.0.so ../../libgimpmodule/.libs/libgimpmodule-2.0.so ../../libgimp/.libs/libgimp-2.0.so ../../libgimpmath/.libs/libgimpmath-2.0.so -lm ../../libgimpconfig/.libs/libgimpconfig-2.0.so ../../libgimpcolor/.libs/libgimpcolor-2.0.so ../../libgimpbase/.libs/libgimpbase-2.0.so -lgtk-x11-2.0 -lgdk-x11-2.0 -lpangocairo-1.0 -latk-1.0 -lcairo -lgdk_pixbuf-2.0 -lgio-2.0 -lpangoft2-1.0 -lpango-1.0 -lgobject-2.0 -lfontconfig -lfreetype -lgthread-2.0 -lglib-2.0 -pthread
gcc -DHAVE_CONFIG_H -I. -I../..  -I../.. -pthread -I/usr/include/gtk-2.0 -I/usr/lib/x86_64-linux-gnu/gtk-2.0/include -I/usr/include/gio-unix-2.0 -I/usr/include/cairo -I/usr/include/pango-1.0 -I/usr/include/atk-1.0 -I/usr/include/cairo -I/usr/include/pixman-1 -I/usr/include/gdk-pixbuf-2.0 -I/usr/include/libmount -I/usr/include/blkid -I/usr/include/pango-1.0 -I/usr/include/harfbuzz -I/usr/include/pango-1.0 -I/usr/include/fribidi -I/usr/include/uuid -I/usr/include/freetype2 -I/usr/include/libpng16 -I/usr/include/glib-2.0 -I/usr/lib/x86_64-linux-gnu/glib-2.0/include -I/usr/local/include -DGIMP_DISABLE_DEPRECATED -DGDK_MULTIHEAD_SAFE -DGTK_MULTIHEAD_SAFE  -g -O2 -Wall -Wdeclaration-after-statement -Wmissing-prototypes -Wmissing-declarations -Winit-self -Wpointer-arith -Wold-style-definition -Wformat-security -MT gee-zoom.o -MD -MP -MF .deps/gee-zoom.Tpo -c -o gee-zoom.o gee-zoom.c
mv -f .deps/gee-zoom.Tpo .deps/gee-zoom.Po
/bin/bash ../../libtool  --tag=CC   --mode=link gcc  -g -O2 -Wall -Wdeclaration-after-statement -Wmissing-prototypes -Wmissing-declarations -Winit-self -Wpointer-arith -Wold-style-definition -Wformat-security   -o gee-zoom gee-zoom.o ../../libgimp/libgimpui-2.0.la ../../libgimpwidgets/libgimpwidgets-2.0.la ../../libgimpmodule/libgimpmodule-2.0.la ../../libgimp/libgimp-2.0.la ../../libgimpmath/libgimpmath-2.0.la -lm ../../libgimpconfig/libgimpconfig-2.0.la ../../libgimpcolor/libgimpcolor-2.0.la ../../libgimpbase/libgimpbase-2.0.la -lgtk-x11-2.0 -lgdk-x11-2.0 -lpangocairo-1.0 -latk-1.0 -lcairo -lgdk_pixbuf-2.0 -lgio-2.0 -lpangoft2-1.0 -lpango-1.0 -lgobject-2.0 -lfontconfig -lfreetype -lgthread-2.0 -pthread -lglib-2.0   
libtool: link: gcc -g -O2 -Wall -Wdeclaration-after-statement -Wmissing-prototypes -Wmissing-declarations -Winit-self -Wpointer-arith -Wold-style-definition -Wformat-security -o .libs/gee-zoom gee-zoom.o -pthread  ../../libgimp/.libs/libgimpui-2.0.so ../../libgimpwidgets/.libs/libgimpwidgets-2.0.so ../../libgimpmodule/.libs/libgimpmodule-2.0.so ../../libgimp/.libs/libgimp-2.0.so ../../libgimpmath/.libs/libgimpmath-2.0.so -lm ../../libgimpconfig/.libs/libgimpconfig-2.0.so ../../libgimpcolor/.libs/libgimpcolor-2.0.so ../../libgimpbase/.libs/libgimpbase-2.0.so -lgtk-x11-2.0 -lgdk-x11-2.0 -lpangocairo-1.0 -latk-1.0 -lcairo -lgdk_pixbuf-2.0 -lgio-2.0 -lpangoft2-1.0 -lpango-1.0 -lgobject-2.0 -lfontconfig -lfreetype -lgthread-2.0 -lglib-2.0 -pthread
gcc -DHAVE_CONFIG_H -I. -I../..  -I../.. -pthread -I/usr/include/gtk-2.0 -I/usr/lib/x86_64-linux-gnu/gtk-2.0/include -I/usr/include/gio-unix-2.0 -I/usr/include/cairo -I/usr/include/pango-1.0 -I/usr/include/atk-1.0 -I/usr/include/cairo -I/usr/include/pixman-1 -I/usr/include/gdk-pixbuf-2.0 -I/usr/include/libmount -I/usr/include/blkid -I/usr/include/pango-1.0 -I/usr/include/harfbuzz -I/usr/include/pango-1.0 -I/usr/include/fribidi -I/usr/include/uuid -I/usr/include/freetype2 -I/usr/include/libpng16 -I/usr/include/glib-2.0 -I/usr/lib/x86_64-linux-gnu/glib-2.0/include -I/usr/local/include -DGIMP_DISABLE_DEPRECATED -DGDK_MULTIHEAD_SAFE -DGTK_MULTIHEAD_SAFE  -g -O2 -Wall -Wdeclaration-after-statement -Wmissing-prototypes -Wmissing-declarations -Winit-self -Wpointer-arith -Wold-style-definition -Wformat-security -MT gradient-map.o -MD -MP -MF .deps/gradient-map.Tpo -c -o gradient-map.o gradient-map.c
gradient-map.c: In function ‘get_samples_gradient’:
gradient-map.c:269:2: warning: #warning FIXME: "reverse" hardcoded to FALSE. [-Wcpp]
 #warning FIXME: "reverse" hardcoded to FALSE.
  ^~~~~~~
mv -f .deps/gradient-map.Tpo .deps/gradient-map.Po
/bin/bash ../../libtool  --tag=CC   --mode=link gcc  -g -O2 -Wall -Wdeclaration-after-statement -Wmissing-prototypes -Wmissing-declarations -Winit-self -Wpointer-arith -Wold-style-definition -Wformat-security   -o gradient-map gradient-map.o ../../libgimp/libgimp-2.0.la ../../libgimpmath/libgimpmath-2.0.la -lm ../../libgimpconfig/libgimpconfig-2.0.la ../../libgimpcolor/libgimpcolor-2.0.la ../../libgimpbase/libgimpbase-2.0.la -lgobject-2.0 -lgthread-2.0 -pthread -lglib-2.0   
libtool: link: gcc -g -O2 -Wall -Wdeclaration-after-statement -Wmissing-prototypes -Wmissing-declarations -Winit-self -Wpointer-arith -Wold-style-definition -Wformat-security -o .libs/gradient-map gradient-map.o -pthread  ../../libgimp/.libs/libgimp-2.0.so ../../libgimpmath/.libs/libgimpmath-2.0.so -lm ../../libgimpconfig/.libs/libgimpconfig-2.0.so ../../libgimpcolor/.libs/libgimpcolor-2.0.so ../../libgimpbase/.libs/libgimpbase-2.0.so -lgobject-2.0 -lgthread-2.0 -lglib-2.0 -pthread
gcc -DHAVE_CONFIG_H -I. -I../..  -I../.. -pthread -I/usr/include/gtk-2.0 -I/usr/lib/x86_64-linux-gnu/gtk-2.0/include -I/usr/include/gio-unix-2.0 -I/usr/include/cairo -I/usr/include/pango-1.0 -I/usr/include/atk-1.0 -I/usr/include/cairo -I/usr/include/pixman-1 -I/usr/include/gdk-pixbuf-2.0 -I/usr/include/libmount -I/usr/include/blkid -I/usr/include/pango-1.0 -I/usr/include/harfbuzz -I/usr/include/pango-1.0 -I/usr/include/fribidi -I/usr/include/uuid -I/usr/include/freetype2 -I/usr/include/libpng16 -I/usr/include/glib-2.0 -I/usr/lib/x86_64-linux-gnu/glib-2.0/include -I/usr/local/include -DGIMP_DISABLE_DEPRECATED -DGDK_MULTIHEAD_SAFE -DGTK_MULTIHEAD_SAFE  -g -O2 -Wall -Wdeclaration-after-statement -Wmissing-prototypes -Wmissing-declarations -Winit-self -Wpointer-arith -Wold-style-definition -Wformat-security -MT grid.o -MD -MP -MF .deps/grid.Tpo -c -o grid.o grid.c
mv -f .deps/grid.Tpo .deps/grid.Po
/bin/bash ../../libtool  --tag=CC   --mode=link gcc  -g -O2 -Wall -Wdeclaration-after-statement -Wmissing-prototypes -Wmissing-declarations -Winit-self -Wpointer-arith -Wold-style-definition -Wformat-security   -o grid grid.o ../../libgimp/libgimpui-2.0.la ../../libgimpwidgets/libgimpwidgets-2.0.la ../../libgimpmodule/libgimpmodule-2.0.la ../../libgimp/libgimp-2.0.la ../../libgimpmath/libgimpmath-2.0.la -lm ../../libgimpconfig/libgimpconfig-2.0.la ../../libgimpcolor/libgimpcolor-2.0.la ../../libgimpbase/libgimpbase-2.0.la -lgtk-x11-2.0 -lgdk-x11-2.0 -lpangocairo-1.0 -latk-1.0 -lcairo -lgdk_pixbuf-2.0 -lgio-2.0 -lpangoft2-1.0 -lpango-1.0 -lgobject-2.0 -lfontconfig -lfreetype -lgthread-2.0 -pthread -lglib-2.0   
libtool: link: gcc -g -O2 -Wall -Wdeclaration-after-statement -Wmissing-prototypes -Wmissing-declarations -Winit-self -Wpointer-arith -Wold-style-definition -Wformat-security -o .libs/grid grid.o -pthread  ../../libgimp/.libs/libgimpui-2.0.so ../../libgimpwidgets/.libs/libgimpwidgets-2.0.so ../../libgimpmodule/.libs/libgimpmodule-2.0.so ../../libgimp/.libs/libgimp-2.0.so ../../libgimpmath/.libs/libgimpmath-2.0.so -lm ../../libgimpconfig/.libs/libgimpconfig-2.0.so ../../libgimpcolor/.libs/libgimpcolor-2.0.so ../../libgimpbase/.libs/libgimpbase-2.0.so -lgtk-x11-2.0 -lgdk-x11-2.0 -lpangocairo-1.0 -latk-1.0 -lcairo -lgdk_pixbuf-2.0 -lgio-2.0 -lpangoft2-1.0 -lpango-1.0 -lgobject-2.0 -lfontconfig -lfreetype -lgthread-2.0 -lglib-2.0 -pthread
gcc -DHAVE_CONFIG_H -I. -I../..  -I../.. -pthread -I/usr/include/gtk-2.0 -I/usr/lib/x86_64-linux-gnu/gtk-2.0/include -I/usr/include/gio-unix-2.0 -I/usr/include/cairo -I/usr/include/pango-1.0 -I/usr/include/atk-1.0 -I/usr/include/cairo -I/usr/include/pixman-1 -I/usr/include/gdk-pixbuf-2.0 -I/usr/include/libmount -I/usr/include/blkid -I/usr/include/pango-1.0 -I/usr/include/harfbuzz -I/usr/include/pango-1.0 -I/usr/include/fribidi -I/usr/include/uuid -I/usr/include/freetype2 -I/usr/include/libpng16 -I/usr/include/glib-2.0 -I/usr/lib/x86_64-linux-gnu/glib-2.0/include -I/usr/local/include -DGIMP_DISABLE_DEPRECATED -DGDK_MULTIHEAD_SAFE -DGTK_MULTIHEAD_SAFE  -g -O2 -Wall -Wdeclaration-after-statement -Wmissing-prototypes -Wmissing-declarations -Winit-self -Wpointer-arith -Wold-style-definition -Wformat-security -MT guillotine.o -MD -MP -MF .deps/guillotine.Tpo -c -o guillotine.o guillotine.c
mv -f .deps/guillotine.Tpo .deps/guillotine.Po
/bin/bash ../../libtool  --tag=CC   --mode=link gcc  -g -O2 -Wall -Wdeclaration-after-statement -Wmissing-prototypes -Wmissing-declarations -Winit-self -Wpointer-arith -Wold-style-definition -Wformat-security   -o guillotine guillotine.o ../../libgimp/libgimp-2.0.la ../../libgimpmath/libgimpmath-2.0.la -lm ../../libgimpconfig/libgimpconfig-2.0.la ../../libgimpcolor/libgimpcolor-2.0.la ../../libgimpbase/libgimpbase-2.0.la -lgobject-2.0 -lgthread-2.0 -pthread -lglib-2.0   
libtool: link: gcc -g -O2 -Wall -Wdeclaration-after-statement -Wmissing-prototypes -Wmissing-declarations -Winit-self -Wpointer-arith -Wold-style-definition -Wformat-security -o .libs/guillotine guillotine.o -pthread  ../../libgimp/.libs/libgimp-2.0.so ../../libgimpmath/.libs/libgimpmath-2.0.so -lm ../../libgimpconfig/.libs/libgimpconfig-2.0.so ../../libgimpcolor/.libs/libgimpcolor-2.0.so ../../libgimpbase/.libs/libgimpbase-2.0.so -lgobject-2.0 -lgthread-2.0 -lglib-2.0 -pthread
gcc -DHAVE_CONFIG_H -I. -I../..  -I../.. -pthread -I/usr/include/gtk-2.0 -I/usr/lib/x86_64-linux-gnu/gtk-2.0/include -I/usr/include/gio-unix-2.0 -I/usr/include/cairo -I/usr/include/pango-1.0 -I/usr/include/atk-1.0 -I/usr/include/cairo -I/usr/include/pixman-1 -I/usr/include/gdk-pixbuf-2.0 -I/usr/include/libmount -I/usr/include/blkid -I/usr/include/pango-1.0 -I/usr/include/harfbuzz -I/usr/include/pango-1.0 -I/usr/include/fribidi -I/usr/include/uuid -I/usr/include/freetype2 -I/usr/include/libpng16 -I/usr/include/glib-2.0 -I/usr/lib/x86_64-linux-gnu/glib-2.0/include -I/usr/local/include -DGIMP_DISABLE_DEPRECATED -DGDK_MULTIHEAD_SAFE -DGTK_MULTIHEAD_SAFE  -g -O2 -Wall -Wdeclaration-after-statement -Wmissing-prototypes -Wmissing-declarations -Winit-self -Wpointer-arith -Wold-style-definition -Wformat-security -MT hot.o -MD -MP -MF .deps/hot.Tpo -c -o hot.o hot.c
mv -f .deps/hot.Tpo .deps/hot.Po
/bin/bash ../../libtool  --tag=CC   --mode=link gcc  -g -O2 -Wall -Wdeclaration-after-statement -Wmissing-prototypes -Wmissing-declarations -Winit-self -Wpointer-arith -Wold-style-definition -Wformat-security   -o hot hot.o ../../libgimp/libgimpui-2.0.la ../../libgimpwidgets/libgimpwidgets-2.0.la ../../libgimpmodule/libgimpmodule-2.0.la ../../libgimp/libgimp-2.0.la ../../libgimpmath/libgimpmath-2.0.la -lm ../../libgimpconfig/libgimpconfig-2.0.la ../../libgimpcolor/libgimpcolor-2.0.la ../../libgimpbase/libgimpbase-2.0.la -lgtk-x11-2.0 -lgdk-x11-2.0 -lpangocairo-1.0 -latk-1.0 -lcairo -lgdk_pixbuf-2.0 -lgio-2.0 -lpangoft2-1.0 -lpango-1.0 -lgobject-2.0 -lfontconfig -lfreetype -lgthread-2.0 -pthread -lglib-2.0   
libtool: link: gcc -g -O2 -Wall -Wdeclaration-after-statement -Wmissing-prototypes -Wmissing-declarations -Winit-self -Wpointer-arith -Wold-style-definition -Wformat-security -o .libs/hot hot.o -pthread  ../../libgimp/.libs/libgimpui-2.0.so ../../libgimpwidgets/.libs/libgimpwidgets-2.0.so ../../libgimpmodule/.libs/libgimpmodule-2.0.so ../../libgimp/.libs/libgimp-2.0.so ../../libgimpmath/.libs/libgimpmath-2.0.so -lm ../../libgimpconfig/.libs/libgimpconfig-2.0.so ../../libgimpcolor/.libs/libgimpcolor-2.0.so ../../libgimpbase/.libs/libgimpbase-2.0.so -lgtk-x11-2.0 -lgdk-x11-2.0 -lpangocairo-1.0 -latk-1.0 -lcairo -lgdk_pixbuf-2.0 -lgio-2.0 -lpangoft2-1.0 -lpango-1.0 -lgobject-2.0 -lfontconfig -lfreetype -lgthread-2.0 -lglib-2.0 -pthread
gcc -DHAVE_CONFIG_H -I. -I../..  -I../.. -pthread -I/usr/include/gtk-2.0 -I/usr/lib/x86_64-linux-gnu/gtk-2.0/include -I/usr/include/gio-unix-2.0 -I/usr/include/cairo -I/usr/include/pango-1.0 -I/usr/include/atk-1.0 -I/usr/include/cairo -I/usr/include/pixman-1 -I/usr/include/gdk-pixbuf-2.0 -I/usr/include/libmount -I/usr/include/blkid -I/usr/include/pango-1.0 -I/usr/include/harfbuzz -I/usr/include/pango-1.0 -I/usr/include/fribidi -I/usr/include/uuid -I/usr/include/freetype2 -I/usr/include/libpng16 -I/usr/include/glib-2.0 -I/usr/lib/x86_64-linux-gnu/glib-2.0/include -I/usr/local/include -DGIMP_DISABLE_DEPRECATED -DGDK_MULTIHEAD_SAFE -DGTK_MULTIHEAD_SAFE  -g -O2 -Wall -Wdeclaration-after-statement -Wmissing-prototypes -Wmissing-declarations -Winit-self -Wpointer-arith -Wold-style-definition -Wformat-security -MT illusion.o -MD -MP -MF .deps/illusion.Tpo -c -o illusion.o illusion.c
mv -f .deps/illusion.Tpo .deps/illusion.Po
/bin/bash ../../libtool  --tag=CC   --mode=link gcc  -g -O2 -Wall -Wdeclaration-after-statement -Wmissing-prototypes -Wmissing-declarations -Winit-self -Wpointer-arith -Wold-style-definition -Wformat-security   -o illusion illusion.o ../../libgimp/libgimpui-2.0.la ../../libgimpwidgets/libgimpwidgets-2.0.la ../../libgimpmodule/libgimpmodule-2.0.la ../../libgimp/libgimp-2.0.la ../../libgimpmath/libgimpmath-2.0.la -lm ../../libgimpconfig/libgimpconfig-2.0.la ../../libgimpcolor/libgimpcolor-2.0.la ../../libgimpbase/libgimpbase-2.0.la -lgtk-x11-2.0 -lgdk-x11-2.0 -lpangocairo-1.0 -latk-1.0 -lcairo -lgdk_pixbuf-2.0 -lgio-2.0 -lpangoft2-1.0 -lpango-1.0 -lgobject-2.0 -lfontconfig -lfreetype -lgthread-2.0 -pthread -lglib-2.0   
libtool: link: gcc -g -O2 -Wall -Wdeclaration-after-statement -Wmissing-prototypes -Wmissing-declarations -Winit-self -Wpointer-arith -Wold-style-definition -Wformat-security -o .libs/illusion illusion.o -pthread  ../../libgimp/.libs/libgimpui-2.0.so ../../libgimpwidgets/.libs/libgimpwidgets-2.0.so ../../libgimpmodule/.libs/libgimpmodule-2.0.so ../../libgimp/.libs/libgimp-2.0.so ../../libgimpmath/.libs/libgimpmath-2.0.so -lm ../../libgimpconfig/.libs/libgimpconfig-2.0.so ../../libgimpcolor/.libs/libgimpcolor-2.0.so ../../libgimpbase/.libs/libgimpbase-2.0.so -lgtk-x11-2.0 -lgdk-x11-2.0 -lpangocairo-1.0 -latk-1.0 -lcairo -lgdk_pixbuf-2.0 -lgio-2.0 -lpangoft2-1.0 -lpango-1.0 -lgobject-2.0 -lfontconfig -lfreetype -lgthread-2.0 -lglib-2.0 -pthread
gcc -DHAVE_CONFIG_H -I. -I../..  -I../.. -pthread -I/usr/include/gtk-2.0 -I/usr/lib/x86_64-linux-gnu/gtk-2.0/include -I/usr/include/gio-unix-2.0 -I/usr/include/cairo -I/usr/include/pango-1.0 -I/usr/include/atk-1.0 -I/usr/include/cairo -I/usr/include/pixman-1 -I/usr/include/gdk-pixbuf-2.0 -I/usr/include/libmount -I/usr/include/blkid -I/usr/include/pango-1.0 -I/usr/include/harfbuzz -I/usr/include/pango-1.0 -I/usr/include/fribidi -I/usr/include/uuid -I/usr/include/freetype2 -I/usr/include/libpng16 -I/usr/include/glib-2.0 -I/usr/lib/x86_64-linux-gnu/glib-2.0/include -I/usr/local/include -DGIMP_DISABLE_DEPRECATED -DGDK_MULTIHEAD_SAFE -DGTK_MULTIHEAD_SAFE  -g -O2 -Wall -Wdeclaration-after-statement -Wmissing-prototypes -Wmissing-declarations -Winit-self -Wpointer-arith -Wold-style-definition -Wformat-security -MT iwarp.o -MD -MP -MF .deps/iwarp.Tpo -c -o iwarp.o iwarp.c
mv -f .deps/iwarp.Tpo .deps/iwarp.Po
/bin/bash ../../libtool  --tag=CC   --mode=link gcc  -g -O2 -Wall -Wdeclaration-after-statement -Wmissing-prototypes -Wmissing-declarations -Winit-self -Wpointer-arith -Wold-style-definition -Wformat-security   -o iwarp iwarp.o ../../libgimp/libgimpui-2.0.la ../../libgimpwidgets/libgimpwidgets-2.0.la ../../libgimpmodule/libgimpmodule-2.0.la ../../libgimp/libgimp-2.0.la ../../libgimpmath/libgimpmath-2.0.la -lm ../../libgimpconfig/libgimpconfig-2.0.la ../../libgimpcolor/libgimpcolor-2.0.la ../../libgimpbase/libgimpbase-2.0.la -lgtk-x11-2.0 -lgdk-x11-2.0 -lpangocairo-1.0 -latk-1.0 -lcairo -lgdk_pixbuf-2.0 -lgio-2.0 -lpangoft2-1.0 -lpango-1.0 -lgobject-2.0 -lfontconfig -lfreetype -lgthread-2.0 -pthread -lglib-2.0   
libtool: link: gcc -g -O2 -Wall -Wdeclaration-after-statement -Wmissing-prototypes -Wmissing-declarations -Winit-self -Wpointer-arith -Wold-style-definition -Wformat-security -o .libs/iwarp iwarp.o -pthread  ../../libgimp/.libs/libgimpui-2.0.so ../../libgimpwidgets/.libs/libgimpwidgets-2.0.so ../../libgimpmodule/.libs/libgimpmodule-2.0.so ../../libgimp/.libs/libgimp-2.0.so ../../libgimpmath/.libs/libgimpmath-2.0.so -lm ../../libgimpconfig/.libs/libgimpconfig-2.0.so ../../libgimpcolor/.libs/libgimpcolor-2.0.so ../../libgimpbase/.libs/libgimpbase-2.0.so -lgtk-x11-2.0 -lgdk-x11-2.0 -lpangocairo-1.0 -latk-1.0 -lcairo -lgdk_pixbuf-2.0 -lgio-2.0 -lpangoft2-1.0 -lpango-1.0 -lgobject-2.0 -lfontconfig -lfreetype -lgthread-2.0 -lglib-2.0 -pthread
gcc -DHAVE_CONFIG_H -I. -I../..  -I../.. -pthread -I/usr/include/gtk-2.0 -I/usr/lib/x86_64-linux-gnu/gtk-2.0/include -I/usr/include/gio-unix-2.0 -I/usr/include/cairo -I/usr/include/pango-1.0 -I/usr/include/atk-1.0 -I/usr/include/cairo -I/usr/include/pixman-1 -I/usr/include/gdk-pixbuf-2.0 -I/usr/include/libmount -I/usr/include/blkid -I/usr/include/pango-1.0 -I/usr/include/harfbuzz -I/usr/include/pango-1.0 -I/usr/include/fribidi -I/usr/include/uuid -I/usr/include/freetype2 -I/usr/include/libpng16 -I/usr/include/glib-2.0 -I/usr/lib/x86_64-linux-gnu/glib-2.0/include -I/usr/local/include -DGIMP_DISABLE_DEPRECATED -DGDK_MULTIHEAD_SAFE -DGTK_MULTIHEAD_SAFE  -g -O2 -Wall -Wdeclaration-after-statement -Wmissing-prototypes -Wmissing-declarations -Winit-self -Wpointer-arith -Wold-style-definition -Wformat-security -MT jigsaw.o -MD -MP -MF .deps/jigsaw.Tpo -c -o jigsaw.o jigsaw.c
mv -f .deps/jigsaw.Tpo .deps/jigsaw.Po
/bin/bash ../../libtool  --tag=CC   --mode=link gcc  -g -O2 -Wall -Wdeclaration-after-statement -Wmissing-prototypes -Wmissing-declarations -Winit-self -Wpointer-arith -Wold-style-definition -Wformat-security   -o jigsaw jigsaw.o ../../libgimp/libgimpui-2.0.la ../../libgimpwidgets/libgimpwidgets-2.0.la ../../libgimpmodule/libgimpmodule-2.0.la ../../libgimp/libgimp-2.0.la ../../libgimpmath/libgimpmath-2.0.la -lm ../../libgimpconfig/libgimpconfig-2.0.la ../../libgimpcolor/libgimpcolor-2.0.la ../../libgimpbase/libgimpbase-2.0.la -lgtk-x11-2.0 -lgdk-x11-2.0 -lpangocairo-1.0 -latk-1.0 -lcairo -lgdk_pixbuf-2.0 -lgio-2.0 -lpangoft2-1.0 -lpango-1.0 -lgobject-2.0 -lfontconfig -lfreetype -lgthread-2.0 -pthread -lglib-2.0   
libtool: link: gcc -g -O2 -Wall -Wdeclaration-after-statement -Wmissing-prototypes -Wmissing-declarations -Winit-self -Wpointer-arith -Wold-style-definition -Wformat-security -o .libs/jigsaw jigsaw.o -pthread  ../../libgimp/.libs/libgimpui-2.0.so ../../libgimpwidgets/.libs/libgimpwidgets-2.0.so ../../libgimpmodule/.libs/libgimpmodule-2.0.so ../../libgimp/.libs/libgimp-2.0.so ../../libgimpmath/.libs/libgimpmath-2.0.so -lm ../../libgimpconfig/.libs/libgimpconfig-2.0.so ../../libgimpcolor/.libs/libgimpcolor-2.0.so ../../libgimpbase/.libs/libgimpbase-2.0.so -lgtk-x11-2.0 -lgdk-x11-2.0 -lpangocairo-1.0 -latk-1.0 -lcairo -lgdk_pixbuf-2.0 -lgio-2.0 -lpangoft2-1.0 -lpango-1.0 -lgobject-2.0 -lfontconfig -lfreetype -lgthread-2.0 -lglib-2.0 -pthread
gcc -DHAVE_CONFIG_H -I. -I../..  -I../.. -pthread -I/usr/include/gtk-2.0 -I/usr/lib/x86_64-linux-gnu/gtk-2.0/include -I/usr/include/gio-unix-2.0 -I/usr/include/cairo -I/usr/include/pango-1.0 -I/usr/include/atk-1.0 -I/usr/include/cairo -I/usr/include/pixman-1 -I/usr/include/gdk-pixbuf-2.0 -I/usr/include/libmount -I/usr/include/blkid -I/usr/include/pango-1.0 -I/usr/include/harfbuzz -I/usr/include/pango-1.0 -I/usr/include/fribidi -I/usr/include/uuid -I/usr/include/freetype2 -I/usr/include/libpng16 -I/usr/include/glib-2.0 -I/usr/lib/x86_64-linux-gnu/glib-2.0/include -I/usr/local/include -DGIMP_DISABLE_DEPRECATED -DGDK_MULTIHEAD_SAFE -DGTK_MULTIHEAD_SAFE  -g -O2 -Wall -Wdeclaration-after-statement -Wmissing-prototypes -Wmissing-declarations -Winit-self -Wpointer-arith -Wold-style-definition -Wformat-security -MT lcms-lcms.o -MD -MP -MF .deps/lcms-lcms.Tpo -c -o lcms-lcms.o `test -f 'lcms.c' || echo './'`lcms.c
mv -f .deps/lcms-lcms.Tpo .deps/lcms-lcms.Po
/bin/bash ../../libtool  --tag=CC   --mode=link gcc  -g -O2 -Wall -Wdeclaration-after-statement -Wmissing-prototypes -Wmissing-declarations -Winit-self -Wpointer-arith -Wold-style-definition -Wformat-security   -o lcms lcms-lcms.o ../../libgimp/libgimpui-2.0.la ../../libgimpwidgets/libgimpwidgets-2.0.la ../../libgimpmodule/libgimpmodule-2.0.la ../../libgimp/libgimp-2.0.la ../../libgimpmath/libgimpmath-2.0.la -lm ../../libgimpconfig/libgimpconfig-2.0.la ../../libgimpcolor/libgimpcolor-2.0.la ../../libgimpbase/libgimpbase-2.0.la -lgtk-x11-2.0 -lgdk-x11-2.0 -lpangocairo-1.0 -latk-1.0 -lcairo -lgdk_pixbuf-2.0 -lgio-2.0 -lpangoft2-1.0 -lpango-1.0 -lgobject-2.0 -lfontconfig -lfreetype -lgthread-2.0 -pthread -lglib-2.0 -llcms2   
libtool: link: gcc -g -O2 -Wall -Wdeclaration-after-statement -Wmissing-prototypes -Wmissing-declarations -Winit-self -Wpointer-arith -Wold-style-definition -Wformat-security -o .libs/lcms lcms-lcms.o -pthread  ../../libgimp/.libs/libgimpui-2.0.so ../../libgimpwidgets/.libs/libgimpwidgets-2.0.so ../../libgimpmodule/.libs/libgimpmodule-2.0.so ../../libgimp/.libs/libgimp-2.0.so ../../libgimpmath/.libs/libgimpmath-2.0.so -lm ../../libgimpconfig/.libs/libgimpconfig-2.0.so ../../libgimpcolor/.libs/libgimpcolor-2.0.so ../../libgimpbase/.libs/libgimpbase-2.0.so -lgtk-x11-2.0 -lgdk-x11-2.0 -lpangocairo-1.0 -latk-1.0 -lcairo -lgdk_pixbuf-2.0 -lgio-2.0 -lpangoft2-1.0 -lpango-1.0 -lgobject-2.0 -lfontconfig -lfreetype -lgthread-2.0 -lglib-2.0 -llcms2 -pthread
gcc -DHAVE_CONFIG_H -I. -I../..  -I../.. -pthread -I/usr/include/gtk-2.0 -I/usr/lib/x86_64-linux-gnu/gtk-2.0/include -I/usr/include/gio-unix-2.0 -I/usr/include/cairo -I/usr/include/pango-1.0 -I/usr/include/atk-1.0 -I/usr/include/cairo -I/usr/include/pixman-1 -I/usr/include/gdk-pixbuf-2.0 -I/usr/include/libmount -I/usr/include/blkid -I/usr/include/pango-1.0 -I/usr/include/harfbuzz -I/usr/include/pango-1.0 -I/usr/include/fribidi -I/usr/include/uuid -I/usr/include/freetype2 -I/usr/include/libpng16 -I/usr/include/glib-2.0 -I/usr/lib/x86_64-linux-gnu/glib-2.0/include -I/usr/local/include -DGIMP_DISABLE_DEPRECATED -DGDK_MULTIHEAD_SAFE -DGTK_MULTIHEAD_SAFE  -g -O2 -Wall -Wdeclaration-after-statement -Wmissing-prototypes -Wmissing-declarations -Winit-self -Wpointer-arith -Wold-style-definition -Wformat-security -MT lens-apply.o -MD -MP -MF .deps/lens-apply.Tpo -c -o lens-apply.o lens-apply.c
mv -f .deps/lens-apply.Tpo .deps/lens-apply.Po
/bin/bash ../../libtool  --tag=CC   --mode=link gcc  -g -O2 -Wall -Wdeclaration-after-statement -Wmissing-prototypes -Wmissing-declarations -Winit-self -Wpointer-arith -Wold-style-definition -Wformat-security   -o lens-apply lens-apply.o ../../libgimp/libgimpui-2.0.la ../../libgimpwidgets/libgimpwidgets-2.0.la ../../libgimpmodule/libgimpmodule-2.0.la ../../libgimp/libgimp-2.0.la ../../libgimpmath/libgimpmath-2.0.la -lm ../../libgimpconfig/libgimpconfig-2.0.la ../../libgimpcolor/libgimpcolor-2.0.la ../../libgimpbase/libgimpbase-2.0.la -lgtk-x11-2.0 -lgdk-x11-2.0 -lpangocairo-1.0 -latk-1.0 -lcairo -lgdk_pixbuf-2.0 -lgio-2.0 -lpangoft2-1.0 -lpango-1.0 -lgobject-2.0 -lfontconfig -lfreetype -lgthread-2.0 -pthread -lglib-2.0   
libtool: link: gcc -g -O2 -Wall -Wdeclaration-after-statement -Wmissing-prototypes -Wmissing-declarations -Winit-self -Wpointer-arith -Wold-style-definition -Wformat-security -o .libs/lens-apply lens-apply.o -pthread  ../../libgimp/.libs/libgimpui-2.0.so ../../libgimpwidgets/.libs/libgimpwidgets-2.0.so ../../libgimpmodule/.libs/libgimpmodule-2.0.so ../../libgimp/.libs/libgimp-2.0.so ../../libgimpmath/.libs/libgimpmath-2.0.so -lm ../../libgimpconfig/.libs/libgimpconfig-2.0.so ../../libgimpcolor/.libs/libgimpcolor-2.0.so ../../libgimpbase/.libs/libgimpbase-2.0.so -lgtk-x11-2.0 -lgdk-x11-2.0 -lpangocairo-1.0 -latk-1.0 -lcairo -lgdk_pixbuf-2.0 -lgio-2.0 -lpangoft2-1.0 -lpango-1.0 -lgobject-2.0 -lfontconfig -lfreetype -lgthread-2.0 -lglib-2.0 -pthread
gcc -DHAVE_CONFIG_H -I. -I../..  -I../.. -pthread -I/usr/include/gtk-2.0 -I/usr/lib/x86_64-linux-gnu/gtk-2.0/include -I/usr/include/gio-unix-2.0 -I/usr/include/cairo -I/usr/include/pango-1.0 -I/usr/include/atk-1.0 -I/usr/include/cairo -I/usr/include/pixman-1 -I/usr/include/gdk-pixbuf-2.0 -I/usr/include/libmount -I/usr/include/blkid -I/usr/include/pango-1.0 -I/usr/include/harfbuzz -I/usr/include/pango-1.0 -I/usr/include/fribidi -I/usr/include/uuid -I/usr/include/freetype2 -I/usr/include/libpng16 -I/usr/include/glib-2.0 -I/usr/lib/x86_64-linux-gnu/glib-2.0/include -I/usr/local/include -DGIMP_DISABLE_DEPRECATED -DGDK_MULTIHEAD_SAFE -DGTK_MULTIHEAD_SAFE  -g -O2 -Wall -Wdeclaration-after-statement -Wmissing-prototypes -Wmissing-declarations -Winit-self -Wpointer-arith -Wold-style-definition -Wformat-security -MT lens-distortion.o -MD -MP -MF .deps/lens-distortion.Tpo -c -o lens-distortion.o lens-distortion.c
mv -f .deps/lens-distortion.Tpo .deps/lens-distortion.Po
/bin/bash ../../libtool  --tag=CC   --mode=link gcc  -g -O2 -Wall -Wdeclaration-after-statement -Wmissing-prototypes -Wmissing-declarations -Winit-self -Wpointer-arith -Wold-style-definition -Wformat-security   -o lens-distortion lens-distortion.o ../../libgimp/libgimpui-2.0.la ../../libgimpwidgets/libgimpwidgets-2.0.la ../../libgimpmodule/libgimpmodule-2.0.la ../../libgimp/libgimp-2.0.la ../../libgimpmath/libgimpmath-2.0.la -lm ../../libgimpconfig/libgimpconfig-2.0.la ../../libgimpcolor/libgimpcolor-2.0.la ../../libgimpbase/libgimpbase-2.0.la -lgtk-x11-2.0 -lgdk-x11-2.0 -lpangocairo-1.0 -latk-1.0 -lcairo -lgdk_pixbuf-2.0 -lgio-2.0 -lpangoft2-1.0 -lpango-1.0 -lgobject-2.0 -lfontconfig -lfreetype -lgthread-2.0 -pthread -lglib-2.0   
libtool: link: gcc -g -O2 -Wall -Wdeclaration-after-statement -Wmissing-prototypes -Wmissing-declarations -Winit-self -Wpointer-arith -Wold-style-definition -Wformat-security -o .libs/lens-distortion lens-distortion.o -pthread  ../../libgimp/.libs/libgimpui-2.0.so ../../libgimpwidgets/.libs/libgimpwidgets-2.0.so ../../libgimpmodule/.libs/libgimpmodule-2.0.so ../../libgimp/.libs/libgimp-2.0.so ../../libgimpmath/.libs/libgimpmath-2.0.so -lm ../../libgimpconfig/.libs/libgimpconfig-2.0.so ../../libgimpcolor/.libs/libgimpcolor-2.0.so ../../libgimpbase/.libs/libgimpbase-2.0.so -lgtk-x11-2.0 -lgdk-x11-2.0 -lpangocairo-1.0 -latk-1.0 -lcairo -lgdk_pixbuf-2.0 -lgio-2.0 -lpangoft2-1.0 -lpango-1.0 -lgobject-2.0 -lfontconfig -lfreetype -lgthread-2.0 -lglib-2.0 -pthread
gcc -DHAVE_CONFIG_H -I. -I../..  -I../.. -pthread -I/usr/include/gtk-2.0 -I/usr/lib/x86_64-linux-gnu/gtk-2.0/include -I/usr/include/gio-unix-2.0 -I/usr/include/cairo -I/usr/include/pango-1.0 -I/usr/include/atk-1.0 -I/usr/include/cairo -I/usr/include/pixman-1 -I/usr/include/gdk-pixbuf-2.0 -I/usr/include/libmount -I/usr/include/blkid -I/usr/include/pango-1.0 -I/usr/include/harfbuzz -I/usr/include/pango-1.0 -I/usr/include/fribidi -I/usr/include/uuid -I/usr/include/freetype2 -I/usr/include/libpng16 -I/usr/include/glib-2.0 -I/usr/lib/x86_64-linux-gnu/glib-2.0/include -I/usr/local/include -DGIMP_DISABLE_DEPRECATED -DGDK_MULTIHEAD_SAFE -DGTK_MULTIHEAD_SAFE  -g -O2 -Wall -Wdeclaration-after-statement -Wmissing-prototypes -Wmissing-declarations -Winit-self -Wpointer-arith -Wold-style-definition -Wformat-security -MT lens-flare.o -MD -MP -MF .deps/lens-flare.Tpo -c -o lens-flare.o lens-flare.c
mv -f .deps/lens-flare.Tpo .deps/lens-flare.Po
/bin/bash ../../libtool  --tag=CC   --mode=link gcc  -g -O2 -Wall -Wdeclaration-after-statement -Wmissing-prototypes -Wmissing-declarations -Winit-self -Wpointer-arith -Wold-style-definition -Wformat-security   -o lens-flare lens-flare.o ../../libgimp/libgimpui-2.0.la ../../libgimpwidgets/libgimpwidgets-2.0.la ../../libgimpmodule/libgimpmodule-2.0.la ../../libgimp/libgimp-2.0.la ../../libgimpmath/libgimpmath-2.0.la -lm ../../libgimpconfig/libgimpconfig-2.0.la ../../libgimpcolor/libgimpcolor-2.0.la ../../libgimpbase/libgimpbase-2.0.la -lgtk-x11-2.0 -lgdk-x11-2.0 -lpangocairo-1.0 -latk-1.0 -lcairo -lgdk_pixbuf-2.0 -lgio-2.0 -lpangoft2-1.0 -lpango-1.0 -lgobject-2.0 -lfontconfig -lfreetype -lgthread-2.0 -pthread -lglib-2.0   
libtool: link: gcc -g -O2 -Wall -Wdeclaration-after-statement -Wmissing-prototypes -Wmissing-declarations -Winit-self -Wpointer-arith -Wold-style-definition -Wformat-security -o .libs/lens-flare lens-flare.o -pthread  ../../libgimp/.libs/libgimpui-2.0.so ../../libgimpwidgets/.libs/libgimpwidgets-2.0.so ../../libgimpmodule/.libs/libgimpmodule-2.0.so ../../libgimp/.libs/libgimp-2.0.so ../../libgimpmath/.libs/libgimpmath-2.0.so -lm ../../libgimpconfig/.libs/libgimpconfig-2.0.so ../../libgimpcolor/.libs/libgimpcolor-2.0.so ../../libgimpbase/.libs/libgimpbase-2.0.so -lgtk-x11-2.0 -lgdk-x11-2.0 -lpangocairo-1.0 -latk-1.0 -lcairo -lgdk_pixbuf-2.0 -lgio-2.0 -lpangoft2-1.0 -lpango-1.0 -lgobject-2.0 -lfontconfig -lfreetype -lgthread-2.0 -lglib-2.0 -pthread
gcc -DHAVE_CONFIG_H -I. -I../..  -I../.. -pthread -I/usr/include/gtk-2.0 -I/usr/lib/x86_64-linux-gnu/gtk-2.0/include -I/usr/include/gio-unix-2.0 -I/usr/include/cairo -I/usr/include/pango-1.0 -I/usr/include/atk-1.0 -I/usr/include/cairo -I/usr/include/pixman-1 -I/usr/include/gdk-pixbuf-2.0 -I/usr/include/libmount -I/usr/include/blkid -I/usr/include/pango-1.0 -I/usr/include/harfbuzz -I/usr/include/pango-1.0 -I/usr/include/fribidi -I/usr/include/uuid -I/usr/include/freetype2 -I/usr/include/libpng16 -I/usr/include/glib-2.0 -I/usr/lib/x86_64-linux-gnu/glib-2.0/include -I/usr/local/include -DGIMP_DISABLE_DEPRECATED -DGDK_MULTIHEAD_SAFE -DGTK_MULTIHEAD_SAFE  -g -O2 -Wall -Wdeclaration-after-statement -Wmissing-prototypes -Wmissing-declarations -Winit-self -Wpointer-arith -Wold-style-definition -Wformat-security -MT mail.o -MD -MP -MF .deps/mail.Tpo -c -o mail.o mail.c
mv -f .deps/mail.Tpo .deps/mail.Po
/bin/bash ../../libtool  --tag=CC   --mode=link gcc  -g -O2 -Wall -Wdeclaration-after-statement -Wmissing-prototypes -Wmissing-declarations -Winit-self -Wpointer-arith -Wold-style-definition -Wformat-security   -o mail mail.o ../../libgimp/libgimpui-2.0.la ../../libgimpwidgets/libgimpwidgets-2.0.la ../../libgimpmodule/libgimpmodule-2.0.la ../../libgimp/libgimp-2.0.la ../../libgimpmath/libgimpmath-2.0.la -lm ../../libgimpconfig/libgimpconfig-2.0.la ../../libgimpcolor/libgimpcolor-2.0.la ../../libgimpbase/libgimpbase-2.0.la -lgtk-x11-2.0 -lgdk-x11-2.0 -lpangocairo-1.0 -latk-1.0 -lcairo -lgdk_pixbuf-2.0 -lgio-2.0 -lpangoft2-1.0 -lpango-1.0 -lgobject-2.0 -lfontconfig -lfreetype -lgthread-2.0 -pthread -lglib-2.0   
libtool: link: gcc -g -O2 -Wall -Wdeclaration-after-statement -Wmissing-prototypes -Wmissing-declarations -Winit-self -Wpointer-arith -Wold-style-definition -Wformat-security -o .libs/mail mail.o -pthread  ../../libgimp/.libs/libgimpui-2.0.so ../../libgimpwidgets/.libs/libgimpwidgets-2.0.so ../../libgimpmodule/.libs/libgimpmodule-2.0.so ../../libgimp/.libs/libgimp-2.0.so ../../libgimpmath/.libs/libgimpmath-2.0.so -lm ../../libgimpconfig/.libs/libgimpconfig-2.0.so ../../libgimpcolor/.libs/libgimpcolor-2.0.so ../../libgimpbase/.libs/libgimpbase-2.0.so -lgtk-x11-2.0 -lgdk-x11-2.0 -lpangocairo-1.0 -latk-1.0 -lcairo -lgdk_pixbuf-2.0 -lgio-2.0 -lpangoft2-1.0 -lpango-1.0 -lgobject-2.0 -lfontconfig -lfreetype -lgthread-2.0 -lglib-2.0 -pthread
gcc -DHAVE_CONFIG_H -I. -I../..  -I../.. -pthread -I/usr/include/gtk-2.0 -I/usr/lib/x86_64-linux-gnu/gtk-2.0/include -I/usr/include/gio-unix-2.0 -I/usr/include/cairo -I/usr/include/pango-1.0 -I/usr/include/atk-1.0 -I/usr/include/cairo -I/usr/include/pixman-1 -I/usr/include/gdk-pixbuf-2.0 -I/usr/include/libmount -I/usr/include/blkid -I/usr/include/pango-1.0 -I/usr/include/harfbuzz -I/usr/include/pango-1.0 -I/usr/include/fribidi -I/usr/include/uuid -I/usr/include/freetype2 -I/usr/include/libpng16 -I/usr/include/glib-2.0 -I/usr/lib/x86_64-linux-gnu/glib-2.0/include -I/usr/local/include -DGIMP_DISABLE_DEPRECATED -DGDK_MULTIHEAD_SAFE -DGTK_MULTIHEAD_SAFE  -g -O2 -Wall -Wdeclaration-after-statement -Wmissing-prototypes -Wmissing-declarations -Winit-self -Wpointer-arith -Wold-style-definition -Wformat-security -MT max-rgb.o -MD -MP -MF .deps/max-rgb.Tpo -c -o max-rgb.o max-rgb.c
mv -f .deps/max-rgb.Tpo .deps/max-rgb.Po
/bin/bash ../../libtool  --tag=CC   --mode=link gcc  -g -O2 -Wall -Wdeclaration-after-statement -Wmissing-prototypes -Wmissing-declarations -Winit-self -Wpointer-arith -Wold-style-definition -Wformat-security   -o max-rgb max-rgb.o ../../libgimp/libgimpui-2.0.la ../../libgimpwidgets/libgimpwidgets-2.0.la ../../libgimpmodule/libgimpmodule-2.0.la ../../libgimp/libgimp-2.0.la ../../libgimpmath/libgimpmath-2.0.la -lm ../../libgimpconfig/libgimpconfig-2.0.la ../../libgimpcolor/libgimpcolor-2.0.la ../../libgimpbase/libgimpbase-2.0.la -lgtk-x11-2.0 -lgdk-x11-2.0 -lpangocairo-1.0 -latk-1.0 -lcairo -lgdk_pixbuf-2.0 -lgio-2.0 -lpangoft2-1.0 -lpango-1.0 -lgobject-2.0 -lfontconfig -lfreetype -lgthread-2.0 -pthread -lglib-2.0   
libtool: link: gcc -g -O2 -Wall -Wdeclaration-after-statement -Wmissing-prototypes -Wmissing-declarations -Winit-self -Wpointer-arith -Wold-style-definition -Wformat-security -o .libs/max-rgb max-rgb.o -pthread  ../../libgimp/.libs/libgimpui-2.0.so ../../libgimpwidgets/.libs/libgimpwidgets-2.0.so ../../libgimpmodule/.libs/libgimpmodule-2.0.so ../../libgimp/.libs/libgimp-2.0.so ../../libgimpmath/.libs/libgimpmath-2.0.so -lm ../../libgimpconfig/.libs/libgimpconfig-2.0.so ../../libgimpcolor/.libs/libgimpcolor-2.0.so ../../libgimpbase/.libs/libgimpbase-2.0.so -lgtk-x11-2.0 -lgdk-x11-2.0 -lpangocairo-1.0 -latk-1.0 -lcairo -lgdk_pixbuf-2.0 -lgio-2.0 -lpangoft2-1.0 -lpango-1.0 -lgobject-2.0 -lfontconfig -lfreetype -lgthread-2.0 -lglib-2.0 -pthread
gcc -DHAVE_CONFIG_H -I. -I../..  -I../.. -pthread -I/usr/include/gtk-2.0 -I/usr/lib/x86_64-linux-gnu/gtk-2.0/include -I/usr/include/gio-unix-2.0 -I/usr/include/cairo -I/usr/include/pango-1.0 -I/usr/include/atk-1.0 -I/usr/include/cairo -I/usr/include/pixman-1 -I/usr/include/gdk-pixbuf-2.0 -I/usr/include/libmount -I/usr/include/blkid -I/usr/include/pango-1.0 -I/usr/include/harfbuzz -I/usr/include/pango-1.0 -I/usr/include/fribidi -I/usr/include/uuid -I/usr/include/freetype2 -I/usr/include/libpng16 -I/usr/include/glib-2.0 -I/usr/lib/x86_64-linux-gnu/glib-2.0/include -I/usr/local/include -DGIMP_DISABLE_DEPRECATED -DGDK_MULTIHEAD_SAFE -DGTK_MULTIHEAD_SAFE  -g -O2 -Wall -Wdeclaration-after-statement -Wmissing-prototypes -Wmissing-declarations -Winit-self -Wpointer-arith -Wold-style-definition -Wformat-security -MT mosaic.o -MD -MP -MF .deps/mosaic.Tpo -c -o mosaic.o mosaic.c
mv -f .deps/mosaic.Tpo .deps/mosaic.Po
/bin/bash ../../libtool  --tag=CC   --mode=link gcc  -g -O2 -Wall -Wdeclaration-after-statement -Wmissing-prototypes -Wmissing-declarations -Winit-self -Wpointer-arith -Wold-style-definition -Wformat-security   -o mosaic mosaic.o ../../libgimp/libgimpui-2.0.la ../../libgimpwidgets/libgimpwidgets-2.0.la ../../libgimpmodule/libgimpmodule-2.0.la ../../libgimp/libgimp-2.0.la ../../libgimpmath/libgimpmath-2.0.la -lm ../../libgimpconfig/libgimpconfig-2.0.la ../../libgimpcolor/libgimpcolor-2.0.la ../../libgimpbase/libgimpbase-2.0.la -lgtk-x11-2.0 -lgdk-x11-2.0 -lpangocairo-1.0 -latk-1.0 -lcairo -lgdk_pixbuf-2.0 -lgio-2.0 -lpangoft2-1.0 -lpango-1.0 -lgobject-2.0 -lfontconfig -lfreetype -lgthread-2.0 -pthread -lglib-2.0   
libtool: link: gcc -g -O2 -Wall -Wdeclaration-after-statement -Wmissing-prototypes -Wmissing-declarations -Winit-self -Wpointer-arith -Wold-style-definition -Wformat-security -o .libs/mosaic mosaic.o -pthread  ../../libgimp/.libs/libgimpui-2.0.so ../../libgimpwidgets/.libs/libgimpwidgets-2.0.so ../../libgimpmodule/.libs/libgimpmodule-2.0.so ../../libgimp/.libs/libgimp-2.0.so ../../libgimpmath/.libs/libgimpmath-2.0.so -lm ../../libgimpconfig/.libs/libgimpconfig-2.0.so ../../libgimpcolor/.libs/libgimpcolor-2.0.so ../../libgimpbase/.libs/libgimpbase-2.0.so -lgtk-x11-2.0 -lgdk-x11-2.0 -lpangocairo-1.0 -latk-1.0 -lcairo -lgdk_pixbuf-2.0 -lgio-2.0 -lpangoft2-1.0 -lpango-1.0 -lgobject-2.0 -lfontconfig -lfreetype -lgthread-2.0 -lglib-2.0 -pthread
gcc -DHAVE_CONFIG_H -I. -I../..  -I../.. -pthread -I/usr/include/gtk-2.0 -I/usr/lib/x86_64-linux-gnu/gtk-2.0/include -I/usr/include/gio-unix-2.0 -I/usr/include/cairo -I/usr/include/pango-1.0 -I/usr/include/atk-1.0 -I/usr/include/cairo -I/usr/include/pixman-1 -I/usr/include/gdk-pixbuf-2.0 -I/usr/include/libmount -I/usr/include/blkid -I/usr/include/pango-1.0 -I/usr/include/harfbuzz -I/usr/include/pango-1.0 -I/usr/include/fribidi -I/usr/include/uuid -I/usr/include/freetype2 -I/usr/include/libpng16 -I/usr/include/glib-2.0 -I/usr/lib/x86_64-linux-gnu/glib-2.0/include -I/usr/local/include -DGIMP_DISABLE_DEPRECATED -DGDK_MULTIHEAD_SAFE -DGTK_MULTIHEAD_SAFE  -g -O2 -Wall -Wdeclaration-after-statement -Wmissing-prototypes -Wmissing-declarations -Winit-self -Wpointer-arith -Wold-style-definition -Wformat-security -MT newsprint.o -MD -MP -MF .deps/newsprint.Tpo -c -o newsprint.o newsprint.c
mv -f .deps/newsprint.Tpo .deps/newsprint.Po
/bin/bash ../../libtool  --tag=CC   --mode=link gcc  -g -O2 -Wall -Wdeclaration-after-statement -Wmissing-prototypes -Wmissing-declarations -Winit-self -Wpointer-arith -Wold-style-definition -Wformat-security   -o newsprint newsprint.o ../../libgimp/libgimpui-2.0.la ../../libgimpwidgets/libgimpwidgets-2.0.la ../../libgimpmodule/libgimpmodule-2.0.la ../../libgimp/libgimp-2.0.la ../../libgimpmath/libgimpmath-2.0.la -lm ../../libgimpconfig/libgimpconfig-2.0.la ../../libgimpcolor/libgimpcolor-2.0.la ../../libgimpbase/libgimpbase-2.0.la -lgtk-x11-2.0 -lgdk-x11-2.0 -lpangocairo-1.0 -latk-1.0 -lcairo -lgdk_pixbuf-2.0 -lgio-2.0 -lpangoft2-1.0 -lpango-1.0 -lgobject-2.0 -lfontconfig -lfreetype -lgthread-2.0 -pthread -lglib-2.0   
libtool: link: gcc -g -O2 -Wall -Wdeclaration-after-statement -Wmissing-prototypes -Wmissing-declarations -Winit-self -Wpointer-arith -Wold-style-definition -Wformat-security -o .libs/newsprint newsprint.o -pthread  ../../libgimp/.libs/libgimpui-2.0.so ../../libgimpwidgets/.libs/libgimpwidgets-2.0.so ../../libgimpmodule/.libs/libgimpmodule-2.0.so ../../libgimp/.libs/libgimp-2.0.so ../../libgimpmath/.libs/libgimpmath-2.0.so -lm ../../libgimpconfig/.libs/libgimpconfig-2.0.so ../../libgimpcolor/.libs/libgimpcolor-2.0.so ../../libgimpbase/.libs/libgimpbase-2.0.so -lgtk-x11-2.0 -lgdk-x11-2.0 -lpangocairo-1.0 -latk-1.0 -lcairo -lgdk_pixbuf-2.0 -lgio-2.0 -lpangoft2-1.0 -lpango-1.0 -lgobject-2.0 -lfontconfig -lfreetype -lgthread-2.0 -lglib-2.0 -pthread
gcc -DHAVE_CONFIG_H -I. -I../..  -I../.. -pthread -I/usr/include/gtk-2.0 -I/usr/lib/x86_64-linux-gnu/gtk-2.0/include -I/usr/include/gio-unix-2.0 -I/usr/include/cairo -I/usr/include/pango-1.0 -I/usr/include/atk-1.0 -I/usr/include/cairo -I/usr/include/pixman-1 -I/usr/include/gdk-pixbuf-2.0 -I/usr/include/libmount -I/usr/include/blkid -I/usr/include/pango-1.0 -I/usr/include/harfbuzz -I/usr/include/pango-1.0 -I/usr/include/fribidi -I/usr/include/uuid -I/usr/include/freetype2 -I/usr/include/libpng16 -I/usr/include/glib-2.0 -I/usr/lib/x86_64-linux-gnu/glib-2.0/include -I/usr/local/include -DGIMP_DISABLE_DEPRECATED -DGDK_MULTIHEAD_SAFE -DGTK_MULTIHEAD_SAFE  -g -O2 -Wall -Wdeclaration-after-statement -Wmissing-prototypes -Wmissing-declarations -Winit-self -Wpointer-arith -Wold-style-definition -Wformat-security -MT nl-filter.o -MD -MP -MF .deps/nl-filter.Tpo -c -o nl-filter.o nl-filter.c
mv -f .deps/nl-filter.Tpo .deps/nl-filter.Po
/bin/bash ../../libtool  --tag=CC   --mode=link gcc  -g -O2 -Wall -Wdeclaration-after-statement -Wmissing-prototypes -Wmissing-declarations -Winit-self -Wpointer-arith -Wold-style-definition -Wformat-security   -o nl-filter nl-filter.o ../../libgimp/libgimpui-2.0.la ../../libgimpwidgets/libgimpwidgets-2.0.la ../../libgimpmodule/libgimpmodule-2.0.la ../../libgimp/libgimp-2.0.la ../../libgimpmath/libgimpmath-2.0.la -lm ../../libgimpconfig/libgimpconfig-2.0.la ../../libgimpcolor/libgimpcolor-2.0.la ../../libgimpbase/libgimpbase-2.0.la -lgtk-x11-2.0 -lgdk-x11-2.0 -lpangocairo-1.0 -latk-1.0 -lcairo -lgdk_pixbuf-2.0 -lgio-2.0 -lpangoft2-1.0 -lpango-1.0 -lgobject-2.0 -lfontconfig -lfreetype -lgthread-2.0 -pthread -lglib-2.0   
libtool: link: gcc -g -O2 -Wall -Wdeclaration-after-statement -Wmissing-prototypes -Wmissing-declarations -Winit-self -Wpointer-arith -Wold-style-definition -Wformat-security -o .libs/nl-filter nl-filter.o -pthread  ../../libgimp/.libs/libgimpui-2.0.so ../../libgimpwidgets/.libs/libgimpwidgets-2.0.so ../../libgimpmodule/.libs/libgimpmodule-2.0.so ../../libgimp/.libs/libgimp-2.0.so ../../libgimpmath/.libs/libgimpmath-2.0.so -lm ../../libgimpconfig/.libs/libgimpconfig-2.0.so ../../libgimpcolor/.libs/libgimpcolor-2.0.so ../../libgimpbase/.libs/libgimpbase-2.0.so -lgtk-x11-2.0 -lgdk-x11-2.0 -lpangocairo-1.0 -latk-1.0 -lcairo -lgdk_pixbuf-2.0 -lgio-2.0 -lpangoft2-1.0 -lpango-1.0 -lgobject-2.0 -lfontconfig -lfreetype -lgthread-2.0 -lglib-2.0 -pthread
gcc -DHAVE_CONFIG_H -I. -I../..  -I../.. -pthread -I/usr/include/gtk-2.0 -I/usr/lib/x86_64-linux-gnu/gtk-2.0/include -I/usr/include/gio-unix-2.0 -I/usr/include/cairo -I/usr/include/pango-1.0 -I/usr/include/atk-1.0 -I/usr/include/cairo -I/usr/include/pixman-1 -I/usr/include/gdk-pixbuf-2.0 -I/usr/include/libmount -I/usr/include/blkid -I/usr/include/pango-1.0 -I/usr/include/harfbuzz -I/usr/include/pango-1.0 -I/usr/include/fribidi -I/usr/include/uuid -I/usr/include/freetype2 -I/usr/include/libpng16 -I/usr/include/glib-2.0 -I/usr/lib/x86_64-linux-gnu/glib-2.0/include -I/usr/local/include -DGIMP_DISABLE_DEPRECATED -DGDK_MULTIHEAD_SAFE -DGTK_MULTIHEAD_SAFE  -g -O2 -Wall -Wdeclaration-after-statement -Wmissing-prototypes -Wmissing-declarations -Winit-self -Wpointer-arith -Wold-style-definition -Wformat-security -MT noise-hsv.o -MD -MP -MF .deps/noise-hsv.Tpo -c -o noise-hsv.o noise-hsv.c
mv -f .deps/noise-hsv.Tpo .deps/noise-hsv.Po
/bin/bash ../../libtool  --tag=CC   --mode=link gcc  -g -O2 -Wall -Wdeclaration-after-statement -Wmissing-prototypes -Wmissing-declarations -Winit-self -Wpointer-arith -Wold-style-definition -Wformat-security   -o noise-hsv noise-hsv.o ../../libgimp/libgimpui-2.0.la ../../libgimpwidgets/libgimpwidgets-2.0.la ../../libgimpmodule/libgimpmodule-2.0.la ../../libgimp/libgimp-2.0.la ../../libgimpmath/libgimpmath-2.0.la -lm ../../libgimpconfig/libgimpconfig-2.0.la ../../libgimpcolor/libgimpcolor-2.0.la ../../libgimpbase/libgimpbase-2.0.la -lgtk-x11-2.0 -lgdk-x11-2.0 -lpangocairo-1.0 -latk-1.0 -lcairo -lgdk_pixbuf-2.0 -lgio-2.0 -lpangoft2-1.0 -lpango-1.0 -lgobject-2.0 -lfontconfig -lfreetype -lgthread-2.0 -pthread -lglib-2.0   
libtool: link: gcc -g -O2 -Wall -Wdeclaration-after-statement -Wmissing-prototypes -Wmissing-declarations -Winit-self -Wpointer-arith -Wold-style-definition -Wformat-security -o .libs/noise-hsv noise-hsv.o -pthread  ../../libgimp/.libs/libgimpui-2.0.so ../../libgimpwidgets/.libs/libgimpwidgets-2.0.so ../../libgimpmodule/.libs/libgimpmodule-2.0.so ../../libgimp/.libs/libgimp-2.0.so ../../libgimpmath/.libs/libgimpmath-2.0.so -lm ../../libgimpconfig/.libs/libgimpconfig-2.0.so ../../libgimpcolor/.libs/libgimpcolor-2.0.so ../../libgimpbase/.libs/libgimpbase-2.0.so -lgtk-x11-2.0 -lgdk-x11-2.0 -lpangocairo-1.0 -latk-1.0 -lcairo -lgdk_pixbuf-2.0 -lgio-2.0 -lpangoft2-1.0 -lpango-1.0 -lgobject-2.0 -lfontconfig -lfreetype -lgthread-2.0 -lglib-2.0 -pthread
gcc -DHAVE_CONFIG_H -I. -I../..  -I../.. -pthread -I/usr/include/gtk-2.0 -I/usr/lib/x86_64-linux-gnu/gtk-2.0/include -I/usr/include/gio-unix-2.0 -I/usr/include/cairo -I/usr/include/pango-1.0 -I/usr/include/atk-1.0 -I/usr/include/cairo -I/usr/include/pixman-1 -I/usr/include/gdk-pixbuf-2.0 -I/usr/include/libmount -I/usr/include/blkid -I/usr/include/pango-1.0 -I/usr/include/harfbuzz -I/usr/include/pango-1.0 -I/usr/include/fribidi -I/usr/include/uuid -I/usr/include/freetype2 -I/usr/include/libpng16 -I/usr/include/glib-2.0 -I/usr/lib/x86_64-linux-gnu/glib-2.0/include -I/usr/local/include -DGIMP_DISABLE_DEPRECATED -DGDK_MULTIHEAD_SAFE -DGTK_MULTIHEAD_SAFE  -g -O2 -Wall -Wdeclaration-after-statement -Wmissing-prototypes -Wmissing-declarations -Winit-self -Wpointer-arith -Wold-style-definition -Wformat-security -MT noise-randomize.o -MD -MP -MF .deps/noise-randomize.Tpo -c -o noise-randomize.o noise-randomize.c
mv -f .deps/noise-randomize.Tpo .deps/noise-randomize.Po
/bin/bash ../../libtool  --tag=CC   --mode=link gcc  -g -O2 -Wall -Wdeclaration-after-statement -Wmissing-prototypes -Wmissing-declarations -Winit-self -Wpointer-arith -Wold-style-definition -Wformat-security   -o noise-randomize noise-randomize.o ../../libgimp/libgimpui-2.0.la ../../libgimpwidgets/libgimpwidgets-2.0.la ../../libgimpmodule/libgimpmodule-2.0.la ../../libgimp/libgimp-2.0.la ../../libgimpmath/libgimpmath-2.0.la -lm ../../libgimpconfig/libgimpconfig-2.0.la ../../libgimpcolor/libgimpcolor-2.0.la ../../libgimpbase/libgimpbase-2.0.la -lgtk-x11-2.0 -lgdk-x11-2.0 -lpangocairo-1.0 -latk-1.0 -lcairo -lgdk_pixbuf-2.0 -lgio-2.0 -lpangoft2-1.0 -lpango-1.0 -lgobject-2.0 -lfontconfig -lfreetype -lgthread-2.0 -pthread -lglib-2.0   
libtool: link: gcc -g -O2 -Wall -Wdeclaration-after-statement -Wmissing-prototypes -Wmissing-declarations -Winit-self -Wpointer-arith -Wold-style-definition -Wformat-security -o .libs/noise-randomize noise-randomize.o -pthread  ../../libgimp/.libs/libgimpui-2.0.so ../../libgimpwidgets/.libs/libgimpwidgets-2.0.so ../../libgimpmodule/.libs/libgimpmodule-2.0.so ../../libgimp/.libs/libgimp-2.0.so ../../libgimpmath/.libs/libgimpmath-2.0.so -lm ../../libgimpconfig/.libs/libgimpconfig-2.0.so ../../libgimpcolor/.libs/libgimpcolor-2.0.so ../../libgimpbase/.libs/libgimpbase-2.0.so -lgtk-x11-2.0 -lgdk-x11-2.0 -lpangocairo-1.0 -latk-1.0 -lcairo -lgdk_pixbuf-2.0 -lgio-2.0 -lpangoft2-1.0 -lpango-1.0 -lgobject-2.0 -lfontconfig -lfreetype -lgthread-2.0 -lglib-2.0 -pthread
gcc -DHAVE_CONFIG_H -I. -I../..  -I../.. -pthread -I/usr/include/gtk-2.0 -I/usr/lib/x86_64-linux-gnu/gtk-2.0/include -I/usr/include/gio-unix-2.0 -I/usr/include/cairo -I/usr/include/pango-1.0 -I/usr/include/atk-1.0 -I/usr/include/cairo -I/usr/include/pixman-1 -I/usr/include/gdk-pixbuf-2.0 -I/usr/include/libmount -I/usr/include/blkid -I/usr/include/pango-1.0 -I/usr/include/harfbuzz -I/usr/include/pango-1.0 -I/usr/include/fribidi -I/usr/include/uuid -I/usr/include/freetype2 -I/usr/include/libpng16 -I/usr/include/glib-2.0 -I/usr/lib/x86_64-linux-gnu/glib-2.0/include -I/usr/local/include -DGIMP_DISABLE_DEPRECATED -DGDK_MULTIHEAD_SAFE -DGTK_MULTIHEAD_SAFE  -g -O2 -Wall -Wdeclaration-after-statement -Wmissing-prototypes -Wmissing-declarations -Winit-self -Wpointer-arith -Wold-style-definition -Wformat-security -MT noise-rgb.o -MD -MP -MF .deps/noise-rgb.Tpo -c -o noise-rgb.o noise-rgb.c
mv -f .deps/noise-rgb.Tpo .deps/noise-rgb.Po
/bin/bash ../../libtool  --tag=CC   --mode=link gcc  -g -O2 -Wall -Wdeclaration-after-statement -Wmissing-prototypes -Wmissing-declarations -Winit-self -Wpointer-arith -Wold-style-definition -Wformat-security   -o noise-rgb noise-rgb.o ../../libgimp/libgimpui-2.0.la ../../libgimpwidgets/libgimpwidgets-2.0.la ../../libgimpmodule/libgimpmodule-2.0.la ../../libgimp/libgimp-2.0.la ../../libgimpmath/libgimpmath-2.0.la -lm ../../libgimpconfig/libgimpconfig-2.0.la ../../libgimpcolor/libgimpcolor-2.0.la ../../libgimpbase/libgimpbase-2.0.la -lgtk-x11-2.0 -lgdk-x11-2.0 -lpangocairo-1.0 -latk-1.0 -lcairo -lgdk_pixbuf-2.0 -lgio-2.0 -lpangoft2-1.0 -lpango-1.0 -lgobject-2.0 -lfontconfig -lfreetype -lgthread-2.0 -pthread -lglib-2.0   
libtool: link: gcc -g -O2 -Wall -Wdeclaration-after-statement -Wmissing-prototypes -Wmissing-declarations -Winit-self -Wpointer-arith -Wold-style-definition -Wformat-security -o .libs/noise-rgb noise-rgb.o -pthread  ../../libgimp/.libs/libgimpui-2.0.so ../../libgimpwidgets/.libs/libgimpwidgets-2.0.so ../../libgimpmodule/.libs/libgimpmodule-2.0.so ../../libgimp/.libs/libgimp-2.0.so ../../libgimpmath/.libs/libgimpmath-2.0.so -lm ../../libgimpconfig/.libs/libgimpconfig-2.0.so ../../libgimpcolor/.libs/libgimpcolor-2.0.so ../../libgimpbase/.libs/libgimpbase-2.0.so -lgtk-x11-2.0 -lgdk-x11-2.0 -lpangocairo-1.0 -latk-1.0 -lcairo -lgdk_pixbuf-2.0 -lgio-2.0 -lpangoft2-1.0 -lpango-1.0 -lgobject-2.0 -lfontconfig -lfreetype -lgthread-2.0 -lglib-2.0 -pthread
gcc -DHAVE_CONFIG_H -I. -I../..  -I../.. -pthread -I/usr/include/gtk-2.0 -I/usr/lib/x86_64-linux-gnu/gtk-2.0/include -I/usr/include/gio-unix-2.0 -I/usr/include/cairo -I/usr/include/pango-1.0 -I/usr/include/atk-1.0 -I/usr/include/cairo -I/usr/include/pixman-1 -I/usr/include/gdk-pixbuf-2.0 -I/usr/include/libmount -I/usr/include/blkid -I/usr/include/pango-1.0 -I/usr/include/harfbuzz -I/usr/include/pango-1.0 -I/usr/include/fribidi -I/usr/include/uuid -I/usr/include/freetype2 -I/usr/include/libpng16 -I/usr/include/glib-2.0 -I/usr/lib/x86_64-linux-gnu/glib-2.0/include -I/usr/local/include -DGIMP_DISABLE_DEPRECATED -DGDK_MULTIHEAD_SAFE -DGTK_MULTIHEAD_SAFE  -g -O2 -Wall -Wdeclaration-after-statement -Wmissing-prototypes -Wmissing-declarations -Winit-self -Wpointer-arith -Wold-style-definition -Wformat-security -MT noise-solid.o -MD -MP -MF .deps/noise-solid.Tpo -c -o noise-solid.o noise-solid.c
mv -f .deps/noise-solid.Tpo .deps/noise-solid.Po
/bin/bash ../../libtool  --tag=CC   --mode=link gcc  -g -O2 -Wall -Wdeclaration-after-statement -Wmissing-prototypes -Wmissing-declarations -Winit-self -Wpointer-arith -Wold-style-definition -Wformat-security   -o noise-solid noise-solid.o ../../libgimp/libgimpui-2.0.la ../../libgimpwidgets/libgimpwidgets-2.0.la ../../libgimpmodule/libgimpmodule-2.0.la ../../libgimp/libgimp-2.0.la ../../libgimpmath/libgimpmath-2.0.la -lm ../../libgimpconfig/libgimpconfig-2.0.la ../../libgimpcolor/libgimpcolor-2.0.la ../../libgimpbase/libgimpbase-2.0.la -lgtk-x11-2.0 -lgdk-x11-2.0 -lpangocairo-1.0 -latk-1.0 -lcairo -lgdk_pixbuf-2.0 -lgio-2.0 -lpangoft2-1.0 -lpango-1.0 -lgobject-2.0 -lfontconfig -lfreetype -lgthread-2.0 -pthread -lglib-2.0   
libtool: link: gcc -g -O2 -Wall -Wdeclaration-after-statement -Wmissing-prototypes -Wmissing-declarations -Winit-self -Wpointer-arith -Wold-style-definition -Wformat-security -o .libs/noise-solid noise-solid.o -pthread  ../../libgimp/.libs/libgimpui-2.0.so ../../libgimpwidgets/.libs/libgimpwidgets-2.0.so ../../libgimpmodule/.libs/libgimpmodule-2.0.so ../../libgimp/.libs/libgimp-2.0.so ../../libgimpmath/.libs/libgimpmath-2.0.so -lm ../../libgimpconfig/.libs/libgimpconfig-2.0.so ../../libgimpcolor/.libs/libgimpcolor-2.0.so ../../libgimpbase/.libs/libgimpbase-2.0.so -lgtk-x11-2.0 -lgdk-x11-2.0 -lpangocairo-1.0 -latk-1.0 -lcairo -lgdk_pixbuf-2.0 -lgio-2.0 -lpangoft2-1.0 -lpango-1.0 -lgobject-2.0 -lfontconfig -lfreetype -lgthread-2.0 -lglib-2.0 -pthread
gcc -DHAVE_CONFIG_H -I. -I../..  -I../.. -pthread -I/usr/include/gtk-2.0 -I/usr/lib/x86_64-linux-gnu/gtk-2.0/include -I/usr/include/gio-unix-2.0 -I/usr/include/cairo -I/usr/include/pango-1.0 -I/usr/include/atk-1.0 -I/usr/include/cairo -I/usr/include/pixman-1 -I/usr/include/gdk-pixbuf-2.0 -I/usr/include/libmount -I/usr/include/blkid -I/usr/include/pango-1.0 -I/usr/include/harfbuzz -I/usr/include/pango-1.0 -I/usr/include/fribidi -I/usr/include/uuid -I/usr/include/freetype2 -I/usr/include/libpng16 -I/usr/include/glib-2.0 -I/usr/lib/x86_64-linux-gnu/glib-2.0/include -I/usr/local/include -DGIMP_DISABLE_DEPRECATED -DGDK_MULTIHEAD_SAFE -DGTK_MULTIHEAD_SAFE  -g -O2 -Wall -Wdeclaration-after-statement -Wmissing-prototypes -Wmissing-declarations -Winit-self -Wpointer-arith -Wold-style-definition -Wformat-security -MT noise-spread.o -MD -MP -MF .deps/noise-spread.Tpo -c -o noise-spread.o noise-spread.c
mv -f .deps/noise-spread.Tpo .deps/noise-spread.Po
/bin/bash ../../libtool  --tag=CC   --mode=link gcc  -g -O2 -Wall -Wdeclaration-after-statement -Wmissing-prototypes -Wmissing-declarations -Winit-self -Wpointer-arith -Wold-style-definition -Wformat-security   -o noise-spread noise-spread.o ../../libgimp/libgimpui-2.0.la ../../libgimpwidgets/libgimpwidgets-2.0.la ../../libgimpmodule/libgimpmodule-2.0.la ../../libgimp/libgimp-2.0.la ../../libgimpmath/libgimpmath-2.0.la -lm ../../libgimpconfig/libgimpconfig-2.0.la ../../libgimpcolor/libgimpcolor-2.0.la ../../libgimpbase/libgimpbase-2.0.la -lgtk-x11-2.0 -lgdk-x11-2.0 -lpangocairo-1.0 -latk-1.0 -lcairo -lgdk_pixbuf-2.0 -lgio-2.0 -lpangoft2-1.0 -lpango-1.0 -lgobject-2.0 -lfontconfig -lfreetype -lgthread-2.0 -pthread -lglib-2.0   
libtool: link: gcc -g -O2 -Wall -Wdeclaration-after-statement -Wmissing-prototypes -Wmissing-declarations -Winit-self -Wpointer-arith -Wold-style-definition -Wformat-security -o .libs/noise-spread noise-spread.o -pthread  ../../libgimp/.libs/libgimpui-2.0.so ../../libgimpwidgets/.libs/libgimpwidgets-2.0.so ../../libgimpmodule/.libs/libgimpmodule-2.0.so ../../libgimp/.libs/libgimp-2.0.so ../../libgimpmath/.libs/libgimpmath-2.0.so -lm ../../libgimpconfig/.libs/libgimpconfig-2.0.so ../../libgimpcolor/.libs/libgimpcolor-2.0.so ../../libgimpbase/.libs/libgimpbase-2.0.so -lgtk-x11-2.0 -lgdk-x11-2.0 -lpangocairo-1.0 -latk-1.0 -lcairo -lgdk_pixbuf-2.0 -lgio-2.0 -lpangoft2-1.0 -lpango-1.0 -lgobject-2.0 -lfontconfig -lfreetype -lgthread-2.0 -lglib-2.0 -pthread
gcc -DHAVE_CONFIG_H -I. -I../..  -I../.. -pthread -I/usr/include/gtk-2.0 -I/usr/lib/x86_64-linux-gnu/gtk-2.0/include -I/usr/include/gio-unix-2.0 -I/usr/include/cairo -I/usr/include/pango-1.0 -I/usr/include/atk-1.0 -I/usr/include/cairo -I/usr/include/pixman-1 -I/usr/include/gdk-pixbuf-2.0 -I/usr/include/libmount -I/usr/include/blkid -I/usr/include/pango-1.0 -I/usr/include/harfbuzz -I/usr/include/pango-1.0 -I/usr/include/fribidi -I/usr/include/uuid -I/usr/include/freetype2 -I/usr/include/libpng16 -I/usr/include/glib-2.0 -I/usr/lib/x86_64-linux-gnu/glib-2.0/include -I/usr/local/include -DGIMP_DISABLE_DEPRECATED -DGDK_MULTIHEAD_SAFE -DGTK_MULTIHEAD_SAFE  -g -O2 -Wall -Wdeclaration-after-statement -Wmissing-prototypes -Wmissing-declarations -Winit-self -Wpointer-arith -Wold-style-definition -Wformat-security -MT nova.o -MD -MP -MF .deps/nova.Tpo -c -o nova.o nova.c
mv -f .deps/nova.Tpo .deps/nova.Po
/bin/bash ../../libtool  --tag=CC   --mode=link gcc  -g -O2 -Wall -Wdeclaration-after-statement -Wmissing-prototypes -Wmissing-declarations -Winit-self -Wpointer-arith -Wold-style-definition -Wformat-security   -o nova nova.o ../../libgimp/libgimpui-2.0.la ../../libgimpwidgets/libgimpwidgets-2.0.la ../../libgimpmodule/libgimpmodule-2.0.la ../../libgimp/libgimp-2.0.la ../../libgimpmath/libgimpmath-2.0.la -lm ../../libgimpconfig/libgimpconfig-2.0.la ../../libgimpcolor/libgimpcolor-2.0.la ../../libgimpbase/libgimpbase-2.0.la -lgtk-x11-2.0 -lgdk-x11-2.0 -lpangocairo-1.0 -latk-1.0 -lcairo -lgdk_pixbuf-2.0 -lgio-2.0 -lpangoft2-1.0 -lpango-1.0 -lgobject-2.0 -lfontconfig -lfreetype -lgthread-2.0 -pthread -lglib-2.0   
libtool: link: gcc -g -O2 -Wall -Wdeclaration-after-statement -Wmissing-prototypes -Wmissing-declarations -Winit-self -Wpointer-arith -Wold-style-definition -Wformat-security -o .libs/nova nova.o -pthread  ../../libgimp/.libs/libgimpui-2.0.so ../../libgimpwidgets/.libs/libgimpwidgets-2.0.so ../../libgimpmodule/.libs/libgimpmodule-2.0.so ../../libgimp/.libs/libgimp-2.0.so ../../libgimpmath/.libs/libgimpmath-2.0.so -lm ../../libgimpconfig/.libs/libgimpconfig-2.0.so ../../libgimpcolor/.libs/libgimpcolor-2.0.so ../../libgimpbase/.libs/libgimpbase-2.0.so -lgtk-x11-2.0 -lgdk-x11-2.0 -lpangocairo-1.0 -latk-1.0 -lcairo -lgdk_pixbuf-2.0 -lgio-2.0 -lpangoft2-1.0 -lpango-1.0 -lgobject-2.0 -lfontconfig -lfreetype -lgthread-2.0 -lglib-2.0 -pthread
gcc -DHAVE_CONFIG_H -I. -I../..  -I../.. -pthread -I/usr/include/gtk-2.0 -I/usr/lib/x86_64-linux-gnu/gtk-2.0/include -I/usr/include/gio-unix-2.0 -I/usr/include/cairo -I/usr/include/pango-1.0 -I/usr/include/atk-1.0 -I/usr/include/cairo -I/usr/include/pixman-1 -I/usr/include/gdk-pixbuf-2.0 -I/usr/include/libmount -I/usr/include/blkid -I/usr/include/pango-1.0 -I/usr/include/harfbuzz -I/usr/include/pango-1.0 -I/usr/include/fribidi -I/usr/include/uuid -I/usr/include/freetype2 -I/usr/include/libpng16 -I/usr/include/glib-2.0 -I/usr/lib/x86_64-linux-gnu/glib-2.0/include -I/usr/local/include -DGIMP_DISABLE_DEPRECATED -DGDK_MULTIHEAD_SAFE -DGTK_MULTIHEAD_SAFE  -g -O2 -Wall -Wdeclaration-after-statement -Wmissing-prototypes -Wmissing-declarations -Winit-self -Wpointer-arith -Wold-style-definition -Wformat-security -MT oilify.o -MD -MP -MF .deps/oilify.Tpo -c -o oilify.o oilify.c
mv -f .deps/oilify.Tpo .deps/oilify.Po
/bin/bash ../../libtool  --tag=CC   --mode=link gcc  -g -O2 -Wall -Wdeclaration-after-statement -Wmissing-prototypes -Wmissing-declarations -Winit-self -Wpointer-arith -Wold-style-definition -Wformat-security   -o oilify oilify.o ../../libgimp/libgimpui-2.0.la ../../libgimpwidgets/libgimpwidgets-2.0.la ../../libgimpmodule/libgimpmodule-2.0.la ../../libgimp/libgimp-2.0.la ../../libgimpmath/libgimpmath-2.0.la -lm ../../libgimpconfig/libgimpconfig-2.0.la ../../libgimpcolor/libgimpcolor-2.0.la ../../libgimpbase/libgimpbase-2.0.la -lgtk-x11-2.0 -lgdk-x11-2.0 -lpangocairo-1.0 -latk-1.0 -lcairo -lgdk_pixbuf-2.0 -lgio-2.0 -lpangoft2-1.0 -lpango-1.0 -lgobject-2.0 -lfontconfig -lfreetype -lgthread-2.0 -pthread -lglib-2.0   
libtool: link: gcc -g -O2 -Wall -Wdeclaration-after-statement -Wmissing-prototypes -Wmissing-declarations -Winit-self -Wpointer-arith -Wold-style-definition -Wformat-security -o .libs/oilify oilify.o -pthread  ../../libgimp/.libs/libgimpui-2.0.so ../../libgimpwidgets/.libs/libgimpwidgets-2.0.so ../../libgimpmodule/.libs/libgimpmodule-2.0.so ../../libgimp/.libs/libgimp-2.0.so ../../libgimpmath/.libs/libgimpmath-2.0.so -lm ../../libgimpconfig/.libs/libgimpconfig-2.0.so ../../libgimpcolor/.libs/libgimpcolor-2.0.so ../../libgimpbase/.libs/libgimpbase-2.0.so -lgtk-x11-2.0 -lgdk-x11-2.0 -lpangocairo-1.0 -latk-1.0 -lcairo -lgdk_pixbuf-2.0 -lgio-2.0 -lpangoft2-1.0 -lpango-1.0 -lgobject-2.0 -lfontconfig -lfreetype -lgthread-2.0 -lglib-2.0 -pthread
gcc -DHAVE_CONFIG_H -I. -I../..  -I../.. -pthread -I/usr/include/gtk-2.0 -I/usr/lib/x86_64-linux-gnu/gtk-2.0/include -I/usr/include/gio-unix-2.0 -I/usr/include/cairo -I/usr/include/pango-1.0 -I/usr/include/atk-1.0 -I/usr/include/cairo -I/usr/include/pixman-1 -I/usr/include/gdk-pixbuf-2.0 -I/usr/include/libmount -I/usr/include/blkid -I/usr/include/pango-1.0 -I/usr/include/harfbuzz -I/usr/include/pango-1.0 -I/usr/include/fribidi -I/usr/include/uuid -I/usr/include/freetype2 -I/usr/include/libpng16 -I/usr/include/glib-2.0 -I/usr/lib/x86_64-linux-gnu/glib-2.0/include -I/usr/local/include -DGIMP_DISABLE_DEPRECATED -DGDK_MULTIHEAD_SAFE -DGTK_MULTIHEAD_SAFE  -g -O2 -Wall -Wdeclaration-after-statement -Wmissing-prototypes -Wmissing-declarations -Winit-self -Wpointer-arith -Wold-style-definition -Wformat-security -MT photocopy.o -MD -MP -MF .deps/photocopy.Tpo -c -o photocopy.o photocopy.c
mv -f .deps/photocopy.Tpo .deps/photocopy.Po
/bin/bash ../../libtool  --tag=CC   --mode=link gcc  -g -O2 -Wall -Wdeclaration-after-statement -Wmissing-prototypes -Wmissing-declarations -Winit-self -Wpointer-arith -Wold-style-definition -Wformat-security   -o photocopy photocopy.o ../../libgimp/libgimpui-2.0.la ../../libgimpwidgets/libgimpwidgets-2.0.la ../../libgimpmodule/libgimpmodule-2.0.la ../../libgimp/libgimp-2.0.la ../../libgimpmath/libgimpmath-2.0.la -lm ../../libgimpconfig/libgimpconfig-2.0.la ../../libgimpcolor/libgimpcolor-2.0.la ../../libgimpbase/libgimpbase-2.0.la -lgtk-x11-2.0 -lgdk-x11-2.0 -lpangocairo-1.0 -latk-1.0 -lcairo -lgdk_pixbuf-2.0 -lgio-2.0 -lpangoft2-1.0 -lpango-1.0 -lgobject-2.0 -lfontconfig -lfreetype -lgthread-2.0 -pthread -lglib-2.0   
libtool: link: gcc -g -O2 -Wall -Wdeclaration-after-statement -Wmissing-prototypes -Wmissing-declarations -Winit-self -Wpointer-arith -Wold-style-definition -Wformat-security -o .libs/photocopy photocopy.o -pthread  ../../libgimp/.libs/libgimpui-2.0.so ../../libgimpwidgets/.libs/libgimpwidgets-2.0.so ../../libgimpmodule/.libs/libgimpmodule-2.0.so ../../libgimp/.libs/libgimp-2.0.so ../../libgimpmath/.libs/libgimpmath-2.0.so -lm ../../libgimpconfig/.libs/libgimpconfig-2.0.so ../../libgimpcolor/.libs/libgimpcolor-2.0.so ../../libgimpbase/.libs/libgimpbase-2.0.so -lgtk-x11-2.0 -lgdk-x11-2.0 -lpangocairo-1.0 -latk-1.0 -lcairo -lgdk_pixbuf-2.0 -lgio-2.0 -lpangoft2-1.0 -lpango-1.0 -lgobject-2.0 -lfontconfig -lfreetype -lgthread-2.0 -lglib-2.0 -pthread
gcc -DHAVE_CONFIG_H -I. -I../..  -I../.. -pthread -I/usr/include/gtk-2.0 -I/usr/lib/x86_64-linux-gnu/gtk-2.0/include -I/usr/include/gio-unix-2.0 -I/usr/include/cairo -I/usr/include/pango-1.0 -I/usr/include/atk-1.0 -I/usr/include/cairo -I/usr/include/pixman-1 -I/usr/include/gdk-pixbuf-2.0 -I/usr/include/libmount -I/usr/include/blkid -I/usr/include/pango-1.0 -I/usr/include/harfbuzz -I/usr/include/pango-1.0 -I/usr/include/fribidi -I/usr/include/uuid -I/usr/include/freetype2 -I/usr/include/libpng16 -I/usr/include/glib-2.0 -I/usr/lib/x86_64-linux-gnu/glib-2.0/include -I/usr/local/include -DGIMP_DISABLE_DEPRECATED -DGDK_MULTIHEAD_SAFE -DGTK_MULTIHEAD_SAFE  -g -O2 -Wall -Wdeclaration-after-statement -Wmissing-prototypes -Wmissing-declarations -Winit-self -Wpointer-arith -Wold-style-definition -Wformat-security -MT pixelize.o -MD -MP -MF .deps/pixelize.Tpo -c -o pixelize.o pixelize.c
mv -f .deps/pixelize.Tpo .deps/pixelize.Po
/bin/bash ../../libtool  --tag=CC   --mode=link gcc  -g -O2 -Wall -Wdeclaration-after-statement -Wmissing-prototypes -Wmissing-declarations -Winit-self -Wpointer-arith -Wold-style-definition -Wformat-security   -o pixelize pixelize.o ../../libgimp/libgimpui-2.0.la ../../libgimpwidgets/libgimpwidgets-2.0.la ../../libgimpmodule/libgimpmodule-2.0.la ../../libgimp/libgimp-2.0.la ../../libgimpmath/libgimpmath-2.0.la -lm ../../libgimpconfig/libgimpconfig-2.0.la ../../libgimpcolor/libgimpcolor-2.0.la ../../libgimpbase/libgimpbase-2.0.la -lgtk-x11-2.0 -lgdk-x11-2.0 -lpangocairo-1.0 -latk-1.0 -lcairo -lgdk_pixbuf-2.0 -lgio-2.0 -lpangoft2-1.0 -lpango-1.0 -lgobject-2.0 -lfontconfig -lfreetype -lgthread-2.0 -pthread -lglib-2.0   
libtool: link: gcc -g -O2 -Wall -Wdeclaration-after-statement -Wmissing-prototypes -Wmissing-declarations -Winit-self -Wpointer-arith -Wold-style-definition -Wformat-security -o .libs/pixelize pixelize.o -pthread  ../../libgimp/.libs/libgimpui-2.0.so ../../libgimpwidgets/.libs/libgimpwidgets-2.0.so ../../libgimpmodule/.libs/libgimpmodule-2.0.so ../../libgimp/.libs/libgimp-2.0.so ../../libgimpmath/.libs/libgimpmath-2.0.so -lm ../../libgimpconfig/.libs/libgimpconfig-2.0.so ../../libgimpcolor/.libs/libgimpcolor-2.0.so ../../libgimpbase/.libs/libgimpbase-2.0.so -lgtk-x11-2.0 -lgdk-x11-2.0 -lpangocairo-1.0 -latk-1.0 -lcairo -lgdk_pixbuf-2.0 -lgio-2.0 -lpangoft2-1.0 -lpango-1.0 -lgobject-2.0 -lfontconfig -lfreetype -lgthread-2.0 -lglib-2.0 -pthread
gcc -DHAVE_CONFIG_H -I. -I../..  -I../.. -pthread -I/usr/include/gtk-2.0 -I/usr/lib/x86_64-linux-gnu/gtk-2.0/include -I/usr/include/gio-unix-2.0 -I/usr/include/cairo -I/usr/include/pango-1.0 -I/usr/include/atk-1.0 -I/usr/include/cairo -I/usr/include/pixman-1 -I/usr/include/gdk-pixbuf-2.0 -I/usr/include/libmount -I/usr/include/blkid -I/usr/include/pango-1.0 -I/usr/include/harfbuzz -I/usr/include/pango-1.0 -I/usr/include/fribidi -I/usr/include/uuid -I/usr/include/freetype2 -I/usr/include/libpng16 -I/usr/include/glib-2.0 -I/usr/lib/x86_64-linux-gnu/glib-2.0/include -I/usr/local/include -DGIMP_DISABLE_DEPRECATED -DGDK_MULTIHEAD_SAFE -DGTK_MULTIHEAD_SAFE  -g -O2 -Wall -Wdeclaration-after-statement -Wmissing-prototypes -Wmissing-declarations -Winit-self -Wpointer-arith -Wold-style-definition -Wformat-security -MT plasma.o -MD -MP -MF .deps/plasma.Tpo -c -o plasma.o plasma.c
mv -f .deps/plasma.Tpo .deps/plasma.Po
/bin/bash ../../libtool  --tag=CC   --mode=link gcc  -g -O2 -Wall -Wdeclaration-after-statement -Wmissing-prototypes -Wmissing-declarations -Winit-self -Wpointer-arith -Wold-style-definition -Wformat-security   -o plasma plasma.o ../../libgimp/libgimpui-2.0.la ../../libgimpwidgets/libgimpwidgets-2.0.la ../../libgimpmodule/libgimpmodule-2.0.la ../../libgimp/libgimp-2.0.la ../../libgimpmath/libgimpmath-2.0.la -lm ../../libgimpconfig/libgimpconfig-2.0.la ../../libgimpcolor/libgimpcolor-2.0.la ../../libgimpbase/libgimpbase-2.0.la -lgtk-x11-2.0 -lgdk-x11-2.0 -lpangocairo-1.0 -latk-1.0 -lcairo -lgdk_pixbuf-2.0 -lgio-2.0 -lpangoft2-1.0 -lpango-1.0 -lgobject-2.0 -lfontconfig -lfreetype -lgthread-2.0 -pthread -lglib-2.0   
libtool: link: gcc -g -O2 -Wall -Wdeclaration-after-statement -Wmissing-prototypes -Wmissing-declarations -Winit-self -Wpointer-arith -Wold-style-definition -Wformat-security -o .libs/plasma plasma.o -pthread  ../../libgimp/.libs/libgimpui-2.0.so ../../libgimpwidgets/.libs/libgimpwidgets-2.0.so ../../libgimpmodule/.libs/libgimpmodule-2.0.so ../../libgimp/.libs/libgimp-2.0.so ../../libgimpmath/.libs/libgimpmath-2.0.so -lm ../../libgimpconfig/.libs/libgimpconfig-2.0.so ../../libgimpcolor/.libs/libgimpcolor-2.0.so ../../libgimpbase/.libs/libgimpbase-2.0.so -lgtk-x11-2.0 -lgdk-x11-2.0 -lpangocairo-1.0 -latk-1.0 -lcairo -lgdk_pixbuf-2.0 -lgio-2.0 -lpangoft2-1.0 -lpango-1.0 -lgobject-2.0 -lfontconfig -lfreetype -lgthread-2.0 -lglib-2.0 -pthread
gcc -DHAVE_CONFIG_H -I. -I../..  -I../.. -pthread -I/usr/include/gtk-2.0 -I/usr/lib/x86_64-linux-gnu/gtk-2.0/include -I/usr/include/gio-unix-2.0 -I/usr/include/cairo -I/usr/include/pango-1.0 -I/usr/include/atk-1.0 -I/usr/include/cairo -I/usr/include/pixman-1 -I/usr/include/gdk-pixbuf-2.0 -I/usr/include/libmount -I/usr/include/blkid -I/usr/include/pango-1.0 -I/usr/include/harfbuzz -I/usr/include/pango-1.0 -I/usr/include/fribidi -I/usr/include/uuid -I/usr/include/freetype2 -I/usr/include/libpng16 -I/usr/include/glib-2.0 -I/usr/lib/x86_64-linux-gnu/glib-2.0/include -I/usr/local/include -DGIMP_DISABLE_DEPRECATED -DGDK_MULTIHEAD_SAFE -DGTK_MULTIHEAD_SAFE  -g -O2 -Wall -Wdeclaration-after-statement -Wmissing-prototypes -Wmissing-declarations -Winit-self -Wpointer-arith -Wold-style-definition -Wformat-security -MT plugin-browser.o -MD -MP -MF .deps/plugin-browser.Tpo -c -o plugin-browser.o plugin-browser.c
mv -f .deps/plugin-browser.Tpo .deps/plugin-browser.Po
/bin/bash ../../libtool  --tag=CC   --mode=link gcc  -g -O2 -Wall -Wdeclaration-after-statement -Wmissing-prototypes -Wmissing-declarations -Winit-self -Wpointer-arith -Wold-style-definition -Wformat-security   -o plugin-browser plugin-browser.o ../../libgimp/libgimpui-2.0.la ../../libgimpwidgets/libgimpwidgets-2.0.la ../../libgimpmodule/libgimpmodule-2.0.la ../../libgimp/libgimp-2.0.la ../../libgimpmath/libgimpmath-2.0.la -lm ../../libgimpconfig/libgimpconfig-2.0.la ../../libgimpcolor/libgimpcolor-2.0.la ../../libgimpbase/libgimpbase-2.0.la -lgtk-x11-2.0 -lgdk-x11-2.0 -lpangocairo-1.0 -latk-1.0 -lcairo -lgdk_pixbuf-2.0 -lgio-2.0 -lpangoft2-1.0 -lpango-1.0 -lgobject-2.0 -lfontconfig -lfreetype -lgthread-2.0 -pthread -lglib-2.0   
libtool: link: gcc -g -O2 -Wall -Wdeclaration-after-statement -Wmissing-prototypes -Wmissing-declarations -Winit-self -Wpointer-arith -Wold-style-definition -Wformat-security -o .libs/plugin-browser plugin-browser.o -pthread  ../../libgimp/.libs/libgimpui-2.0.so ../../libgimpwidgets/.libs/libgimpwidgets-2.0.so ../../libgimpmodule/.libs/libgimpmodule-2.0.so ../../libgimp/.libs/libgimp-2.0.so ../../libgimpmath/.libs/libgimpmath-2.0.so -lm ../../libgimpconfig/.libs/libgimpconfig-2.0.so ../../libgimpcolor/.libs/libgimpcolor-2.0.so ../../libgimpbase/.libs/libgimpbase-2.0.so -lgtk-x11-2.0 -lgdk-x11-2.0 -lpangocairo-1.0 -latk-1.0 -lcairo -lgdk_pixbuf-2.0 -lgio-2.0 -lpangoft2-1.0 -lpango-1.0 -lgobject-2.0 -lfontconfig -lfreetype -lgthread-2.0 -lglib-2.0 -pthread
gcc -DHAVE_CONFIG_H -I. -I../..  -I../.. -pthread -I/usr/include/gtk-2.0 -I/usr/lib/x86_64-linux-gnu/gtk-2.0/include -I/usr/include/gio-unix-2.0 -I/usr/include/cairo -I/usr/include/pango-1.0 -I/usr/include/atk-1.0 -I/usr/include/cairo -I/usr/include/pixman-1 -I/usr/include/gdk-pixbuf-2.0 -I/usr/include/libmount -I/usr/include/blkid -I/usr/include/pango-1.0 -I/usr/include/harfbuzz -I/usr/include/pango-1.0 -I/usr/include/fribidi -I/usr/include/uuid -I/usr/include/freetype2 -I/usr/include/libpng16 -I/usr/include/glib-2.0 -I/usr/lib/x86_64-linux-gnu/glib-2.0/include -I/usr/local/include -DGIMP_DISABLE_DEPRECATED -DGDK_MULTIHEAD_SAFE -DGTK_MULTIHEAD_SAFE  -g -O2 -Wall -Wdeclaration-after-statement -Wmissing-prototypes -Wmissing-declarations -Winit-self -Wpointer-arith -Wold-style-definition -Wformat-security -MT polar-coords.o -MD -MP -MF .deps/polar-coords.Tpo -c -o polar-coords.o polar-coords.c
mv -f .deps/polar-coords.Tpo .deps/polar-coords.Po
/bin/bash ../../libtool  --tag=CC   --mode=link gcc  -g -O2 -Wall -Wdeclaration-after-statement -Wmissing-prototypes -Wmissing-declarations -Winit-self -Wpointer-arith -Wold-style-definition -Wformat-security   -o polar-coords polar-coords.o ../../libgimp/libgimpui-2.0.la ../../libgimpwidgets/libgimpwidgets-2.0.la ../../libgimpmodule/libgimpmodule-2.0.la ../../libgimp/libgimp-2.0.la ../../libgimpmath/libgimpmath-2.0.la -lm ../../libgimpconfig/libgimpconfig-2.0.la ../../libgimpcolor/libgimpcolor-2.0.la ../../libgimpbase/libgimpbase-2.0.la -lgtk-x11-2.0 -lgdk-x11-2.0 -lpangocairo-1.0 -latk-1.0 -lcairo -lgdk_pixbuf-2.0 -lgio-2.0 -lpangoft2-1.0 -lpango-1.0 -lgobject-2.0 -lfontconfig -lfreetype -lgthread-2.0 -pthread -lglib-2.0   
libtool: link: gcc -g -O2 -Wall -Wdeclaration-after-statement -Wmissing-prototypes -Wmissing-declarations -Winit-self -Wpointer-arith -Wold-style-definition -Wformat-security -o .libs/polar-coords polar-coords.o -pthread  ../../libgimp/.libs/libgimpui-2.0.so ../../libgimpwidgets/.libs/libgimpwidgets-2.0.so ../../libgimpmodule/.libs/libgimpmodule-2.0.so ../../libgimp/.libs/libgimp-2.0.so ../../libgimpmath/.libs/libgimpmath-2.0.so -lm ../../libgimpconfig/.libs/libgimpconfig-2.0.so ../../libgimpcolor/.libs/libgimpcolor-2.0.so ../../libgimpbase/.libs/libgimpbase-2.0.so -lgtk-x11-2.0 -lgdk-x11-2.0 -lpangocairo-1.0 -latk-1.0 -lcairo -lgdk_pixbuf-2.0 -lgio-2.0 -lpangoft2-1.0 -lpango-1.0 -lgobject-2.0 -lfontconfig -lfreetype -lgthread-2.0 -lglib-2.0 -pthread
gcc -DHAVE_CONFIG_H -I. -I../..  -I../.. -pthread -I/usr/include/gtk-2.0 -I/usr/lib/x86_64-linux-gnu/gtk-2.0/include -I/usr/include/gio-unix-2.0 -I/usr/include/cairo -I/usr/include/pango-1.0 -I/usr/include/atk-1.0 -I/usr/include/cairo -I/usr/include/pixman-1 -I/usr/include/gdk-pixbuf-2.0 -I/usr/include/libmount -I/usr/include/blkid -I/usr/include/pango-1.0 -I/usr/include/harfbuzz -I/usr/include/pango-1.0 -I/usr/include/fribidi -I/usr/include/uuid -I/usr/include/freetype2 -I/usr/include/libpng16 -I/usr/include/glib-2.0 -I/usr/lib/x86_64-linux-gnu/glib-2.0/include -I/usr/local/include -DGIMP_DISABLE_DEPRECATED -DGDK_MULTIHEAD_SAFE -DGTK_MULTIHEAD_SAFE  -g -O2 -Wall -Wdeclaration-after-statement -Wmissing-prototypes -Wmissing-declarations -Winit-self -Wpointer-arith -Wold-style-definition -Wformat-security -MT procedure-browser.o -MD -MP -MF .deps/procedure-browser.Tpo -c -o procedure-browser.o procedure-browser.c
mv -f .deps/procedure-browser.Tpo .deps/procedure-browser.Po
/bin/bash ../../libtool  --tag=CC   --mode=link gcc  -g -O2 -Wall -Wdeclaration-after-statement -Wmissing-prototypes -Wmissing-declarations -Winit-self -Wpointer-arith -Wold-style-definition -Wformat-security   -o procedure-browser procedure-browser.o ../../libgimp/libgimpui-2.0.la ../../libgimpwidgets/libgimpwidgets-2.0.la ../../libgimpmodule/libgimpmodule-2.0.la ../../libgimp/libgimp-2.0.la ../../libgimpmath/libgimpmath-2.0.la -lm ../../libgimpconfig/libgimpconfig-2.0.la ../../libgimpcolor/libgimpcolor-2.0.la ../../libgimpbase/libgimpbase-2.0.la -lgtk-x11-2.0 -lgdk-x11-2.0 -lpangocairo-1.0 -latk-1.0 -lcairo -lgdk_pixbuf-2.0 -lgio-2.0 -lpangoft2-1.0 -lpango-1.0 -lgobject-2.0 -lfontconfig -lfreetype -lgthread-2.0 -pthread -lglib-2.0   
libtool: link: gcc -g -O2 -Wall -Wdeclaration-after-statement -Wmissing-prototypes -Wmissing-declarations -Winit-self -Wpointer-arith -Wold-style-definition -Wformat-security -o .libs/procedure-browser procedure-browser.o -pthread  ../../libgimp/.libs/libgimpui-2.0.so ../../libgimpwidgets/.libs/libgimpwidgets-2.0.so ../../libgimpmodule/.libs/libgimpmodule-2.0.so ../../libgimp/.libs/libgimp-2.0.so ../../libgimpmath/.libs/libgimpmath-2.0.so -lm ../../libgimpconfig/.libs/libgimpconfig-2.0.so ../../libgimpcolor/.libs/libgimpcolor-2.0.so ../../libgimpbase/.libs/libgimpbase-2.0.so -lgtk-x11-2.0 -lgdk-x11-2.0 -lpangocairo-1.0 -latk-1.0 -lcairo -lgdk_pixbuf-2.0 -lgio-2.0 -lpangoft2-1.0 -lpango-1.0 -lgobject-2.0 -lfontconfig -lfreetype -lgthread-2.0 -lglib-2.0 -pthread
gcc -DHAVE_CONFIG_H -I. -I../..  -I../.. -pthread -I/usr/include/gtk-2.0 -I/usr/lib/x86_64-linux-gnu/gtk-2.0/include -I/usr/include/gio-unix-2.0 -I/usr/include/cairo -I/usr/include/pango-1.0 -I/usr/include/atk-1.0 -I/usr/include/cairo -I/usr/include/pixman-1 -I/usr/include/gdk-pixbuf-2.0 -I/usr/include/libmount -I/usr/include/blkid -I/usr/include/pango-1.0 -I/usr/include/harfbuzz -I/usr/include/pango-1.0 -I/usr/include/fribidi -I/usr/include/uuid -I/usr/include/freetype2 -I/usr/include/libpng16 -I/usr/include/glib-2.0 -I/usr/lib/x86_64-linux-gnu/glib-2.0/include -I/usr/local/include -DGIMP_DISABLE_DEPRECATED -DGDK_MULTIHEAD_SAFE -DGTK_MULTIHEAD_SAFE  -g -O2 -Wall -Wdeclaration-after-statement -Wmissing-prototypes -Wmissing-declarations -Winit-self -Wpointer-arith -Wold-style-definition -Wformat-security -MT qbist.o -MD -MP -MF .deps/qbist.Tpo -c -o qbist.o qbist.c
mv -f .deps/qbist.Tpo .deps/qbist.Po
/bin/bash ../../libtool  --tag=CC   --mode=link gcc  -g -O2 -Wall -Wdeclaration-after-statement -Wmissing-prototypes -Wmissing-declarations -Winit-self -Wpointer-arith -Wold-style-definition -Wformat-security   -o qbist qbist.o ../../libgimp/libgimpui-2.0.la ../../libgimpwidgets/libgimpwidgets-2.0.la ../../libgimpmodule/libgimpmodule-2.0.la ../../libgimp/libgimp-2.0.la ../../libgimpmath/libgimpmath-2.0.la -lm ../../libgimpconfig/libgimpconfig-2.0.la ../../libgimpcolor/libgimpcolor-2.0.la ../../libgimpbase/libgimpbase-2.0.la -lgtk-x11-2.0 -lgdk-x11-2.0 -lpangocairo-1.0 -latk-1.0 -lcairo -lgdk_pixbuf-2.0 -lgio-2.0 -lpangoft2-1.0 -lpango-1.0 -lgobject-2.0 -lfontconfig -lfreetype -lgthread-2.0 -pthread -lglib-2.0   
libtool: link: gcc -g -O2 -Wall -Wdeclaration-after-statement -Wmissing-prototypes -Wmissing-declarations -Winit-self -Wpointer-arith -Wold-style-definition -Wformat-security -o .libs/qbist qbist.o -pthread  ../../libgimp/.libs/libgimpui-2.0.so ../../libgimpwidgets/.libs/libgimpwidgets-2.0.so ../../libgimpmodule/.libs/libgimpmodule-2.0.so ../../libgimp/.libs/libgimp-2.0.so ../../libgimpmath/.libs/libgimpmath-2.0.so -lm ../../libgimpconfig/.libs/libgimpconfig-2.0.so ../../libgimpcolor/.libs/libgimpcolor-2.0.so ../../libgimpbase/.libs/libgimpbase-2.0.so -lgtk-x11-2.0 -lgdk-x11-2.0 -lpangocairo-1.0 -latk-1.0 -lcairo -lgdk_pixbuf-2.0 -lgio-2.0 -lpangoft2-1.0 -lpango-1.0 -lgobject-2.0 -lfontconfig -lfreetype -lgthread-2.0 -lglib-2.0 -pthread
gcc -DHAVE_CONFIG_H -I. -I../..  -I../.. -pthread -I/usr/include/gtk-2.0 -I/usr/lib/x86_64-linux-gnu/gtk-2.0/include -I/usr/include/gio-unix-2.0 -I/usr/include/cairo -I/usr/include/pango-1.0 -I/usr/include/atk-1.0 -I/usr/include/cairo -I/usr/include/pixman-1 -I/usr/include/gdk-pixbuf-2.0 -I/usr/include/libmount -I/usr/include/blkid -I/usr/include/pango-1.0 -I/usr/include/harfbuzz -I/usr/include/pango-1.0 -I/usr/include/fribidi -I/usr/include/uuid -I/usr/include/freetype2 -I/usr/include/libpng16 -I/usr/include/glib-2.0 -I/usr/lib/x86_64-linux-gnu/glib-2.0/include -I/usr/local/include -DGIMP_DISABLE_DEPRECATED -DGDK_MULTIHEAD_SAFE -DGTK_MULTIHEAD_SAFE  -g -O2 -Wall -Wdeclaration-after-statement -Wmissing-prototypes -Wmissing-declarations -Winit-self -Wpointer-arith -Wold-style-definition -Wformat-security -MT red-eye-removal.o -MD -MP -MF .deps/red-eye-removal.Tpo -c -o red-eye-removal.o red-eye-removal.c
mv -f .deps/red-eye-removal.Tpo .deps/red-eye-removal.Po
/bin/bash ../../libtool  --tag=CC   --mode=link gcc  -g -O2 -Wall -Wdeclaration-after-statement -Wmissing-prototypes -Wmissing-declarations -Winit-self -Wpointer-arith -Wold-style-definition -Wformat-security   -o red-eye-removal red-eye-removal.o ../../libgimp/libgimpui-2.0.la ../../libgimpwidgets/libgimpwidgets-2.0.la ../../libgimpmodule/libgimpmodule-2.0.la ../../libgimp/libgimp-2.0.la ../../libgimpmath/libgimpmath-2.0.la -lm ../../libgimpconfig/libgimpconfig-2.0.la ../../libgimpcolor/libgimpcolor-2.0.la ../../libgimpbase/libgimpbase-2.0.la -lgtk-x11-2.0 -lgdk-x11-2.0 -lpangocairo-1.0 -latk-1.0 -lcairo -lgdk_pixbuf-2.0 -lgio-2.0 -lpangoft2-1.0 -lpango-1.0 -lgobject-2.0 -lfontconfig -lfreetype -lgthread-2.0 -pthread -lglib-2.0   
libtool: link: gcc -g -O2 -Wall -Wdeclaration-after-statement -Wmissing-prototypes -Wmissing-declarations -Winit-self -Wpointer-arith -Wold-style-definition -Wformat-security -o .libs/red-eye-removal red-eye-removal.o -pthread  ../../libgimp/.libs/libgimpui-2.0.so ../../libgimpwidgets/.libs/libgimpwidgets-2.0.so ../../libgimpmodule/.libs/libgimpmodule-2.0.so ../../libgimp/.libs/libgimp-2.0.so ../../libgimpmath/.libs/libgimpmath-2.0.so -lm ../../libgimpconfig/.libs/libgimpconfig-2.0.so ../../libgimpcolor/.libs/libgimpcolor-2.0.so ../../libgimpbase/.libs/libgimpbase-2.0.so -lgtk-x11-2.0 -lgdk-x11-2.0 -lpangocairo-1.0 -latk-1.0 -lcairo -lgdk_pixbuf-2.0 -lgio-2.0 -lpangoft2-1.0 -lpango-1.0 -lgobject-2.0 -lfontconfig -lfreetype -lgthread-2.0 -lglib-2.0 -pthread
gcc -DHAVE_CONFIG_H -I. -I../..  -I../.. -pthread -I/usr/include/gtk-2.0 -I/usr/lib/x86_64-linux-gnu/gtk-2.0/include -I/usr/include/gio-unix-2.0 -I/usr/include/cairo -I/usr/include/pango-1.0 -I/usr/include/atk-1.0 -I/usr/include/cairo -I/usr/include/pixman-1 -I/usr/include/gdk-pixbuf-2.0 -I/usr/include/libmount -I/usr/include/blkid -I/usr/include/pango-1.0 -I/usr/include/harfbuzz -I/usr/include/pango-1.0 -I/usr/include/fribidi -I/usr/include/uuid -I/usr/include/freetype2 -I/usr/include/libpng16 -I/usr/include/glib-2.0 -I/usr/lib/x86_64-linux-gnu/glib-2.0/include -I/usr/local/include -DGIMP_DISABLE_DEPRECATED -DGDK_MULTIHEAD_SAFE -DGTK_MULTIHEAD_SAFE  -g -O2 -Wall -Wdeclaration-after-statement -Wmissing-prototypes -Wmissing-declarations -Winit-self -Wpointer-arith -Wold-style-definition -Wformat-security -MT ripple.o -MD -MP -MF .deps/ripple.Tpo -c -o ripple.o ripple.c
mv -f .deps/ripple.Tpo .deps/ripple.Po
/bin/bash ../../libtool  --tag=CC   --mode=link gcc  -g -O2 -Wall -Wdeclaration-after-statement -Wmissing-prototypes -Wmissing-declarations -Winit-self -Wpointer-arith -Wold-style-definition -Wformat-security   -o ripple ripple.o ../../libgimp/libgimpui-2.0.la ../../libgimpwidgets/libgimpwidgets-2.0.la ../../libgimpmodule/libgimpmodule-2.0.la ../../libgimp/libgimp-2.0.la ../../libgimpmath/libgimpmath-2.0.la -lm ../../libgimpconfig/libgimpconfig-2.0.la ../../libgimpcolor/libgimpcolor-2.0.la ../../libgimpbase/libgimpbase-2.0.la -lgtk-x11-2.0 -lgdk-x11-2.0 -lpangocairo-1.0 -latk-1.0 -lcairo -lgdk_pixbuf-2.0 -lgio-2.0 -lpangoft2-1.0 -lpango-1.0 -lgobject-2.0 -lfontconfig -lfreetype -lgthread-2.0 -pthread -lglib-2.0   
libtool: link: gcc -g -O2 -Wall -Wdeclaration-after-statement -Wmissing-prototypes -Wmissing-declarations -Winit-self -Wpointer-arith -Wold-style-definition -Wformat-security -o .libs/ripple ripple.o -pthread  ../../libgimp/.libs/libgimpui-2.0.so ../../libgimpwidgets/.libs/libgimpwidgets-2.0.so ../../libgimpmodule/.libs/libgimpmodule-2.0.so ../../libgimp/.libs/libgimp-2.0.so ../../libgimpmath/.libs/libgimpmath-2.0.so -lm ../../libgimpconfig/.libs/libgimpconfig-2.0.so ../../libgimpcolor/.libs/libgimpcolor-2.0.so ../../libgimpbase/.libs/libgimpbase-2.0.so -lgtk-x11-2.0 -lgdk-x11-2.0 -lpangocairo-1.0 -latk-1.0 -lcairo -lgdk_pixbuf-2.0 -lgio-2.0 -lpangoft2-1.0 -lpango-1.0 -lgobject-2.0 -lfontconfig -lfreetype -lgthread-2.0 -lglib-2.0 -pthread
gcc -DHAVE_CONFIG_H -I. -I../..  -I../.. -pthread -I/usr/include/gtk-2.0 -I/usr/lib/x86_64-linux-gnu/gtk-2.0/include -I/usr/include/gio-unix-2.0 -I/usr/include/cairo -I/usr/include/pango-1.0 -I/usr/include/atk-1.0 -I/usr/include/cairo -I/usr/include/pixman-1 -I/usr/include/gdk-pixbuf-2.0 -I/usr/include/libmount -I/usr/include/blkid -I/usr/include/pango-1.0 -I/usr/include/harfbuzz -I/usr/include/pango-1.0 -I/usr/include/fribidi -I/usr/include/uuid -I/usr/include/freetype2 -I/usr/include/libpng16 -I/usr/include/glib-2.0 -I/usr/lib/x86_64-linux-gnu/glib-2.0/include -I/usr/local/include -DGIMP_DISABLE_DEPRECATED -DGDK_MULTIHEAD_SAFE -DGTK_MULTIHEAD_SAFE  -g -O2 -Wall -Wdeclaration-after-statement -Wmissing-prototypes -Wmissing-declarations -Winit-self -Wpointer-arith -Wold-style-definition -Wformat-security -MT rotate.o -MD -MP -MF .deps/rotate.Tpo -c -o rotate.o rotate.c
mv -f .deps/rotate.Tpo .deps/rotate.Po
/bin/bash ../../libtool  --tag=CC   --mode=link gcc  -g -O2 -Wall -Wdeclaration-after-statement -Wmissing-prototypes -Wmissing-declarations -Winit-self -Wpointer-arith -Wold-style-definition -Wformat-security   -o rotate rotate.o ../../libgimp/libgimp-2.0.la ../../libgimpmath/libgimpmath-2.0.la -lm ../../libgimpconfig/libgimpconfig-2.0.la ../../libgimpcolor/libgimpcolor-2.0.la ../../libgimpbase/libgimpbase-2.0.la -lgobject-2.0 -lgthread-2.0 -pthread -lglib-2.0   
libtool: link: gcc -g -O2 -Wall -Wdeclaration-after-statement -Wmissing-prototypes -Wmissing-declarations -Winit-self -Wpointer-arith -Wold-style-definition -Wformat-security -o .libs/rotate rotate.o -pthread  ../../libgimp/.libs/libgimp-2.0.so ../../libgimpmath/.libs/libgimpmath-2.0.so -lm ../../libgimpconfig/.libs/libgimpconfig-2.0.so ../../libgimpcolor/.libs/libgimpcolor-2.0.so ../../libgimpbase/.libs/libgimpbase-2.0.so -lgobject-2.0 -lgthread-2.0 -lglib-2.0 -pthread
gcc -DHAVE_CONFIG_H -I. -I../..  -I../.. -pthread -I/usr/include/gtk-2.0 -I/usr/lib/x86_64-linux-gnu/gtk-2.0/include -I/usr/include/gio-unix-2.0 -I/usr/include/cairo -I/usr/include/pango-1.0 -I/usr/include/atk-1.0 -I/usr/include/cairo -I/usr/include/pixman-1 -I/usr/include/gdk-pixbuf-2.0 -I/usr/include/libmount -I/usr/include/blkid -I/usr/include/pango-1.0 -I/usr/include/harfbuzz -I/usr/include/pango-1.0 -I/usr/include/fribidi -I/usr/include/uuid -I/usr/include/freetype2 -I/usr/include/libpng16 -I/usr/include/glib-2.0 -I/usr/lib/x86_64-linux-gnu/glib-2.0/include -I/usr/local/include -DGIMP_DISABLE_DEPRECATED -DGDK_MULTIHEAD_SAFE -DGTK_MULTIHEAD_SAFE  -g -O2 -Wall -Wdeclaration-after-statement -Wmissing-prototypes -Wmissing-declarations -Winit-self -Wpointer-arith -Wold-style-definition -Wformat-security -MT sample-colorize.o -MD -MP -MF .deps/sample-colorize.Tpo -c -o sample-colorize.o sample-colorize.c
mv -f .deps/sample-colorize.Tpo .deps/sample-colorize.Po
/bin/bash ../../libtool  --tag=CC   --mode=link gcc  -g -O2 -Wall -Wdeclaration-after-statement -Wmissing-prototypes -Wmissing-declarations -Winit-self -Wpointer-arith -Wold-style-definition -Wformat-security   -o sample-colorize sample-colorize.o ../../libgimp/libgimpui-2.0.la ../../libgimpwidgets/libgimpwidgets-2.0.la ../../libgimpmodule/libgimpmodule-2.0.la ../../libgimp/libgimp-2.0.la ../../libgimpmath/libgimpmath-2.0.la -lm ../../libgimpconfig/libgimpconfig-2.0.la ../../libgimpcolor/libgimpcolor-2.0.la ../../libgimpbase/libgimpbase-2.0.la -lgtk-x11-2.0 -lgdk-x11-2.0 -lpangocairo-1.0 -latk-1.0 -lcairo -lgdk_pixbuf-2.0 -lgio-2.0 -lpangoft2-1.0 -lpango-1.0 -lgobject-2.0 -lfontconfig -lfreetype -lgthread-2.0 -pthread -lglib-2.0   
libtool: link: gcc -g -O2 -Wall -Wdeclaration-after-statement -Wmissing-prototypes -Wmissing-declarations -Winit-self -Wpointer-arith -Wold-style-definition -Wformat-security -o .libs/sample-colorize sample-colorize.o -pthread  ../../libgimp/.libs/libgimpui-2.0.so ../../libgimpwidgets/.libs/libgimpwidgets-2.0.so ../../libgimpmodule/.libs/libgimpmodule-2.0.so ../../libgimp/.libs/libgimp-2.0.so ../../libgimpmath/.libs/libgimpmath-2.0.so -lm ../../libgimpconfig/.libs/libgimpconfig-2.0.so ../../libgimpcolor/.libs/libgimpcolor-2.0.so ../../libgimpbase/.libs/libgimpbase-2.0.so -lgtk-x11-2.0 -lgdk-x11-2.0 -lpangocairo-1.0 -latk-1.0 -lcairo -lgdk_pixbuf-2.0 -lgio-2.0 -lpangoft2-1.0 -lpango-1.0 -lgobject-2.0 -lfontconfig -lfreetype -lgthread-2.0 -lglib-2.0 -pthread
gcc -DHAVE_CONFIG_H -I. -I../..  -I../.. -pthread -I/usr/include/gtk-2.0 -I/usr/lib/x86_64-linux-gnu/gtk-2.0/include -I/usr/include/gio-unix-2.0 -I/usr/include/cairo -I/usr/include/pango-1.0 -I/usr/include/atk-1.0 -I/usr/include/cairo -I/usr/include/pixman-1 -I/usr/include/gdk-pixbuf-2.0 -I/usr/include/libmount -I/usr/include/blkid -I/usr/include/pango-1.0 -I/usr/include/harfbuzz -I/usr/include/pango-1.0 -I/usr/include/fribidi -I/usr/include/uuid -I/usr/include/freetype2 -I/usr/include/libpng16 -I/usr/include/glib-2.0 -I/usr/lib/x86_64-linux-gnu/glib-2.0/include -I/usr/local/include -DGIMP_DISABLE_DEPRECATED -DGDK_MULTIHEAD_SAFE -DGTK_MULTIHEAD_SAFE  -g -O2 -Wall -Wdeclaration-after-statement -Wmissing-prototypes -Wmissing-declarations -Winit-self -Wpointer-arith -Wold-style-definition -Wformat-security -MT screenshot-screenshot.o -MD -MP -MF .deps/screenshot-screenshot.Tpo -c -o screenshot-screenshot.o `test -f 'screenshot.c' || echo './'`screenshot.c
screenshot.c: In function ‘shoot_dialog’:
screenshot.c:1076:3: warning: ‘gdk_pixbuf_new_from_inline’ is deprecated [-Wdeprecated-declarations]
   pixbuf = gdk_pixbuf_new_from_inline (-1, screenshot_icon, FALSE, NULL);
   ^~~~~~
In file included from /usr/include/gdk-pixbuf-2.0/gdk-pixbuf/gdk-pixbuf.h:34,
                 from /usr/include/gtk-2.0/gdk/gdkpixbuf.h:37,
                 from /usr/include/gtk-2.0/gdk/gdkcairo.h:28,
                 from /usr/include/gtk-2.0/gdk/gdk.h:33,
                 from /usr/include/gtk-2.0/gtk/gtk.h:32,
                 from ../../libgimp/gimpui.h:23,
                 from screenshot.c:33:
/usr/include/gdk-pixbuf-2.0/gdk-pixbuf/gdk-pixbuf-core.h:362:12: note: declared here
 GdkPixbuf* gdk_pixbuf_new_from_inline (gint          data_length,
            ^~~~~~~~~~~~~~~~~~~~~~~~~~
mv -f .deps/screenshot-screenshot.Tpo .deps/screenshot-screenshot.Po
/bin/bash ../../libtool  --tag=CC   --mode=link gcc  -g -O2 -Wall -Wdeclaration-after-statement -Wmissing-prototypes -Wmissing-declarations -Winit-self -Wpointer-arith -Wold-style-definition -Wformat-security   -o screenshot screenshot-screenshot.o ../../libgimp/libgimpui-2.0.la ../../libgimpwidgets/libgimpwidgets-2.0.la ../../libgimpmodule/libgimpmodule-2.0.la ../../libgimp/libgimp-2.0.la ../../libgimpmath/libgimpmath-2.0.la -lm ../../libgimpconfig/libgimpconfig-2.0.la ../../libgimpcolor/libgimpcolor-2.0.la ../../libgimpbase/libgimpbase-2.0.la -lgtk-x11-2.0 -lgdk-x11-2.0 -lpangocairo-1.0 -latk-1.0 -lcairo -lgdk_pixbuf-2.0 -lgio-2.0 -lpangoft2-1.0 -lpango-1.0 -lgobject-2.0 -lfontconfig -lfreetype -lgthread-2.0 -pthread -lglib-2.0 -lX11 -lXext -lXfixes   -lX11 
libtool: link: gcc -g -O2 -Wall -Wdeclaration-after-statement -Wmissing-prototypes -Wmissing-declarations -Winit-self -Wpointer-arith -Wold-style-definition -Wformat-security -o .libs/screenshot screenshot-screenshot.o -pthread  ../../libgimp/.libs/libgimpui-2.0.so ../../libgimpwidgets/.libs/libgimpwidgets-2.0.so ../../libgimpmodule/.libs/libgimpmodule-2.0.so ../../libgimp/.libs/libgimp-2.0.so ../../libgimpmath/.libs/libgimpmath-2.0.so -lm ../../libgimpconfig/.libs/libgimpconfig-2.0.so ../../libgimpcolor/.libs/libgimpcolor-2.0.so ../../libgimpbase/.libs/libgimpbase-2.0.so -lgtk-x11-2.0 -lgdk-x11-2.0 -lpangocairo-1.0 -latk-1.0 -lcairo -lgdk_pixbuf-2.0 -lgio-2.0 -lpangoft2-1.0 -lpango-1.0 -lgobject-2.0 -lfontconfig -lfreetype -lgthread-2.0 -lglib-2.0 -lXext -lXfixes -lX11 -pthread
gcc -DHAVE_CONFIG_H -I. -I../..  -I../.. -pthread -I/usr/include/gtk-2.0 -I/usr/lib/x86_64-linux-gnu/gtk-2.0/include -I/usr/include/gio-unix-2.0 -I/usr/include/cairo -I/usr/include/pango-1.0 -I/usr/include/atk-1.0 -I/usr/include/cairo -I/usr/include/pixman-1 -I/usr/include/gdk-pixbuf-2.0 -I/usr/include/libmount -I/usr/include/blkid -I/usr/include/pango-1.0 -I/usr/include/harfbuzz -I/usr/include/pango-1.0 -I/usr/include/fribidi -I/usr/include/uuid -I/usr/include/freetype2 -I/usr/include/libpng16 -I/usr/include/glib-2.0 -I/usr/lib/x86_64-linux-gnu/glib-2.0/include -I/usr/local/include -DGIMP_DISABLE_DEPRECATED -DGDK_MULTIHEAD_SAFE -DGTK_MULTIHEAD_SAFE  -g -O2 -Wall -Wdeclaration-after-statement -Wmissing-prototypes -Wmissing-declarations -Winit-self -Wpointer-arith -Wold-style-definition -Wformat-security -MT semi-flatten.o -MD -MP -MF .deps/semi-flatten.Tpo -c -o semi-flatten.o semi-flatten.c
mv -f .deps/semi-flatten.Tpo .deps/semi-flatten.Po
/bin/bash ../../libtool  --tag=CC   --mode=link gcc  -g -O2 -Wall -Wdeclaration-after-statement -Wmissing-prototypes -Wmissing-declarations -Winit-self -Wpointer-arith -Wold-style-definition -Wformat-security   -o semi-flatten semi-flatten.o ../../libgimp/libgimp-2.0.la ../../libgimpmath/libgimpmath-2.0.la -lm ../../libgimpconfig/libgimpconfig-2.0.la ../../libgimpcolor/libgimpcolor-2.0.la ../../libgimpbase/libgimpbase-2.0.la -lgobject-2.0 -lgthread-2.0 -pthread -lglib-2.0   
libtool: link: gcc -g -O2 -Wall -Wdeclaration-after-statement -Wmissing-prototypes -Wmissing-declarations -Winit-self -Wpointer-arith -Wold-style-definition -Wformat-security -o .libs/semi-flatten semi-flatten.o -pthread  ../../libgimp/.libs/libgimp-2.0.so ../../libgimpmath/.libs/libgimpmath-2.0.so -lm ../../libgimpconfig/.libs/libgimpconfig-2.0.so ../../libgimpcolor/.libs/libgimpcolor-2.0.so ../../libgimpbase/.libs/libgimpbase-2.0.so -lgobject-2.0 -lgthread-2.0 -lglib-2.0 -pthread
gcc -DHAVE_CONFIG_H -I. -I../..  -I../.. -pthread -I/usr/include/gtk-2.0 -I/usr/lib/x86_64-linux-gnu/gtk-2.0/include -I/usr/include/gio-unix-2.0 -I/usr/include/cairo -I/usr/include/pango-1.0 -I/usr/include/atk-1.0 -I/usr/include/cairo -I/usr/include/pixman-1 -I/usr/include/gdk-pixbuf-2.0 -I/usr/include/libmount -I/usr/include/blkid -I/usr/include/pango-1.0 -I/usr/include/harfbuzz -I/usr/include/pango-1.0 -I/usr/include/fribidi -I/usr/include/uuid -I/usr/include/freetype2 -I/usr/include/libpng16 -I/usr/include/glib-2.0 -I/usr/lib/x86_64-linux-gnu/glib-2.0/include -I/usr/local/include -DGIMP_DISABLE_DEPRECATED -DGDK_MULTIHEAD_SAFE -DGTK_MULTIHEAD_SAFE  -g -O2 -Wall -Wdeclaration-after-statement -Wmissing-prototypes -Wmissing-declarations -Winit-self -Wpointer-arith -Wold-style-definition -Wformat-security -MT sharpen.o -MD -MP -MF .deps/sharpen.Tpo -c -o sharpen.o sharpen.c
mv -f .deps/sharpen.Tpo .deps/sharpen.Po
/bin/bash ../../libtool  --tag=CC   --mode=link gcc  -g -O2 -Wall -Wdeclaration-after-statement -Wmissing-prototypes -Wmissing-declarations -Winit-self -Wpointer-arith -Wold-style-definition -Wformat-security   -o sharpen sharpen.o ../../libgimp/libgimpui-2.0.la ../../libgimpwidgets/libgimpwidgets-2.0.la ../../libgimpmodule/libgimpmodule-2.0.la ../../libgimp/libgimp-2.0.la ../../libgimpmath/libgimpmath-2.0.la -lm ../../libgimpconfig/libgimpconfig-2.0.la ../../libgimpcolor/libgimpcolor-2.0.la ../../libgimpbase/libgimpbase-2.0.la -lgtk-x11-2.0 -lgdk-x11-2.0 -lpangocairo-1.0 -latk-1.0 -lcairo -lgdk_pixbuf-2.0 -lgio-2.0 -lpangoft2-1.0 -lpango-1.0 -lgobject-2.0 -lfontconfig -lfreetype -lgthread-2.0 -pthread -lglib-2.0   
libtool: link: gcc -g -O2 -Wall -Wdeclaration-after-statement -Wmissing-prototypes -Wmissing-declarations -Winit-self -Wpointer-arith -Wold-style-definition -Wformat-security -o .libs/sharpen sharpen.o -pthread  ../../libgimp/.libs/libgimpui-2.0.so ../../libgimpwidgets/.libs/libgimpwidgets-2.0.so ../../libgimpmodule/.libs/libgimpmodule-2.0.so ../../libgimp/.libs/libgimp-2.0.so ../../libgimpmath/.libs/libgimpmath-2.0.so -lm ../../libgimpconfig/.libs/libgimpconfig-2.0.so ../../libgimpcolor/.libs/libgimpcolor-2.0.so ../../libgimpbase/.libs/libgimpbase-2.0.so -lgtk-x11-2.0 -lgdk-x11-2.0 -lpangocairo-1.0 -latk-1.0 -lcairo -lgdk_pixbuf-2.0 -lgio-2.0 -lpangoft2-1.0 -lpango-1.0 -lgobject-2.0 -lfontconfig -lfreetype -lgthread-2.0 -lglib-2.0 -pthread
gcc -DHAVE_CONFIG_H -I. -I../..  -I../.. -pthread -I/usr/include/gtk-2.0 -I/usr/lib/x86_64-linux-gnu/gtk-2.0/include -I/usr/include/gio-unix-2.0 -I/usr/include/cairo -I/usr/include/pango-1.0 -I/usr/include/atk-1.0 -I/usr/include/cairo -I/usr/include/pixman-1 -I/usr/include/gdk-pixbuf-2.0 -I/usr/include/libmount -I/usr/include/blkid -I/usr/include/pango-1.0 -I/usr/include/harfbuzz -I/usr/include/pango-1.0 -I/usr/include/fribidi -I/usr/include/uuid -I/usr/include/freetype2 -I/usr/include/libpng16 -I/usr/include/glib-2.0 -I/usr/lib/x86_64-linux-gnu/glib-2.0/include -I/usr/local/include -DGIMP_DISABLE_DEPRECATED -DGDK_MULTIHEAD_SAFE -DGTK_MULTIHEAD_SAFE  -g -O2 -Wall -Wdeclaration-after-statement -Wmissing-prototypes -Wmissing-declarations -Winit-self -Wpointer-arith -Wold-style-definition -Wformat-security -MT shift.o -MD -MP -MF .deps/shift.Tpo -c -o shift.o shift.c
mv -f .deps/shift.Tpo .deps/shift.Po
/bin/bash ../../libtool  --tag=CC   --mode=link gcc  -g -O2 -Wall -Wdeclaration-after-statement -Wmissing-prototypes -Wmissing-declarations -Winit-self -Wpointer-arith -Wold-style-definition -Wformat-security   -o shift shift.o ../../libgimp/libgimpui-2.0.la ../../libgimpwidgets/libgimpwidgets-2.0.la ../../libgimpmodule/libgimpmodule-2.0.la ../../libgimp/libgimp-2.0.la ../../libgimpmath/libgimpmath-2.0.la -lm ../../libgimpconfig/libgimpconfig-2.0.la ../../libgimpcolor/libgimpcolor-2.0.la ../../libgimpbase/libgimpbase-2.0.la -lgtk-x11-2.0 -lgdk-x11-2.0 -lpangocairo-1.0 -latk-1.0 -lcairo -lgdk_pixbuf-2.0 -lgio-2.0 -lpangoft2-1.0 -lpango-1.0 -lgobject-2.0 -lfontconfig -lfreetype -lgthread-2.0 -pthread -lglib-2.0   
libtool: link: gcc -g -O2 -Wall -Wdeclaration-after-statement -Wmissing-prototypes -Wmissing-declarations -Winit-self -Wpointer-arith -Wold-style-definition -Wformat-security -o .libs/shift shift.o -pthread  ../../libgimp/.libs/libgimpui-2.0.so ../../libgimpwidgets/.libs/libgimpwidgets-2.0.so ../../libgimpmodule/.libs/libgimpmodule-2.0.so ../../libgimp/.libs/libgimp-2.0.so ../../libgimpmath/.libs/libgimpmath-2.0.so -lm ../../libgimpconfig/.libs/libgimpconfig-2.0.so ../../libgimpcolor/.libs/libgimpcolor-2.0.so ../../libgimpbase/.libs/libgimpbase-2.0.so -lgtk-x11-2.0 -lgdk-x11-2.0 -lpangocairo-1.0 -latk-1.0 -lcairo -lgdk_pixbuf-2.0 -lgio-2.0 -lpangoft2-1.0 -lpango-1.0 -lgobject-2.0 -lfontconfig -lfreetype -lgthread-2.0 -lglib-2.0 -pthread
gcc -DHAVE_CONFIG_H -I. -I../..  -I../.. -pthread -I/usr/include/gtk-2.0 -I/usr/lib/x86_64-linux-gnu/gtk-2.0/include -I/usr/include/gio-unix-2.0 -I/usr/include/cairo -I/usr/include/pango-1.0 -I/usr/include/atk-1.0 -I/usr/include/cairo -I/usr/include/pixman-1 -I/usr/include/gdk-pixbuf-2.0 -I/usr/include/libmount -I/usr/include/blkid -I/usr/include/pango-1.0 -I/usr/include/harfbuzz -I/usr/include/pango-1.0 -I/usr/include/fribidi -I/usr/include/uuid -I/usr/include/freetype2 -I/usr/include/libpng16 -I/usr/include/glib-2.0 -I/usr/lib/x86_64-linux-gnu/glib-2.0/include -I/usr/local/include -DGIMP_DISABLE_DEPRECATED -DGDK_MULTIHEAD_SAFE -DGTK_MULTIHEAD_SAFE  -g -O2 -Wall -Wdeclaration-after-statement -Wmissing-prototypes -Wmissing-declarations -Winit-self -Wpointer-arith -Wold-style-definition -Wformat-security -MT sinus.o -MD -MP -MF .deps/sinus.Tpo -c -o sinus.o sinus.c
mv -f .deps/sinus.Tpo .deps/sinus.Po
/bin/bash ../../libtool  --tag=CC   --mode=link gcc  -g -O2 -Wall -Wdeclaration-after-statement -Wmissing-prototypes -Wmissing-declarations -Winit-self -Wpointer-arith -Wold-style-definition -Wformat-security   -o sinus sinus.o ../../libgimp/libgimpui-2.0.la ../../libgimpwidgets/libgimpwidgets-2.0.la ../../libgimpmodule/libgimpmodule-2.0.la ../../libgimp/libgimp-2.0.la ../../libgimpmath/libgimpmath-2.0.la -lm ../../libgimpconfig/libgimpconfig-2.0.la ../../libgimpcolor/libgimpcolor-2.0.la ../../libgimpbase/libgimpbase-2.0.la -lgtk-x11-2.0 -lgdk-x11-2.0 -lpangocairo-1.0 -latk-1.0 -lcairo -lgdk_pixbuf-2.0 -lgio-2.0 -lpangoft2-1.0 -lpango-1.0 -lgobject-2.0 -lfontconfig -lfreetype -lgthread-2.0 -pthread -lglib-2.0   
libtool: link: gcc -g -O2 -Wall -Wdeclaration-after-statement -Wmissing-prototypes -Wmissing-declarations -Winit-self -Wpointer-arith -Wold-style-definition -Wformat-security -o .libs/sinus sinus.o -pthread  ../../libgimp/.libs/libgimpui-2.0.so ../../libgimpwidgets/.libs/libgimpwidgets-2.0.so ../../libgimpmodule/.libs/libgimpmodule-2.0.so ../../libgimp/.libs/libgimp-2.0.so ../../libgimpmath/.libs/libgimpmath-2.0.so -lm ../../libgimpconfig/.libs/libgimpconfig-2.0.so ../../libgimpcolor/.libs/libgimpcolor-2.0.so ../../libgimpbase/.libs/libgimpbase-2.0.so -lgtk-x11-2.0 -lgdk-x11-2.0 -lpangocairo-1.0 -latk-1.0 -lcairo -lgdk_pixbuf-2.0 -lgio-2.0 -lpangoft2-1.0 -lpango-1.0 -lgobject-2.0 -lfontconfig -lfreetype -lgthread-2.0 -lglib-2.0 -pthread
gcc -DHAVE_CONFIG_H -I. -I../..  -I../.. -pthread -I/usr/include/gtk-2.0 -I/usr/lib/x86_64-linux-gnu/gtk-2.0/include -I/usr/include/gio-unix-2.0 -I/usr/include/cairo -I/usr/include/pango-1.0 -I/usr/include/atk-1.0 -I/usr/include/cairo -I/usr/include/pixman-1 -I/usr/include/gdk-pixbuf-2.0 -I/usr/include/libmount -I/usr/include/blkid -I/usr/include/pango-1.0 -I/usr/include/harfbuzz -I/usr/include/pango-1.0 -I/usr/include/fribidi -I/usr/include/uuid -I/usr/include/freetype2 -I/usr/include/libpng16 -I/usr/include/glib-2.0 -I/usr/lib/x86_64-linux-gnu/glib-2.0/include -I/usr/local/include -DGIMP_DISABLE_DEPRECATED -DGDK_MULTIHEAD_SAFE -DGTK_MULTIHEAD_SAFE  -g -O2 -Wall -Wdeclaration-after-statement -Wmissing-prototypes -Wmissing-declarations -Winit-self -Wpointer-arith -Wold-style-definition -Wformat-security -MT smooth-palette.o -MD -MP -MF .deps/smooth-palette.Tpo -c -o smooth-palette.o smooth-palette.c
mv -f .deps/smooth-palette.Tpo .deps/smooth-palette.Po
/bin/bash ../../libtool  --tag=CC   --mode=link gcc  -g -O2 -Wall -Wdeclaration-after-statement -Wmissing-prototypes -Wmissing-declarations -Winit-self -Wpointer-arith -Wold-style-definition -Wformat-security   -o smooth-palette smooth-palette.o ../../libgimp/libgimpui-2.0.la ../../libgimpwidgets/libgimpwidgets-2.0.la ../../libgimpmodule/libgimpmodule-2.0.la ../../libgimp/libgimp-2.0.la ../../libgimpmath/libgimpmath-2.0.la -lm ../../libgimpconfig/libgimpconfig-2.0.la ../../libgimpcolor/libgimpcolor-2.0.la ../../libgimpbase/libgimpbase-2.0.la -lgtk-x11-2.0 -lgdk-x11-2.0 -lpangocairo-1.0 -latk-1.0 -lcairo -lgdk_pixbuf-2.0 -lgio-2.0 -lpangoft2-1.0 -lpango-1.0 -lgobject-2.0 -lfontconfig -lfreetype -lgthread-2.0 -pthread -lglib-2.0   
libtool: link: gcc -g -O2 -Wall -Wdeclaration-after-statement -Wmissing-prototypes -Wmissing-declarations -Winit-self -Wpointer-arith -Wold-style-definition -Wformat-security -o .libs/smooth-palette smooth-palette.o -pthread  ../../libgimp/.libs/libgimpui-2.0.so ../../libgimpwidgets/.libs/libgimpwidgets-2.0.so ../../libgimpmodule/.libs/libgimpmodule-2.0.so ../../libgimp/.libs/libgimp-2.0.so ../../libgimpmath/.libs/libgimpmath-2.0.so -lm ../../libgimpconfig/.libs/libgimpconfig-2.0.so ../../libgimpcolor/.libs/libgimpcolor-2.0.so ../../libgimpbase/.libs/libgimpbase-2.0.so -lgtk-x11-2.0 -lgdk-x11-2.0 -lpangocairo-1.0 -latk-1.0 -lcairo -lgdk_pixbuf-2.0 -lgio-2.0 -lpangoft2-1.0 -lpango-1.0 -lgobject-2.0 -lfontconfig -lfreetype -lgthread-2.0 -lglib-2.0 -pthread
gcc -DHAVE_CONFIG_H -I. -I../..  -I../.. -pthread -I/usr/include/gtk-2.0 -I/usr/lib/x86_64-linux-gnu/gtk-2.0/include -I/usr/include/gio-unix-2.0 -I/usr/include/cairo -I/usr/include/pango-1.0 -I/usr/include/atk-1.0 -I/usr/include/cairo -I/usr/include/pixman-1 -I/usr/include/gdk-pixbuf-2.0 -I/usr/include/libmount -I/usr/include/blkid -I/usr/include/pango-1.0 -I/usr/include/harfbuzz -I/usr/include/pango-1.0 -I/usr/include/fribidi -I/usr/include/uuid -I/usr/include/freetype2 -I/usr/include/libpng16 -I/usr/include/glib-2.0 -I/usr/lib/x86_64-linux-gnu/glib-2.0/include -I/usr/local/include -DGIMP_DISABLE_DEPRECATED -DGDK_MULTIHEAD_SAFE -DGTK_MULTIHEAD_SAFE  -g -O2 -Wall -Wdeclaration-after-statement -Wmissing-prototypes -Wmissing-declarations -Winit-self -Wpointer-arith -Wold-style-definition -Wformat-security -MT softglow.o -MD -MP -MF .deps/softglow.Tpo -c -o softglow.o softglow.c
mv -f .deps/softglow.Tpo .deps/softglow.Po
/bin/bash ../../libtool  --tag=CC   --mode=link gcc  -g -O2 -Wall -Wdeclaration-after-statement -Wmissing-prototypes -Wmissing-declarations -Winit-self -Wpointer-arith -Wold-style-definition -Wformat-security   -o softglow softglow.o ../../libgimp/libgimpui-2.0.la ../../libgimpwidgets/libgimpwidgets-2.0.la ../../libgimpmodule/libgimpmodule-2.0.la ../../libgimp/libgimp-2.0.la ../../libgimpmath/libgimpmath-2.0.la -lm ../../libgimpconfig/libgimpconfig-2.0.la ../../libgimpcolor/libgimpcolor-2.0.la ../../libgimpbase/libgimpbase-2.0.la -lgtk-x11-2.0 -lgdk-x11-2.0 -lpangocairo-1.0 -latk-1.0 -lcairo -lgdk_pixbuf-2.0 -lgio-2.0 -lpangoft2-1.0 -lpango-1.0 -lgobject-2.0 -lfontconfig -lfreetype -lgthread-2.0 -pthread -lglib-2.0   
libtool: link: gcc -g -O2 -Wall -Wdeclaration-after-statement -Wmissing-prototypes -Wmissing-declarations -Winit-self -Wpointer-arith -Wold-style-definition -Wformat-security -o .libs/softglow softglow.o -pthread  ../../libgimp/.libs/libgimpui-2.0.so ../../libgimpwidgets/.libs/libgimpwidgets-2.0.so ../../libgimpmodule/.libs/libgimpmodule-2.0.so ../../libgimp/.libs/libgimp-2.0.so ../../libgimpmath/.libs/libgimpmath-2.0.so -lm ../../libgimpconfig/.libs/libgimpconfig-2.0.so ../../libgimpcolor/.libs/libgimpcolor-2.0.so ../../libgimpbase/.libs/libgimpbase-2.0.so -lgtk-x11-2.0 -lgdk-x11-2.0 -lpangocairo-1.0 -latk-1.0 -lcairo -lgdk_pixbuf-2.0 -lgio-2.0 -lpangoft2-1.0 -lpango-1.0 -lgobject-2.0 -lfontconfig -lfreetype -lgthread-2.0 -lglib-2.0 -pthread
gcc -DHAVE_CONFIG_H -I. -I../..  -I../.. -pthread -I/usr/include/gtk-2.0 -I/usr/lib/x86_64-linux-gnu/gtk-2.0/include -I/usr/include/gio-unix-2.0 -I/usr/include/cairo -I/usr/include/pango-1.0 -I/usr/include/atk-1.0 -I/usr/include/cairo -I/usr/include/pixman-1 -I/usr/include/gdk-pixbuf-2.0 -I/usr/include/libmount -I/usr/include/blkid -I/usr/include/pango-1.0 -I/usr/include/harfbuzz -I/usr/include/pango-1.0 -I/usr/include/fribidi -I/usr/include/uuid -I/usr/include/freetype2 -I/usr/include/libpng16 -I/usr/include/glib-2.0 -I/usr/lib/x86_64-linux-gnu/glib-2.0/include -I/usr/local/include -DGIMP_DISABLE_DEPRECATED -DGDK_MULTIHEAD_SAFE -DGTK_MULTIHEAD_SAFE  -g -O2 -Wall -Wdeclaration-after-statement -Wmissing-prototypes -Wmissing-declarations -Winit-self -Wpointer-arith -Wold-style-definition -Wformat-security -MT sparkle.o -MD -MP -MF .deps/sparkle.Tpo -c -o sparkle.o sparkle.c
mv -f .deps/sparkle.Tpo .deps/sparkle.Po
/bin/bash ../../libtool  --tag=CC   --mode=link gcc  -g -O2 -Wall -Wdeclaration-after-statement -Wmissing-prototypes -Wmissing-declarations -Winit-self -Wpointer-arith -Wold-style-definition -Wformat-security   -o sparkle sparkle.o ../../libgimp/libgimpui-2.0.la ../../libgimpwidgets/libgimpwidgets-2.0.la ../../libgimpmodule/libgimpmodule-2.0.la ../../libgimp/libgimp-2.0.la ../../libgimpmath/libgimpmath-2.0.la -lm ../../libgimpconfig/libgimpconfig-2.0.la ../../libgimpcolor/libgimpcolor-2.0.la ../../libgimpbase/libgimpbase-2.0.la -lgtk-x11-2.0 -lgdk-x11-2.0 -lpangocairo-1.0 -latk-1.0 -lcairo -lgdk_pixbuf-2.0 -lgio-2.0 -lpangoft2-1.0 -lpango-1.0 -lgobject-2.0 -lfontconfig -lfreetype -lgthread-2.0 -pthread -lglib-2.0   
libtool: link: gcc -g -O2 -Wall -Wdeclaration-after-statement -Wmissing-prototypes -Wmissing-declarations -Winit-self -Wpointer-arith -Wold-style-definition -Wformat-security -o .libs/sparkle sparkle.o -pthread  ../../libgimp/.libs/libgimpui-2.0.so ../../libgimpwidgets/.libs/libgimpwidgets-2.0.so ../../libgimpmodule/.libs/libgimpmodule-2.0.so ../../libgimp/.libs/libgimp-2.0.so ../../libgimpmath/.libs/libgimpmath-2.0.so -lm ../../libgimpconfig/.libs/libgimpconfig-2.0.so ../../libgimpcolor/.libs/libgimpcolor-2.0.so ../../libgimpbase/.libs/libgimpbase-2.0.so -lgtk-x11-2.0 -lgdk-x11-2.0 -lpangocairo-1.0 -latk-1.0 -lcairo -lgdk_pixbuf-2.0 -lgio-2.0 -lpangoft2-1.0 -lpango-1.0 -lgobject-2.0 -lfontconfig -lfreetype -lgthread-2.0 -lglib-2.0 -pthread
gcc -DHAVE_CONFIG_H -I. -I../..  -I../.. -pthread -I/usr/include/gtk-2.0 -I/usr/lib/x86_64-linux-gnu/gtk-2.0/include -I/usr/include/gio-unix-2.0 -I/usr/include/cairo -I/usr/include/pango-1.0 -I/usr/include/atk-1.0 -I/usr/include/cairo -I/usr/include/pixman-1 -I/usr/include/gdk-pixbuf-2.0 -I/usr/include/libmount -I/usr/include/blkid -I/usr/include/pango-1.0 -I/usr/include/harfbuzz -I/usr/include/pango-1.0 -I/usr/include/fribidi -I/usr/include/uuid -I/usr/include/freetype2 -I/usr/include/libpng16 -I/usr/include/glib-2.0 -I/usr/lib/x86_64-linux-gnu/glib-2.0/include -I/usr/local/include -DGIMP_DISABLE_DEPRECATED -DGDK_MULTIHEAD_SAFE -DGTK_MULTIHEAD_SAFE  -g -O2 -Wall -Wdeclaration-after-statement -Wmissing-prototypes -Wmissing-declarations -Winit-self -Wpointer-arith -Wold-style-definition -Wformat-security -MT sphere-designer.o -MD -MP -MF .deps/sphere-designer.Tpo -c -o sphere-designer.o sphere-designer.c
mv -f .deps/sphere-designer.Tpo .deps/sphere-designer.Po
/bin/bash ../../libtool  --tag=CC   --mode=link gcc  -g -O2 -Wall -Wdeclaration-after-statement -Wmissing-prototypes -Wmissing-declarations -Winit-self -Wpointer-arith -Wold-style-definition -Wformat-security   -o sphere-designer sphere-designer.o ../../libgimp/libgimpui-2.0.la ../../libgimpwidgets/libgimpwidgets-2.0.la ../../libgimpmodule/libgimpmodule-2.0.la ../../libgimp/libgimp-2.0.la ../../libgimpmath/libgimpmath-2.0.la -lm ../../libgimpconfig/libgimpconfig-2.0.la ../../libgimpcolor/libgimpcolor-2.0.la ../../libgimpbase/libgimpbase-2.0.la -lgtk-x11-2.0 -lgdk-x11-2.0 -lpangocairo-1.0 -latk-1.0 -lcairo -lgdk_pixbuf-2.0 -lgio-2.0 -lpangoft2-1.0 -lpango-1.0 -lgobject-2.0 -lfontconfig -lfreetype -lgthread-2.0 -pthread -lglib-2.0   
libtool: link: gcc -g -O2 -Wall -Wdeclaration-after-statement -Wmissing-prototypes -Wmissing-declarations -Winit-self -Wpointer-arith -Wold-style-definition -Wformat-security -o .libs/sphere-designer sphere-designer.o -pthread  ../../libgimp/.libs/libgimpui-2.0.so ../../libgimpwidgets/.libs/libgimpwidgets-2.0.so ../../libgimpmodule/.libs/libgimpmodule-2.0.so ../../libgimp/.libs/libgimp-2.0.so ../../libgimpmath/.libs/libgimpmath-2.0.so -lm ../../libgimpconfig/.libs/libgimpconfig-2.0.so ../../libgimpcolor/.libs/libgimpcolor-2.0.so ../../libgimpbase/.libs/libgimpbase-2.0.so -lgtk-x11-2.0 -lgdk-x11-2.0 -lpangocairo-1.0 -latk-1.0 -lcairo -lgdk_pixbuf-2.0 -lgio-2.0 -lpangoft2-1.0 -lpango-1.0 -lgobject-2.0 -lfontconfig -lfreetype -lgthread-2.0 -lglib-2.0 -pthread
gcc -DHAVE_CONFIG_H -I. -I../..  -I../.. -pthread -I/usr/include/gtk-2.0 -I/usr/lib/x86_64-linux-gnu/gtk-2.0/include -I/usr/include/gio-unix-2.0 -I/usr/include/cairo -I/usr/include/pango-1.0 -I/usr/include/atk-1.0 -I/usr/include/cairo -I/usr/include/pixman-1 -I/usr/include/gdk-pixbuf-2.0 -I/usr/include/libmount -I/usr/include/blkid -I/usr/include/pango-1.0 -I/usr/include/harfbuzz -I/usr/include/pango-1.0 -I/usr/include/fribidi -I/usr/include/uuid -I/usr/include/freetype2 -I/usr/include/libpng16 -I/usr/include/glib-2.0 -I/usr/lib/x86_64-linux-gnu/glib-2.0/include -I/usr/local/include -DGIMP_DISABLE_DEPRECATED -DGDK_MULTIHEAD_SAFE -DGTK_MULTIHEAD_SAFE  -g -O2 -Wall -Wdeclaration-after-statement -Wmissing-prototypes -Wmissing-declarations -Winit-self -Wpointer-arith -Wold-style-definition -Wformat-security -MT threshold-alpha.o -MD -MP -MF .deps/threshold-alpha.Tpo -c -o threshold-alpha.o threshold-alpha.c
mv -f .deps/threshold-alpha.Tpo .deps/threshold-alpha.Po
/bin/bash ../../libtool  --tag=CC   --mode=link gcc  -g -O2 -Wall -Wdeclaration-after-statement -Wmissing-prototypes -Wmissing-declarations -Winit-self -Wpointer-arith -Wold-style-definition -Wformat-security   -o threshold-alpha threshold-alpha.o ../../libgimp/libgimpui-2.0.la ../../libgimpwidgets/libgimpwidgets-2.0.la ../../libgimpmodule/libgimpmodule-2.0.la ../../libgimp/libgimp-2.0.la ../../libgimpmath/libgimpmath-2.0.la -lm ../../libgimpconfig/libgimpconfig-2.0.la ../../libgimpcolor/libgimpcolor-2.0.la ../../libgimpbase/libgimpbase-2.0.la -lgtk-x11-2.0 -lgdk-x11-2.0 -lpangocairo-1.0 -latk-1.0 -lcairo -lgdk_pixbuf-2.0 -lgio-2.0 -lpangoft2-1.0 -lpango-1.0 -lgobject-2.0 -lfontconfig -lfreetype -lgthread-2.0 -pthread -lglib-2.0   
libtool: link: gcc -g -O2 -Wall -Wdeclaration-after-statement -Wmissing-prototypes -Wmissing-declarations -Winit-self -Wpointer-arith -Wold-style-definition -Wformat-security -o .libs/threshold-alpha threshold-alpha.o -pthread  ../../libgimp/.libs/libgimpui-2.0.so ../../libgimpwidgets/.libs/libgimpwidgets-2.0.so ../../libgimpmodule/.libs/libgimpmodule-2.0.so ../../libgimp/.libs/libgimp-2.0.so ../../libgimpmath/.libs/libgimpmath-2.0.so -lm ../../libgimpconfig/.libs/libgimpconfig-2.0.so ../../libgimpcolor/.libs/libgimpcolor-2.0.so ../../libgimpbase/.libs/libgimpbase-2.0.so -lgtk-x11-2.0 -lgdk-x11-2.0 -lpangocairo-1.0 -latk-1.0 -lcairo -lgdk_pixbuf-2.0 -lgio-2.0 -lpangoft2-1.0 -lpango-1.0 -lgobject-2.0 -lfontconfig -lfreetype -lgthread-2.0 -lglib-2.0 -pthread
gcc -DHAVE_CONFIG_H -I. -I../..  -I../.. -pthread -I/usr/include/gtk-2.0 -I/usr/lib/x86_64-linux-gnu/gtk-2.0/include -I/usr/include/gio-unix-2.0 -I/usr/include/cairo -I/usr/include/pango-1.0 -I/usr/include/atk-1.0 -I/usr/include/cairo -I/usr/include/pixman-1 -I/usr/include/gdk-pixbuf-2.0 -I/usr/include/libmount -I/usr/include/blkid -I/usr/include/pango-1.0 -I/usr/include/harfbuzz -I/usr/include/pango-1.0 -I/usr/include/fribidi -I/usr/include/uuid -I/usr/include/freetype2 -I/usr/include/libpng16 -I/usr/include/glib-2.0 -I/usr/lib/x86_64-linux-gnu/glib-2.0/include -I/usr/local/include -DGIMP_DISABLE_DEPRECATED -DGDK_MULTIHEAD_SAFE -DGTK_MULTIHEAD_SAFE  -g -O2 -Wall -Wdeclaration-after-statement -Wmissing-prototypes -Wmissing-declarations -Winit-self -Wpointer-arith -Wold-style-definition -Wformat-security -MT tile.o -MD -MP -MF .deps/tile.Tpo -c -o tile.o tile.c
mv -f .deps/tile.Tpo .deps/tile.Po
/bin/bash ../../libtool  --tag=CC   --mode=link gcc  -g -O2 -Wall -Wdeclaration-after-statement -Wmissing-prototypes -Wmissing-declarations -Winit-self -Wpointer-arith -Wold-style-definition -Wformat-security   -o tile tile.o ../../libgimp/libgimpui-2.0.la ../../libgimpwidgets/libgimpwidgets-2.0.la ../../libgimpmodule/libgimpmodule-2.0.la ../../libgimp/libgimp-2.0.la ../../libgimpmath/libgimpmath-2.0.la -lm ../../libgimpconfig/libgimpconfig-2.0.la ../../libgimpcolor/libgimpcolor-2.0.la ../../libgimpbase/libgimpbase-2.0.la -lgtk-x11-2.0 -lgdk-x11-2.0 -lpangocairo-1.0 -latk-1.0 -lcairo -lgdk_pixbuf-2.0 -lgio-2.0 -lpangoft2-1.0 -lpango-1.0 -lgobject-2.0 -lfontconfig -lfreetype -lgthread-2.0 -pthread -lglib-2.0   
libtool: link: gcc -g -O2 -Wall -Wdeclaration-after-statement -Wmissing-prototypes -Wmissing-declarations -Winit-self -Wpointer-arith -Wold-style-definition -Wformat-security -o .libs/tile tile.o -pthread  ../../libgimp/.libs/libgimpui-2.0.so ../../libgimpwidgets/.libs/libgimpwidgets-2.0.so ../../libgimpmodule/.libs/libgimpmodule-2.0.so ../../libgimp/.libs/libgimp-2.0.so ../../libgimpmath/.libs/libgimpmath-2.0.so -lm ../../libgimpconfig/.libs/libgimpconfig-2.0.so ../../libgimpcolor/.libs/libgimpcolor-2.0.so ../../libgimpbase/.libs/libgimpbase-2.0.so -lgtk-x11-2.0 -lgdk-x11-2.0 -lpangocairo-1.0 -latk-1.0 -lcairo -lgdk_pixbuf-2.0 -lgio-2.0 -lpangoft2-1.0 -lpango-1.0 -lgobject-2.0 -lfontconfig -lfreetype -lgthread-2.0 -lglib-2.0 -pthread
gcc -DHAVE_CONFIG_H -I. -I../..  -I../.. -pthread -I/usr/include/gtk-2.0 -I/usr/lib/x86_64-linux-gnu/gtk-2.0/include -I/usr/include/gio-unix-2.0 -I/usr/include/cairo -I/usr/include/pango-1.0 -I/usr/include/atk-1.0 -I/usr/include/cairo -I/usr/include/pixman-1 -I/usr/include/gdk-pixbuf-2.0 -I/usr/include/libmount -I/usr/include/blkid -I/usr/include/pango-1.0 -I/usr/include/harfbuzz -I/usr/include/pango-1.0 -I/usr/include/fribidi -I/usr/include/uuid -I/usr/include/freetype2 -I/usr/include/libpng16 -I/usr/include/glib-2.0 -I/usr/lib/x86_64-linux-gnu/glib-2.0/include -I/usr/local/include -DGIMP_DISABLE_DEPRECATED -DGDK_MULTIHEAD_SAFE -DGTK_MULTIHEAD_SAFE  -g -O2 -Wall -Wdeclaration-after-statement -Wmissing-prototypes -Wmissing-declarations -Winit-self -Wpointer-arith -Wold-style-definition -Wformat-security -MT tile-glass.o -MD -MP -MF .deps/tile-glass.Tpo -c -o tile-glass.o tile-glass.c
mv -f .deps/tile-glass.Tpo .deps/tile-glass.Po
/bin/bash ../../libtool  --tag=CC   --mode=link gcc  -g -O2 -Wall -Wdeclaration-after-statement -Wmissing-prototypes -Wmissing-declarations -Winit-self -Wpointer-arith -Wold-style-definition -Wformat-security   -o tile-glass tile-glass.o ../../libgimp/libgimpui-2.0.la ../../libgimpwidgets/libgimpwidgets-2.0.la ../../libgimpmodule/libgimpmodule-2.0.la ../../libgimp/libgimp-2.0.la ../../libgimpmath/libgimpmath-2.0.la -lm ../../libgimpconfig/libgimpconfig-2.0.la ../../libgimpcolor/libgimpcolor-2.0.la ../../libgimpbase/libgimpbase-2.0.la -lgtk-x11-2.0 -lgdk-x11-2.0 -lpangocairo-1.0 -latk-1.0 -lcairo -lgdk_pixbuf-2.0 -lgio-2.0 -lpangoft2-1.0 -lpango-1.0 -lgobject-2.0 -lfontconfig -lfreetype -lgthread-2.0 -pthread -lglib-2.0   
libtool: link: gcc -g -O2 -Wall -Wdeclaration-after-statement -Wmissing-prototypes -Wmissing-declarations -Winit-self -Wpointer-arith -Wold-style-definition -Wformat-security -o .libs/tile-glass tile-glass.o -pthread  ../../libgimp/.libs/libgimpui-2.0.so ../../libgimpwidgets/.libs/libgimpwidgets-2.0.so ../../libgimpmodule/.libs/libgimpmodule-2.0.so ../../libgimp/.libs/libgimp-2.0.so ../../libgimpmath/.libs/libgimpmath-2.0.so -lm ../../libgimpconfig/.libs/libgimpconfig-2.0.so ../../libgimpcolor/.libs/libgimpcolor-2.0.so ../../libgimpbase/.libs/libgimpbase-2.0.so -lgtk-x11-2.0 -lgdk-x11-2.0 -lpangocairo-1.0 -latk-1.0 -lcairo -lgdk_pixbuf-2.0 -lgio-2.0 -lpangoft2-1.0 -lpango-1.0 -lgobject-2.0 -lfontconfig -lfreetype -lgthread-2.0 -lglib-2.0 -pthread
gcc -DHAVE_CONFIG_H -I. -I../..  -I../.. -pthread -I/usr/include/gtk-2.0 -I/usr/lib/x86_64-linux-gnu/gtk-2.0/include -I/usr/include/gio-unix-2.0 -I/usr/include/cairo -I/usr/include/pango-1.0 -I/usr/include/atk-1.0 -I/usr/include/cairo -I/usr/include/pixman-1 -I/usr/include/gdk-pixbuf-2.0 -I/usr/include/libmount -I/usr/include/blkid -I/usr/include/pango-1.0 -I/usr/include/harfbuzz -I/usr/include/pango-1.0 -I/usr/include/fribidi -I/usr/include/uuid -I/usr/include/freetype2 -I/usr/include/libpng16 -I/usr/include/glib-2.0 -I/usr/lib/x86_64-linux-gnu/glib-2.0/include -I/usr/local/include -DGIMP_DISABLE_DEPRECATED -DGDK_MULTIHEAD_SAFE -DGTK_MULTIHEAD_SAFE  -g -O2 -Wall -Wdeclaration-after-statement -Wmissing-prototypes -Wmissing-declarations -Winit-self -Wpointer-arith -Wold-style-definition -Wformat-security -MT tile-paper.o -MD -MP -MF .deps/tile-paper.Tpo -c -o tile-paper.o tile-paper.c
mv -f .deps/tile-paper.Tpo .deps/tile-paper.Po
/bin/bash ../../libtool  --tag=CC   --mode=link gcc  -g -O2 -Wall -Wdeclaration-after-statement -Wmissing-prototypes -Wmissing-declarations -Winit-self -Wpointer-arith -Wold-style-definition -Wformat-security   -o tile-paper tile-paper.o ../../libgimp/libgimpui-2.0.la ../../libgimpwidgets/libgimpwidgets-2.0.la ../../libgimpmodule/libgimpmodule-2.0.la ../../libgimp/libgimp-2.0.la ../../libgimpmath/libgimpmath-2.0.la -lm ../../libgimpconfig/libgimpconfig-2.0.la ../../libgimpcolor/libgimpcolor-2.0.la ../../libgimpbase/libgimpbase-2.0.la -lgtk-x11-2.0 -lgdk-x11-2.0 -lpangocairo-1.0 -latk-1.0 -lcairo -lgdk_pixbuf-2.0 -lgio-2.0 -lpangoft2-1.0 -lpango-1.0 -lgobject-2.0 -lfontconfig -lfreetype -lgthread-2.0 -pthread -lglib-2.0   
libtool: link: gcc -g -O2 -Wall -Wdeclaration-after-statement -Wmissing-prototypes -Wmissing-declarations -Winit-self -Wpointer-arith -Wold-style-definition -Wformat-security -o .libs/tile-paper tile-paper.o -pthread  ../../libgimp/.libs/libgimpui-2.0.so ../../libgimpwidgets/.libs/libgimpwidgets-2.0.so ../../libgimpmodule/.libs/libgimpmodule-2.0.so ../../libgimp/.libs/libgimp-2.0.so ../../libgimpmath/.libs/libgimpmath-2.0.so -lm ../../libgimpconfig/.libs/libgimpconfig-2.0.so ../../libgimpcolor/.libs/libgimpcolor-2.0.so ../../libgimpbase/.libs/libgimpbase-2.0.so -lgtk-x11-2.0 -lgdk-x11-2.0 -lpangocairo-1.0 -latk-1.0 -lcairo -lgdk_pixbuf-2.0 -lgio-2.0 -lpangoft2-1.0 -lpango-1.0 -lgobject-2.0 -lfontconfig -lfreetype -lgthread-2.0 -lglib-2.0 -pthread
gcc -DHAVE_CONFIG_H -I. -I../..  -I../.. -pthread -I/usr/include/gtk-2.0 -I/usr/lib/x86_64-linux-gnu/gtk-2.0/include -I/usr/include/gio-unix-2.0 -I/usr/include/cairo -I/usr/include/pango-1.0 -I/usr/include/atk-1.0 -I/usr/include/cairo -I/usr/include/pixman-1 -I/usr/include/gdk-pixbuf-2.0 -I/usr/include/libmount -I/usr/include/blkid -I/usr/include/pango-1.0 -I/usr/include/harfbuzz -I/usr/include/pango-1.0 -I/usr/include/fribidi -I/usr/include/uuid -I/usr/include/freetype2 -I/usr/include/libpng16 -I/usr/include/glib-2.0 -I/usr/lib/x86_64-linux-gnu/glib-2.0/include -I/usr/local/include -DGIMP_DISABLE_DEPRECATED -DGDK_MULTIHEAD_SAFE -DGTK_MULTIHEAD_SAFE  -g -O2 -Wall -Wdeclaration-after-statement -Wmissing-prototypes -Wmissing-declarations -Winit-self -Wpointer-arith -Wold-style-definition -Wformat-security -MT tile-seamless.o -MD -MP -MF .deps/tile-seamless.Tpo -c -o tile-seamless.o tile-seamless.c
mv -f .deps/tile-seamless.Tpo .deps/tile-seamless.Po
/bin/bash ../../libtool  --tag=CC   --mode=link gcc  -g -O2 -Wall -Wdeclaration-after-statement -Wmissing-prototypes -Wmissing-declarations -Winit-self -Wpointer-arith -Wold-style-definition -Wformat-security   -o tile-seamless tile-seamless.o ../../libgimp/libgimp-2.0.la ../../libgimpmath/libgimpmath-2.0.la -lm ../../libgimpconfig/libgimpconfig-2.0.la ../../libgimpcolor/libgimpcolor-2.0.la ../../libgimpbase/libgimpbase-2.0.la -lgobject-2.0 -lgthread-2.0 -pthread -lglib-2.0   
libtool: link: gcc -g -O2 -Wall -Wdeclaration-after-statement -Wmissing-prototypes -Wmissing-declarations -Winit-self -Wpointer-arith -Wold-style-definition -Wformat-security -o .libs/tile-seamless tile-seamless.o -pthread  ../../libgimp/.libs/libgimp-2.0.so ../../libgimpmath/.libs/libgimpmath-2.0.so -lm ../../libgimpconfig/.libs/libgimpconfig-2.0.so ../../libgimpcolor/.libs/libgimpcolor-2.0.so ../../libgimpbase/.libs/libgimpbase-2.0.so -lgobject-2.0 -lgthread-2.0 -lglib-2.0 -pthread
gcc -DHAVE_CONFIG_H -I. -I../..  -I../.. -pthread -I/usr/include/gtk-2.0 -I/usr/lib/x86_64-linux-gnu/gtk-2.0/include -I/usr/include/gio-unix-2.0 -I/usr/include/cairo -I/usr/include/pango-1.0 -I/usr/include/atk-1.0 -I/usr/include/cairo -I/usr/include/pixman-1 -I/usr/include/gdk-pixbuf-2.0 -I/usr/include/libmount -I/usr/include/blkid -I/usr/include/pango-1.0 -I/usr/include/harfbuzz -I/usr/include/pango-1.0 -I/usr/include/fribidi -I/usr/include/uuid -I/usr/include/freetype2 -I/usr/include/libpng16 -I/usr/include/glib-2.0 -I/usr/lib/x86_64-linux-gnu/glib-2.0/include -I/usr/local/include -DGIMP_DISABLE_DEPRECATED -DGDK_MULTIHEAD_SAFE -DGTK_MULTIHEAD_SAFE  -g -O2 -Wall -Wdeclaration-after-statement -Wmissing-prototypes -Wmissing-declarations -Winit-self -Wpointer-arith -Wold-style-definition -Wformat-security -MT tile-small.o -MD -MP -MF .deps/tile-small.Tpo -c -o tile-small.o tile-small.c
mv -f .deps/tile-small.Tpo .deps/tile-small.Po
/bin/bash ../../libtool  --tag=CC   --mode=link gcc  -g -O2 -Wall -Wdeclaration-after-statement -Wmissing-prototypes -Wmissing-declarations -Winit-self -Wpointer-arith -Wold-style-definition -Wformat-security   -o tile-small tile-small.o ../../libgimp/libgimpui-2.0.la ../../libgimpwidgets/libgimpwidgets-2.0.la ../../libgimpmodule/libgimpmodule-2.0.la ../../libgimp/libgimp-2.0.la ../../libgimpmath/libgimpmath-2.0.la -lm ../../libgimpconfig/libgimpconfig-2.0.la ../../libgimpcolor/libgimpcolor-2.0.la ../../libgimpbase/libgimpbase-2.0.la -lgtk-x11-2.0 -lgdk-x11-2.0 -lpangocairo-1.0 -latk-1.0 -lcairo -lgdk_pixbuf-2.0 -lgio-2.0 -lpangoft2-1.0 -lpango-1.0 -lgobject-2.0 -lfontconfig -lfreetype -lgthread-2.0 -pthread -lglib-2.0   
libtool: link: gcc -g -O2 -Wall -Wdeclaration-after-statement -Wmissing-prototypes -Wmissing-declarations -Winit-self -Wpointer-arith -Wold-style-definition -Wformat-security -o .libs/tile-small tile-small.o -pthread  ../../libgimp/.libs/libgimpui-2.0.so ../../libgimpwidgets/.libs/libgimpwidgets-2.0.so ../../libgimpmodule/.libs/libgimpmodule-2.0.so ../../libgimp/.libs/libgimp-2.0.so ../../libgimpmath/.libs/libgimpmath-2.0.so -lm ../../libgimpconfig/.libs/libgimpconfig-2.0.so ../../libgimpcolor/.libs/libgimpcolor-2.0.so ../../libgimpbase/.libs/libgimpbase-2.0.so -lgtk-x11-2.0 -lgdk-x11-2.0 -lpangocairo-1.0 -latk-1.0 -lcairo -lgdk_pixbuf-2.0 -lgio-2.0 -lpangoft2-1.0 -lpango-1.0 -lgobject-2.0 -lfontconfig -lfreetype -lgthread-2.0 -lglib-2.0 -pthread
gcc -DHAVE_CONFIG_H -I. -I../..  -I../.. -pthread -I/usr/include/gtk-2.0 -I/usr/lib/x86_64-linux-gnu/gtk-2.0/include -I/usr/include/gio-unix-2.0 -I/usr/include/cairo -I/usr/include/pango-1.0 -I/usr/include/atk-1.0 -I/usr/include/cairo -I/usr/include/pixman-1 -I/usr/include/gdk-pixbuf-2.0 -I/usr/include/libmount -I/usr/include/blkid -I/usr/include/pango-1.0 -I/usr/include/harfbuzz -I/usr/include/pango-1.0 -I/usr/include/fribidi -I/usr/include/uuid -I/usr/include/freetype2 -I/usr/include/libpng16 -I/usr/include/glib-2.0 -I/usr/lib/x86_64-linux-gnu/glib-2.0/include -I/usr/local/include -DGIMP_DISABLE_DEPRECATED -DGDK_MULTIHEAD_SAFE -DGTK_MULTIHEAD_SAFE  -g -O2 -Wall -Wdeclaration-after-statement -Wmissing-prototypes -Wmissing-declarations -Winit-self -Wpointer-arith -Wold-style-definition -Wformat-security -MT unit-editor.o -MD -MP -MF .deps/unit-editor.Tpo -c -o unit-editor.o unit-editor.c
mv -f .deps/unit-editor.Tpo .deps/unit-editor.Po
/bin/bash ../../libtool  --tag=CC   --mode=link gcc  -g -O2 -Wall -Wdeclaration-after-statement -Wmissing-prototypes -Wmissing-declarations -Winit-self -Wpointer-arith -Wold-style-definition -Wformat-security   -o unit-editor unit-editor.o ../../libgimp/libgimpui-2.0.la ../../libgimpwidgets/libgimpwidgets-2.0.la ../../libgimpmodule/libgimpmodule-2.0.la ../../libgimp/libgimp-2.0.la ../../libgimpmath/libgimpmath-2.0.la -lm ../../libgimpconfig/libgimpconfig-2.0.la ../../libgimpcolor/libgimpcolor-2.0.la ../../libgimpbase/libgimpbase-2.0.la -lgtk-x11-2.0 -lgdk-x11-2.0 -lpangocairo-1.0 -latk-1.0 -lcairo -lgdk_pixbuf-2.0 -lgio-2.0 -lpangoft2-1.0 -lpango-1.0 -lgobject-2.0 -lfontconfig -lfreetype -lgthread-2.0 -pthread -lglib-2.0   
libtool: link: gcc -g -O2 -Wall -Wdeclaration-after-statement -Wmissing-prototypes -Wmissing-declarations -Winit-self -Wpointer-arith -Wold-style-definition -Wformat-security -o .libs/unit-editor unit-editor.o -pthread  ../../libgimp/.libs/libgimpui-2.0.so ../../libgimpwidgets/.libs/libgimpwidgets-2.0.so ../../libgimpmodule/.libs/libgimpmodule-2.0.so ../../libgimp/.libs/libgimp-2.0.so ../../libgimpmath/.libs/libgimpmath-2.0.so -lm ../../libgimpconfig/.libs/libgimpconfig-2.0.so ../../libgimpcolor/.libs/libgimpcolor-2.0.so ../../libgimpbase/.libs/libgimpbase-2.0.so -lgtk-x11-2.0 -lgdk-x11-2.0 -lpangocairo-1.0 -latk-1.0 -lcairo -lgdk_pixbuf-2.0 -lgio-2.0 -lpangoft2-1.0 -lpango-1.0 -lgobject-2.0 -lfontconfig -lfreetype -lgthread-2.0 -lglib-2.0 -pthread
gcc -DHAVE_CONFIG_H -I. -I../..  -I../.. -pthread -I/usr/include/gtk-2.0 -I/usr/lib/x86_64-linux-gnu/gtk-2.0/include -I/usr/include/gio-unix-2.0 -I/usr/include/cairo -I/usr/include/pango-1.0 -I/usr/include/atk-1.0 -I/usr/include/cairo -I/usr/include/pixman-1 -I/usr/include/gdk-pixbuf-2.0 -I/usr/include/libmount -I/usr/include/blkid -I/usr/include/pango-1.0 -I/usr/include/harfbuzz -I/usr/include/pango-1.0 -I/usr/include/fribidi -I/usr/include/uuid -I/usr/include/freetype2 -I/usr/include/libpng16 -I/usr/include/glib-2.0 -I/usr/lib/x86_64-linux-gnu/glib-2.0/include -I/usr/local/include -DGIMP_DISABLE_DEPRECATED -DGDK_MULTIHEAD_SAFE -DGTK_MULTIHEAD_SAFE  -g -O2 -Wall -Wdeclaration-after-statement -Wmissing-prototypes -Wmissing-declarations -Winit-self -Wpointer-arith -Wold-style-definition -Wformat-security -MT unsharp-mask.o -MD -MP -MF .deps/unsharp-mask.Tpo -c -o unsharp-mask.o unsharp-mask.c
mv -f .deps/unsharp-mask.Tpo .deps/unsharp-mask.Po
/bin/bash ../../libtool  --tag=CC   --mode=link gcc  -g -O2 -Wall -Wdeclaration-after-statement -Wmissing-prototypes -Wmissing-declarations -Winit-self -Wpointer-arith -Wold-style-definition -Wformat-security   -o unsharp-mask unsharp-mask.o ../../libgimp/libgimpui-2.0.la ../../libgimpwidgets/libgimpwidgets-2.0.la ../../libgimpmodule/libgimpmodule-2.0.la ../../libgimp/libgimp-2.0.la ../../libgimpmath/libgimpmath-2.0.la -lm ../../libgimpconfig/libgimpconfig-2.0.la ../../libgimpcolor/libgimpcolor-2.0.la ../../libgimpbase/libgimpbase-2.0.la -lgtk-x11-2.0 -lgdk-x11-2.0 -lpangocairo-1.0 -latk-1.0 -lcairo -lgdk_pixbuf-2.0 -lgio-2.0 -lpangoft2-1.0 -lpango-1.0 -lgobject-2.0 -lfontconfig -lfreetype -lgthread-2.0 -pthread -lglib-2.0   
libtool: link: gcc -g -O2 -Wall -Wdeclaration-after-statement -Wmissing-prototypes -Wmissing-declarations -Winit-self -Wpointer-arith -Wold-style-definition -Wformat-security -o .libs/unsharp-mask unsharp-mask.o -pthread  ../../libgimp/.libs/libgimpui-2.0.so ../../libgimpwidgets/.libs/libgimpwidgets-2.0.so ../../libgimpmodule/.libs/libgimpmodule-2.0.so ../../libgimp/.libs/libgimp-2.0.so ../../libgimpmath/.libs/libgimpmath-2.0.so -lm ../../libgimpconfig/.libs/libgimpconfig-2.0.so ../../libgimpcolor/.libs/libgimpcolor-2.0.so ../../libgimpbase/.libs/libgimpbase-2.0.so -lgtk-x11-2.0 -lgdk-x11-2.0 -lpangocairo-1.0 -latk-1.0 -lcairo -lgdk_pixbuf-2.0 -lgio-2.0 -lpangoft2-1.0 -lpango-1.0 -lgobject-2.0 -lfontconfig -lfreetype -lgthread-2.0 -lglib-2.0 -pthread
gcc -DHAVE_CONFIG_H -I. -I../..  -I../.. -pthread -I/usr/include/gtk-2.0 -I/usr/lib/x86_64-linux-gnu/gtk-2.0/include -I/usr/include/gio-unix-2.0 -I/usr/include/cairo -I/usr/include/pango-1.0 -I/usr/include/atk-1.0 -I/usr/include/cairo -I/usr/include/pixman-1 -I/usr/include/gdk-pixbuf-2.0 -I/usr/include/libmount -I/usr/include/blkid -I/usr/include/pango-1.0 -I/usr/include/harfbuzz -I/usr/include/pango-1.0 -I/usr/include/fribidi -I/usr/include/uuid -I/usr/include/freetype2 -I/usr/include/libpng16 -I/usr/include/glib-2.0 -I/usr/lib/x86_64-linux-gnu/glib-2.0/include -I/usr/local/include -DGIMP_DISABLE_DEPRECATED -DGDK_MULTIHEAD_SAFE -DGTK_MULTIHEAD_SAFE  -g -O2 -Wall -Wdeclaration-after-statement -Wmissing-prototypes -Wmissing-declarations -Winit-self -Wpointer-arith -Wold-style-definition -Wformat-security -MT value-invert.o -MD -MP -MF .deps/value-invert.Tpo -c -o value-invert.o value-invert.c
mv -f .deps/value-invert.Tpo .deps/value-invert.Po
/bin/bash ../../libtool  --tag=CC   --mode=link gcc  -g -O2 -Wall -Wdeclaration-after-statement -Wmissing-prototypes -Wmissing-declarations -Winit-self -Wpointer-arith -Wold-style-definition -Wformat-security   -o value-invert value-invert.o ../../libgimp/libgimp-2.0.la ../../libgimpmath/libgimpmath-2.0.la -lm ../../libgimpconfig/libgimpconfig-2.0.la ../../libgimpcolor/libgimpcolor-2.0.la ../../libgimpbase/libgimpbase-2.0.la -lgobject-2.0 -lgthread-2.0 -pthread -lglib-2.0   
libtool: link: gcc -g -O2 -Wall -Wdeclaration-after-statement -Wmissing-prototypes -Wmissing-declarations -Winit-self -Wpointer-arith -Wold-style-definition -Wformat-security -o .libs/value-invert value-invert.o -pthread  ../../libgimp/.libs/libgimp-2.0.so ../../libgimpmath/.libs/libgimpmath-2.0.so -lm ../../libgimpconfig/.libs/libgimpconfig-2.0.so ../../libgimpcolor/.libs/libgimpcolor-2.0.so ../../libgimpbase/.libs/libgimpbase-2.0.so -lgobject-2.0 -lgthread-2.0 -lglib-2.0 -pthread
gcc -DHAVE_CONFIG_H -I. -I../..  -I../.. -pthread -I/usr/include/gtk-2.0 -I/usr/lib/x86_64-linux-gnu/gtk-2.0/include -I/usr/include/gio-unix-2.0 -I/usr/include/cairo -I/usr/include/pango-1.0 -I/usr/include/atk-1.0 -I/usr/include/cairo -I/usr/include/pixman-1 -I/usr/include/gdk-pixbuf-2.0 -I/usr/include/libmount -I/usr/include/blkid -I/usr/include/pango-1.0 -I/usr/include/harfbuzz -I/usr/include/pango-1.0 -I/usr/include/fribidi -I/usr/include/uuid -I/usr/include/freetype2 -I/usr/include/libpng16 -I/usr/include/glib-2.0 -I/usr/lib/x86_64-linux-gnu/glib-2.0/include -I/usr/local/include -DGIMP_DISABLE_DEPRECATED -DGDK_MULTIHEAD_SAFE -DGTK_MULTIHEAD_SAFE  -g -O2 -Wall -Wdeclaration-after-statement -Wmissing-prototypes -Wmissing-declarations -Winit-self -Wpointer-arith -Wold-style-definition -Wformat-security -MT value-propagate.o -MD -MP -MF .deps/value-propagate.Tpo -c -o value-propagate.o value-propagate.c
mv -f .deps/value-propagate.Tpo .deps/value-propagate.Po
/bin/bash ../../libtool  --tag=CC   --mode=link gcc  -g -O2 -Wall -Wdeclaration-after-statement -Wmissing-prototypes -Wmissing-declarations -Winit-self -Wpointer-arith -Wold-style-definition -Wformat-security   -o value-propagate value-propagate.o ../../libgimp/libgimpui-2.0.la ../../libgimpwidgets/libgimpwidgets-2.0.la ../../libgimpmodule/libgimpmodule-2.0.la ../../libgimp/libgimp-2.0.la ../../libgimpmath/libgimpmath-2.0.la -lm ../../libgimpconfig/libgimpconfig-2.0.la ../../libgimpcolor/libgimpcolor-2.0.la ../../libgimpbase/libgimpbase-2.0.la -lgtk-x11-2.0 -lgdk-x11-2.0 -lpangocairo-1.0 -latk-1.0 -lcairo -lgdk_pixbuf-2.0 -lgio-2.0 -lpangoft2-1.0 -lpango-1.0 -lgobject-2.0 -lfontconfig -lfreetype -lgthread-2.0 -pthread -lglib-2.0   
libtool: link: gcc -g -O2 -Wall -Wdeclaration-after-statement -Wmissing-prototypes -Wmissing-declarations -Winit-self -Wpointer-arith -Wold-style-definition -Wformat-security -o .libs/value-propagate value-propagate.o -pthread  ../../libgimp/.libs/libgimpui-2.0.so ../../libgimpwidgets/.libs/libgimpwidgets-2.0.so ../../libgimpmodule/.libs/libgimpmodule-2.0.so ../../libgimp/.libs/libgimp-2.0.so ../../libgimpmath/.libs/libgimpmath-2.0.so -lm ../../libgimpconfig/.libs/libgimpconfig-2.0.so ../../libgimpcolor/.libs/libgimpcolor-2.0.so ../../libgimpbase/.libs/libgimpbase-2.0.so -lgtk-x11-2.0 -lgdk-x11-2.0 -lpangocairo-1.0 -latk-1.0 -lcairo -lgdk_pixbuf-2.0 -lgio-2.0 -lpangoft2-1.0 -lpango-1.0 -lgobject-2.0 -lfontconfig -lfreetype -lgthread-2.0 -lglib-2.0 -pthread
gcc -DHAVE_CONFIG_H -I. -I../..  -I../.. -pthread -I/usr/include/gtk-2.0 -I/usr/lib/x86_64-linux-gnu/gtk-2.0/include -I/usr/include/gio-unix-2.0 -I/usr/include/cairo -I/usr/include/pango-1.0 -I/usr/include/atk-1.0 -I/usr/include/cairo -I/usr/include/pixman-1 -I/usr/include/gdk-pixbuf-2.0 -I/usr/include/libmount -I/usr/include/blkid -I/usr/include/pango-1.0 -I/usr/include/harfbuzz -I/usr/include/pango-1.0 -I/usr/include/fribidi -I/usr/include/uuid -I/usr/include/freetype2 -I/usr/include/libpng16 -I/usr/include/glib-2.0 -I/usr/lib/x86_64-linux-gnu/glib-2.0/include -I/usr/local/include -DGIMP_DISABLE_DEPRECATED -DGDK_MULTIHEAD_SAFE -DGTK_MULTIHEAD_SAFE  -g -O2 -Wall -Wdeclaration-after-statement -Wmissing-prototypes -Wmissing-declarations -Winit-self -Wpointer-arith -Wold-style-definition -Wformat-security -MT van-gogh-lic.o -MD -MP -MF .deps/van-gogh-lic.Tpo -c -o van-gogh-lic.o van-gogh-lic.c
mv -f .deps/van-gogh-lic.Tpo .deps/van-gogh-lic.Po
/bin/bash ../../libtool  --tag=CC   --mode=link gcc  -g -O2 -Wall -Wdeclaration-after-statement -Wmissing-prototypes -Wmissing-declarations -Winit-self -Wpointer-arith -Wold-style-definition -Wformat-security   -o van-gogh-lic van-gogh-lic.o ../../libgimp/libgimpui-2.0.la ../../libgimpwidgets/libgimpwidgets-2.0.la ../../libgimpmodule/libgimpmodule-2.0.la ../../libgimp/libgimp-2.0.la ../../libgimpmath/libgimpmath-2.0.la -lm ../../libgimpconfig/libgimpconfig-2.0.la ../../libgimpcolor/libgimpcolor-2.0.la ../../libgimpbase/libgimpbase-2.0.la -lgtk-x11-2.0 -lgdk-x11-2.0 -lpangocairo-1.0 -latk-1.0 -lcairo -lgdk_pixbuf-2.0 -lgio-2.0 -lpangoft2-1.0 -lpango-1.0 -lgobject-2.0 -lfontconfig -lfreetype -lgthread-2.0 -pthread -lglib-2.0   
libtool: link: gcc -g -O2 -Wall -Wdeclaration-after-statement -Wmissing-prototypes -Wmissing-declarations -Winit-self -Wpointer-arith -Wold-style-definition -Wformat-security -o .libs/van-gogh-lic van-gogh-lic.o -pthread  ../../libgimp/.libs/libgimpui-2.0.so ../../libgimpwidgets/.libs/libgimpwidgets-2.0.so ../../libgimpmodule/.libs/libgimpmodule-2.0.so ../../libgimp/.libs/libgimp-2.0.so ../../libgimpmath/.libs/libgimpmath-2.0.so -lm ../../libgimpconfig/.libs/libgimpconfig-2.0.so ../../libgimpcolor/.libs/libgimpcolor-2.0.so ../../libgimpbase/.libs/libgimpbase-2.0.so -lgtk-x11-2.0 -lgdk-x11-2.0 -lpangocairo-1.0 -latk-1.0 -lcairo -lgdk_pixbuf-2.0 -lgio-2.0 -lpangoft2-1.0 -lpango-1.0 -lgobject-2.0 -lfontconfig -lfreetype -lgthread-2.0 -lglib-2.0 -pthread
gcc -DHAVE_CONFIG_H -I. -I../..  -I../.. -pthread -I/usr/include/gtk-2.0 -I/usr/lib/x86_64-linux-gnu/gtk-2.0/include -I/usr/include/gio-unix-2.0 -I/usr/include/cairo -I/usr/include/pango-1.0 -I/usr/include/atk-1.0 -I/usr/include/cairo -I/usr/include/pixman-1 -I/usr/include/gdk-pixbuf-2.0 -I/usr/include/libmount -I/usr/include/blkid -I/usr/include/pango-1.0 -I/usr/include/harfbuzz -I/usr/include/pango-1.0 -I/usr/include/fribidi -I/usr/include/uuid -I/usr/include/freetype2 -I/usr/include/libpng16 -I/usr/include/glib-2.0 -I/usr/lib/x86_64-linux-gnu/glib-2.0/include -I/usr/local/include -DGIMP_DISABLE_DEPRECATED -DGDK_MULTIHEAD_SAFE -DGTK_MULTIHEAD_SAFE  -g -O2 -Wall -Wdeclaration-after-statement -Wmissing-prototypes -Wmissing-declarations -Winit-self -Wpointer-arith -Wold-style-definition -Wformat-security -MT video.o -MD -MP -MF .deps/video.Tpo -c -o video.o video.c
mv -f .deps/video.Tpo .deps/video.Po
/bin/bash ../../libtool  --tag=CC   --mode=link gcc  -g -O2 -Wall -Wdeclaration-after-statement -Wmissing-prototypes -Wmissing-declarations -Winit-self -Wpointer-arith -Wold-style-definition -Wformat-security   -o video video.o ../../libgimp/libgimpui-2.0.la ../../libgimpwidgets/libgimpwidgets-2.0.la ../../libgimpmodule/libgimpmodule-2.0.la ../../libgimp/libgimp-2.0.la ../../libgimpmath/libgimpmath-2.0.la -lm ../../libgimpconfig/libgimpconfig-2.0.la ../../libgimpcolor/libgimpcolor-2.0.la ../../libgimpbase/libgimpbase-2.0.la -lgtk-x11-2.0 -lgdk-x11-2.0 -lpangocairo-1.0 -latk-1.0 -lcairo -lgdk_pixbuf-2.0 -lgio-2.0 -lpangoft2-1.0 -lpango-1.0 -lgobject-2.0 -lfontconfig -lfreetype -lgthread-2.0 -pthread -lglib-2.0   
libtool: link: gcc -g -O2 -Wall -Wdeclaration-after-statement -Wmissing-prototypes -Wmissing-declarations -Winit-self -Wpointer-arith -Wold-style-definition -Wformat-security -o .libs/video video.o -pthread  ../../libgimp/.libs/libgimpui-2.0.so ../../libgimpwidgets/.libs/libgimpwidgets-2.0.so ../../libgimpmodule/.libs/libgimpmodule-2.0.so ../../libgimp/.libs/libgimp-2.0.so ../../libgimpmath/.libs/libgimpmath-2.0.so -lm ../../libgimpconfig/.libs/libgimpconfig-2.0.so ../../libgimpcolor/.libs/libgimpcolor-2.0.so ../../libgimpbase/.libs/libgimpbase-2.0.so -lgtk-x11-2.0 -lgdk-x11-2.0 -lpangocairo-1.0 -latk-1.0 -lcairo -lgdk_pixbuf-2.0 -lgio-2.0 -lpangoft2-1.0 -lpango-1.0 -lgobject-2.0 -lfontconfig -lfreetype -lgthread-2.0 -lglib-2.0 -pthread
gcc -DHAVE_CONFIG_H -I. -I../..  -I../.. -pthread -I/usr/include/gtk-2.0 -I/usr/lib/x86_64-linux-gnu/gtk-2.0/include -I/usr/include/gio-unix-2.0 -I/usr/include/cairo -I/usr/include/pango-1.0 -I/usr/include/atk-1.0 -I/usr/include/cairo -I/usr/include/pixman-1 -I/usr/include/gdk-pixbuf-2.0 -I/usr/include/libmount -I/usr/include/blkid -I/usr/include/pango-1.0 -I/usr/include/harfbuzz -I/usr/include/pango-1.0 -I/usr/include/fribidi -I/usr/include/uuid -I/usr/include/freetype2 -I/usr/include/libpng16 -I/usr/include/glib-2.0 -I/usr/lib/x86_64-linux-gnu/glib-2.0/include -I/usr/local/include -DGIMP_DISABLE_DEPRECATED -DGDK_MULTIHEAD_SAFE -DGTK_MULTIHEAD_SAFE  -g -O2 -Wall -Wdeclaration-after-statement -Wmissing-prototypes -Wmissing-declarations -Winit-self -Wpointer-arith -Wold-style-definition -Wformat-security -MT warp.o -MD -MP -MF .deps/warp.Tpo -c -o warp.o warp.c
mv -f .deps/warp.Tpo .deps/warp.Po
/bin/bash ../../libtool  --tag=CC   --mode=link gcc  -g -O2 -Wall -Wdeclaration-after-statement -Wmissing-prototypes -Wmissing-declarations -Winit-self -Wpointer-arith -Wold-style-definition -Wformat-security   -o warp warp.o ../../libgimp/libgimpui-2.0.la ../../libgimpwidgets/libgimpwidgets-2.0.la ../../libgimpmodule/libgimpmodule-2.0.la ../../libgimp/libgimp-2.0.la ../../libgimpmath/libgimpmath-2.0.la -lm ../../libgimpconfig/libgimpconfig-2.0.la ../../libgimpcolor/libgimpcolor-2.0.la ../../libgimpbase/libgimpbase-2.0.la -lgtk-x11-2.0 -lgdk-x11-2.0 -lpangocairo-1.0 -latk-1.0 -lcairo -lgdk_pixbuf-2.0 -lgio-2.0 -lpangoft2-1.0 -lpango-1.0 -lgobject-2.0 -lfontconfig -lfreetype -lgthread-2.0 -pthread -lglib-2.0   
libtool: link: gcc -g -O2 -Wall -Wdeclaration-after-statement -Wmissing-prototypes -Wmissing-declarations -Winit-self -Wpointer-arith -Wold-style-definition -Wformat-security -o .libs/warp warp.o -pthread  ../../libgimp/.libs/libgimpui-2.0.so ../../libgimpwidgets/.libs/libgimpwidgets-2.0.so ../../libgimpmodule/.libs/libgimpmodule-2.0.so ../../libgimp/.libs/libgimp-2.0.so ../../libgimpmath/.libs/libgimpmath-2.0.so -lm ../../libgimpconfig/.libs/libgimpconfig-2.0.so ../../libgimpcolor/.libs/libgimpcolor-2.0.so ../../libgimpbase/.libs/libgimpbase-2.0.so -lgtk-x11-2.0 -lgdk-x11-2.0 -lpangocairo-1.0 -latk-1.0 -lcairo -lgdk_pixbuf-2.0 -lgio-2.0 -lpangoft2-1.0 -lpango-1.0 -lgobject-2.0 -lfontconfig -lfreetype -lgthread-2.0 -lglib-2.0 -pthread
gcc -DHAVE_CONFIG_H -I. -I../..  -I../.. -pthread -I/usr/include/gtk-2.0 -I/usr/lib/x86_64-linux-gnu/gtk-2.0/include -I/usr/include/gio-unix-2.0 -I/usr/include/cairo -I/usr/include/pango-1.0 -I/usr/include/atk-1.0 -I/usr/include/cairo -I/usr/include/pixman-1 -I/usr/include/gdk-pixbuf-2.0 -I/usr/include/libmount -I/usr/include/blkid -I/usr/include/pango-1.0 -I/usr/include/harfbuzz -I/usr/include/pango-1.0 -I/usr/include/fribidi -I/usr/include/uuid -I/usr/include/freetype2 -I/usr/include/libpng16 -I/usr/include/glib-2.0 -I/usr/lib/x86_64-linux-gnu/glib-2.0/include -I/usr/local/include -DGIMP_DISABLE_DEPRECATED -DGDK_MULTIHEAD_SAFE -DGTK_MULTIHEAD_SAFE  -g -O2 -Wall -Wdeclaration-after-statement -Wmissing-prototypes -Wmissing-declarations -Winit-self -Wpointer-arith -Wold-style-definition -Wformat-security -MT waves.o -MD -MP -MF .deps/waves.Tpo -c -o waves.o waves.c
mv -f .deps/waves.Tpo .deps/waves.Po
/bin/bash ../../libtool  --tag=CC   --mode=link gcc  -g -O2 -Wall -Wdeclaration-after-statement -Wmissing-prototypes -Wmissing-declarations -Winit-self -Wpointer-arith -Wold-style-definition -Wformat-security   -o waves waves.o ../../libgimp/libgimpui-2.0.la ../../libgimpwidgets/libgimpwidgets-2.0.la ../../libgimpmodule/libgimpmodule-2.0.la ../../libgimp/libgimp-2.0.la ../../libgimpmath/libgimpmath-2.0.la -lm ../../libgimpconfig/libgimpconfig-2.0.la ../../libgimpcolor/libgimpcolor-2.0.la ../../libgimpbase/libgimpbase-2.0.la -lgtk-x11-2.0 -lgdk-x11-2.0 -lpangocairo-1.0 -latk-1.0 -lcairo -lgdk_pixbuf-2.0 -lgio-2.0 -lpangoft2-1.0 -lpango-1.0 -lgobject-2.0 -lfontconfig -lfreetype -lgthread-2.0 -pthread -lglib-2.0   
libtool: link: gcc -g -O2 -Wall -Wdeclaration-after-statement -Wmissing-prototypes -Wmissing-declarations -Winit-self -Wpointer-arith -Wold-style-definition -Wformat-security -o .libs/waves waves.o -pthread  ../../libgimp/.libs/libgimpui-2.0.so ../../libgimpwidgets/.libs/libgimpwidgets-2.0.so ../../libgimpmodule/.libs/libgimpmodule-2.0.so ../../libgimp/.libs/libgimp-2.0.so ../../libgimpmath/.libs/libgimpmath-2.0.so -lm ../../libgimpconfig/.libs/libgimpconfig-2.0.so ../../libgimpcolor/.libs/libgimpcolor-2.0.so ../../libgimpbase/.libs/libgimpbase-2.0.so -lgtk-x11-2.0 -lgdk-x11-2.0 -lpangocairo-1.0 -latk-1.0 -lcairo -lgdk_pixbuf-2.0 -lgio-2.0 -lpangoft2-1.0 -lpango-1.0 -lgobject-2.0 -lfontconfig -lfreetype -lgthread-2.0 -lglib-2.0 -pthread
gcc -DHAVE_CONFIG_H -I. -I../..  -I../.. -pthread -I/usr/include/gtk-2.0 -I/usr/lib/x86_64-linux-gnu/gtk-2.0/include -I/usr/include/gio-unix-2.0 -I/usr/include/cairo -I/usr/include/pango-1.0 -I/usr/include/atk-1.0 -I/usr/include/cairo -I/usr/include/pixman-1 -I/usr/include/gdk-pixbuf-2.0 -I/usr/include/libmount -I/usr/include/blkid -I/usr/include/pango-1.0 -I/usr/include/harfbuzz -I/usr/include/pango-1.0 -I/usr/include/fribidi -I/usr/include/uuid -I/usr/include/freetype2 -I/usr/include/libpng16 -I/usr/include/glib-2.0 -I/usr/lib/x86_64-linux-gnu/glib-2.0/include -I/usr/local/include -DGIMP_DISABLE_DEPRECATED -DGDK_MULTIHEAD_SAFE -DGTK_MULTIHEAD_SAFE  -g -O2 -Wall -Wdeclaration-after-statement -Wmissing-prototypes -Wmissing-declarations -Winit-self -Wpointer-arith -Wold-style-definition -Wformat-security -MT web-browser.o -MD -MP -MF .deps/web-browser.Tpo -c -o web-browser.o web-browser.c
mv -f .deps/web-browser.Tpo .deps/web-browser.Po
/bin/bash ../../libtool  --tag=CC   --mode=link gcc  -g -O2 -Wall -Wdeclaration-after-statement -Wmissing-prototypes -Wmissing-declarations -Winit-self -Wpointer-arith -Wold-style-definition -Wformat-security   -o web-browser web-browser.o ../../libgimp/libgimp-2.0.la ../../libgimpmath/libgimpmath-2.0.la -lm ../../libgimpconfig/libgimpconfig-2.0.la ../../libgimpcolor/libgimpcolor-2.0.la ../../libgimpbase/libgimpbase-2.0.la -lgobject-2.0 -lgthread-2.0 -pthread -lglib-2.0   
libtool: link: gcc -g -O2 -Wall -Wdeclaration-after-statement -Wmissing-prototypes -Wmissing-declarations -Winit-self -Wpointer-arith -Wold-style-definition -Wformat-security -o .libs/web-browser web-browser.o -pthread  ../../libgimp/.libs/libgimp-2.0.so ../../libgimpmath/.libs/libgimpmath-2.0.so -lm ../../libgimpconfig/.libs/libgimpconfig-2.0.so ../../libgimpcolor/.libs/libgimpcolor-2.0.so ../../libgimpbase/.libs/libgimpbase-2.0.so -lgobject-2.0 -lgthread-2.0 -lglib-2.0 -pthread
gcc -DHAVE_CONFIG_H -I. -I../..  -I../.. -pthread -I/usr/include/gtk-2.0 -I/usr/lib/x86_64-linux-gnu/gtk-2.0/include -I/usr/include/gio-unix-2.0 -I/usr/include/cairo -I/usr/include/pango-1.0 -I/usr/include/atk-1.0 -I/usr/include/cairo -I/usr/include/pixman-1 -I/usr/include/gdk-pixbuf-2.0 -I/usr/include/libmount -I/usr/include/blkid -I/usr/include/pango-1.0 -I/usr/include/harfbuzz -I/usr/include/pango-1.0 -I/usr/include/fribidi -I/usr/include/uuid -I/usr/include/freetype2 -I/usr/include/libpng16 -I/usr/include/glib-2.0 -I/usr/lib/x86_64-linux-gnu/glib-2.0/include -I/usr/local/include -DGIMP_DISABLE_DEPRECATED -DGDK_MULTIHEAD_SAFE -DGTK_MULTIHEAD_SAFE  -g -O2 -Wall -Wdeclaration-after-statement -Wmissing-prototypes -Wmissing-declarations -Winit-self -Wpointer-arith -Wold-style-definition -Wformat-security -MT whirl-pinch.o -MD -MP -MF .deps/whirl-pinch.Tpo -c -o whirl-pinch.o whirl-pinch.c
mv -f .deps/whirl-pinch.Tpo .deps/whirl-pinch.Po
/bin/bash ../../libtool  --tag=CC   --mode=link gcc  -g -O2 -Wall -Wdeclaration-after-statement -Wmissing-prototypes -Wmissing-declarations -Winit-self -Wpointer-arith -Wold-style-definition -Wformat-security   -o whirl-pinch whirl-pinch.o ../../libgimp/libgimpui-2.0.la ../../libgimpwidgets/libgimpwidgets-2.0.la ../../libgimpmodule/libgimpmodule-2.0.la ../../libgimp/libgimp-2.0.la ../../libgimpmath/libgimpmath-2.0.la -lm ../../libgimpconfig/libgimpconfig-2.0.la ../../libgimpcolor/libgimpcolor-2.0.la ../../libgimpbase/libgimpbase-2.0.la -lgtk-x11-2.0 -lgdk-x11-2.0 -lpangocairo-1.0 -latk-1.0 -lcairo -lgdk_pixbuf-2.0 -lgio-2.0 -lpangoft2-1.0 -lpango-1.0 -lgobject-2.0 -lfontconfig -lfreetype -lgthread-2.0 -pthread -lglib-2.0   
libtool: link: gcc -g -O2 -Wall -Wdeclaration-after-statement -Wmissing-prototypes -Wmissing-declarations -Winit-self -Wpointer-arith -Wold-style-definition -Wformat-security -o .libs/whirl-pinch whirl-pinch.o -pthread  ../../libgimp/.libs/libgimpui-2.0.so ../../libgimpwidgets/.libs/libgimpwidgets-2.0.so ../../libgimpmodule/.libs/libgimpmodule-2.0.so ../../libgimp/.libs/libgimp-2.0.so ../../libgimpmath/.libs/libgimpmath-2.0.so -lm ../../libgimpconfig/.libs/libgimpconfig-2.0.so ../../libgimpcolor/.libs/libgimpcolor-2.0.so ../../libgimpbase/.libs/libgimpbase-2.0.so -lgtk-x11-2.0 -lgdk-x11-2.0 -lpangocairo-1.0 -latk-1.0 -lcairo -lgdk_pixbuf-2.0 -lgio-2.0 -lpangoft2-1.0 -lpango-1.0 -lgobject-2.0 -lfontconfig -lfreetype -lgthread-2.0 -lglib-2.0 -pthread
gcc -DHAVE_CONFIG_H -I. -I../..  -I../.. -pthread -I/usr/include/gtk-2.0 -I/usr/lib/x86_64-linux-gnu/gtk-2.0/include -I/usr/include/gio-unix-2.0 -I/usr/include/cairo -I/usr/include/pango-1.0 -I/usr/include/atk-1.0 -I/usr/include/cairo -I/usr/include/pixman-1 -I/usr/include/gdk-pixbuf-2.0 -I/usr/include/libmount -I/usr/include/blkid -I/usr/include/pango-1.0 -I/usr/include/harfbuzz -I/usr/include/pango-1.0 -I/usr/include/fribidi -I/usr/include/uuid -I/usr/include/freetype2 -I/usr/include/libpng16 -I/usr/include/glib-2.0 -I/usr/lib/x86_64-linux-gnu/glib-2.0/include -I/usr/local/include -DGIMP_DISABLE_DEPRECATED -DGDK_MULTIHEAD_SAFE -DGTK_MULTIHEAD_SAFE  -g -O2 -Wall -Wdeclaration-after-statement -Wmissing-prototypes -Wmissing-declarations -Winit-self -Wpointer-arith -Wold-style-definition -Wformat-security -MT wind.o -MD -MP -MF .deps/wind.Tpo -c -o wind.o wind.c
mv -f .deps/wind.Tpo .deps/wind.Po
/bin/bash ../../libtool  --tag=CC   --mode=link gcc  -g -O2 -Wall -Wdeclaration-after-statement -Wmissing-prototypes -Wmissing-declarations -Winit-self -Wpointer-arith -Wold-style-definition -Wformat-security   -o wind wind.o ../../libgimp/libgimpui-2.0.la ../../libgimpwidgets/libgimpwidgets-2.0.la ../../libgimpmodule/libgimpmodule-2.0.la ../../libgimp/libgimp-2.0.la ../../libgimpmath/libgimpmath-2.0.la -lm ../../libgimpconfig/libgimpconfig-2.0.la ../../libgimpcolor/libgimpcolor-2.0.la ../../libgimpbase/libgimpbase-2.0.la -lgtk-x11-2.0 -lgdk-x11-2.0 -lpangocairo-1.0 -latk-1.0 -lcairo -lgdk_pixbuf-2.0 -lgio-2.0 -lpangoft2-1.0 -lpango-1.0 -lgobject-2.0 -lfontconfig -lfreetype -lgthread-2.0 -pthread -lglib-2.0   
libtool: link: gcc -g -O2 -Wall -Wdeclaration-after-statement -Wmissing-prototypes -Wmissing-declarations -Winit-self -Wpointer-arith -Wold-style-definition -Wformat-security -o .libs/wind wind.o -pthread  ../../libgimp/.libs/libgimpui-2.0.so ../../libgimpwidgets/.libs/libgimpwidgets-2.0.so ../../libgimpmodule/.libs/libgimpmodule-2.0.so ../../libgimp/.libs/libgimp-2.0.so ../../libgimpmath/.libs/libgimpmath-2.0.so -lm ../../libgimpconfig/.libs/libgimpconfig-2.0.so ../../libgimpcolor/.libs/libgimpcolor-2.0.so ../../libgimpbase/.libs/libgimpbase-2.0.so -lgtk-x11-2.0 -lgdk-x11-2.0 -lpangocairo-1.0 -latk-1.0 -lcairo -lgdk_pixbuf-2.0 -lgio-2.0 -lpangoft2-1.0 -lpango-1.0 -lgobject-2.0 -lfontconfig -lfreetype -lgthread-2.0 -lglib-2.0 -pthread
make[3]: Leaving directory '/home/pavel/Programs/gimp/plug-ins/common'
make[3]: Entering directory '/home/pavel/Programs/gimp/plug-ins'
make[3]: Nothing to be done for 'all-am'.
make[3]: Leaving directory '/home/pavel/Programs/gimp/plug-ins'
make[2]: Leaving directory '/home/pavel/Programs/gimp/plug-ins'
Making all in etc
make[2]: Entering directory '/home/pavel/Programs/gimp/etc'
make[2]: Nothing to be done for 'all'.
make[2]: Leaving directory '/home/pavel/Programs/gimp/etc'
Making all in devel-docs
make[2]: Entering directory '/home/pavel/Programs/gimp/devel-docs'
Making all in tools
make[3]: Entering directory '/home/pavel/Programs/gimp/devel-docs/tools'
make[3]: Nothing to be done for 'all'.
make[3]: Leaving directory '/home/pavel/Programs/gimp/devel-docs/tools'
Making all in libgimpbase
make[3]: Entering directory '/home/pavel/Programs/gimp/devel-docs/libgimpbase'
make[3]: Nothing to be done for 'all'.
make[3]: Leaving directory '/home/pavel/Programs/gimp/devel-docs/libgimpbase'
Making all in libgimpcolor
make[3]: Entering directory '/home/pavel/Programs/gimp/devel-docs/libgimpcolor'
make[3]: Nothing to be done for 'all'.
make[3]: Leaving directory '/home/pavel/Programs/gimp/devel-docs/libgimpcolor'
Making all in libgimpconfig
make[3]: Entering directory '/home/pavel/Programs/gimp/devel-docs/libgimpconfig'
make[3]: Nothing to be done for 'all'.
make[3]: Leaving directory '/home/pavel/Programs/gimp/devel-docs/libgimpconfig'
Making all in libgimpmath
make[3]: Entering directory '/home/pavel/Programs/gimp/devel-docs/libgimpmath'
make[3]: Nothing to be done for 'all'.
make[3]: Leaving directory '/home/pavel/Programs/gimp/devel-docs/libgimpmath'
Making all in libgimpmodule
make[3]: Entering directory '/home/pavel/Programs/gimp/devel-docs/libgimpmodule'
make[3]: Nothing to be done for 'all'.
make[3]: Leaving directory '/home/pavel/Programs/gimp/devel-docs/libgimpmodule'
Making all in libgimpthumb
make[3]: Entering directory '/home/pavel/Programs/gimp/devel-docs/libgimpthumb'
make[3]: Nothing to be done for 'all'.
make[3]: Leaving directory '/home/pavel/Programs/gimp/devel-docs/libgimpthumb'
Making all in libgimpwidgets
make[3]: Entering directory '/home/pavel/Programs/gimp/devel-docs/libgimpwidgets'
make[3]: Nothing to be done for 'all'.
make[3]: Leaving directory '/home/pavel/Programs/gimp/devel-docs/libgimpwidgets'
Making all in libgimp
make[3]: Entering directory '/home/pavel/Programs/gimp/devel-docs/libgimp'
make[3]: Nothing to be done for 'all'.
make[3]: Leaving directory '/home/pavel/Programs/gimp/devel-docs/libgimp'
make[3]: Entering directory '/home/pavel/Programs/gimp/devel-docs'
make[3]: Nothing to be done for 'all-am'.
make[3]: Leaving directory '/home/pavel/Programs/gimp/devel-docs'
make[2]: Leaving directory '/home/pavel/Programs/gimp/devel-docs'
Making all in docs
make[2]: Entering directory '/home/pavel/Programs/gimp/docs'
make[2]: Nothing to be done for 'all'.
make[2]: Leaving directory '/home/pavel/Programs/gimp/docs'
make[2]: Entering directory '/home/pavel/Programs/gimp'
make[2]: Leaving directory '/home/pavel/Programs/gimp'
make[1]: Leaving directory '/home/pavel/Programs/gimp'
